Archive member included because of file (symbol)

.\CortexM0\ARM_GCC_493\Debug\AnalogLedSensor.a(cyfitter_cfg.o)
                              .\CortexM0\ARM_GCC_493\Debug\Cm0Start.o (cyfitter_cfg)
.\CortexM0\ARM_GCC_493\Debug\AnalogLedSensor.a(CyLib.o)
                              .\CortexM0\ARM_GCC_493\Debug\AnalogLedSensor.a(cyfitter_cfg.o) (CySysClkWriteImoFreq)
.\CortexM0\ARM_GCC_493\Debug\AnalogLedSensor.a(CyLFClk.o)
                              .\CortexM0\ARM_GCC_493\Debug\AnalogLedSensor.a(cyfitter_cfg.o) (CySysClkWcoStart)
.\CortexM0\ARM_GCC_493\Debug\AnalogLedSensor.a(Sensor_Power.o)
                              .\CortexM0\ARM_GCC_493\Debug\main.o (Sensor_Power_Write)
.\CortexM0\ARM_GCC_493\Debug\AnalogLedSensor.a(ADC.o)
                              .\CortexM0\ARM_GCC_493\Debug\main.o (ADC_Start)
.\CortexM0\ARM_GCC_493\Debug\AnalogLedSensor.a(ADC_INT.o)
                              .\CortexM0\ARM_GCC_493\Debug\AnalogLedSensor.a(ADC.o) (ADC_ISR)
.\CortexM0\ARM_GCC_493\Debug\AnalogLedSensor.a(BLE.o)
                              .\CortexM0\ARM_GCC_493\Debug\main.o (cyBle_discoveryModeInfo)
.\CortexM0\ARM_GCC_493\Debug\AnalogLedSensor.a(BLE_gatt.o)
                              .\CortexM0\ARM_GCC_493\Debug\AnalogLedSensor.a(BLE.o) (cyBle_state)
.\CortexM0\ARM_GCC_493\Debug\AnalogLedSensor.a(BLE_eventHandler.o)
                              .\CortexM0\ARM_GCC_493\Debug\AnalogLedSensor.a(BLE.o) (cyBle_eventHandlerFlag)
.\CortexM0\ARM_GCC_493\Debug\AnalogLedSensor.a(BLE_custom.o)
                              .\CortexM0\ARM_GCC_493\Debug\AnalogLedSensor.a(BLE.o) (CyBle_CustomInit)
.\CortexM0\ARM_GCC_493\Debug\AnalogLedSensor.a(CyBootAsmGnu.o)
                              .\CortexM0\ARM_GCC_493\Debug\AnalogLedSensor.a(cyfitter_cfg.o) (CyDelayCycles)
C:\Program Files (x86)\Cypress\PSoC Creator\4.0\PSoC Creator\psoc\content\cycomponentlibrary\CyComponentLibrary.cylib\BLE_v2_0\Library\gccCyBLEStack_BLE_SOC_PERIPHERAL.a(CyBle.o)
                              .\CortexM0\ARM_GCC_493\Debug\main.o (CyBle_ProcessEvents)
C:\Program Files (x86)\Cypress\PSoC Creator\4.0\PSoC Creator\psoc\content\cycomponentlibrary\CyComponentLibrary.cylib\BLE_v2_0\Library\gccCyBLEStack_BLE_SOC_PERIPHERAL.a(CyBleStackMgrIP_Interface.o)
                              C:\Program Files (x86)\Cypress\PSoC Creator\4.0\PSoC Creator\psoc\content\cycomponentlibrary\CyComponentLibrary.cylib\BLE_v2_0\Library\gccCyBLEStack_BLE_SOC_PERIPHERAL.a(CyBle.o) (CyBleStackMgr_Init)
C:\Program Files (x86)\Cypress\PSoC Creator\4.0\PSoC Creator\psoc\content\cycomponentlibrary\CyComponentLibrary.cylib\BLE_v2_0\Library\gccCyBLEStack_BLE_SOC_PERIPHERAL.a(BT_os.o)
                              C:\Program Files (x86)\Cypress\PSoC Creator\4.0\PSoC Creator\psoc\content\cycomponentlibrary\CyComponentLibrary.cylib\BLE_v2_0\Library\gccCyBLEStack_BLE_SOC_PERIPHERAL.a(CyBleStackMgrIP_Interface.o) (cyBleStackMemoryConfig)
C:\Program Files (x86)\Cypress\PSoC Creator\4.0\PSoC Creator\psoc\content\cycomponentlibrary\CyComponentLibrary.cylib\BLE_v2_0\Library\gccCyBLEStack_BLE_SOC_PERIPHERAL.a(CyBleStackMgr_StackTaskHandler.o)
                              C:\Program Files (x86)\Cypress\PSoC Creator\4.0\PSoC Creator\psoc\content\cycomponentlibrary\CyComponentLibrary.cylib\BLE_v2_0\Library\gccCyBLEStack_BLE_SOC_PERIPHERAL.a(CyBleStackMgrIP_Interface.o) (CyBle_CreateBleStackTask)
C:\Program Files (x86)\Cypress\PSoC Creator\4.0\PSoC Creator\psoc\content\cycomponentlibrary\CyComponentLibrary.cylib\BLE_v2_0\Library\gccCyBLEStack_BLE_SOC_PERIPHERAL.a(transport_sf.o)
                              C:\Program Files (x86)\Cypress\PSoC Creator\4.0\PSoC Creator\psoc\content\cycomponentlibrary\CyComponentLibrary.cylib\BLE_v2_0\Library\gccCyBLEStack_BLE_SOC_PERIPHERAL.a(CyBleStackMgr_StackTaskHandler.o) (hci_soft_transport_notify_data_received)
C:\Program Files (x86)\Cypress\PSoC Creator\4.0\PSoC Creator\psoc\content\cycomponentlibrary\CyComponentLibrary.cylib\BLE_v2_0\Library\gccCyBLEStack_BLE_SOC_PERIPHERAL.a(CyBleStackMgr_PSoCHal.o)
                              C:\Program Files (x86)\Cypress\PSoC Creator\4.0\PSoC Creator\psoc\content\cycomponentlibrary\CyComponentLibrary.cylib\BLE_v2_0\Library\gccCyBLEStack_BLE_SOC_PERIPHERAL.a(CyBleStackMgrIP_Interface.o) (CyBleStackMgr_HalInit)
C:\Program Files (x86)\Cypress\PSoC Creator\4.0\PSoC Creator\psoc\content\cycomponentlibrary\CyComponentLibrary.cylib\BLE_v2_0\Library\gccCyBLEStack_BLE_SOC_PERIPHERAL.a(CyBleStackMgr_BleSSDriver.o)
                              C:\Program Files (x86)\Cypress\PSoC Creator\4.0\PSoC Creator\psoc\content\cycomponentlibrary\CyComponentLibrary.cylib\BLE_v2_0\Library\gccCyBLEStack_BLE_SOC_PERIPHERAL.a(CyBleStackMgrIP_Interface.o) (CyBleStackMgr_BleSSInit)
C:\Program Files (x86)\Cypress\PSoC Creator\4.0\PSoC Creator\psoc\content\cycomponentlibrary\CyComponentLibrary.cylib\BLE_v2_0\Library\gccCyBLEStack_BLE_SOC_PERIPHERAL.a(config_bin.o)
[...]
Memory Configuration

Name             Origin             Length             Attributes
rom              0x00000000         0x00020000         xr
ram              0x20000000         0x00004000         xrw
*default*        0x00000000         0xffffffff

Linker script and memory map

LOAD c:/program files (x86)/cypress/psoc creator/4.0/psoc creator/import/gnu/arm/4.9.3/bin/../lib/gcc/arm-none-eabi/4.9.3/armv6-m/crti.o
LOAD c:/program files (x86)/cypress/psoc creator/4.0/psoc creator/import/gnu/arm/4.9.3/bin/../lib/gcc/arm-none-eabi/4.9.3/armv6-m/crtbegin.o
LOAD c:/program files (x86)/cypress/psoc creator/4.0/psoc creator/import/gnu/arm/4.9.3/bin/../lib/gcc/arm-none-eabi/4.9.3/../../../../arm-none-eabi/lib/armv6-m/crt0.o
START GROUP
LOAD .\CortexM0\ARM_GCC_493\Debug\main.o
LOAD .\CortexM0\ARM_GCC_493\Debug\cymetadata.o
LOAD .\CortexM0\ARM_GCC_493\Debug\Cm0Start.o
LOAD .\CortexM0\ARM_GCC_493\Debug\AnalogLedSensor.a
LOAD C:\Program Files (x86)\Cypress\PSoC Creator\4.0\PSoC Creator\psoc\content\cycomponentlibrary\CyComponentLibrary.cylib\BLE_v2_0\Library\gccCyBLEStack_BLE_SOC_PERIPHERAL.a
LOAD C:\Program Files (x86)\Cypress\PSoC Creator\4.0\PSoC Creator\psoc\content\cycomponentlibrary\CyComponentLibrary.cylib\CortexM0\ARM_GCC_493\Debug\CyComponentLibrary.a
END GROUP
START GROUP
LOAD c:/program files (x86)/cypress/psoc creator/4.0/psoc creator/import/gnu/arm/4.9.3/bin/../lib/gcc/arm-none-eabi/4.9.3/armv6-m\libgcc.a
LOAD c:/program files (x86)/cypress/psoc creator/4.0/psoc creator/import/gnu/arm/4.9.3/bin/../lib/gcc/arm-none-eabi/4.9.3/../../../../arm-none-eabi/lib/armv6-m\libg_nano.a
LOAD c:/program files (x86)/cypress/psoc creator/4.0/psoc creator/import/gnu/arm/4.9.3/bin/../lib/gcc/arm-none-eabi/4.9.3/../../../../arm-none-eabi/lib/armv6-m\libc_nano.a
END GROUP
START GROUP
LOAD c:/program files (x86)/cypress/psoc creator/4.0/psoc creator/import/gnu/arm/4.9.3/bin/../lib/gcc/arm-none-eabi/4.9.3/armv6-m\libgcc.a
LOAD c:/program files (x86)/cypress/psoc creator/4.0/psoc creator/import/gnu/arm/4.9.3/bin/../lib/gcc/arm-none-eabi/4.9.3/../../../../arm-none-eabi/lib/armv6-m\libc_nano.a
END GROUP
LOAD c:/program files (x86)/cypress/psoc creator/4.0/psoc creator/import/gnu/arm/4.9.3/bin/../lib/gcc/arm-none-eabi/4.9.3/armv6-m/crtend.o
LOAD c:/program files (x86)/cypress/psoc creator/4.0/psoc creator/import/gnu/arm/4.9.3/bin/../lib/gcc/arm-none-eabi/4.9.3/armv6-m/crtn.o
START GROUP
LOAD c:/program files (x86)/cypress/psoc creator/4.0/psoc creator/import/gnu/arm/4.9.3/bin/../lib/gcc/arm-none-eabi/4.9.3/armv6-m\libgcc.a
LOAD c:/program files (x86)/cypress/psoc creator/4.0/psoc creator/import/gnu/arm/4.9.3/bin/../lib/gcc/arm-none-eabi/4.9.3/../../../../arm-none-eabi/lib/armv6-m\libc.a
LOAD c:/program files (x86)/cypress/psoc creator/4.0/psoc creator/import/gnu/arm/4.9.3/bin/../lib/gcc/arm-none-eabi/4.9.3/../../../../arm-none-eabi/lib/armv6-m\libnosys.a
END GROUP
                0x00000000                CY_APPL_ORIGIN = 0x0
                0x00000080                CY_FLASH_ROW_SIZE = 0x80
                0x00000001                CY_APPL_NUM = 0x1
                0x00000001                CY_APPL_MAX = 0x1
                0x00000040                CY_METADATA_SIZE = 0x40
                0x00000000                CY_APPL_LOADABLE = 0x0
                0x00000000                CY_CHECKSUM_EXCLUDE_SIZE = ALIGN (0x0, CY_FLASH_ROW_SIZE)
                0x00000000                CY_APP_FOR_STACK_AND_COPIER = 0x0
                0x20001d30                PROVIDE (__cy_heap_start, _end)
                0x00000001                PROVIDE (__cy_region_num, ((__cy_regions_end - __cy_regions) / 0x10))
                0x20004000                PROVIDE (__cy_stack, (ORIGIN (ram) + 0x4000))
                0x20003800                PROVIDE (__cy_heap_end, (__cy_stack - 0x800))

.cybootloader   0x00000000        0x0
 *(.cybootloader)
                0x00000000                appl1_start = CY_APPL_ORIGIN?CY_APPL_ORIGIN:ALIGN (CY_FLASH_ROW_SIZE)
                0x0000ff80                appl2_start = (appl1_start + ALIGN ((((0x20000 - appl1_start) - (0x2 * CY_FLASH_ROW_SIZE)) / 0x2), CY_FLASH_ROW_SIZE))
                0x00000000                appl_start = (CY_APPL_NUM == 0x1)?appl1_start:appl2_start
                0x00000001                cy_project_type_bootloader = (appl_start == 0x0)?0x1:0x0
                0x00000000                cy_project_type_app_for_stack_and_copier = (CY_APP_FOR_STACK_AND_COPIER == 0x1)?0x1:0x0

.text           0x00000000     0x248c
 CREATE_OBJECT_SYMBOLS
                0x00000000                PROVIDE (__cy_interrupt_vector, RomVectors)
 *(.romvectors)
 .romvectors    0x00000000       0x10 .\CortexM0\ARM_GCC_493\Debug\Cm0Start.o
                0x00000000                RomVectors
                0x00000001                ASSERT ((. != __cy_interrupt_vector), No interrupt vector)
                0x00000001                ASSERT (CY_APPL_ORIGIN?(SIZEOF (.cybootloader) <= CY_APPL_ORIGIN):0x1, Wrong image location)
                0x00000010                PROVIDE (__cy_reset, Reset)
 *(.text.Reset)
 .text.Reset    0x00000010        0x8 .\CortexM0\ARM_GCC_493\Debug\Cm0Start.o
                0x00000010                Reset
                0x00000001                ASSERT ((. != __cy_reset), No reset code)
 *(.psocinit)
 .psocinit      0x00000018      0x210 .\CortexM0\ARM_GCC_493\Debug\AnalogLedSensor.a(cyfitter_cfg.o)
                0x00000108                cyfitter_cfg
                0x00000228                . = MAX (., 0x100)
 *(.text .text.* .gnu.linkonce.t.*)
 .text          0x00000228       0x60 c:/program files (x86)/cypress/psoc creator/4.0/psoc creator/import/gnu/arm/4.9.3/bin/../lib/gcc/arm-none-eabi/4.9.3/armv6-m/crtbegin.o
 .text.main     0x00000288       0x70 .\CortexM0\ARM_GCC_493\Debug\main.o
                0x00000288                main
 .text.StackEventHandler
                0x000002f8       0x20 .\CortexM0\ARM_GCC_493\Debug\main.o
                0x000002f8                StackEventHandler
 .text.readParticles
                0x00000318       0xc0 .\CortexM0\ARM_GCC_493\Debug\main.o
                0x00000318                readParticles
 .text.IntDefaultHandler
                0x000003d8        0x8 .\CortexM0\ARM_GCC_493\Debug\Cm0Start.o
                0x000003d8                IntDefaultHandler
 .text.Start_c  0x000003e0       0x98 .\CortexM0\ARM_GCC_493\Debug\Cm0Start.o
                0x000003e0                Start_c
 .text.initialize_psoc
                0x00000478       0x70 .\CortexM0\ARM_GCC_493\Debug\Cm0Start.o
                0x00000478                initialize_psoc
 .text.CYMEMZERO
                0x000004e8       0x20 .\CortexM0\ARM_GCC_493\Debug\AnalogLedSensor.a(cyfitter_cfg.o)
 .text.AnalogSetDefault
                0x00000508       0x3c .\CortexM0\ARM_GCC_493\Debug\AnalogLedSensor.a(cyfitter_cfg.o)
 .text.CySysClkWriteImoFreq
                0x00000544       0x98 .\CortexM0\ARM_GCC_493\Debug\AnalogLedSensor.a(CyLib.o)
                0x00000544                CySysClkWriteImoFreq
 .text.CySysClkEcoStart
                0x000005dc       0x74 .\CortexM0\ARM_GCC_493\Debug\AnalogLedSensor.a(CyLib.o)
                0x000005dc                CySysClkEcoStart
 .text.CySysClkEcoReadStatus
                0x00000650       0x20 .\CortexM0\ARM_GCC_493\Debug\AnalogLedSensor.a(CyLib.o)
                0x00000650                CySysClkEcoReadStatus
 .text.CyIntSetVector
                0x00000670       0x4c .\CortexM0\ARM_GCC_493\Debug\AnalogLedSensor.a(CyLib.o)
                0x00000670                CyIntSetVector
 .text.CyIntSetPriority
                0x000006bc       0xa8 .\CortexM0\ARM_GCC_493\Debug\AnalogLedSensor.a(CyLib.o)
                0x000006bc                CyIntSetPriority
 .text.CyIntEnable
                0x00000764       0x28 .\CortexM0\ARM_GCC_493\Debug\AnalogLedSensor.a(CyLib.o)
                0x00000764                CyIntEnable
 .text.CyHalt   0x0000078c       0x14 .\CortexM0\ARM_GCC_493\Debug\AnalogLedSensor.a(CyLib.o)
                0x0000078c                CyHalt
 .text.CyDelay  0x000007a0       0x48 .\CortexM0\ARM_GCC_493\Debug\AnalogLedSensor.a(CyLib.o)
                0x000007a0                CyDelay
 .text.CyDelayUs
                0x000007e8       0x28 .\CortexM0\ARM_GCC_493\Debug\AnalogLedSensor.a(CyLib.o)
                0x000007e8                CyDelayUs
 .text.CySysClkWcoSetHighPowerMode
                0x00000810       0x48 .\CortexM0\ARM_GCC_493\Debug\AnalogLedSensor.a(CyLFClk.o)
 .text.CySysClkWcoSetLowPowerMode
                0x00000858       0x48 .\CortexM0\ARM_GCC_493\Debug\AnalogLedSensor.a(CyLFClk.o)
 .text.CySysClkWcoStart
                0x000008a0       0x20 .\CortexM0\ARM_GCC_493\Debug\AnalogLedSensor.a(CyLFClk.o)
                0x000008a0                CySysClkWcoStart
 .text.CySysClkWcoSetPowerMode
                0x000008c0       0x40 .\CortexM0\ARM_GCC_493\Debug\AnalogLedSensor.a(CyLFClk.o)
                0x000008c0                CySysClkWcoSetPowerMode
 .text.CySysWdtLock
                0x00000900       0x34 .\CortexM0\ARM_GCC_493\Debug\AnalogLedSensor.a(CyLFClk.o)
                0x00000900                CySysWdtLock
 .text.CySysWdtLocked
                0x00000934       0x20 .\CortexM0\ARM_GCC_493\Debug\AnalogLedSensor.a(CyLFClk.o)
 .text.CySysWdtUnlock
                0x00000954       0x4c .\CortexM0\ARM_GCC_493\Debug\AnalogLedSensor.a(CyLFClk.o)
                0x00000954                CySysWdtUnlock
 .text.CySysWdtClearInterrupt
                0x000009a0       0x70 .\CortexM0\ARM_GCC_493\Debug\AnalogLedSensor.a(CyLFClk.o)
                0x000009a0                CySysWdtClearInterrupt
 .text.CySysWdtIsr
                0x00000a10       0xe8 .\CortexM0\ARM_GCC_493\Debug\AnalogLedSensor.a(CyLFClk.o)
                0x00000a10                CySysWdtIsr
 .text.Sensor_Power_Write
                0x00000af8       0x48 .\CortexM0\ARM_GCC_493\Debug\AnalogLedSensor.a(Sensor_Power.o)
                0x00000af8                Sensor_Power_Write
 .text.ADC_Start
                0x00000b40       0x24 .\CortexM0\ARM_GCC_493\Debug\AnalogLedSensor.a(ADC.o)
                0x00000b40                ADC_Start
 .text.ADC_Init
                0x00000b64      0x1c0 .\CortexM0\ARM_GCC_493\Debug\AnalogLedSensor.a(ADC.o)
                0x00000b64                ADC_Init
 .text.ADC_Enable
                0x00000d24       0x38 .\CortexM0\ARM_GCC_493\Debug\AnalogLedSensor.a(ADC.o)
                0x00000d24                ADC_Enable
 .text.ADC_StartConvert
                0x00000d5c       0x1c .\CortexM0\ARM_GCC_493\Debug\AnalogLedSensor.a(ADC.o)
                0x00000d5c                ADC_StartConvert
 .text.ADC_GetResult16
                0x00000d78       0x44 .\CortexM0\ARM_GCC_493\Debug\AnalogLedSensor.a(ADC.o)
                0x00000d78                ADC_GetResult16
 .text.ADC_CountsTo_mVolts
                0x00000dbc       0xa4 .\CortexM0\ARM_GCC_493\Debug\AnalogLedSensor.a(ADC.o)
                0x00000dbc                ADC_CountsTo_mVolts
 .text.ADC_ISR  0x00000e60       0x1c .\CortexM0\ARM_GCC_493\Debug\AnalogLedSensor.a(ADC_INT.o)
                0x00000e60                ADC_ISR
 .text.CyBle_Init
                0x00000e7c       0x2c .\CortexM0\ARM_GCC_493\Debug\AnalogLedSensor.a(BLE.o)
                0x00000e7c                CyBle_Init
 .text.CyBle_ServiceInit
                0x00000ea8        0xc .\CortexM0\ARM_GCC_493\Debug\AnalogLedSensor.a(BLE.o)
                0x00000ea8                CyBle_ServiceInit
 .text.CyBle_Start
                0x00000eb4       0xb0 .\CortexM0\ARM_GCC_493\Debug\AnalogLedSensor.a(BLE.o)
                0x00000eb4                CyBle_Start
 .text.CyBle_GappStartAdvertisement
                0x00000f64       0xd8 .\CortexM0\ARM_GCC_493\Debug\AnalogLedSensor.a(BLE.o)
                0x00000f64                CyBle_GappStartAdvertisement
 .text.CyBle_ChangeAdDeviceAddress
                0x0000103c       0x60 .\CortexM0\ARM_GCC_493\Debug\AnalogLedSensor.a(BLE.o)
                0x0000103c                CyBle_ChangeAdDeviceAddress
 .text.CyBle_Get16ByPtr
                0x0000109c       0x28 .\CortexM0\ARM_GCC_493\Debug\AnalogLedSensor.a(BLE.o)
                0x0000109c                CyBle_Get16ByPtr
 .text.CyBle_GattsWriteEventHandler
                0x000010c4       0xa0 .\CortexM0\ARM_GCC_493\Debug\AnalogLedSensor.a(BLE_gatt.o)
                0x000010c4                CyBle_GattsWriteEventHandler
 .text.CyBle_WriteReqHandler
                0x00001164       0x70 .\CortexM0\ARM_GCC_493\Debug\AnalogLedSensor.a(BLE_eventHandler.o)
 .text.CyBle_ValueConfirmation
                0x000011d4       0x10 .\CortexM0\ARM_GCC_493\Debug\AnalogLedSensor.a(BLE_eventHandler.o)
 .text.CyBle_GattDisconnectEventHandler
                0x000011e4       0x18 .\CortexM0\ARM_GCC_493\Debug\AnalogLedSensor.a(BLE_eventHandler.o)
 .text.CyBle_TimeOutEventHandler
                0x000011fc       0x10 .\CortexM0\ARM_GCC_493\Debug\AnalogLedSensor.a(BLE_eventHandler.o)
 .text.CyBle_GattConnectReqHandler
                0x0000120c        0x8 .\CortexM0\ARM_GCC_493\Debug\AnalogLedSensor.a(BLE_eventHandler.o)
 .text.CyBle_IsDeviceAddressValid
                0x00001214       0x60 .\CortexM0\ARM_GCC_493\Debug\AnalogLedSensor.a(BLE_eventHandler.o)
 .text.CyBle_L2Cap_ConnParamUpdateRspEventHandler
                0x00001274       0x14 .\CortexM0\ARM_GCC_493\Debug\AnalogLedSensor.a(BLE_eventHandler.o)
 .text.CyBle_GapConnUpdateCompleteEventHandler
                0x00001288       0x10 .\CortexM0\ARM_GCC_493\Debug\AnalogLedSensor.a(BLE_eventHandler.o)
 .text.CyBle_EventHandler
                0x00001298      0x2a8 .\CortexM0\ARM_GCC_493\Debug\AnalogLedSensor.a(BLE_eventHandler.o)
                0x00001298                CyBle_EventHandler
 .text.CyBle_CustomInit
                0x00001540        0x8 .\CortexM0\ARM_GCC_493\Debug\AnalogLedSensor.a(BLE_custom.o)
                0x00001540                CyBle_CustomInit
 .text          0x00001548       0x20 .\CortexM0\ARM_GCC_493\Debug\AnalogLedSensor.a(CyBootAsmGnu.o)
                0x00001548                CyDelayCycles
                0x0000155a                CyEnterCriticalSection
                0x00001562                CyExitCriticalSection
 .text.CySysPmSleep
                0x00001568       0x34 .\CortexM0\ARM_GCC_493\Debug\AnalogLedSensor.a(cyPm.o)
                0x00001568                CySysPmSleep
 .text.CyBLE_Bless_LlRegWrite
                0x0000159c       0x1c .\CortexM0\ARM_GCC_493\Debug\AnalogLedSensor.a(BLE_HAL_PVT.o)
                0x0000159c                CyBLE_Bless_LlRegWrite
 .text.CyBLE_Bless_RfRegWrite
                0x000015b8       0x1c .\CortexM0\ARM_GCC_493\Debug\AnalogLedSensor.a(BLE_HAL_PVT.o)
                0x000015b8                CyBLE_Bless_RfRegWrite
 .text.CyBLE_BlessDeviceConfig
                0x000015d4      0x110 .\CortexM0\ARM_GCC_493\Debug\AnalogLedSensor.a(BLE_HAL_PVT.o)
                0x000015d4                CyBLE_BlessDeviceConfig
 .text.CyBleHal_DelayUs
                0x000016e4       0x1c .\CortexM0\ARM_GCC_493\Debug\AnalogLedSensor.a(BLE_HAL_PVT.o)
                0x000016e4                CyBleHal_DelayUs
 .text.CyBleHal_DelayMs
                0x00001700       0x18 .\CortexM0\ARM_GCC_493\Debug\AnalogLedSensor.a(BLE_HAL_PVT.o)
                0x00001700                CyBleHal_DelayMs
 .text.CyBleHal_EnableGlobalInterrupts
                0x00001718        0xc .\CortexM0\ARM_GCC_493\Debug\AnalogLedSensor.a(BLE_HAL_PVT.o)
                0x00001718                CyBleHal_EnableGlobalInterrupts
 .text.CyBleHal_DisableGlobalInterrupts
                0x00001724        0xc .\CortexM0\ARM_GCC_493\Debug\AnalogLedSensor.a(BLE_HAL_PVT.o)
                0x00001724                CyBleHal_DisableGlobalInterrupts
 .text.CyBle_HalInit
                0x00001730       0x20 .\CortexM0\ARM_GCC_493\Debug\AnalogLedSensor.a(BLE_HAL_PVT.o)
                0x00001730                CyBle_HalInit
 .text.CYBLE_BlessStart
                0x00001750       0x14 .\CortexM0\ARM_GCC_493\Debug\AnalogLedSensor.a(BLE_HAL_PVT.o)
                0x00001750                CYBLE_BlessStart
 .text.BLE_bless_isr_StartEx
                0x00001764       0x24 .\CortexM0\ARM_GCC_493\Debug\AnalogLedSensor.a(BLE_bless_isr.o)
                0x00001764                BLE_bless_isr_StartEx
 .text.BLE_bless_isr_SetVector
                0x00001788       0x18 .\CortexM0\ARM_GCC_493\Debug\AnalogLedSensor.a(BLE_bless_isr.o)
                0x00001788                BLE_bless_isr_SetVector
 .text.BLE_bless_isr_SetPriority
                0x000017a0       0x4c .\CortexM0\ARM_GCC_493\Debug\AnalogLedSensor.a(BLE_bless_isr.o)
                0x000017a0                BLE_bless_isr_SetPriority
 .text.BLE_bless_isr_Enable
                0x000017ec       0x14 .\CortexM0\ARM_GCC_493\Debug\AnalogLedSensor.a(BLE_bless_isr.o)
                0x000017ec                BLE_bless_isr_Enable
 .text.BLE_bless_isr_Disable
                0x00001800       0x14 .\CortexM0\ARM_GCC_493\Debug\AnalogLedSensor.a(BLE_bless_isr.o)
                0x00001800                BLE_bless_isr_Disable
 .text.CyBLE_Bless_Interrupt
                0x00001814        0xc .\CortexM0\ARM_GCC_493\Debug\AnalogLedSensor.a(BLE_HAL_INT.o)
                0x00001814                CyBLE_Bless_Interrupt
 .text          0x00001820      0x120 c:/program files (x86)/cypress/psoc creator/4.0/psoc creator/import/gnu/arm/4.9.3/bin/../lib/gcc/arm-none-eabi/4.9.3/armv6-m\libgcc.a(_udivsi3.o)
                0x00001820                __aeabi_uidiv
                0x00001820                __udivsi3
                0x0000192c                __aeabi_uidivmod
 .text          0x00001940      0x1e0 c:/program files (x86)/cypress/psoc creator/4.0/psoc creator/import/gnu/arm/4.9.3/bin/../lib/gcc/arm-none-eabi/4.9.3/armv6-m\libgcc.a(_divsi3.o)
                0x00001940                __divsi3
                0x00001940                __aeabi_idiv
                0x00001b0c                __aeabi_idivmod
 .text          0x00001b20        0x4 c:/program files (x86)/cypress/psoc creator/4.0/psoc creator/import/gnu/arm/4.9.3/bin/../lib/gcc/arm-none-eabi/4.9.3/armv6-m\libgcc.a(_dvmd_tls.o)
                0x00001b20                __aeabi_idiv0
                0x00001b20                __aeabi_ldiv0
 .text          0x00001b24      0x270 c:/program files (x86)/cypress/psoc creator/4.0/psoc creator/import/gnu/arm/4.9.3/bin/../lib/gcc/arm-none-eabi/4.9.3/armv6-m\libgcc.a(divsf3.o)
                0x00001b24                __aeabi_fdiv
 .text          0x00001d94      0x264 c:/program files (x86)/cypress/psoc creator/4.0/psoc creator/import/gnu/arm/4.9.3/bin/../lib/gcc/arm-none-eabi/4.9.3/armv6-m\libgcc.a(mulsf3.o)
                0x00001d94                __aeabi_fmul
 .text          0x00001ff8      0x2fc c:/program files (x86)/cypress/psoc creator/4.0/psoc creator/import/gnu/arm/4.9.3/bin/../lib/gcc/arm-none-eabi/4.9.3/armv6-m\libgcc.a(subsf3.o)
                0x00001ff8                __aeabi_fsub
 .text          0x000022f4       0x40 c:/program files (x86)/cypress/psoc creator/4.0/psoc creator/import/gnu/arm/4.9.3/bin/../lib/gcc/arm-none-eabi/4.9.3/armv6-m\libgcc.a(fixsfsi.o)
                0x000022f4                __aeabi_f2iz
 .text          0x00002334       0x90 c:/program files (x86)/cypress/psoc creator/4.0/psoc creator/import/gnu/arm/4.9.3/bin/../lib/gcc/arm-none-eabi/4.9.3/armv6-m\libgcc.a(floatsisf.o)
                0x00002334                __aeabi_i2f
 .text          0x000023c4       0x3c c:/program files (x86)/cypress/psoc creator/4.0/psoc creator/import/gnu/arm/4.9.3/bin/../lib/gcc/arm-none-eabi/4.9.3/armv6-m\libgcc.a(_clzsi2.o)
                0x000023c4                __clzsi2
 .text.__libc_init_array
                0x00002400       0x4c c:/program files (x86)/cypress/psoc creator/4.0/psoc creator/import/gnu/arm/4.9.3/bin/../lib/gcc/arm-none-eabi/4.9.3/../../../../arm-none-eabi/lib/armv6-m\libg_nano.a(lib_a-init.o)
                0x00002400                __libc_init_array
 .text.memcmp   0x0000244c       0x1e c:/program files (x86)/cypress/psoc creator/4.0/psoc creator/import/gnu/arm/4.9.3/bin/../lib/gcc/arm-none-eabi/4.9.3/../../../../arm-none-eabi/lib/armv6-m\libg_nano.a(lib_a-memcmp.o)
                0x0000244c                memcmp
 .text.memcpy   0x0000246a       0x12 c:/program files (x86)/cypress/psoc creator/4.0/psoc creator/import/gnu/arm/4.9.3/bin/../lib/gcc/arm-none-eabi/4.9.3/../../../../arm-none-eabi/lib/armv6-m\libg_nano.a(lib_a-memcpy.o)
                0x0000246a                memcpy
 .text.memset   0x0000247c       0x10 c:/program files (x86)/cypress/psoc creator/4.0/psoc creator/import/gnu/arm/4.9.3/bin/../lib/gcc/arm-none-eabi/4.9.3/../../../../arm-none-eabi/lib/armv6-m\libg_nano.a(lib_a-memset.o)
                0x0000247c                memset
 *(.plt)
 *(.gnu.warning)
 *(.glue_7t)
 .glue_7t       0x00000000        0x0 linker stubs
 *(.glue_7)
 .glue_7        0x00000000        0x0 linker stubs
 *(.vfp11_veneer)
 .vfp11_veneer  0x00000000        0x0 linker stubs
 *(.bootloader)
 *(.ARM.extab* .gnu.linkonce.armextab.*)
 *(.gcc_except_table)

.v4_bx          0x0000248c        0x0
 .v4_bx         0x00000000        0x0 linker stubs

.iplt           0x0000248c        0x0
 .iplt          0x00000000        0x0 c:/program files (x86)/cypress/psoc creator/4.0/psoc creator/import/gnu/arm/4.9.3/bin/../lib/gcc/arm-none-eabi/4.9.3/armv6-m/crtbegin.o

i.CyBle_ExitLPM
                0x0000248c        0x8
 i.CyBle_ExitLPM
                0x0000248c        0x8 C:\Program Files (x86)\Cypress\PSoC Creator\4.0\PSoC Creator\psoc\content\cycomponentlibrary\CyComponentLibrary.cylib\BLE_v2_0\Library\gccCyBLEStack_BLE_SOC_PERIPHERAL.a(CyBle.o)
                0x0000248c                CyBle_ExitLPM

i.CyBle_ProcessEvents
                0x00002494        0x8
 i.CyBle_ProcessEvents
                0x00002494        0x8 C:\Program Files (x86)\Cypress\PSoC Creator\4.0\PSoC Creator\psoc\content\cycomponentlibrary\CyComponentLibrary.cylib\BLE_v2_0\Library\gccCyBLEStack_BLE_SOC_PERIPHERAL.a(CyBle.o)
                0x00002494                CyBle_ProcessEvents

i.CyBle_SetDeviceAddress
                0x0000249c       0x24
 i.CyBle_SetDeviceAddress
                0x0000249c       0x24 C:\Program Files (x86)\Cypress\PSoC Creator\4.0\PSoC Creator\psoc\content\cycomponentlibrary\CyComponentLibrary.cylib\BLE_v2_0\Library\gccCyBLEStack_BLE_SOC_PERIPHERAL.a(CyBle.o)
                0x0000249c                CyBle_SetDeviceAddress

i.CyBle_StackInit
                0x000024c0       0x80
 i.CyBle_StackInit
                0x000024c0       0x80 C:\Program Files (x86)\Cypress\PSoC Creator\4.0\PSoC Creator\psoc\content\cycomponentlibrary\CyComponentLibrary.cylib\BLE_v2_0\Library\gccCyBLEStack_BLE_SOC_PERIPHERAL.a(CyBle.o)
                0x000024c0                CyBle_StackInit

i.CyBleStackMgr_Init
                0x00002540       0xb4
 i.CyBleStackMgr_Init
                0x00002540       0xb4 C:\Program Files (x86)\Cypress\PSoC Creator\4.0\PSoC Creator\psoc\content\cycomponentlibrary\CyComponentLibrary.cylib\BLE_v2_0\Library\gccCyBLEStack_BLE_SOC_PERIPHERAL.a(CyBleStackMgrIP_Interface.o)
                0x00002540                CyBleStackMgr_Init

i.CyBleStackMgr_ProcessBleEvents
                0x000025f4       0x14
 i.CyBleStackMgr_ProcessBleEvents
                0x000025f4       0x14 C:\Program Files (x86)\Cypress\PSoC Creator\4.0\PSoC Creator\psoc\content\cycomponentlibrary\CyComponentLibrary.cylib\BLE_v2_0\Library\gccCyBLEStack_BLE_SOC_PERIPHERAL.a(CyBleStackMgrIP_Interface.o)
                0x000025f4                CyBleStackMgr_ProcessBleEvents

i.CyBle_GetHeapMemory
                0x00002608       0x28
 i.CyBle_GetHeapMemory
                0x00002608       0x28 C:\Program Files (x86)\Cypress\PSoC Creator\4.0\PSoC Creator\psoc\content\cycomponentlibrary\CyComponentLibrary.cylib\BLE_v2_0\Library\gccCyBLEStack_BLE_SOC_PERIPHERAL.a(CyBleStackMgrIP_Interface.o)
                0x00002608                CyBle_GetHeapMemory

i.CyBle_GetNumAppBufferPools
                0x00002630        0xc
 i.CyBle_GetNumAppBufferPools
                0x00002630        0xc C:\Program Files (x86)\Cypress\PSoC Creator\4.0\PSoC Creator\psoc\content\cycomponentlibrary\CyComponentLibrary.cylib\BLE_v2_0\Library\gccCyBLEStack_BLE_SOC_PERIPHERAL.a(CyBleStackMgrIP_Interface.o)
                0x00002630                CyBle_GetNumAppBufferPools

i.CyBle_GetReservedPoolInfo
                0x0000263c       0x3c
 i.CyBle_GetReservedPoolInfo
                0x0000263c       0x3c C:\Program Files (x86)\Cypress\PSoC Creator\4.0\PSoC Creator\psoc\content\cycomponentlibrary\CyComponentLibrary.cylib\BLE_v2_0\Library\gccCyBLEStack_BLE_SOC_PERIPHERAL.a(CyBleStackMgrIP_Interface.o)
                0x0000263c                CyBle_GetReservedPoolInfo

i.CyBle_HostStackBufferPoolInit
                0x00002678       0x7c
 i.CyBle_HostStackBufferPoolInit
                0x00002678       0x7c C:\Program Files (x86)\Cypress\PSoC Creator\4.0\PSoC Creator\psoc\content\cycomponentlibrary\CyComponentLibrary.cylib\BLE_v2_0\Library\gccCyBLEStack_BLE_SOC_PERIPHERAL.a(CyBleStackMgrIP_Interface.o)

i.ble_stack_idle_task_callback
                0x000026f4        0x2
 i.ble_stack_idle_task_callback
                0x000026f4        0x2 C:\Program Files (x86)\Cypress\PSoC Creator\4.0\PSoC Creator\psoc\content\cycomponentlibrary\CyComponentLibrary.cylib\BLE_v2_0\Library\gccCyBLEStack_BLE_SOC_PERIPHERAL.a(CyBleStackMgrIP_Interface.o)
                0x000026f4                ble_stack_idle_task_callback

i.BT_OSFreeBuf  0x000026f8       0x20
 i.BT_OSFreeBuf
                0x000026f8       0x20 C:\Program Files (x86)\Cypress\PSoC Creator\4.0\PSoC Creator\psoc\content\cycomponentlibrary\CyComponentLibrary.cylib\BLE_v2_0\Library\gccCyBLEStack_BLE_SOC_PERIPHERAL.a(BT_os.o)
                0x000026f8                BT_OSFreeBuf

i.BT_OSGetBuF   0x00002718       0x30
 i.BT_OSGetBuF  0x00002718       0x30 C:\Program Files (x86)\Cypress\PSoC Creator\4.0\PSoC Creator\psoc\content\cycomponentlibrary\CyComponentLibrary.cylib\BLE_v2_0\Library\gccCyBLEStack_BLE_SOC_PERIPHERAL.a(BT_os.o)
                0x00002718                BT_OSGetBuF

i.BT_OSMemCreate
                0x00002748       0x3c
 i.BT_OSMemCreate
                0x00002748       0x3c C:\Program Files (x86)\Cypress\PSoC Creator\4.0\PSoC Creator\psoc\content\cycomponentlibrary\CyComponentLibrary.cylib\BLE_v2_0\Library\gccCyBLEStack_BLE_SOC_PERIPHERAL.a(BT_os.o)
                0x00002748                BT_OSMemCreate

i.BT_alloc_mem_ext
                0x00002784       0x40
 i.BT_alloc_mem_ext
                0x00002784       0x40 C:\Program Files (x86)\Cypress\PSoC Creator\4.0\PSoC Creator\psoc\content\cycomponentlibrary\CyComponentLibrary.cylib\BLE_v2_0\Library\gccCyBLEStack_BLE_SOC_PERIPHERAL.a(BT_os.o)
                0x00002784                BT_alloc_mem_ext

i.BT_buff_alloc_from_cfg_pool_ext
                0x000027c4       0x18
 i.BT_buff_alloc_from_cfg_pool_ext
                0x000027c4       0x18 C:\Program Files (x86)\Cypress\PSoC Creator\4.0\PSoC Creator\psoc\content\cycomponentlibrary\CyComponentLibrary.cylib\BLE_v2_0\Library\gccCyBLEStack_BLE_SOC_PERIPHERAL.a(BT_os.o)
                0x000027c4                BT_buff_alloc_from_cfg_pool_ext

i.BT_free_mem   0x000027dc        0xc
 i.BT_free_mem  0x000027dc        0xc C:\Program Files (x86)\Cypress\PSoC Creator\4.0\PSoC Creator\psoc\content\cycomponentlibrary\CyComponentLibrary.cylib\BLE_v2_0\Library\gccCyBLEStack_BLE_SOC_PERIPHERAL.a(BT_os.o)
                0x000027dc                BT_free_mem

i.bt_stack_create_buffer_pool
                0x000027e8       0x30
 i.bt_stack_create_buffer_pool
                0x000027e8       0x30 C:\Program Files (x86)\Cypress\PSoC Creator\4.0\PSoC Creator\psoc\content\cycomponentlibrary\CyComponentLibrary.cylib\BLE_v2_0\Library\gccCyBLEStack_BLE_SOC_PERIPHERAL.a(BT_os.o)
                0x000027e8                bt_stack_create_buffer_pool

i.CyBle_CheckBleStackTaskStatus
                0x00002818        0x4
 i.CyBle_CheckBleStackTaskStatus
                0x00002818        0x4 C:\Program Files (x86)\Cypress\PSoC Creator\4.0\PSoC Creator\psoc\content\cycomponentlibrary\CyComponentLibrary.cylib\BLE_v2_0\Library\gccCyBLEStack_BLE_SOC_PERIPHERAL.a(CyBleStackMgr_StackTaskHandler.o)
                0x00002818                CyBle_CheckBleStackTaskStatus

i.CyBle_CreateBleStackTask
                0x0000281c       0x2c
 i.CyBle_CreateBleStackTask
                0x0000281c       0x2c C:\Program Files (x86)\Cypress\PSoC Creator\4.0\PSoC Creator\psoc\content\cycomponentlibrary\CyComponentLibrary.cylib\BLE_v2_0\Library\gccCyBLEStack_BLE_SOC_PERIPHERAL.a(CyBleStackMgr_StackTaskHandler.o)
                0x0000281c                CyBle_CreateBleStackTask

i.CyBle_SignalBleStackTask
                0x00002848       0x50
 i.CyBle_SignalBleStackTask
                0x00002848       0x50 C:\Program Files (x86)\Cypress\PSoC Creator\4.0\PSoC Creator\psoc\content\cycomponentlibrary\CyComponentLibrary.cylib\BLE_v2_0\Library\gccCyBLEStack_BLE_SOC_PERIPHERAL.a(CyBleStackMgr_StackTaskHandler.o)
                0x00002848                CyBle_SignalBleStackTask

i.CyBle_StackTaskHandler
                0x00002898       0x5c
 i.CyBle_StackTaskHandler
                0x00002898       0x5c C:\Program Files (x86)\Cypress\PSoC Creator\4.0\PSoC Creator\psoc\content\cycomponentlibrary\CyComponentLibrary.cylib\BLE_v2_0\Library\gccCyBLEStack_BLE_SOC_PERIPHERAL.a(CyBleStackMgr_StackTaskHandler.o)
                0x00002898                CyBle_StackTaskHandler

i.__ARM_common_switch8
                0x000028f4       0x1a
 i.__ARM_common_switch8
                0x000028f4       0x1a C:\Program Files (x86)\Cypress\PSoC Creator\4.0\PSoC Creator\psoc\content\cycomponentlibrary\CyComponentLibrary.cylib\BLE_v2_0\Library\gccCyBLEStack_BLE_SOC_PERIPHERAL.a(CyBleStackMgr_StackTaskHandler.o)
                0x000028f4                __ARM_common_switch8

i.hci_soft_transport_notify_data_received
                0x00002910        0xc
 i.hci_soft_transport_notify_data_received
                0x00002910        0xc C:\Program Files (x86)\Cypress\PSoC Creator\4.0\PSoC Creator\psoc\content\cycomponentlibrary\CyComponentLibrary.cylib\BLE_v2_0\Library\gccCyBLEStack_BLE_SOC_PERIPHERAL.a(transport_sf.o)
                0x00002910                hci_soft_transport_notify_data_received

i.hci_soft_transport_rx_data
                0x0000291c       0x40
 i.hci_soft_transport_rx_data
                0x0000291c       0x40 C:\Program Files (x86)\Cypress\PSoC Creator\4.0\PSoC Creator\psoc\content\cycomponentlibrary\CyComponentLibrary.cylib\BLE_v2_0\Library\gccCyBLEStack_BLE_SOC_PERIPHERAL.a(transport_sf.o)
                0x0000291c                hci_soft_transport_rx_data

i.hci_transport_bt_init
                0x0000295c        0x2
 i.hci_transport_bt_init
                0x0000295c        0x2 C:\Program Files (x86)\Cypress\PSoC Creator\4.0\PSoC Creator\psoc\content\cycomponentlibrary\CyComponentLibrary.cylib\BLE_v2_0\Library\gccCyBLEStack_BLE_SOC_PERIPHERAL.a(transport_sf.o)
                0x0000295c                hci_transport_bt_init

i.hci_transport_init
                0x00002960       0x10
 i.hci_transport_init
                0x00002960       0x10 C:\Program Files (x86)\Cypress\PSoC Creator\4.0\PSoC Creator\psoc\content\cycomponentlibrary\CyComponentLibrary.cylib\BLE_v2_0\Library\gccCyBLEStack_BLE_SOC_PERIPHERAL.a(transport_sf.o)
                0x00002960                hci_transport_init

i.hci_transport_write_data
                0x00002970       0xd4
 i.hci_transport_write_data
                0x00002970       0xd4 C:\Program Files (x86)\Cypress\PSoC Creator\4.0\PSoC Creator\psoc\content\cycomponentlibrary\CyComponentLibrary.cylib\BLE_v2_0\Library\gccCyBLEStack_BLE_SOC_PERIPHERAL.a(transport_sf.o)
                0x00002970                hci_transport_write_data

i.pf_hci_soft_transport_write
                0x00002a44       0x44
 i.pf_hci_soft_transport_write
                0x00002a44       0x44 C:\Program Files (x86)\Cypress\PSoC Creator\4.0\PSoC Creator\psoc\content\cycomponentlibrary\CyComponentLibrary.cylib\BLE_v2_0\Library\gccCyBLEStack_BLE_SOC_PERIPHERAL.a(transport_sf.o)
                0x00002a44                pf_hci_soft_transport_write

i.pf_soft_hci_transport_init
                0x00002a88        0xc
 i.pf_soft_hci_transport_init
                0x00002a88        0xc C:\Program Files (x86)\Cypress\PSoC Creator\4.0\PSoC Creator\psoc\content\cycomponentlibrary\CyComponentLibrary.cylib\BLE_v2_0\Library\gccCyBLEStack_BLE_SOC_PERIPHERAL.a(transport_sf.o)
                0x00002a88                pf_soft_hci_transport_init

i.CyBleStackMgr_GetTime
                0x00002a94       0x14
 i.CyBleStackMgr_GetTime
                0x00002a94       0x14 C:\Program Files (x86)\Cypress\PSoC Creator\4.0\PSoC Creator\psoc\content\cycomponentlibrary\CyComponentLibrary.cylib\BLE_v2_0\Library\gccCyBLEStack_BLE_SOC_PERIPHERAL.a(CyBleStackMgr_PSoCHal.o)
                0x00002a94                CyBleStackMgr_GetTime

i.CyBleStackMgr_HalInit
                0x00002aa8       0x24
 i.CyBleStackMgr_HalInit
                0x00002aa8       0x24 C:\Program Files (x86)\Cypress\PSoC Creator\4.0\PSoC Creator\psoc\content\cycomponentlibrary\CyComponentLibrary.cylib\BLE_v2_0\Library\gccCyBLEStack_BLE_SOC_PERIPHERAL.a(CyBleStackMgr_PSoCHal.o)
                0x00002aa8                CyBleStackMgr_HalInit

i.CyBleStackMgr_HalIntrEnable
                0x00002acc        0x8
 i.CyBleStackMgr_HalIntrEnable
                0x00002acc        0x8 C:\Program Files (x86)\Cypress\PSoC Creator\4.0\PSoC Creator\psoc\content\cycomponentlibrary\CyComponentLibrary.cylib\BLE_v2_0\Library\gccCyBLEStack_BLE_SOC_PERIPHERAL.a(CyBleStackMgr_PSoCHal.o)
                0x00002acc                CyBleStackMgr_HalIntrEnable

i.CyBleStackMgr_HandleLinkLayerTick
                0x00002ad4       0x5c
 i.CyBleStackMgr_HandleLinkLayerTick
                0x00002ad4       0x5c C:\Program Files (x86)\Cypress\PSoC Creator\4.0\PSoC Creator\psoc\content\cycomponentlibrary\CyComponentLibrary.cylib\BLE_v2_0\Library\gccCyBLEStack_BLE_SOC_PERIPHERAL.a(CyBleStackMgr_PSoCHal.o)
                0x00002ad4                CyBleStackMgr_HandleLinkLayerTick

i.CyBleStackMgr_HciPortInit
                0x00002b30        0xc
 i.CyBleStackMgr_HciPortInit
                0x00002b30        0xc C:\Program Files (x86)\Cypress\PSoC Creator\4.0\PSoC Creator\psoc\content\cycomponentlibrary\CyComponentLibrary.cylib\BLE_v2_0\Library\gccCyBLEStack_BLE_SOC_PERIPHERAL.a(CyBleStackMgr_PSoCHal.o)
                0x00002b30                CyBleStackMgr_HciPortInit

i.CyBleStackMgr_HciPortReset
                0x00002b3c        0x2
 i.CyBleStackMgr_HciPortReset
                0x00002b3c        0x2 C:\Program Files (x86)\Cypress\PSoC Creator\4.0\PSoC Creator\psoc\content\cycomponentlibrary\CyComponentLibrary.cylib\BLE_v2_0\Library\gccCyBLEStack_BLE_SOC_PERIPHERAL.a(CyBleStackMgr_PSoCHal.o)
                0x00002b3c                CyBleStackMgr_HciPortReset

i.CyBleStackMgr_HciPortWrite
                0x00002b3e        0x8
 i.CyBleStackMgr_HciPortWrite
                0x00002b3e        0x8 C:\Program Files (x86)\Cypress\PSoC Creator\4.0\PSoC Creator\psoc\content\cycomponentlibrary\CyComponentLibrary.cylib\BLE_v2_0\Library\gccCyBLEStack_BLE_SOC_PERIPHERAL.a(CyBleStackMgr_PSoCHal.o)
                0x00002b3e                CyBleStackMgr_HciPortWrite

i.CyBleStackMgr_ResetLinkLayerTimerEntity
                0x00002b48       0x14
 i.CyBleStackMgr_ResetLinkLayerTimerEntity
                0x00002b48       0x14 C:\Program Files (x86)\Cypress\PSoC Creator\4.0\PSoC Creator\psoc\content\cycomponentlibrary\CyComponentLibrary.cylib\BLE_v2_0\Library\gccCyBLEStack_BLE_SOC_PERIPHERAL.a(CyBleStackMgr_PSoCHal.o)
                0x00002b48                CyBleStackMgr_ResetLinkLayerTimerEntity

i.CyBleStackMgr_TimerStart
                0x00002b5c       0x2c
 i.CyBleStackMgr_TimerStart
                0x00002b5c       0x2c C:\Program Files (x86)\Cypress\PSoC Creator\4.0\PSoC Creator\psoc\content\cycomponentlibrary\CyComponentLibrary.cylib\BLE_v2_0\Library\gccCyBLEStack_BLE_SOC_PERIPHERAL.a(CyBleStackMgr_PSoCHal.o)
                0x00002b5c                CyBleStackMgr_TimerStart

i.CyBleStackMgr_TimerStop
                0x00002b88       0x18
 i.CyBleStackMgr_TimerStop
                0x00002b88       0x18 C:\Program Files (x86)\Cypress\PSoC Creator\4.0\PSoC Creator\psoc\content\cycomponentlibrary\CyComponentLibrary.cylib\BLE_v2_0\Library\gccCyBLEStack_BLE_SOC_PERIPHERAL.a(CyBleStackMgr_PSoCHal.o)
                0x00002b88                CyBleStackMgr_TimerStop

i.CyBleStackMgr_isTimerRunning
                0x00002ba0       0x10
 i.CyBleStackMgr_isTimerRunning
                0x00002ba0       0x10 C:\Program Files (x86)\Cypress\PSoC Creator\4.0\PSoC Creator\psoc\content\cycomponentlibrary\CyComponentLibrary.cylib\BLE_v2_0\Library\gccCyBLEStack_BLE_SOC_PERIPHERAL.a(CyBleStackMgr_PSoCHal.o)
                0x00002ba0                CyBleStackMgr_isTimerRunning

i.CyBleAtlantisRadioInit
                0x00002bb0      0x150
 i.CyBleAtlantisRadioInit
                0x00002bb0      0x150 C:\Program Files (x86)\Cypress\PSoC Creator\4.0\PSoC Creator\psoc\content\cycomponentlibrary\CyComponentLibrary.cylib\BLE_v2_0\Library\gccCyBLEStack_BLE_SOC_PERIPHERAL.a(CyBleStackMgr_BleSSDriver.o)

i.CyBleStackMgr_BleSSFifoRead
                0x00002d00       0x38
 i.CyBleStackMgr_BleSSFifoRead
                0x00002d00       0x38 C:\Program Files (x86)\Cypress\PSoC Creator\4.0\PSoC Creator\psoc\content\cycomponentlibrary\CyComponentLibrary.cylib\BLE_v2_0\Library\gccCyBLEStack_BLE_SOC_PERIPHERAL.a(CyBleStackMgr_BleSSDriver.o)
                0x00002d00                CyBleStackMgr_BleSSFifoRead

i.CyBleStackMgr_BleSSFifoWrite
                0x00002d38       0x30
 i.CyBleStackMgr_BleSSFifoWrite
                0x00002d38       0x30 C:\Program Files (x86)\Cypress\PSoC Creator\4.0\PSoC Creator\psoc\content\cycomponentlibrary\CyComponentLibrary.cylib\BLE_v2_0\Library\gccCyBLEStack_BLE_SOC_PERIPHERAL.a(CyBleStackMgr_BleSSDriver.o)
                0x00002d38                CyBleStackMgr_BleSSFifoWrite

i.CyBleStackMgr_BleSSInit
                0x00002d68       0x50
 i.CyBleStackMgr_BleSSInit
                0x00002d68       0x50 C:\Program Files (x86)\Cypress\PSoC Creator\4.0\PSoC Creator\psoc\content\cycomponentlibrary\CyComponentLibrary.cylib\BLE_v2_0\Library\gccCyBLEStack_BLE_SOC_PERIPHERAL.a(CyBleStackMgr_BleSSDriver.o)
                0x00002d68                CyBleStackMgr_BleSSInit

i.CyBleStackMgr_BleSSMemRead
                0x00002db8       0x26
 i.CyBleStackMgr_BleSSMemRead
                0x00002db8       0x26 C:\Program Files (x86)\Cypress\PSoC Creator\4.0\PSoC Creator\psoc\content\cycomponentlibrary\CyComponentLibrary.cylib\BLE_v2_0\Library\gccCyBLEStack_BLE_SOC_PERIPHERAL.a(CyBleStackMgr_BleSSDriver.o)
                0x00002db8                CyBleStackMgr_BleSSMemRead

i.CyBleStackMgr_BleSSMemWrite
                0x00002de0       0x34
 i.CyBleStackMgr_BleSSMemWrite
                0x00002de0       0x34 C:\Program Files (x86)\Cypress\PSoC Creator\4.0\PSoC Creator\psoc\content\cycomponentlibrary\CyComponentLibrary.cylib\BLE_v2_0\Library\gccCyBLEStack_BLE_SOC_PERIPHERAL.a(CyBleStackMgr_BleSSDriver.o)
                0x00002de0                CyBleStackMgr_BleSSMemWrite

i.CyBleStackMgr_BleSSRegRead
                0x00002e14        0xc
 i.CyBleStackMgr_BleSSRegRead
                0x00002e14        0xc C:\Program Files (x86)\Cypress\PSoC Creator\4.0\PSoC Creator\psoc\content\cycomponentlibrary\CyComponentLibrary.cylib\BLE_v2_0\Library\gccCyBLEStack_BLE_SOC_PERIPHERAL.a(CyBleStackMgr_BleSSDriver.o)
                0x00002e14                CyBleStackMgr_BleSSRegRead

i.CyBleStackMgr_BleSSRegWrite
                0x00002e20        0xc
 i.CyBleStackMgr_BleSSRegWrite
                0x00002e20        0xc C:\Program Files (x86)\Cypress\PSoC Creator\4.0\PSoC Creator\psoc\content\cycomponentlibrary\CyComponentLibrary.cylib\BLE_v2_0\Library\gccCyBLEStack_BLE_SOC_PERIPHERAL.a(CyBleStackMgr_BleSSDriver.o)
                0x00002e20                CyBleStackMgr_BleSSRegWrite

i.CyBleStackMgr_BleSSReset
                0x00002e2c       0x38
 i.CyBleStackMgr_BleSSReset
                0x00002e2c       0x38 C:\Program Files (x86)\Cypress\PSoC Creator\4.0\PSoC Creator\psoc\content\cycomponentlibrary\CyComponentLibrary.cylib\BLE_v2_0\Library\gccCyBLEStack_BLE_SOC_PERIPHERAL.a(CyBleStackMgr_BleSSDriver.o)
                0x00002e2c                CyBleStackMgr_BleSSReset

i.CyBleStackMgr_GenericIface
                0x00002e64       0x3c
 i.CyBleStackMgr_GenericIface
                0x00002e64       0x3c C:\Program Files (x86)\Cypress\PSoC Creator\4.0\PSoC Creator\psoc\content\cycomponentlibrary\CyComponentLibrary.cylib\BLE_v2_0\Library\gccCyBLEStack_BLE_SOC_PERIPHERAL.a(CyBleStackMgr_BleSSDriver.o)
                0x00002e64                CyBleStackMgr_GenericIface

i.CyBleStackMgr_HandleBleSSIntr
                0x00002ea0       0x90
 i.CyBleStackMgr_HandleBleSSIntr
                0x00002ea0       0x90 C:\Program Files (x86)\Cypress\PSoC Creator\4.0\PSoC Creator\psoc\content\cycomponentlibrary\CyComponentLibrary.cylib\BLE_v2_0\Library\gccCyBLEStack_BLE_SOC_PERIPHERAL.a(CyBleStackMgr_BleSSDriver.o)
                0x00002ea0                CyBleStackMgr_HandleBleSSIntr

i.CyBleStackMgr_SetClockParam
                0x00002f30       0xb4
 i.CyBleStackMgr_SetClockParam
                0x00002f30       0xb4 C:\Program Files (x86)\Cypress\PSoC Creator\4.0\PSoC Creator\psoc\content\cycomponentlibrary\CyComponentLibrary.cylib\BLE_v2_0\Library\gccCyBLEStack_BLE_SOC_PERIPHERAL.a(CyBleStackMgr_BleSSDriver.o)

i.CyBle_ExitDsmMode
                0x00002fe4       0x2c
 i.CyBle_ExitDsmMode
                0x00002fe4       0x2c C:\Program Files (x86)\Cypress\PSoC Creator\4.0\PSoC Creator\psoc\content\cycomponentlibrary\CyComponentLibrary.cylib\BLE_v2_0\Library\gccCyBLEStack_BLE_SOC_PERIPHERAL.a(CyBleStackMgr_BleSSDriver.o)
                0x00002fe4                CyBle_ExitDsmMode

i.CyBle_GetBleSsOperationalMode
                0x00003010        0xc
 i.CyBle_GetBleSsOperationalMode
                0x00003010        0xc C:\Program Files (x86)\Cypress\PSoC Creator\4.0\PSoC Creator\psoc\content\cycomponentlibrary\CyComponentLibrary.cylib\BLE_v2_0\Library\gccCyBLEStack_BLE_SOC_PERIPHERAL.a(CyBleStackMgr_BleSSDriver.o)
                0x00003010                CyBle_GetBleSsOperationalMode

i.CyBle_GetLpMode
                0x0000301c       0x26
 i.CyBle_GetLpMode
                0x0000301c       0x26 C:\Program Files (x86)\Cypress\PSoC Creator\4.0\PSoC Creator\psoc\content\cycomponentlibrary\CyComponentLibrary.cylib\BLE_v2_0\Library\gccCyBLEStack_BLE_SOC_PERIPHERAL.a(CyBleStackMgr_BleSSDriver.o)
                0x0000301c                CyBle_GetLpMode

i.CyBle_GetTxGainMode
                0x00003044       0x2c
 i.CyBle_GetTxGainMode
                0x00003044       0x2c C:\Program Files (x86)\Cypress\PSoC Creator\4.0\PSoC Creator\psoc\content\cycomponentlibrary\CyComponentLibrary.cylib\BLE_v2_0\Library\gccCyBLEStack_BLE_SOC_PERIPHERAL.a(CyBleStackMgr_BleSSDriver.o)
                0x00003044                CyBle_GetTxGainMode

i.CyBle_SetBleSsOperationalMode
                0x00003070       0x20
 i.CyBle_SetBleSsOperationalMode
                0x00003070       0x20 C:\Program Files (x86)\Cypress\PSoC Creator\4.0\PSoC Creator\psoc\content\cycomponentlibrary\CyComponentLibrary.cylib\BLE_v2_0\Library\gccCyBLEStack_BLE_SOC_PERIPHERAL.a(CyBleStackMgr_BleSSDriver.o)
                0x00003070                CyBle_SetBleSsOperationalMode

i.CyBle_SetEventCloseState
                0x00003090        0xc
 i.CyBle_SetEventCloseState
                0x00003090        0xc C:\Program Files (x86)\Cypress\PSoC Creator\4.0\PSoC Creator\psoc\content\cycomponentlibrary\CyComponentLibrary.cylib\BLE_v2_0\Library\gccCyBLEStack_BLE_SOC_PERIPHERAL.a(CyBleStackMgr_BleSSDriver.o)
                0x00003090                CyBle_SetEventCloseState

i.CyBle_SetRxGainMode
                0x0000309c       0x20
 i.CyBle_SetRxGainMode
                0x0000309c       0x20 C:\Program Files (x86)\Cypress\PSoC Creator\4.0\PSoC Creator\psoc\content\cycomponentlibrary\CyComponentLibrary.cylib\BLE_v2_0\Library\gccCyBLEStack_BLE_SOC_PERIPHERAL.a(CyBleStackMgr_BleSSDriver.o)
                0x0000309c                CyBle_SetRxGainMode

i.CyBle_SetTxGainMode
                0x000030bc       0x38
 i.CyBle_SetTxGainMode
                0x000030bc       0x38 C:\Program Files (x86)\Cypress\PSoC Creator\4.0\PSoC Creator\psoc\content\cycomponentlibrary\CyComponentLibrary.cylib\BLE_v2_0\Library\gccCyBLEStack_BLE_SOC_PERIPHERAL.a(CyBleStackMgr_BleSSDriver.o)
                0x000030bc                CyBle_SetTxGainMode

i.pf_rf_get_abs_rssi
                0x000030f4       0x24
 i.pf_rf_get_abs_rssi
                0x000030f4       0x24 C:\Program Files (x86)\Cypress\PSoC Creator\4.0\PSoC Creator\psoc\content\cycomponentlibrary\CyComponentLibrary.cylib\BLE_v2_0\Library\gccCyBLEStack_BLE_SOC_PERIPHERAL.a(CyBleStackMgr_BleSSDriver.o)
                0x000030f4                pf_rf_get_abs_rssi

i.OS_init       0x00003118       0x64
 i.OS_init      0x00003118       0x64 C:\Program Files (x86)\Cypress\PSoC Creator\4.0\PSoC Creator\psoc\content\cycomponentlibrary\CyComponentLibrary.cylib\BLE_v2_0\Library\gccCyBLEStack_BLE_SOC_PERIPHERAL.a(mint_os.o)
                0x00003118                OS_init

i.mintos_malloc
                0x0000317c       0x34
 i.mintos_malloc
                0x0000317c       0x34 C:\Program Files (x86)\Cypress\PSoC Creator\4.0\PSoC Creator\psoc\content\cycomponentlibrary\CyComponentLibrary.cylib\BLE_v2_0\Library\gccCyBLEStack_BLE_SOC_PERIPHERAL.a(mint_os.o)
                0x0000317c                mintos_malloc

i.OS_create_queue
                0x000031b0       0x64
 i.OS_create_queue
                0x000031b0       0x64 C:\Program Files (x86)\Cypress\PSoC Creator\4.0\PSoC Creator\psoc\content\cycomponentlibrary\CyComponentLibrary.cylib\BLE_v2_0\Library\gccCyBLEStack_BLE_SOC_PERIPHERAL.a(mint_os_queue.o)
                0x000031b0                OS_create_queue

i.OS_enqueue_item
                0x00003214       0x8c
 i.OS_enqueue_item
                0x00003214       0x8c C:\Program Files (x86)\Cypress\PSoC Creator\4.0\PSoC Creator\psoc\content\cycomponentlibrary\CyComponentLibrary.cylib\BLE_v2_0\Library\gccCyBLEStack_BLE_SOC_PERIPHERAL.a(mint_os_queue.o)
                0x00003214                OS_enqueue_item

i.OS_queue_get_num_of_items
                0x000032a0       0x28
 i.OS_queue_get_num_of_items
                0x000032a0       0x28 C:\Program Files (x86)\Cypress\PSoC Creator\4.0\PSoC Creator\psoc\content\cycomponentlibrary\CyComponentLibrary.cylib\BLE_v2_0\Library\gccCyBLEStack_BLE_SOC_PERIPHERAL.a(mint_os_queue.o)
                0x000032a0                OS_queue_get_num_of_items

i.OS_queue_mgmt_init
                0x000032c8       0x40
 i.OS_queue_mgmt_init
                0x000032c8       0x40 C:\Program Files (x86)\Cypress\PSoC Creator\4.0\PSoC Creator\psoc\content\cycomponentlibrary\CyComponentLibrary.cylib\BLE_v2_0\Library\gccCyBLEStack_BLE_SOC_PERIPHERAL.a(mint_os_queue.o)
                0x000032c8                OS_queue_mgmt_init

i.OS_remove_item
                0x00003308       0xa0
 i.OS_remove_item
                0x00003308       0xa0 C:\Program Files (x86)\Cypress\PSoC Creator\4.0\PSoC Creator\psoc\content\cycomponentlibrary\CyComponentLibrary.cylib\BLE_v2_0\Library\gccCyBLEStack_BLE_SOC_PERIPHERAL.a(mint_os_queue.o)
                0x00003308                OS_remove_item

i.OS_create_task
                0x000033a8       0x88
 i.OS_create_task
                0x000033a8       0x88 C:\Program Files (x86)\Cypress\PSoC Creator\4.0\PSoC Creator\psoc\content\cycomponentlibrary\CyComponentLibrary.cylib\BLE_v2_0\Library\gccCyBLEStack_BLE_SOC_PERIPHERAL.a(mint_os_task.o)
                0x000033a8                OS_create_task

i.OS_isr_send_signal_to_task
                0x00003430        0xc
 i.OS_isr_send_signal_to_task
                0x00003430        0xc C:\Program Files (x86)\Cypress\PSoC Creator\4.0\PSoC Creator\psoc\content\cycomponentlibrary\CyComponentLibrary.cylib\BLE_v2_0\Library\gccCyBLEStack_BLE_SOC_PERIPHERAL.a(mint_os_task.o)
                0x00003430                OS_isr_send_signal_to_task

i.OS_scheduler  0x0000343c       0x64
 i.OS_scheduler
                0x0000343c       0x64 C:\Program Files (x86)\Cypress\PSoC Creator\4.0\PSoC Creator\psoc\content\cycomponentlibrary\CyComponentLibrary.cylib\BLE_v2_0\Library\gccCyBLEStack_BLE_SOC_PERIPHERAL.a(mint_os_task.o)
                0x0000343c                OS_scheduler

i.OS_send_signal_to_task
                0x000034a0        0xc
 i.OS_send_signal_to_task
                0x000034a0        0xc C:\Program Files (x86)\Cypress\PSoC Creator\4.0\PSoC Creator\psoc\content\cycomponentlibrary\CyComponentLibrary.cylib\BLE_v2_0\Library\gccCyBLEStack_BLE_SOC_PERIPHERAL.a(mint_os_task.o)
                0x000034a0                OS_send_signal_to_task

i.OS_send_signal_to_task_context
                0x000034ac       0x3c
 i.OS_send_signal_to_task_context
                0x000034ac       0x3c C:\Program Files (x86)\Cypress\PSoC Creator\4.0\PSoC Creator\psoc\content\cycomponentlibrary\CyComponentLibrary.cylib\BLE_v2_0\Library\gccCyBLEStack_BLE_SOC_PERIPHERAL.a(mint_os_task.o)

i.OS_task_mgmt_init
                0x000034e8       0x50
 i.OS_task_mgmt_init
                0x000034e8       0x50 C:\Program Files (x86)\Cypress\PSoC Creator\4.0\PSoC Creator\psoc\content\cycomponentlibrary\CyComponentLibrary.cylib\BLE_v2_0\Library\gccCyBLEStack_BLE_SOC_PERIPHERAL.a(mint_os_task.o)
                0x000034e8                OS_task_mgmt_init

i.mint_buf_mgmt_allocate_buffer
                0x00003538       0x4c
 i.mint_buf_mgmt_allocate_buffer
                0x00003538       0x4c C:\Program Files (x86)\Cypress\PSoC Creator\4.0\PSoC Creator\psoc\content\cycomponentlibrary\CyComponentLibrary.cylib\BLE_v2_0\Library\gccCyBLEStack_BLE_SOC_PERIPHERAL.a(mint_buf_mgmt.o)
                0x00003538                mint_buf_mgmt_allocate_buffer

i.mint_buf_mgmt_create_pool
                0x00003584       0xd0
 i.mint_buf_mgmt_create_pool
                0x00003584       0xd0 C:\Program Files (x86)\Cypress\PSoC Creator\4.0\PSoC Creator\psoc\content\cycomponentlibrary\CyComponentLibrary.cylib\BLE_v2_0\Library\gccCyBLEStack_BLE_SOC_PERIPHERAL.a(mint_buf_mgmt.o)
                0x00003584                mint_buf_mgmt_create_pool

i.mint_buf_mgmt_free_buffer
                0x00003654       0xa4
 i.mint_buf_mgmt_free_buffer
                0x00003654       0xa4 C:\Program Files (x86)\Cypress\PSoC Creator\4.0\PSoC Creator\psoc\content\cycomponentlibrary\CyComponentLibrary.cylib\BLE_v2_0\Library\gccCyBLEStack_BLE_SOC_PERIPHERAL.a(mint_buf_mgmt.o)
                0x00003654                mint_buf_mgmt_free_buffer

i.mint_buf_mgmt_init
                0x000036f8       0x44
 i.mint_buf_mgmt_init
                0x000036f8       0x44 C:\Program Files (x86)\Cypress\PSoC Creator\4.0\PSoC Creator\psoc\content\cycomponentlibrary\CyComponentLibrary.cylib\BLE_v2_0\Library\gccCyBLEStack_BLE_SOC_PERIPHERAL.a(mint_buf_mgmt.o)
                0x000036f8                mint_buf_mgmt_init

i.mint_buf_mgmt_malloc
                0x0000373c       0x2c
 i.mint_buf_mgmt_malloc
                0x0000373c       0x2c C:\Program Files (x86)\Cypress\PSoC Creator\4.0\PSoC Creator\psoc\content\cycomponentlibrary\CyComponentLibrary.cylib\BLE_v2_0\Library\gccCyBLEStack_BLE_SOC_PERIPHERAL.a(mint_buf_mgmt.o)
                0x0000373c                mint_buf_mgmt_malloc

i.mint_buf_mgmt_pl_init
                0x00003768       0x40
 i.mint_buf_mgmt_pl_init
                0x00003768       0x40 C:\Program Files (x86)\Cypress\PSoC Creator\4.0\PSoC Creator\psoc\content\cycomponentlibrary\CyComponentLibrary.cylib\BLE_v2_0\Library\gccCyBLEStack_BLE_SOC_PERIPHERAL.a(mint_buf_mgmt.o)
                0x00003768                mint_buf_mgmt_pl_init

i.mint_buf_mgmt_reset_pool
                0x000037a8       0x70
 i.mint_buf_mgmt_reset_pool
                0x000037a8       0x70 C:\Program Files (x86)\Cypress\PSoC Creator\4.0\PSoC Creator\psoc\content\cycomponentlibrary\CyComponentLibrary.cylib\BLE_v2_0\Library\gccCyBLEStack_BLE_SOC_PERIPHERAL.a(mint_buf_mgmt.o)
                0x000037a8                mint_buf_mgmt_reset_pool

i.mint_buf_mgmt_stack_init
                0x00003818       0x24
 i.mint_buf_mgmt_stack_init
                0x00003818       0x24 C:\Program Files (x86)\Cypress\PSoC Creator\4.0\PSoC Creator\psoc\content\cycomponentlibrary\CyComponentLibrary.cylib\BLE_v2_0\Library\gccCyBLEStack_BLE_SOC_PERIPHERAL.a(mint_buf_mgmt.o)
                0x00003818                mint_buf_mgmt_stack_init

i.mint_buf_mgmt_stack_pop
                0x0000383c       0x36
 i.mint_buf_mgmt_stack_pop
                0x0000383c       0x36 C:\Program Files (x86)\Cypress\PSoC Creator\4.0\PSoC Creator\psoc\content\cycomponentlibrary\CyComponentLibrary.cylib\BLE_v2_0\Library\gccCyBLEStack_BLE_SOC_PERIPHERAL.a(mint_buf_mgmt.o)
                0x0000383c                mint_buf_mgmt_stack_pop

i.mint_buf_mgmt_stack_push
                0x00003872       0x36
 i.mint_buf_mgmt_stack_push
                0x00003872       0x36 C:\Program Files (x86)\Cypress\PSoC Creator\4.0\PSoC Creator\psoc\content\cycomponentlibrary\CyComponentLibrary.cylib\BLE_v2_0\Library\gccCyBLEStack_BLE_SOC_PERIPHERAL.a(mint_buf_mgmt.o)
                0x00003872                mint_buf_mgmt_stack_push

i.mint_buf_mgmt_stack_reset
                0x000038a8       0x1e
 i.mint_buf_mgmt_stack_reset
                0x000038a8       0x1e C:\Program Files (x86)\Cypress\PSoC Creator\4.0\PSoC Creator\psoc\content\cycomponentlibrary\CyComponentLibrary.cylib\BLE_v2_0\Library\gccCyBLEStack_BLE_SOC_PERIPHERAL.a(mint_buf_mgmt.o)
                0x000038a8                mint_buf_mgmt_stack_reset

i.mint_buf_mgmt_stack_search_item
                0x000038c6       0x30
 i.mint_buf_mgmt_stack_search_item
                0x000038c6       0x30 C:\Program Files (x86)\Cypress\PSoC Creator\4.0\PSoC Creator\psoc\content\cycomponentlibrary\CyComponentLibrary.cylib\BLE_v2_0\Library\gccCyBLEStack_BLE_SOC_PERIPHERAL.a(mint_buf_mgmt.o)
                0x000038c6                mint_buf_mgmt_stack_search_item

i.CyBleControllerIP_GetPingState
                0x000038f8        0xc
 i.CyBleControllerIP_GetPingState
                0x000038f8        0xc C:\Program Files (x86)\Cypress\PSoC Creator\4.0\PSoC Creator\psoc\content\cycomponentlibrary\CyComponentLibrary.cylib\BLE_v2_0\Library\gccCyBLEStack_BLE_SOC_PERIPHERAL.a(CyBleControllerIP_Interface.o)
                0x000038f8                CyBleControllerIP_GetPingState

i.CyBleController_AddDeviceToWhiteList
                0x00003904       0x40
 i.CyBleController_AddDeviceToWhiteList
                0x00003904       0x40 C:\Program Files (x86)\Cypress\PSoC Creator\4.0\PSoC Creator\psoc\content\cycomponentlibrary\CyComponentLibrary.cylib\BLE_v2_0\Library\gccCyBLEStack_BLE_SOC_PERIPHERAL.a(CyBleControllerIP_Interface.o)
                0x00003904                CyBleController_AddDeviceToWhiteList

i.CyBleController_ExitLowPowerMode
                0x00003944       0x10
 i.CyBleController_ExitLowPowerMode
                0x00003944       0x10 C:\Program Files (x86)\Cypress\PSoC Creator\4.0\PSoC Creator\psoc\content\cycomponentlibrary\CyComponentLibrary.cylib\BLE_v2_0\Library\gccCyBLEStack_BLE_SOC_PERIPHERAL.a(CyBleControllerIP_Interface.o)
                0x00003944                CyBleController_ExitLowPowerMode

i.CyBleController_Init
                0x00003954       0x32
 i.CyBleController_Init
                0x00003954       0x32 C:\Program Files (x86)\Cypress\PSoC Creator\4.0\PSoC Creator\psoc\content\cycomponentlibrary\CyComponentLibrary.cylib\BLE_v2_0\Library\gccCyBLEStack_BLE_SOC_PERIPHERAL.a(CyBleControllerIP_Interface.o)
                0x00003954                CyBleController_Init

i.CyBleController_SetDeviceAddress
                0x00003986       0x2e
 i.CyBleController_SetDeviceAddress
                0x00003986       0x2e C:\Program Files (x86)\Cypress\PSoC Creator\4.0\PSoC Creator\psoc\content\cycomponentlibrary\CyComponentLibrary.cylib\BLE_v2_0\Library\gccCyBLEStack_BLE_SOC_PERIPHERAL.a(CyBleControllerIP_Interface.o)
                0x00003986                CyBleController_SetDeviceAddress

i.CyBle_GapUpdateAdvData
                0x000039b4       0x94
 i.CyBle_GapUpdateAdvData
                0x000039b4       0x94 C:\Program Files (x86)\Cypress\PSoC Creator\4.0\PSoC Creator\psoc\content\cycomponentlibrary\CyComponentLibrary.cylib\BLE_v2_0\Library\gccCyBLEStack_BLE_SOC_PERIPHERAL.a(CyBleControllerIP_Interface.o)
                0x000039b4                CyBle_GapUpdateAdvData

i.CyBle_GetTxPowerLevel
                0x00003a48       0x4e
 i.CyBle_GetTxPowerLevel
                0x00003a48       0x4e C:\Program Files (x86)\Cypress\PSoC Creator\4.0\PSoC Creator\psoc\content\cycomponentlibrary\CyComponentLibrary.cylib\BLE_v2_0\Library\gccCyBLEStack_BLE_SOC_PERIPHERAL.a(CyBleControllerIP_Interface.o)
                0x00003a48                CyBle_GetTxPowerLevel

i.CyBle_SetTxPowerLevel
                0x00003a96       0x56
 i.CyBle_SetTxPowerLevel
                0x00003a96       0x56 C:\Program Files (x86)\Cypress\PSoC Creator\4.0\PSoC Creator\psoc\content\cycomponentlibrary\CyComponentLibrary.cylib\BLE_v2_0\Library\gccCyBLEStack_BLE_SOC_PERIPHERAL.a(CyBleControllerIP_Interface.o)
                0x00003a96                CyBle_SetTxPowerLevel

i.ll_check_and_mark_packet_ready_for_transmission
                0x00003aec       0x28
 i.ll_check_and_mark_packet_ready_for_transmission
                0x00003aec       0x28 C:\Program Files (x86)\Cypress\PSoC Creator\4.0\PSoC Creator\psoc\content\cycomponentlibrary\CyComponentLibrary.cylib\BLE_v2_0\Library\gccCyBLEStack_BLE_SOC_PERIPHERAL.a(ll.o)
                0x00003aec                ll_check_and_mark_packet_ready_for_transmission

i.ll_cleanup_pending_data_pdu
                0x00003b14       0x38
 i.ll_cleanup_pending_data_pdu
                0x00003b14       0x38 C:\Program Files (x86)\Cypress\PSoC Creator\4.0\PSoC Creator\psoc\content\cycomponentlibrary\CyComponentLibrary.cylib\BLE_v2_0\Library\gccCyBLEStack_BLE_SOC_PERIPHERAL.a(ll.o)
                0x00003b14                ll_cleanup_pending_data_pdu

i.ll_exit_low_power_mode
                0x00003b4c       0xac
 i.ll_exit_low_power_mode
                0x00003b4c       0xac C:\Program Files (x86)\Cypress\PSoC Creator\4.0\PSoC Creator\psoc\content\cycomponentlibrary\CyComponentLibrary.cylib\BLE_v2_0\Library\gccCyBLEStack_BLE_SOC_PERIPHERAL.a(ll.o)
                0x00003b4c                ll_exit_low_power_mode

i.ll_get_ack_status
                0x00003bf8       0x3c
 i.ll_get_ack_status
                0x00003bf8       0x3c C:\Program Files (x86)\Cypress\PSoC Creator\4.0\PSoC Creator\psoc\content\cycomponentlibrary\CyComponentLibrary.cylib\BLE_v2_0\Library\gccCyBLEStack_BLE_SOC_PERIPHERAL.a(ll.o)
                0x00003bf8                ll_get_ack_status

i.ll_get_adv_ch_tx_power
                0x00003c34       0x20
 i.ll_get_adv_ch_tx_power
                0x00003c34       0x20 C:\Program Files (x86)\Cypress\PSoC Creator\4.0\PSoC Creator\psoc\content\cycomponentlibrary\CyComponentLibrary.cylib\BLE_v2_0\Library\gccCyBLEStack_BLE_SOC_PERIPHERAL.a(ll.o)
                0x00003c34                ll_get_adv_ch_tx_power

i.ll_get_data_channel_map
                0x00003c54       0x24
 i.ll_get_data_channel_map
                0x00003c54       0x24 C:\Program Files (x86)\Cypress\PSoC Creator\4.0\PSoC Creator\psoc\content\cycomponentlibrary\CyComponentLibrary.cylib\BLE_v2_0\Library\gccCyBLEStack_BLE_SOC_PERIPHERAL.a(ll.o)
                0x00003c54                ll_get_data_channel_map

i.ll_get_max_white_list_size
                0x00003c78        0xc
 i.ll_get_max_white_list_size
                0x00003c78        0xc C:\Program Files (x86)\Cypress\PSoC Creator\4.0\PSoC Creator\psoc\content\cycomponentlibrary\CyComponentLibrary.cylib\BLE_v2_0\Library\gccCyBLEStack_BLE_SOC_PERIPHERAL.a(ll.o)
                0x00003c78                ll_get_max_white_list_size

i.ll_get_my_role
                0x00003c84        0xc
 i.ll_get_my_role
                0x00003c84        0xc C:\Program Files (x86)\Cypress\PSoC Creator\4.0\PSoC Creator\psoc\content\cycomponentlibrary\CyComponentLibrary.cylib\BLE_v2_0\Library\gccCyBLEStack_BLE_SOC_PERIPHERAL.a(ll.o)
                0x00003c84                ll_get_my_role

i.ll_get_next_available_fifo_for_data_pdu
                0x00003c90        0x8
 i.ll_get_next_available_fifo_for_data_pdu
                0x00003c90        0x8 C:\Program Files (x86)\Cypress\PSoC Creator\4.0\PSoC Creator\psoc\content\cycomponentlibrary\CyComponentLibrary.cylib\BLE_v2_0\Library\gccCyBLEStack_BLE_SOC_PERIPHERAL.a(ll.o)
                0x00003c90                ll_get_next_available_fifo_for_data_pdu

i.ll_get_next_available_fifo_for_ll_pdu
                0x00003c98       0x24
 i.ll_get_next_available_fifo_for_ll_pdu
                0x00003c98       0x24 C:\Program Files (x86)\Cypress\PSoC Creator\4.0\PSoC Creator\psoc\content\cycomponentlibrary\CyComponentLibrary.cylib\BLE_v2_0\Library\gccCyBLEStack_BLE_SOC_PERIPHERAL.a(ll.o)
                0x00003c98                ll_get_next_available_fifo_for_ll_pdu

i.ll_get_rssi_value
                0x00003cbc       0x26
 i.ll_get_rssi_value
                0x00003cbc       0x26 C:\Program Files (x86)\Cypress\PSoC Creator\4.0\PSoC Creator\psoc\content\cycomponentlibrary\CyComponentLibrary.cylib\BLE_v2_0\Library\gccCyBLEStack_BLE_SOC_PERIPHERAL.a(ll.o)
                0x00003cbc                ll_get_rssi_value

i.ll_get_transmit_power_level
                0x00003ce4       0x2c
 i.ll_get_transmit_power_level
                0x00003ce4       0x2c C:\Program Files (x86)\Cypress\PSoC Creator\4.0\PSoC Creator\psoc\content\cycomponentlibrary\CyComponentLibrary.cylib\BLE_v2_0\Library\gccCyBLEStack_BLE_SOC_PERIPHERAL.a(ll.o)
                0x00003ce4                ll_get_transmit_power_level

i.ll_handle_ack_received
                0x00003d10       0x74
 i.ll_handle_ack_received
                0x00003d10       0x74 C:\Program Files (x86)\Cypress\PSoC Creator\4.0\PSoC Creator\psoc\content\cycomponentlibrary\CyComponentLibrary.cylib\BLE_v2_0\Library\gccCyBLEStack_BLE_SOC_PERIPHERAL.a(ll.o)
                0x00003d10                ll_handle_ack_received

i.ll_handle_add_device_in_whitelist
                0x00003d84       0x3a
 i.ll_handle_add_device_in_whitelist
                0x00003d84       0x3a C:\Program Files (x86)\Cypress\PSoC Creator\4.0\PSoC Creator\psoc\content\cycomponentlibrary\CyComponentLibrary.cylib\BLE_v2_0\Library\gccCyBLEStack_BLE_SOC_PERIPHERAL.a(ll.o)
                0x00003d84                ll_handle_add_device_in_whitelist

i.ll_handle_clear_whitelist
                0x00003dbe       0x16
 i.ll_handle_clear_whitelist
                0x00003dbe       0x16 C:\Program Files (x86)\Cypress\PSoC Creator\4.0\PSoC Creator\psoc\content\cycomponentlibrary\CyComponentLibrary.cylib\BLE_v2_0\Library\gccCyBLEStack_BLE_SOC_PERIPHERAL.a(ll.o)
                0x00003dbe                ll_handle_clear_whitelist

i.ll_handle_encrypt_host_data
                0x00003dd4       0x36
 i.ll_handle_encrypt_host_data
                0x00003dd4       0x36 C:\Program Files (x86)\Cypress\PSoC Creator\4.0\PSoC Creator\psoc\content\cycomponentlibrary\CyComponentLibrary.cylib\BLE_v2_0\Library\gccCyBLEStack_BLE_SOC_PERIPHERAL.a(ll.o)
                0x00003dd4                ll_handle_encrypt_host_data

i.ll_handle_host_data_packet
                0x00003e0a       0x54
 i.ll_handle_host_data_packet
                0x00003e0a       0x54 C:\Program Files (x86)\Cypress\PSoC Creator\4.0\PSoC Creator\psoc\content\cycomponentlibrary\CyComponentLibrary.cylib\BLE_v2_0\Library\gccCyBLEStack_BLE_SOC_PERIPHERAL.a(ll.o)
                0x00003e0a                ll_handle_host_data_packet

i.ll_handle_read_host_channel_map
                0x00003e5e        0x4
 i.ll_handle_read_host_channel_map
                0x00003e5e        0x4 C:\Program Files (x86)\Cypress\PSoC Creator\4.0\PSoC Creator\psoc\content\cycomponentlibrary\CyComponentLibrary.cylib\BLE_v2_0\Library\gccCyBLEStack_BLE_SOC_PERIPHERAL.a(ll.o)
                0x00003e5e                ll_handle_read_host_channel_map

i.ll_handle_remove_device_in_whitelist
                0x00003e62       0x2a
 i.ll_handle_remove_device_in_whitelist
                0x00003e62       0x2a C:\Program Files (x86)\Cypress\PSoC Creator\4.0\PSoC Creator\psoc\content\cycomponentlibrary\CyComponentLibrary.cylib\BLE_v2_0\Library\gccCyBLEStack_BLE_SOC_PERIPHERAL.a(ll.o)
                0x00003e62                ll_handle_remove_device_in_whitelist

i.ll_handle_reset
                0x00003e8c        0xe
 i.ll_handle_reset
                0x00003e8c        0xe C:\Program Files (x86)\Cypress\PSoC Creator\4.0\PSoC Creator\psoc\content\cycomponentlibrary\CyComponentLibrary.cylib\BLE_v2_0\Library\gccCyBLEStack_BLE_SOC_PERIPHERAL.a(ll.o)
                0x00003e8c                ll_handle_reset

i.ll_handle_set_random_address
                0x00003e9a       0x36
 i.ll_handle_set_random_address
                0x00003e9a       0x36 C:\Program Files (x86)\Cypress\PSoC Creator\4.0\PSoC Creator\psoc\content\cycomponentlibrary\CyComponentLibrary.cylib\BLE_v2_0\Library\gccCyBLEStack_BLE_SOC_PERIPHERAL.a(ll.o)
                0x00003e9a                ll_handle_set_random_address

i.ll_init       0x00003ed0       0x18
 i.ll_init      0x00003ed0       0x18 C:\Program Files (x86)\Cypress\PSoC Creator\4.0\PSoC Creator\psoc\content\cycomponentlibrary\CyComponentLibrary.cylib\BLE_v2_0\Library\gccCyBLEStack_BLE_SOC_PERIPHERAL.a(ll.o)
                0x00003ed0                ll_init

i.ll_initialize_device_attributes
                0x00003ee8       0x4c
 i.ll_initialize_device_attributes
                0x00003ee8       0x4c C:\Program Files (x86)\Cypress\PSoC Creator\4.0\PSoC Creator\psoc\content\cycomponentlibrary\CyComponentLibrary.cylib\BLE_v2_0\Library\gccCyBLEStack_BLE_SOC_PERIPHERAL.a(ll.o)
                0x00003ee8                ll_initialize_device_attributes

i.ll_is_pkt_pending
                0x00003f34       0x2a
 i.ll_is_pkt_pending
                0x00003f34       0x2a C:\Program Files (x86)\Cypress\PSoC Creator\4.0\PSoC Creator\psoc\content\cycomponentlibrary\CyComponentLibrary.cylib\BLE_v2_0\Library\gccCyBLEStack_BLE_SOC_PERIPHERAL.a(ll.o)
                0x00003f34                ll_is_pkt_pending

i.ll_is_sent_pkt_pending
                0x00003f5e       0x1a
 i.ll_is_sent_pkt_pending
                0x00003f5e       0x1a C:\Program Files (x86)\Cypress\PSoC Creator\4.0\PSoC Creator\psoc\content\cycomponentlibrary\CyComponentLibrary.cylib\BLE_v2_0\Library\gccCyBLEStack_BLE_SOC_PERIPHERAL.a(ll.o)
                0x00003f5e                ll_is_sent_pkt_pending

i.ll_isr_exit_low_power_mode
                0x00003f78       0x16
 i.ll_isr_exit_low_power_mode
                0x00003f78       0x16 C:\Program Files (x86)\Cypress\PSoC Creator\4.0\PSoC Creator\psoc\content\cycomponentlibrary\CyComponentLibrary.cylib\BLE_v2_0\Library\gccCyBLEStack_BLE_SOC_PERIPHERAL.a(ll.o)
                0x00003f78                ll_isr_exit_low_power_mode

i.ll_load_host_data_packet
                0x00003f8e       0x4a
 i.ll_load_host_data_packet
                0x00003f8e       0x4a C:\Program Files (x86)\Cypress\PSoC Creator\4.0\PSoC Creator\psoc\content\cycomponentlibrary\CyComponentLibrary.cylib\BLE_v2_0\Library\gccCyBLEStack_BLE_SOC_PERIPHERAL.a(ll.o)
                0x00003f8e                ll_load_host_data_packet

i.ll_load_packet_to_fifo
                0x00003fd8       0x6e
 i.ll_load_packet_to_fifo
                0x00003fd8       0x6e C:\Program Files (x86)\Cypress\PSoC Creator\4.0\PSoC Creator\psoc\content\cycomponentlibrary\CyComponentLibrary.cylib\BLE_v2_0\Library\gccCyBLEStack_BLE_SOC_PERIPHERAL.a(ll.o)
                0x00003fd8                ll_load_packet_to_fifo

i.ll_process_acks
                0x00004046       0x3c
 i.ll_process_acks
                0x00004046       0x3c C:\Program Files (x86)\Cypress\PSoC Creator\4.0\PSoC Creator\psoc\content\cycomponentlibrary\CyComponentLibrary.cylib\BLE_v2_0\Library\gccCyBLEStack_BLE_SOC_PERIPHERAL.a(ll.o)
                0x00004046                ll_process_acks

i.ll_reset      0x00004082       0x12
 i.ll_reset     0x00004082       0x12 C:\Program Files (x86)\Cypress\PSoC Creator\4.0\PSoC Creator\psoc\content\cycomponentlibrary\CyComponentLibrary.cylib\BLE_v2_0\Library\gccCyBLEStack_BLE_SOC_PERIPHERAL.a(ll.o)
                0x00004082                ll_reset

i.ll_update_active_features
                0x00004094       0x58
 i.ll_update_active_features
                0x00004094       0x58 C:\Program Files (x86)\Cypress\PSoC Creator\4.0\PSoC Creator\psoc\content\cycomponentlibrary\CyComponentLibrary.cylib\BLE_v2_0\Library\gccCyBLEStack_BLE_SOC_PERIPHERAL.a(ll.o)
                0x00004094                ll_update_active_features

i.ll_update_device_fsm
                0x000040ec        0x8
 i.ll_update_device_fsm
                0x000040ec        0x8 C:\Program Files (x86)\Cypress\PSoC Creator\4.0\PSoC Creator\psoc\content\cycomponentlibrary\CyComponentLibrary.cylib\BLE_v2_0\Library\gccCyBLEStack_BLE_SOC_PERIPHERAL.a(ll.o)
                0x000040ec                ll_update_device_fsm

i.pf_le_start_timer
                0x000040f4       0x16
 i.pf_le_start_timer
                0x000040f4       0x16 C:\Program Files (x86)\Cypress\PSoC Creator\4.0\PSoC Creator\psoc\content\cycomponentlibrary\CyComponentLibrary.cylib\BLE_v2_0\Library\gccCyBLEStack_BLE_SOC_PERIPHERAL.a(ll.o)
                0x000040f4                pf_le_start_timer

i.pf_le_stop_timer
                0x0000410a       0x12
 i.pf_le_stop_timer
                0x0000410a       0x12 C:\Program Files (x86)\Cypress\PSoC Creator\4.0\PSoC Creator\psoc\content\cycomponentlibrary\CyComponentLibrary.cylib\BLE_v2_0\Library\gccCyBLEStack_BLE_SOC_PERIPHERAL.a(ll.o)
                0x0000410a                pf_le_stop_timer

i.CyBleControllerIP_TuneAdvEventInterPktSlots
                0x0000411c       0x44
 i.CyBleControllerIP_TuneAdvEventInterPktSlots
                0x0000411c       0x44 C:\Program Files (x86)\Cypress\PSoC Creator\4.0\PSoC Creator\psoc\content\cycomponentlibrary\CyComponentLibrary.cylib\BLE_v2_0\Library\gccCyBLEStack_BLE_SOC_PERIPHERAL.a(ll_advertiser.o)
                0x0000411c                CyBleControllerIP_TuneAdvEventInterPktSlots

i.ll_adv_is_configured_connection_adv
                0x00004160       0x1e
 i.ll_adv_is_configured_connection_adv
                0x00004160       0x1e C:\Program Files (x86)\Cypress\PSoC Creator\4.0\PSoC Creator\psoc\content\cycomponentlibrary\CyComponentLibrary.cylib\BLE_v2_0\Library\gccCyBLEStack_BLE_SOC_PERIPHERAL.a(ll_advertiser.o)
                0x00004160                ll_adv_is_configured_connection_adv

i.ll_check_random_address_in_use_by_advertiser
                0x0000417e       0x10
 i.ll_check_random_address_in_use_by_advertiser
                0x0000417e       0x10 C:\Program Files (x86)\Cypress\PSoC Creator\4.0\PSoC Creator\psoc\content\cycomponentlibrary\CyComponentLibrary.cylib\BLE_v2_0\Library\gccCyBLEStack_BLE_SOC_PERIPHERAL.a(ll_advertiser.o)
                0x0000417e                ll_check_random_address_in_use_by_advertiser

i.ll_check_whitelist_in_use_by_advertiser
                0x0000418e       0x10
 i.ll_check_whitelist_in_use_by_advertiser
                0x0000418e       0x10 C:\Program Files (x86)\Cypress\PSoC Creator\4.0\PSoC Creator\psoc\content\cycomponentlibrary\CyComponentLibrary.cylib\BLE_v2_0\Library\gccCyBLEStack_BLE_SOC_PERIPHERAL.a(ll_advertiser.o)
                0x0000418e                ll_check_whitelist_in_use_by_advertiser

i.ll_get_adv_status
                0x0000419e        0xc
 i.ll_get_adv_status
                0x0000419e        0xc C:\Program Files (x86)\Cypress\PSoC Creator\4.0\PSoC Creator\psoc\content\cycomponentlibrary\CyComponentLibrary.cylib\BLE_v2_0\Library\gccCyBLEStack_BLE_SOC_PERIPHERAL.a(ll_advertiser.o)
                0x0000419e                ll_get_adv_status

i.ll_get_adv_type
                0x000041aa       0x16
 i.ll_get_adv_type
                0x000041aa       0x16 C:\Program Files (x86)\Cypress\PSoC Creator\4.0\PSoC Creator\psoc\content\cycomponentlibrary\CyComponentLibrary.cylib\BLE_v2_0\Library\gccCyBLEStack_BLE_SOC_PERIPHERAL.a(ll_advertiser.o)
                0x000041aa                ll_get_adv_type

i.ll_handle_adv_intr
                0x000041c0       0x50
 i.ll_handle_adv_intr
                0x000041c0       0x50 C:\Program Files (x86)\Cypress\PSoC Creator\4.0\PSoC Creator\psoc\content\cycomponentlibrary\CyComponentLibrary.cylib\BLE_v2_0\Library\gccCyBLEStack_BLE_SOC_PERIPHERAL.a(ll_advertiser.o)
                0x000041c0                ll_handle_adv_intr

i.ll_handle_set_adv_data
                0x00004210       0x14
 i.ll_handle_set_adv_data
                0x00004210       0x14 C:\Program Files (x86)\Cypress\PSoC Creator\4.0\PSoC Creator\psoc\content\cycomponentlibrary\CyComponentLibrary.cylib\BLE_v2_0\Library\gccCyBLEStack_BLE_SOC_PERIPHERAL.a(ll_advertiser.o)
                0x00004210                ll_handle_set_adv_data

i.ll_handle_set_adv_parameters
                0x00004224       0x84
 i.ll_handle_set_adv_parameters
                0x00004224       0x84 C:\Program Files (x86)\Cypress\PSoC Creator\4.0\PSoC Creator\psoc\content\cycomponentlibrary\CyComponentLibrary.cylib\BLE_v2_0\Library\gccCyBLEStack_BLE_SOC_PERIPHERAL.a(ll_advertiser.o)
                0x00004224                ll_handle_set_adv_parameters

i.ll_handle_set_advertise_enable
                0x000042a8       0x70
 i.ll_handle_set_advertise_enable
                0x000042a8       0x70 C:\Program Files (x86)\Cypress\PSoC Creator\4.0\PSoC Creator\psoc\content\cycomponentlibrary\CyComponentLibrary.cylib\BLE_v2_0\Library\gccCyBLEStack_BLE_SOC_PERIPHERAL.a(ll_advertiser.o)
                0x000042a8                ll_handle_set_advertise_enable

i.ll_handle_set_scan_resp_data
                0x00004318       0x14
 i.ll_handle_set_scan_resp_data
                0x00004318       0x14 C:\Program Files (x86)\Cypress\PSoC Creator\4.0\PSoC Creator\psoc\content\cycomponentlibrary\CyComponentLibrary.cylib\BLE_v2_0\Library\gccCyBLEStack_BLE_SOC_PERIPHERAL.a(ll_advertiser.o)
                0x00004318                ll_handle_set_scan_resp_data

i.ll_init_advertiser
                0x0000432c       0x68
 i.ll_init_advertiser
                0x0000432c       0x68 C:\Program Files (x86)\Cypress\PSoC Creator\4.0\PSoC Creator\psoc\content\cycomponentlibrary\CyComponentLibrary.cylib\BLE_v2_0\Library\gccCyBLEStack_BLE_SOC_PERIPHERAL.a(ll_advertiser.o)
                0x0000432c                ll_init_advertiser

i.is_le_connection_handle
                0x00004394       0x28
 i.is_le_connection_handle
                0x00004394       0x28 C:\Program Files (x86)\Cypress\PSoC Creator\4.0\PSoC Creator\psoc\content\cycomponentlibrary\CyComponentLibrary.cylib\BLE_v2_0\Library\gccCyBLEStack_BLE_SOC_PERIPHERAL.a(ll_connection.o)
                0x00004394                is_le_connection_handle

i.le_assign_connection_handle
                0x000043bc       0x28
 i.le_assign_connection_handle
                0x000043bc       0x28 C:\Program Files (x86)\Cypress\PSoC Creator\4.0\PSoC Creator\psoc\content\cycomponentlibrary\CyComponentLibrary.cylib\BLE_v2_0\Library\gccCyBLEStack_BLE_SOC_PERIPHERAL.a(ll_connection.o)
                0x000043bc                le_assign_connection_handle

i.le_get_connection_index
                0x000043e4        0x6
 i.le_get_connection_index
                0x000043e4        0x6 C:\Program Files (x86)\Cypress\PSoC Creator\4.0\PSoC Creator\psoc\content\cycomponentlibrary\CyComponentLibrary.cylib\BLE_v2_0\Library\gccCyBLEStack_BLE_SOC_PERIPHERAL.a(ll_connection.o)
                0x000043e4                le_get_connection_index

i.ll_allocate_connection
                0x000043ec       0x44
 i.ll_allocate_connection
                0x000043ec       0x44 C:\Program Files (x86)\Cypress\PSoC Creator\4.0\PSoC Creator\psoc\content\cycomponentlibrary\CyComponentLibrary.cylib\BLE_v2_0\Library\gccCyBLEStack_BLE_SOC_PERIPHERAL.a(ll_connection.o)
                0x000043ec                ll_allocate_connection

i.ll_calculate_and_program_def_win_widen_drift
                0x00004430       0x14
 i.ll_calculate_and_program_def_win_widen_drift
                0x00004430       0x14 C:\Program Files (x86)\Cypress\PSoC Creator\4.0\PSoC Creator\psoc\content\cycomponentlibrary\CyComponentLibrary.cylib\BLE_v2_0\Library\gccCyBLEStack_BLE_SOC_PERIPHERAL.a(ll_connection.o)
                0x00004430                ll_calculate_and_program_def_win_widen_drift

i.ll_calculate_drift
                0x00004444       0x2c
 i.ll_calculate_drift
                0x00004444       0x2c C:\Program Files (x86)\Cypress\PSoC Creator\4.0\PSoC Creator\psoc\content\cycomponentlibrary\CyComponentLibrary.cylib\BLE_v2_0\Library\gccCyBLEStack_BLE_SOC_PERIPHERAL.a(ll_connection.o)
                0x00004444                ll_calculate_drift

i.ll_check_and_decrypt_ll_pdu
                0x00004470       0x68
 i.ll_check_and_decrypt_ll_pdu
                0x00004470       0x68 C:\Program Files (x86)\Cypress\PSoC Creator\4.0\PSoC Creator\psoc\content\cycomponentlibrary\CyComponentLibrary.cylib\BLE_v2_0\Library\gccCyBLEStack_BLE_SOC_PERIPHERAL.a(ll_connection.o)
                0x00004470                ll_check_and_decrypt_ll_pdu

i.ll_check_and_decrypt_packet
                0x000044d8       0x6a
 i.ll_check_and_decrypt_packet
                0x000044d8       0x6a C:\Program Files (x86)\Cypress\PSoC Creator\4.0\PSoC Creator\psoc\content\cycomponentlibrary\CyComponentLibrary.cylib\BLE_v2_0\Library\gccCyBLEStack_BLE_SOC_PERIPHERAL.a(ll_connection.o)
                0x000044d8                ll_check_and_decrypt_packet

i.ll_check_and_encrypt_ll_pdu
                0x00004542       0x72
 i.ll_check_and_encrypt_ll_pdu
                0x00004542       0x72 C:\Program Files (x86)\Cypress\PSoC Creator\4.0\PSoC Creator\psoc\content\cycomponentlibrary\CyComponentLibrary.cylib\BLE_v2_0\Library\gccCyBLEStack_BLE_SOC_PERIPHERAL.a(ll_connection.o)
                0x00004542                ll_check_and_encrypt_ll_pdu

i.ll_check_and_encrypt_packet
                0x000045b4       0x8a
 i.ll_check_and_encrypt_packet
                0x000045b4       0x8a C:\Program Files (x86)\Cypress\PSoC Creator\4.0\PSoC Creator\psoc\content\cycomponentlibrary\CyComponentLibrary.cylib\BLE_v2_0\Library\gccCyBLEStack_BLE_SOC_PERIPHERAL.a(ll_connection.o)
                0x000045b4                ll_check_and_encrypt_packet

i.ll_check_for_allowing_incoming_connection_update
                0x0000463e       0x42
 i.ll_check_for_allowing_incoming_connection_update
                0x0000463e       0x42 C:\Program Files (x86)\Cypress\PSoC Creator\4.0\PSoC Creator\psoc\content\cycomponentlibrary\CyComponentLibrary.cylib\BLE_v2_0\Library\gccCyBLEStack_BLE_SOC_PERIPHERAL.a(ll_connection.o)
                0x0000463e                ll_check_for_allowing_incoming_connection_update

i.ll_check_if_pdu_is_loaded_to_hardware
                0x00004680       0x1c
 i.ll_check_if_pdu_is_loaded_to_hardware
                0x00004680       0x1c C:\Program Files (x86)\Cypress\PSoC Creator\4.0\PSoC Creator\psoc\content\cycomponentlibrary\CyComponentLibrary.cylib\BLE_v2_0\Library\gccCyBLEStack_BLE_SOC_PERIPHERAL.a(ll_connection.o)
                0x00004680                ll_check_if_pdu_is_loaded_to_hardware

i.ll_check_random_address_in_use_by_initiator
                0x0000469c       0x30
 i.ll_check_random_address_in_use_by_initiator
                0x0000469c       0x30 C:\Program Files (x86)\Cypress\PSoC Creator\4.0\PSoC Creator\psoc\content\cycomponentlibrary\CyComponentLibrary.cylib\BLE_v2_0\Library\gccCyBLEStack_BLE_SOC_PERIPHERAL.a(ll_connection.o)
                0x0000469c                ll_check_random_address_in_use_by_initiator

i.ll_check_white_list_in_use_by_initiator
                0x000046cc       0x30
 i.ll_check_white_list_in_use_by_initiator
                0x000046cc       0x30 C:\Program Files (x86)\Cypress\PSoC Creator\4.0\PSoC Creator\psoc\content\cycomponentlibrary\CyComponentLibrary.cylib\BLE_v2_0\Library\gccCyBLEStack_BLE_SOC_PERIPHERAL.a(ll_connection.o)
                0x000046cc                ll_check_white_list_in_use_by_initiator

i.ll_conn_free_enc_txn_buffer
                0x000046fc       0x16
 i.ll_conn_free_enc_txn_buffer
                0x000046fc       0x16 C:\Program Files (x86)\Cypress\PSoC Creator\4.0\PSoC Creator\psoc\content\cycomponentlibrary\CyComponentLibrary.cylib\BLE_v2_0\Library\gccCyBLEStack_BLE_SOC_PERIPHERAL.a(ll_connection.o)
                0x000046fc                ll_conn_free_enc_txn_buffer

i.ll_conn_fsm_update_channel_state
                0x00004712        0x6
 i.ll_conn_fsm_update_channel_state
                0x00004712        0x6 C:\Program Files (x86)\Cypress\PSoC Creator\4.0\PSoC Creator\psoc\content\cycomponentlibrary\CyComponentLibrary.cylib\BLE_v2_0\Library\gccCyBLEStack_BLE_SOC_PERIPHERAL.a(ll_connection.o)
                0x00004712                ll_conn_fsm_update_channel_state

i.ll_conn_fsm_update_conn_update_state
                0x00004718        0x6
 i.ll_conn_fsm_update_conn_update_state
                0x00004718        0x6 C:\Program Files (x86)\Cypress\PSoC Creator\4.0\PSoC Creator\psoc\content\cycomponentlibrary\CyComponentLibrary.cylib\BLE_v2_0\Library\gccCyBLEStack_BLE_SOC_PERIPHERAL.a(ll_connection.o)
                0x00004718                ll_conn_fsm_update_conn_update_state

i.ll_conn_fsm_update_enc_state
                0x0000471e        0x6
 i.ll_conn_fsm_update_enc_state
                0x0000471e        0x6 C:\Program Files (x86)\Cypress\PSoC Creator\4.0\PSoC Creator\psoc\content\cycomponentlibrary\CyComponentLibrary.cylib\BLE_v2_0\Library\gccCyBLEStack_BLE_SOC_PERIPHERAL.a(ll_connection.o)
                0x0000471e                ll_conn_fsm_update_enc_state

i.ll_conn_fsm_update_state
                0x00004724        0x4
 i.ll_conn_fsm_update_state
                0x00004724        0x4 C:\Program Files (x86)\Cypress\PSoC Creator\4.0\PSoC Creator\psoc\content\cycomponentlibrary\CyComponentLibrary.cylib\BLE_v2_0\Library\gccCyBLEStack_BLE_SOC_PERIPHERAL.a(ll_connection.o)
                0x00004724                ll_conn_fsm_update_state

i.ll_conn_handle_data_pdu_from_host_when_data_paused
                0x00004728        0x8
 i.ll_conn_handle_data_pdu_from_host_when_data_paused
                0x00004728        0x8 C:\Program Files (x86)\Cypress\PSoC Creator\4.0\PSoC Creator\psoc\content\cycomponentlibrary\CyComponentLibrary.cylib\BLE_v2_0\Library\gccCyBLEStack_BLE_SOC_PERIPHERAL.a(ll_connection.o)
                0x00004728                ll_conn_handle_data_pdu_from_host_when_data_paused

i.ll_conn_handle_direct_adv_timeout
                0x00004730       0x2a
 i.ll_conn_handle_direct_adv_timeout
                0x00004730       0x2a C:\Program Files (x86)\Cypress\PSoC Creator\4.0\PSoC Creator\psoc\content\cycomponentlibrary\CyComponentLibrary.cylib\BLE_v2_0\Library\gccCyBLEStack_BLE_SOC_PERIPHERAL.a(ll_connection.o)
                0x00004730                ll_conn_handle_direct_adv_timeout

i.ll_conn_handle_ping_timer_expired_interrupt
                0x0000475c       0x1c
 i.ll_conn_handle_ping_timer_expired_interrupt
                0x0000475c       0x1c C:\Program Files (x86)\Cypress\PSoC Creator\4.0\PSoC Creator\psoc\content\cycomponentlibrary\CyComponentLibrary.cylib\BLE_v2_0\Library\gccCyBLEStack_BLE_SOC_PERIPHERAL.a(ll_connection.o)
                0x0000475c                ll_conn_handle_ping_timer_expired_interrupt

i.ll_conn_handle_ping_timer_nearly_expired_interrupt
                0x00004778       0x20
 i.ll_conn_handle_ping_timer_nearly_expired_interrupt
                0x00004778       0x20 C:\Program Files (x86)\Cypress\PSoC Creator\4.0\PSoC Creator\psoc\content\cycomponentlibrary\CyComponentLibrary.cylib\BLE_v2_0\Library\gccCyBLEStack_BLE_SOC_PERIPHERAL.a(ll_connection.o)
                0x00004778                ll_conn_handle_ping_timer_nearly_expired_interrupt

i.ll_conn_handle_stop_connectable_adv
                0x00004798       0x12
 i.ll_conn_handle_stop_connectable_adv
                0x00004798       0x12 C:\Program Files (x86)\Cypress\PSoC Creator\4.0\PSoC Creator\psoc\content\cycomponentlibrary\CyComponentLibrary.cylib\BLE_v2_0\Library\gccCyBLEStack_BLE_SOC_PERIPHERAL.a(ll_connection.o)
                0x00004798                ll_conn_handle_stop_connectable_adv

i.ll_conn_process_pending_transactions
                0x000047aa        0x4
 i.ll_conn_process_pending_transactions
                0x000047aa        0x4 C:\Program Files (x86)\Cypress\PSoC Creator\4.0\PSoC Creator\psoc\content\cycomponentlibrary\CyComponentLibrary.cylib\BLE_v2_0\Library\gccCyBLEStack_BLE_SOC_PERIPHERAL.a(ll_connection.o)
                0x000047aa                ll_conn_process_pending_transactions

i.ll_conn_program_authenticated_payload_timer
                0x000047b0       0x50
 i.ll_conn_program_authenticated_payload_timer
                0x000047b0       0x50 C:\Program Files (x86)\Cypress\PSoC Creator\4.0\PSoC Creator\psoc\content\cycomponentlibrary\CyComponentLibrary.cylib\BLE_v2_0\Library\gccCyBLEStack_BLE_SOC_PERIPHERAL.a(ll_connection.o)
                0x000047b0                ll_conn_program_authenticated_payload_timer

i.ll_conn_read_data_pdu_from_hardware
                0x00004800       0x14
 i.ll_conn_read_data_pdu_from_hardware
                0x00004800       0x14 C:\Program Files (x86)\Cypress\PSoC Creator\4.0\PSoC Creator\psoc\content\cycomponentlibrary\CyComponentLibrary.cylib\BLE_v2_0\Library\gccCyBLEStack_BLE_SOC_PERIPHERAL.a(ll_connection.o)
                0x00004800                ll_conn_read_data_pdu_from_hardware

i.ll_conn_send_ping_req_pdu
                0x00004814       0x40
 i.ll_conn_send_ping_req_pdu
                0x00004814       0x40 C:\Program Files (x86)\Cypress\PSoC Creator\4.0\PSoC Creator\psoc\content\cycomponentlibrary\CyComponentLibrary.cylib\BLE_v2_0\Library\gccCyBLEStack_BLE_SOC_PERIPHERAL.a(ll_connection.o)
                0x00004814                ll_conn_send_ping_req_pdu

i.ll_conn_store_pending_tx_pdu
                0x00004854       0x1a
 i.ll_conn_store_pending_tx_pdu
                0x00004854       0x1a C:\Program Files (x86)\Cypress\PSoC Creator\4.0\PSoC Creator\psoc\content\cycomponentlibrary\CyComponentLibrary.cylib\BLE_v2_0\Library\gccCyBLEStack_BLE_SOC_PERIPHERAL.a(ll_connection.o)
                0x00004854                ll_conn_store_pending_tx_pdu

i.ll_conn_update_rssi
                0x0000486e       0x16
 i.ll_conn_update_rssi
                0x0000486e       0x16 C:\Program Files (x86)\Cypress\PSoC Creator\4.0\PSoC Creator\psoc\content\cycomponentlibrary\CyComponentLibrary.cylib\BLE_v2_0\Library\gccCyBLEStack_BLE_SOC_PERIPHERAL.a(ll_connection.o)
                0x0000486e                ll_conn_update_rssi

i.ll_convert_hci_llid_to_ll_llid_host_to_controller
                0x00004884        0x8
 i.ll_convert_hci_llid_to_ll_llid_host_to_controller
                0x00004884        0x8 C:\Program Files (x86)\Cypress\PSoC Creator\4.0\PSoC Creator\psoc\content\cycomponentlibrary\CyComponentLibrary.cylib\BLE_v2_0\Library\gccCyBLEStack_BLE_SOC_PERIPHERAL.a(ll_connection.o)
                0x00004884                ll_convert_hci_llid_to_ll_llid_host_to_controller

i.ll_convert_ll_llid_to_hci_llid_controller_to_host
                0x0000488c        0x2
 i.ll_convert_ll_llid_to_hci_llid_controller_to_host
                0x0000488c        0x2 C:\Program Files (x86)\Cypress\PSoC Creator\4.0\PSoC Creator\psoc\content\cycomponentlibrary\CyComponentLibrary.cylib\BLE_v2_0\Library\gccCyBLEStack_BLE_SOC_PERIPHERAL.a(ll_connection.o)
                0x0000488c                ll_convert_ll_llid_to_hci_llid_controller_to_host

i.ll_decode_and_program_connect_req
                0x00004890       0xec
 i.ll_decode_and_program_connect_req
                0x00004890       0xec C:\Program Files (x86)\Cypress\PSoC Creator\4.0\PSoC Creator\psoc\content\cycomponentlibrary\CyComponentLibrary.cylib\BLE_v2_0\Library\gccCyBLEStack_BLE_SOC_PERIPHERAL.a(ll_connection.o)
                0x00004890                ll_decode_and_program_connect_req

i.ll_enc_fsm_derive_session_key
                0x0000497c       0x46
 i.ll_enc_fsm_derive_session_key
                0x0000497c       0x46 C:\Program Files (x86)\Cypress\PSoC Creator\4.0\PSoC Creator\psoc\content\cycomponentlibrary\CyComponentLibrary.cylib\BLE_v2_0\Library\gccCyBLEStack_BLE_SOC_PERIPHERAL.a(ll_connection.o)
                0x0000497c                ll_enc_fsm_derive_session_key

i.ll_enc_handle_enc_complete
                0x000049c2       0x68
 i.ll_enc_handle_enc_complete
                0x000049c2       0x68 C:\Program Files (x86)\Cypress\PSoC Creator\4.0\PSoC Creator\psoc\content\cycomponentlibrary\CyComponentLibrary.cylib\BLE_v2_0\Library\gccCyBLEStack_BLE_SOC_PERIPHERAL.a(ll_connection.o)
                0x000049c2                ll_enc_handle_enc_complete

i.ll_enc_handle_enc_failure
                0x00004a2c       0xa4
 i.ll_enc_handle_enc_failure
                0x00004a2c       0xa4 C:\Program Files (x86)\Cypress\PSoC Creator\4.0\PSoC Creator\psoc\content\cycomponentlibrary\CyComponentLibrary.cylib\BLE_v2_0\Library\gccCyBLEStack_BLE_SOC_PERIPHERAL.a(ll_connection.o)
                0x00004a2c                ll_enc_handle_enc_failure

i.ll_enc_handle_ll_reject_pdu_cb
                0x00004ad0       0x24
 i.ll_enc_handle_ll_reject_pdu_cb
                0x00004ad0       0x24 C:\Program Files (x86)\Cypress\PSoC Creator\4.0\PSoC Creator\psoc\content\cycomponentlibrary\CyComponentLibrary.cylib\BLE_v2_0\Library\gccCyBLEStack_BLE_SOC_PERIPHERAL.a(ll_connection.o)
                0x00004ad0                ll_enc_handle_ll_reject_pdu_cb

i.ll_enc_handle_ll_terminate_pdu
                0x00004af4       0x16
 i.ll_enc_handle_ll_terminate_pdu
                0x00004af4       0x16 C:\Program Files (x86)\Cypress\PSoC Creator\4.0\PSoC Creator\psoc\content\cycomponentlibrary\CyComponentLibrary.cylib\BLE_v2_0\Library\gccCyBLEStack_BLE_SOC_PERIPHERAL.a(ll_connection.o)
                0x00004af4                ll_enc_handle_ll_terminate_pdu

i.ll_enc_handle_ll_unknown_resp_pdu_cb
                0x00004b0a       0x24
 i.ll_enc_handle_ll_unknown_resp_pdu_cb
                0x00004b0a       0x24 C:\Program Files (x86)\Cypress\PSoC Creator\4.0\PSoC Creator\psoc\content\cycomponentlibrary\CyComponentLibrary.cylib\BLE_v2_0\Library\gccCyBLEStack_BLE_SOC_PERIPHERAL.a(ll_connection.o)
                0x00004b0a                ll_enc_handle_ll_unknown_resp_pdu_cb

i.ll_enc_handle_slave_await_to_start_cb
                0x00004b30       0x80
 i.ll_enc_handle_slave_await_to_start_cb
                0x00004b30       0x80 C:\Program Files (x86)\Cypress\PSoC Creator\4.0\PSoC Creator\psoc\content\cycomponentlibrary\CyComponentLibrary.cylib\BLE_v2_0\Library\gccCyBLEStack_BLE_SOC_PERIPHERAL.a(ll_connection.o)
                0x00004b30                ll_enc_handle_slave_await_to_start_cb

i.ll_enc_handle_slave_enc_resp_ack_cb
                0x00004bb0       0x28
 i.ll_enc_handle_slave_enc_resp_ack_cb
                0x00004bb0       0x28 C:\Program Files (x86)\Cypress\PSoC Creator\4.0\PSoC Creator\psoc\content\cycomponentlibrary\CyComponentLibrary.cylib\BLE_v2_0\Library\gccCyBLEStack_BLE_SOC_PERIPHERAL.a(ll_connection.o)
                0x00004bb0                ll_enc_handle_slave_enc_resp_ack_cb

i.ll_enc_handle_slave_ltk_neg_reply_cb
                0x00004bd8       0x60
 i.ll_enc_handle_slave_ltk_neg_reply_cb
                0x00004bd8       0x60 C:\Program Files (x86)\Cypress\PSoC Creator\4.0\PSoC Creator\psoc\content\cycomponentlibrary\CyComponentLibrary.cylib\BLE_v2_0\Library\gccCyBLEStack_BLE_SOC_PERIPHERAL.a(ll_connection.o)
                0x00004bd8                ll_enc_handle_slave_ltk_neg_reply_cb

i.ll_enc_handle_slave_pause_enc_req_cb
                0x00004c38       0x46
 i.ll_enc_handle_slave_pause_enc_req_cb
                0x00004c38       0x46 C:\Program Files (x86)\Cypress\PSoC Creator\4.0\PSoC Creator\psoc\content\cycomponentlibrary\CyComponentLibrary.cylib\BLE_v2_0\Library\gccCyBLEStack_BLE_SOC_PERIPHERAL.a(ll_connection.o)
                0x00004c38                ll_enc_handle_slave_pause_enc_req_cb

i.ll_enc_handle_slave_pause_enc_resp_cb
                0x00004c7e       0x10
 i.ll_enc_handle_slave_pause_enc_resp_cb
                0x00004c7e       0x10 C:\Program Files (x86)\Cypress\PSoC Creator\4.0\PSoC Creator\psoc\content\cycomponentlibrary\CyComponentLibrary.cylib\BLE_v2_0\Library\gccCyBLEStack_BLE_SOC_PERIPHERAL.a(ll_connection.o)
                0x00004c7e                ll_enc_handle_slave_pause_enc_resp_cb

i.ll_enc_handle_slave_reject_ind_ack_cb
                0x00004c8e       0x22
 i.ll_enc_handle_slave_reject_ind_ack_cb
                0x00004c8e       0x22 C:\Program Files (x86)\Cypress\PSoC Creator\4.0\PSoC Creator\psoc\content\cycomponentlibrary\CyComponentLibrary.cylib\BLE_v2_0\Library\gccCyBLEStack_BLE_SOC_PERIPHERAL.a(ll_connection.o)
                0x00004c8e                ll_enc_handle_slave_reject_ind_ack_cb

i.ll_enc_handle_slave_start_enc_resp_ack_cb
                0x00004cb0        0x8
 i.ll_enc_handle_slave_start_enc_resp_ack_cb
                0x00004cb0        0x8 C:\Program Files (x86)\Cypress\PSoC Creator\4.0\PSoC Creator\psoc\content\cycomponentlibrary\CyComponentLibrary.cylib\BLE_v2_0\Library\gccCyBLEStack_BLE_SOC_PERIPHERAL.a(ll_connection.o)
                0x00004cb0                ll_enc_handle_slave_start_enc_resp_ack_cb

i.ll_enc_handle_slave_start_enc_resp_cb
                0x00004cb8       0x34
 i.ll_enc_handle_slave_start_enc_resp_cb
                0x00004cb8       0x34 C:\Program Files (x86)\Cypress\PSoC Creator\4.0\PSoC Creator\psoc\content\cycomponentlibrary\CyComponentLibrary.cylib\BLE_v2_0\Library\gccCyBLEStack_BLE_SOC_PERIPHERAL.a(ll_connection.o)
                0x00004cb8                ll_enc_handle_slave_start_enc_resp_cb
