Archive member included because of file (symbol)

.\CortexM0\ARM_GCC_493\Debug\SharpDustSensor.a(cyfitter_cfg.o)
                              .\CortexM0\ARM_GCC_493\Debug\Cm0Start.o (cyfitter_cfg)
.\CortexM0\ARM_GCC_493\Debug\SharpDustSensor.a(CyBootAsmGnu.o)
                              .\CortexM0\ARM_GCC_493\Debug\SharpDustSensor.a(cyfitter_cfg.o) (CyDelayCycles)
.\CortexM0\ARM_GCC_493\Debug\SharpDustSensor.a(CyLib.o)
                              .\CortexM0\ARM_GCC_493\Debug\SharpDustSensor.a(cyfitter_cfg.o) (CySysClkWriteImoFreq)
.\CortexM0\ARM_GCC_493\Debug\SharpDustSensor.a(CyLFClk.o)
                              .\CortexM0\ARM_GCC_493\Debug\SharpDustSensor.a(cyfitter_cfg.o) (CySysClkWcoStart)
.\CortexM0\ARM_GCC_493\Debug\SharpDustSensor.a(Sensor_Power.o)
                              .\CortexM0\ARM_GCC_493\Debug\main.o (Sensor_Power_Write)
.\CortexM0\ARM_GCC_493\Debug\SharpDustSensor.a(ADC.o)
                              .\CortexM0\ARM_GCC_493\Debug\main.o (ADC_Start)
.\CortexM0\ARM_GCC_493\Debug\SharpDustSensor.a(ADC_INT.o)
                              .\CortexM0\ARM_GCC_493\Debug\SharpDustSensor.a(ADC.o) (ADC_ISR)
.\CortexM0\ARM_GCC_493\Debug\SharpDustSensor.a(BLE.o)
                              .\CortexM0\ARM_GCC_493\Debug\main.o (cyBle_discoveryModeInfo)
.\CortexM0\ARM_GCC_493\Debug\SharpDustSensor.a(BLE_gatt.o)
                              .\CortexM0\ARM_GCC_493\Debug\SharpDustSensor.a(BLE.o) (cyBle_state)
.\CortexM0\ARM_GCC_493\Debug\SharpDustSensor.a(BLE_eventHandler.o)
                              .\CortexM0\ARM_GCC_493\Debug\SharpDustSensor.a(BLE.o) (cyBle_eventHandlerFlag)
.\CortexM0\ARM_GCC_493\Debug\SharpDustSensor.a(BLE_custom.o)
                              .\CortexM0\ARM_GCC_493\Debug\SharpDustSensor.a(BLE.o) (CyBle_CustomInit)
C:\Program Files (x86)\Cypress\PSoC Creator\3.3\PSoC Creator\psoc\content\cycomponentlibrary\CyComponentLibrary.cylib\BLE_v2_0\Library\gccCyBLEStack_BLE_SOC_PERIPHERAL.a(CyBle.o)
                              .\CortexM0\ARM_GCC_493\Debug\main.o (CyBle_ProcessEvents)
C:\Program Files (x86)\Cypress\PSoC Creator\3.3\PSoC Creator\psoc\content\cycomponentlibrary\CyComponentLibrary.cylib\BLE_v2_0\Library\gccCyBLEStack_BLE_SOC_PERIPHERAL.a(CyBleStackMgrIP_Interface.o)
                              C:\Program Files (x86)\Cypress\PSoC Creator\3.3\PSoC Creator\psoc\content\cycomponentlibrary\CyComponentLibrary.cylib\BLE_v2_0\Library\gccCyBLEStack_BLE_SOC_PERIPHERAL.a(CyBle.o) (CyBleStackMgr_Init)
C:\Program Files (x86)\Cypress\PSoC Creator\3.3\PSoC Creator\psoc\content\cycomponentlibrary\CyComponentLibrary.cylib\BLE_v2_0\Library\gccCyBLEStack_BLE_SOC_PERIPHERAL.a(BT_os.o)
                              C:\Program Files (x86)\Cypress\PSoC Creator\3.3\PSoC Creator\psoc\content\cycomponentlibrary\CyComponentLibrary.cylib\BLE_v2_0\Library\gccCyBLEStack_BLE_SOC_PERIPHERAL.a(CyBleStackMgrIP_Interface.o) (cyBleStackMemoryConfig)
C:\Program Files (x86)\Cypress\PSoC Creator\3.3\PSoC Creator\psoc\content\cycomponentlibrary\CyComponentLibrary.cylib\BLE_v2_0\Library\gccCyBLEStack_BLE_SOC_PERIPHERAL.a(CyBleStackMgr_StackTaskHandler.o)
                              C:\Program Files (x86)\Cypress\PSoC Creator\3.3\PSoC Creator\psoc\content\cycomponentlibrary\CyComponentLibrary.cylib\BLE_v2_0\Library\gccCyBLEStack_BLE_SOC_PERIPHERAL.a(CyBleStackMgrIP_Interface.o) (CyBle_CreateBleStackTask)
C:\Program Files (x86)\Cypress\PSoC Creator\3.3\PSoC Creator\psoc\content\cycomponentlibrary\CyComponentLibrary.cylib\BLE_v2_0\Library\gccCyBLEStack_BLE_SOC_PERIPHERAL.a(transport_sf.o)
                              C:\Program Files (x86)\Cypress\PSoC Creator\3.3\PSoC Creator\psoc\content\cycomponentlibrary\CyComponentLibrary.cylib\BLE_v2_0\Library\gccCyBLEStack_BLE_SOC_PERIPHERAL.a(CyBleStackMgr_StackTaskHandler.o) (hci_soft_transport_notify_data_received)
C:\Program Files (x86)\Cypress\PSoC Creator\3.3\PSoC Creator\psoc\content\cycomponentlibrary\CyComponentLibrary.cylib\BLE_v2_0\Library\gccCyBLEStack_BLE_SOC_PERIPHERAL.a(CyBleStackMgr_PSoCHal.o)
                              C:\Program Files (x86)\Cypress\PSoC Creator\3.3\PSoC Creator\psoc\content\cycomponentlibrary\CyComponentLibrary.cylib\BLE_v2_0\Library\gccCyBLEStack_BLE_SOC_PERIPHERAL.a(CyBleStackMgrIP_Interface.o) (CyBleStackMgr_HalInit)
C:\Program Files (x86)\Cypress\PSoC Creator\3.3\PSoC Creator\psoc\content\cycomponentlibrary\CyComponentLibrary.cylib\BLE_v2_0\Library\gccCyBLEStack_BLE_SOC_PERIPHERAL.a(CyBleStackMgr_BleSSDriver.o)
                              C:\Program Files (x86)\Cypress\PSoC Creator\3.3\PSoC Creator\psoc\content\cycomponentlibrary\CyComponentLibrary.cylib\BLE_v2_0\Library\gccCyBLEStack_BLE_SOC_PERIPHERAL.a(CyBleStackMgrIP_Interface.o) (CyBleStackMgr_BleSSInit)
C:\Program Files (x86)\Cypress\PSoC Creator\3.3\PSoC Creator\psoc\content\cycomponentlibrary\CyComponentLibrary.cylib\BLE_v2_0\Library\gccCyBLEStack_BLE_SOC_PERIPHERAL.a(config_bin.o)
[...]
Memory Configuration

Name             Origin             Length             Attributes
rom              0x00000000         0x00020000         xr
ram              0x20000000         0x00004000         xrw
*default*        0x00000000         0xffffffff

Linker script and memory map

LOAD c:/program files (x86)/cypress/psoc creator/3.3/psoc creator/import/gnu/arm/4.9.3/bin/../lib/gcc/arm-none-eabi/4.9.3/armv6-m/crti.o
LOAD c:/program files (x86)/cypress/psoc creator/3.3/psoc creator/import/gnu/arm/4.9.3/bin/../lib/gcc/arm-none-eabi/4.9.3/armv6-m/crtbegin.o
LOAD c:/program files (x86)/cypress/psoc creator/3.3/psoc creator/import/gnu/arm/4.9.3/bin/../lib/gcc/arm-none-eabi/4.9.3/../../../../arm-none-eabi/lib/armv6-m/crt0.o
START GROUP
LOAD .\CortexM0\ARM_GCC_493\Debug\main.o
LOAD .\CortexM0\ARM_GCC_493\Debug\cymetadata.o
LOAD .\CortexM0\ARM_GCC_493\Debug\Cm0Start.o
LOAD .\CortexM0\ARM_GCC_493\Debug\SharpDustSensor.a
LOAD C:\Program Files (x86)\Cypress\PSoC Creator\3.3\PSoC Creator\psoc\content\cycomponentlibrary\CyComponentLibrary.cylib\BLE_v2_0\Library\gccCyBLEStack_BLE_SOC_PERIPHERAL.a
LOAD C:\Program Files (x86)\Cypress\PSoC Creator\3.3\PSoC Creator\psoc\content\cycomponentlibrary\CyComponentLibrary.cylib\CortexM0\ARM_GCC_493\Debug\CyComponentLibrary.a
END GROUP
START GROUP
LOAD c:/program files (x86)/cypress/psoc creator/3.3/psoc creator/import/gnu/arm/4.9.3/bin/../lib/gcc/arm-none-eabi/4.9.3/armv6-m\libgcc.a
LOAD c:/program files (x86)/cypress/psoc creator/3.3/psoc creator/import/gnu/arm/4.9.3/bin/../lib/gcc/arm-none-eabi/4.9.3/../../../../arm-none-eabi/lib/armv6-m\libg_nano.a
LOAD c:/program files (x86)/cypress/psoc creator/3.3/psoc creator/import/gnu/arm/4.9.3/bin/../lib/gcc/arm-none-eabi/4.9.3/../../../../arm-none-eabi/lib/armv6-m\libc_nano.a
END GROUP
START GROUP
LOAD c:/program files (x86)/cypress/psoc creator/3.3/psoc creator/import/gnu/arm/4.9.3/bin/../lib/gcc/arm-none-eabi/4.9.3/armv6-m\libgcc.a
LOAD c:/program files (x86)/cypress/psoc creator/3.3/psoc creator/import/gnu/arm/4.9.3/bin/../lib/gcc/arm-none-eabi/4.9.3/../../../../arm-none-eabi/lib/armv6-m\libc_nano.a
END GROUP
LOAD c:/program files (x86)/cypress/psoc creator/3.3/psoc creator/import/gnu/arm/4.9.3/bin/../lib/gcc/arm-none-eabi/4.9.3/armv6-m/crtend.o
LOAD c:/program files (x86)/cypress/psoc creator/3.3/psoc creator/import/gnu/arm/4.9.3/bin/../lib/gcc/arm-none-eabi/4.9.3/armv6-m/crtn.o
START GROUP
LOAD c:/program files (x86)/cypress/psoc creator/3.3/psoc creator/import/gnu/arm/4.9.3/bin/../lib/gcc/arm-none-eabi/4.9.3/armv6-m\libgcc.a
LOAD c:/program files (x86)/cypress/psoc creator/3.3/psoc creator/import/gnu/arm/4.9.3/bin/../lib/gcc/arm-none-eabi/4.9.3/../../../../arm-none-eabi/lib/armv6-m\libc.a
LOAD c:/program files (x86)/cypress/psoc creator/3.3/psoc creator/import/gnu/arm/4.9.3/bin/../lib/gcc/arm-none-eabi/4.9.3/../../../../arm-none-eabi/lib/armv6-m\libnosys.a
END GROUP
                0x00000000                CY_APPL_ORIGIN = 0x0
                0x00000080                CY_FLASH_ROW_SIZE = 0x80
                0x00000001                CY_APPL_NUM = 0x1
                0x00000001                CY_APPL_MAX = 0x1
                0x00000040                CY_METADATA_SIZE = 0x40
                0x00000000                CY_APPL_LOADABLE = 0x0
                0x00000000                CY_CHECKSUM_EXCLUDE_SIZE = ALIGN (0x0, CY_FLASH_ROW_SIZE)
                0x00000000                CY_APP_FOR_STACK_AND_COPIER = 0x0
                0x20001d30                PROVIDE (__cy_heap_start, _end)
                0x00000001                PROVIDE (__cy_region_num, ((__cy_regions_end - __cy_regions) / 0x10))
                0x20004000                PROVIDE (__cy_stack, (ORIGIN (ram) + 0x4000))
                0x20003800                PROVIDE (__cy_heap_end, (__cy_stack - 0x800))

.cybootloader   0x00000000        0x0
 *(.cybootloader)
                0x00000000                appl1_start = CY_APPL_ORIGIN?CY_APPL_ORIGIN:ALIGN (CY_FLASH_ROW_SIZE)
                0x0000ff80                appl2_start = (appl1_start + ALIGN ((((0x20000 - appl1_start) - (0x2 * CY_FLASH_ROW_SIZE)) / 0x2), CY_FLASH_ROW_SIZE))
                0x00000000                appl_start = (CY_APPL_NUM == 0x1)?appl1_start:appl2_start
                0x00000001                cy_project_type_bootloader = (appl_start == 0x0)?0x1:0x0
                0x00000000                cy_project_type_app_for_stack_and_copier = (CY_APP_FOR_STACK_AND_COPIER == 0x1)?0x1:0x0

.text           0x00000000     0x1b70
 CREATE_OBJECT_SYMBOLS
                0x00000000                PROVIDE (__cy_interrupt_vector, RomVectors)
 *(.romvectors)
 .romvectors    0x00000000       0x10 .\CortexM0\ARM_GCC_493\Debug\Cm0Start.o
                0x00000000                RomVectors
                0x00000001                ASSERT ((. != __cy_interrupt_vector), No interrupt vector)
                0x00000001                ASSERT (CY_APPL_ORIGIN?(SIZEOF (.cybootloader) <= CY_APPL_ORIGIN):0x1, Wrong image location)
                0x00000010                PROVIDE (__cy_reset, Reset)
 *(.text.Reset)
 .text.Reset    0x00000010        0x8 .\CortexM0\ARM_GCC_493\Debug\Cm0Start.o
                0x00000010                Reset
                0x00000001                ASSERT ((. != __cy_reset), No reset code)
 *(.psocinit)
 .psocinit      0x00000018      0x204 .\CortexM0\ARM_GCC_493\Debug\SharpDustSensor.a(cyfitter_cfg.o)
                0x000000fc                cyfitter_cfg
                0x0000021c                . = MAX (., 0x100)
 *(.text .text.* .gnu.linkonce.t.*)
 .text          0x0000021c       0x60 c:/program files (x86)/cypress/psoc creator/3.3/psoc creator/import/gnu/arm/4.9.3/bin/../lib/gcc/arm-none-eabi/4.9.3/armv6-m/crtbegin.o
 .text.main     0x0000027c       0x68 .\CortexM0\ARM_GCC_493\Debug\main.o
                0x0000027c                main
 .text.StackEventHandler
                0x000002e4       0x20 .\CortexM0\ARM_GCC_493\Debug\main.o
                0x000002e4                StackEventHandler
 .text.readSensor
                0x00000304       0x48 .\CortexM0\ARM_GCC_493\Debug\main.o
                0x00000304                readSensor
 .text.IntDefaultHandler
                0x0000034c        0x8 .\CortexM0\ARM_GCC_493\Debug\Cm0Start.o
                0x0000034c                IntDefaultHandler
 .text.Start_c  0x00000354       0x98 .\CortexM0\ARM_GCC_493\Debug\Cm0Start.o
                0x00000354                Start_c
 .text.initialize_psoc
                0x000003ec       0x70 .\CortexM0\ARM_GCC_493\Debug\Cm0Start.o
                0x000003ec                initialize_psoc
 .text.CYMEMZERO
                0x0000045c       0x20 .\CortexM0\ARM_GCC_493\Debug\SharpDustSensor.a(cyfitter_cfg.o)
 .text.AnalogSetDefault
                0x0000047c       0x44 .\CortexM0\ARM_GCC_493\Debug\SharpDustSensor.a(cyfitter_cfg.o)
 .text.SetAnalogRoutingPumps
                0x000004c0       0x40 .\CortexM0\ARM_GCC_493\Debug\SharpDustSensor.a(cyfitter_cfg.o)
                0x000004c0                SetAnalogRoutingPumps
 .text          0x00000500       0x20 .\CortexM0\ARM_GCC_493\Debug\SharpDustSensor.a(CyBootAsmGnu.o)
                0x00000500                CyDelayCycles
                0x00000512                CyEnterCriticalSection
                0x0000051a                CyExitCriticalSection
 .text.CySysClkWriteImoFreq
                0x00000520       0x98 .\CortexM0\ARM_GCC_493\Debug\SharpDustSensor.a(CyLib.o)
                0x00000520                CySysClkWriteImoFreq
 .text.CySysClkEcoStart
                0x000005b8       0x74 .\CortexM0\ARM_GCC_493\Debug\SharpDustSensor.a(CyLib.o)
                0x000005b8                CySysClkEcoStart
 .text.CySysClkEcoReadStatus
                0x0000062c       0x20 .\CortexM0\ARM_GCC_493\Debug\SharpDustSensor.a(CyLib.o)
                0x0000062c                CySysClkEcoReadStatus
 .text.CyIntSetVector
                0x0000064c       0x4c .\CortexM0\ARM_GCC_493\Debug\SharpDustSensor.a(CyLib.o)
                0x0000064c                CyIntSetVector
 .text.CyIntSetPriority
                0x00000698       0xa8 .\CortexM0\ARM_GCC_493\Debug\SharpDustSensor.a(CyLib.o)
                0x00000698                CyIntSetPriority
 .text.CyIntEnable
                0x00000740       0x28 .\CortexM0\ARM_GCC_493\Debug\SharpDustSensor.a(CyLib.o)
                0x00000740                CyIntEnable
 .text.CyHalt   0x00000768       0x14 .\CortexM0\ARM_GCC_493\Debug\SharpDustSensor.a(CyLib.o)
                0x00000768                CyHalt
 .text.CyDelay  0x0000077c       0x48 .\CortexM0\ARM_GCC_493\Debug\SharpDustSensor.a(CyLib.o)
                0x0000077c                CyDelay
 .text.CyDelayUs
                0x000007c4       0x28 .\CortexM0\ARM_GCC_493\Debug\SharpDustSensor.a(CyLib.o)
                0x000007c4                CyDelayUs
 .text.CySysClkWcoSetHighPowerMode
                0x000007ec       0x48 .\CortexM0\ARM_GCC_493\Debug\SharpDustSensor.a(CyLFClk.o)
 .text.CySysClkWcoSetLowPowerMode
                0x00000834       0x48 .\CortexM0\ARM_GCC_493\Debug\SharpDustSensor.a(CyLFClk.o)
 .text.CySysClkWcoStart
                0x0000087c       0x20 .\CortexM0\ARM_GCC_493\Debug\SharpDustSensor.a(CyLFClk.o)
                0x0000087c                CySysClkWcoStart
 .text.CySysClkWcoSetPowerMode
                0x0000089c       0x40 .\CortexM0\ARM_GCC_493\Debug\SharpDustSensor.a(CyLFClk.o)
                0x0000089c                CySysClkWcoSetPowerMode
 .text.CySysWdtLock
                0x000008dc       0x34 .\CortexM0\ARM_GCC_493\Debug\SharpDustSensor.a(CyLFClk.o)
                0x000008dc                CySysWdtLock
 .text.CySysWdtLocked
                0x00000910       0x20 .\CortexM0\ARM_GCC_493\Debug\SharpDustSensor.a(CyLFClk.o)
 .text.CySysWdtUnlock
                0x00000930       0x4c .\CortexM0\ARM_GCC_493\Debug\SharpDustSensor.a(CyLFClk.o)
                0x00000930                CySysWdtUnlock
 .text.CySysWdtClearInterrupt
                0x0000097c       0x70 .\CortexM0\ARM_GCC_493\Debug\SharpDustSensor.a(CyLFClk.o)
                0x0000097c                CySysWdtClearInterrupt
 .text.CySysWdtIsr
                0x000009ec       0xe8 .\CortexM0\ARM_GCC_493\Debug\SharpDustSensor.a(CyLFClk.o)
                0x000009ec                CySysWdtIsr
 .text.Sensor_Power_Write
                0x00000ad4       0x48 .\CortexM0\ARM_GCC_493\Debug\SharpDustSensor.a(Sensor_Power.o)
                0x00000ad4                Sensor_Power_Write
 .text.ADC_Start
                0x00000b1c       0x24 .\CortexM0\ARM_GCC_493\Debug\SharpDustSensor.a(ADC.o)
                0x00000b1c                ADC_Start
 .text.ADC_Init
                0x00000b40      0x1c4 .\CortexM0\ARM_GCC_493\Debug\SharpDustSensor.a(ADC.o)
                0x00000b40                ADC_Init
 .text.ADC_Enable
                0x00000d04       0x38 .\CortexM0\ARM_GCC_493\Debug\SharpDustSensor.a(ADC.o)
                0x00000d04                ADC_Enable
 .text.ADC_StartConvert
                0x00000d3c       0x1c .\CortexM0\ARM_GCC_493\Debug\SharpDustSensor.a(ADC.o)
                0x00000d3c                ADC_StartConvert
 .text.ADC_GetResult16
                0x00000d58       0x44 .\CortexM0\ARM_GCC_493\Debug\SharpDustSensor.a(ADC.o)
                0x00000d58                ADC_GetResult16
 .text.ADC_CountsTo_mVolts
                0x00000d9c       0xa4 .\CortexM0\ARM_GCC_493\Debug\SharpDustSensor.a(ADC.o)
                0x00000d9c                ADC_CountsTo_mVolts
 .text.ADC_ISR  0x00000e40       0x1c .\CortexM0\ARM_GCC_493\Debug\SharpDustSensor.a(ADC_INT.o)
                0x00000e40                ADC_ISR
 .text.CyBle_Init
                0x00000e5c       0x2c .\CortexM0\ARM_GCC_493\Debug\SharpDustSensor.a(BLE.o)
                0x00000e5c                CyBle_Init
 .text.CyBle_ServiceInit
                0x00000e88        0xc .\CortexM0\ARM_GCC_493\Debug\SharpDustSensor.a(BLE.o)
                0x00000e88                CyBle_ServiceInit
 .text.CyBle_Start
                0x00000e94       0xb0 .\CortexM0\ARM_GCC_493\Debug\SharpDustSensor.a(BLE.o)
                0x00000e94                CyBle_Start
 .text.CyBle_GappStartAdvertisement
                0x00000f44       0xd8 .\CortexM0\ARM_GCC_493\Debug\SharpDustSensor.a(BLE.o)
                0x00000f44                CyBle_GappStartAdvertisement
 .text.CyBle_ChangeAdDeviceAddress
                0x0000101c       0x60 .\CortexM0\ARM_GCC_493\Debug\SharpDustSensor.a(BLE.o)
                0x0000101c                CyBle_ChangeAdDeviceAddress
 .text.CyBle_Get16ByPtr
                0x0000107c       0x28 .\CortexM0\ARM_GCC_493\Debug\SharpDustSensor.a(BLE.o)
                0x0000107c                CyBle_Get16ByPtr
 .text.CyBle_GattsWriteEventHandler
                0x000010a4       0xa0 .\CortexM0\ARM_GCC_493\Debug\SharpDustSensor.a(BLE_gatt.o)
                0x000010a4                CyBle_GattsWriteEventHandler
 .text.CyBle_WriteReqHandler
                0x00001144       0x70 .\CortexM0\ARM_GCC_493\Debug\SharpDustSensor.a(BLE_eventHandler.o)
 .text.CyBle_ValueConfirmation
                0x000011b4       0x10 .\CortexM0\ARM_GCC_493\Debug\SharpDustSensor.a(BLE_eventHandler.o)
 .text.CyBle_GattDisconnectEventHandler
                0x000011c4       0x18 .\CortexM0\ARM_GCC_493\Debug\SharpDustSensor.a(BLE_eventHandler.o)
 .text.CyBle_TimeOutEventHandler
                0x000011dc       0x10 .\CortexM0\ARM_GCC_493\Debug\SharpDustSensor.a(BLE_eventHandler.o)
 .text.CyBle_GattConnectReqHandler
                0x000011ec        0x8 .\CortexM0\ARM_GCC_493\Debug\SharpDustSensor.a(BLE_eventHandler.o)
 .text.CyBle_IsDeviceAddressValid
                0x000011f4       0x60 .\CortexM0\ARM_GCC_493\Debug\SharpDustSensor.a(BLE_eventHandler.o)
 .text.CyBle_L2Cap_ConnParamUpdateRspEventHandler
                0x00001254       0x14 .\CortexM0\ARM_GCC_493\Debug\SharpDustSensor.a(BLE_eventHandler.o)
 .text.CyBle_GapConnUpdateCompleteEventHandler
                0x00001268       0x10 .\CortexM0\ARM_GCC_493\Debug\SharpDustSensor.a(BLE_eventHandler.o)
 .text.CyBle_EventHandler
                0x00001278      0x2a8 .\CortexM0\ARM_GCC_493\Debug\SharpDustSensor.a(BLE_eventHandler.o)
                0x00001278                CyBle_EventHandler
 .text.CyBle_CustomInit
                0x00001520        0x8 .\CortexM0\ARM_GCC_493\Debug\SharpDustSensor.a(BLE_custom.o)
                0x00001520                CyBle_CustomInit
 .text.CySysPmSleep
                0x00001528       0x34 .\CortexM0\ARM_GCC_493\Debug\SharpDustSensor.a(cyPm.o)
                0x00001528                CySysPmSleep
 .text.CyBLE_Bless_LlRegWrite
                0x0000155c       0x1c .\CortexM0\ARM_GCC_493\Debug\SharpDustSensor.a(BLE_HAL_PVT.o)
                0x0000155c                CyBLE_Bless_LlRegWrite
 .text.CyBLE_Bless_RfRegWrite
                0x00001578       0x1c .\CortexM0\ARM_GCC_493\Debug\SharpDustSensor.a(BLE_HAL_PVT.o)
                0x00001578                CyBLE_Bless_RfRegWrite
 .text.CyBLE_BlessDeviceConfig
                0x00001594      0x110 .\CortexM0\ARM_GCC_493\Debug\SharpDustSensor.a(BLE_HAL_PVT.o)
                0x00001594                CyBLE_BlessDeviceConfig
 .text.CyBleHal_DelayUs
                0x000016a4       0x1c .\CortexM0\ARM_GCC_493\Debug\SharpDustSensor.a(BLE_HAL_PVT.o)
                0x000016a4                CyBleHal_DelayUs
 .text.CyBleHal_DelayMs
                0x000016c0       0x18 .\CortexM0\ARM_GCC_493\Debug\SharpDustSensor.a(BLE_HAL_PVT.o)
                0x000016c0                CyBleHal_DelayMs
 .text.CyBleHal_EnableGlobalInterrupts
                0x000016d8        0xc .\CortexM0\ARM_GCC_493\Debug\SharpDustSensor.a(BLE_HAL_PVT.o)
                0x000016d8                CyBleHal_EnableGlobalInterrupts
 .text.CyBleHal_DisableGlobalInterrupts
                0x000016e4        0xc .\CortexM0\ARM_GCC_493\Debug\SharpDustSensor.a(BLE_HAL_PVT.o)
                0x000016e4                CyBleHal_DisableGlobalInterrupts
 .text.CyBle_HalInit
                0x000016f0       0x20 .\CortexM0\ARM_GCC_493\Debug\SharpDustSensor.a(BLE_HAL_PVT.o)
                0x000016f0                CyBle_HalInit
 .text.CYBLE_BlessStart
                0x00001710       0x14 .\CortexM0\ARM_GCC_493\Debug\SharpDustSensor.a(BLE_HAL_PVT.o)
                0x00001710                CYBLE_BlessStart
 .text.BLE_bless_isr_StartEx
                0x00001724       0x24 .\CortexM0\ARM_GCC_493\Debug\SharpDustSensor.a(BLE_bless_isr.o)
                0x00001724                BLE_bless_isr_StartEx
 .text.BLE_bless_isr_SetVector
                0x00001748       0x18 .\CortexM0\ARM_GCC_493\Debug\SharpDustSensor.a(BLE_bless_isr.o)
                0x00001748                BLE_bless_isr_SetVector
 .text.BLE_bless_isr_SetPriority
                0x00001760       0x4c .\CortexM0\ARM_GCC_493\Debug\SharpDustSensor.a(BLE_bless_isr.o)
                0x00001760                BLE_bless_isr_SetPriority
 .text.BLE_bless_isr_Enable
                0x000017ac       0x14 .\CortexM0\ARM_GCC_493\Debug\SharpDustSensor.a(BLE_bless_isr.o)
                0x000017ac                BLE_bless_isr_Enable
 .text.BLE_bless_isr_Disable
                0x000017c0       0x14 .\CortexM0\ARM_GCC_493\Debug\SharpDustSensor.a(BLE_bless_isr.o)
                0x000017c0                BLE_bless_isr_Disable
 .text.CyBLE_Bless_Interrupt
                0x000017d4        0xc .\CortexM0\ARM_GCC_493\Debug\SharpDustSensor.a(BLE_HAL_INT.o)
                0x000017d4                CyBLE_Bless_Interrupt
 .text          0x000017e0      0x120 c:/program files (x86)/cypress/psoc creator/3.3/psoc creator/import/gnu/arm/4.9.3/bin/../lib/gcc/arm-none-eabi/4.9.3/armv6-m\libgcc.a(_udivsi3.o)
                0x000017e0                __aeabi_uidiv
                0x000017e0                __udivsi3
                0x000018ec                __aeabi_uidivmod
 .text          0x00001900      0x1e0 c:/program files (x86)/cypress/psoc creator/3.3/psoc creator/import/gnu/arm/4.9.3/bin/../lib/gcc/arm-none-eabi/4.9.3/armv6-m\libgcc.a(_divsi3.o)
                0x00001900                __divsi3
                0x00001900                __aeabi_idiv
                0x00001acc                __aeabi_idivmod
 .text          0x00001ae0        0x4 c:/program files (x86)/cypress/psoc creator/3.3/psoc creator/import/gnu/arm/4.9.3/bin/../lib/gcc/arm-none-eabi/4.9.3/armv6-m\libgcc.a(_dvmd_tls.o)
                0x00001ae0                __aeabi_idiv0
                0x00001ae0                __aeabi_ldiv0
 .text.__libc_init_array
                0x00001ae4       0x4c c:/program files (x86)/cypress/psoc creator/3.3/psoc creator/import/gnu/arm/4.9.3/bin/../lib/gcc/arm-none-eabi/4.9.3/../../../../arm-none-eabi/lib/armv6-m\libg_nano.a(lib_a-init.o)
                0x00001ae4                __libc_init_array
 .text.memcmp   0x00001b30       0x1e c:/program files (x86)/cypress/psoc creator/3.3/psoc creator/import/gnu/arm/4.9.3/bin/../lib/gcc/arm-none-eabi/4.9.3/../../../../arm-none-eabi/lib/armv6-m\libg_nano.a(lib_a-memcmp.o)
                0x00001b30                memcmp
 .text.memcpy   0x00001b4e       0x12 c:/program files (x86)/cypress/psoc creator/3.3/psoc creator/import/gnu/arm/4.9.3/bin/../lib/gcc/arm-none-eabi/4.9.3/../../../../arm-none-eabi/lib/armv6-m\libg_nano.a(lib_a-memcpy.o)
                0x00001b4e                memcpy
 .text.memset   0x00001b60       0x10 c:/program files (x86)/cypress/psoc creator/3.3/psoc creator/import/gnu/arm/4.9.3/bin/../lib/gcc/arm-none-eabi/4.9.3/../../../../arm-none-eabi/lib/armv6-m\libg_nano.a(lib_a-memset.o)
                0x00001b60                memset
 *(.plt)
 *(.gnu.warning)
 *(.glue_7t)
 .glue_7t       0x00000000        0x0 linker stubs
 *(.glue_7)
 .glue_7        0x00000000        0x0 linker stubs
 *(.vfp11_veneer)
 .vfp11_veneer  0x00000000        0x0 linker stubs
 *(.bootloader)
 *(.ARM.extab* .gnu.linkonce.armextab.*)
 *(.gcc_except_table)

.v4_bx          0x00001b70        0x0
 .v4_bx         0x00000000        0x0 linker stubs

.iplt           0x00001b70        0x0
 .iplt          0x00000000        0x0 c:/program files (x86)/cypress/psoc creator/3.3/psoc creator/import/gnu/arm/4.9.3/bin/../lib/gcc/arm-none-eabi/4.9.3/armv6-m/crtbegin.o

i.CyBle_ExitLPM
                0x00001b70        0x8
 i.CyBle_ExitLPM
                0x00001b70        0x8 C:\Program Files (x86)\Cypress\PSoC Creator\3.3\PSoC Creator\psoc\content\cycomponentlibrary\CyComponentLibrary.cylib\BLE_v2_0\Library\gccCyBLEStack_BLE_SOC_PERIPHERAL.a(CyBle.o)
                0x00001b70                CyBle_ExitLPM

i.CyBle_ProcessEvents
                0x00001b78        0x8
 i.CyBle_ProcessEvents
                0x00001b78        0x8 C:\Program Files (x86)\Cypress\PSoC Creator\3.3\PSoC Creator\psoc\content\cycomponentlibrary\CyComponentLibrary.cylib\BLE_v2_0\Library\gccCyBLEStack_BLE_SOC_PERIPHERAL.a(CyBle.o)
                0x00001b78                CyBle_ProcessEvents

i.CyBle_SetDeviceAddress
                0x00001b80       0x24
 i.CyBle_SetDeviceAddress
                0x00001b80       0x24 C:\Program Files (x86)\Cypress\PSoC Creator\3.3\PSoC Creator\psoc\content\cycomponentlibrary\CyComponentLibrary.cylib\BLE_v2_0\Library\gccCyBLEStack_BLE_SOC_PERIPHERAL.a(CyBle.o)
                0x00001b80                CyBle_SetDeviceAddress

i.CyBle_StackInit
                0x00001ba4       0x80
 i.CyBle_StackInit
                0x00001ba4       0x80 C:\Program Files (x86)\Cypress\PSoC Creator\3.3\PSoC Creator\psoc\content\cycomponentlibrary\CyComponentLibrary.cylib\BLE_v2_0\Library\gccCyBLEStack_BLE_SOC_PERIPHERAL.a(CyBle.o)
                0x00001ba4                CyBle_StackInit

i.CyBleStackMgr_Init
                0x00001c24       0xb4
 i.CyBleStackMgr_Init
                0x00001c24       0xb4 C:\Program Files (x86)\Cypress\PSoC Creator\3.3\PSoC Creator\psoc\content\cycomponentlibrary\CyComponentLibrary.cylib\BLE_v2_0\Library\gccCyBLEStack_BLE_SOC_PERIPHERAL.a(CyBleStackMgrIP_Interface.o)
                0x00001c24                CyBleStackMgr_Init

i.CyBleStackMgr_ProcessBleEvents
                0x00001cd8       0x14
 i.CyBleStackMgr_ProcessBleEvents
                0x00001cd8       0x14 C:\Program Files (x86)\Cypress\PSoC Creator\3.3\PSoC Creator\psoc\content\cycomponentlibrary\CyComponentLibrary.cylib\BLE_v2_0\Library\gccCyBLEStack_BLE_SOC_PERIPHERAL.a(CyBleStackMgrIP_Interface.o)
                0x00001cd8                CyBleStackMgr_ProcessBleEvents

i.CyBle_GetHeapMemory
                0x00001cec       0x28
 i.CyBle_GetHeapMemory
                0x00001cec       0x28 C:\Program Files (x86)\Cypress\PSoC Creator\3.3\PSoC Creator\psoc\content\cycomponentlibrary\CyComponentLibrary.cylib\BLE_v2_0\Library\gccCyBLEStack_BLE_SOC_PERIPHERAL.a(CyBleStackMgrIP_Interface.o)
                0x00001cec                CyBle_GetHeapMemory

i.CyBle_GetNumAppBufferPools
                0x00001d14        0xc
 i.CyBle_GetNumAppBufferPools
                0x00001d14        0xc C:\Program Files (x86)\Cypress\PSoC Creator\3.3\PSoC Creator\psoc\content\cycomponentlibrary\CyComponentLibrary.cylib\BLE_v2_0\Library\gccCyBLEStack_BLE_SOC_PERIPHERAL.a(CyBleStackMgrIP_Interface.o)
                0x00001d14                CyBle_GetNumAppBufferPools

i.CyBle_GetReservedPoolInfo
                0x00001d20       0x3c
 i.CyBle_GetReservedPoolInfo
                0x00001d20       0x3c C:\Program Files (x86)\Cypress\PSoC Creator\3.3\PSoC Creator\psoc\content\cycomponentlibrary\CyComponentLibrary.cylib\BLE_v2_0\Library\gccCyBLEStack_BLE_SOC_PERIPHERAL.a(CyBleStackMgrIP_Interface.o)
                0x00001d20                CyBle_GetReservedPoolInfo

i.CyBle_HostStackBufferPoolInit
                0x00001d5c       0x7c
 i.CyBle_HostStackBufferPoolInit
                0x00001d5c       0x7c C:\Program Files (x86)\Cypress\PSoC Creator\3.3\PSoC Creator\psoc\content\cycomponentlibrary\CyComponentLibrary.cylib\BLE_v2_0\Library\gccCyBLEStack_BLE_SOC_PERIPHERAL.a(CyBleStackMgrIP_Interface.o)

i.ble_stack_idle_task_callback
                0x00001dd8        0x2
 i.ble_stack_idle_task_callback
                0x00001dd8        0x2 C:\Program Files (x86)\Cypress\PSoC Creator\3.3\PSoC Creator\psoc\content\cycomponentlibrary\CyComponentLibrary.cylib\BLE_v2_0\Library\gccCyBLEStack_BLE_SOC_PERIPHERAL.a(CyBleStackMgrIP_Interface.o)
                0x00001dd8                ble_stack_idle_task_callback

i.BT_OSFreeBuf  0x00001ddc       0x20
 i.BT_OSFreeBuf
                0x00001ddc       0x20 C:\Program Files (x86)\Cypress\PSoC Creator\3.3\PSoC Creator\psoc\content\cycomponentlibrary\CyComponentLibrary.cylib\BLE_v2_0\Library\gccCyBLEStack_BLE_SOC_PERIPHERAL.a(BT_os.o)
                0x00001ddc                BT_OSFreeBuf

i.BT_OSGetBuF   0x00001dfc       0x30
 i.BT_OSGetBuF  0x00001dfc       0x30 C:\Program Files (x86)\Cypress\PSoC Creator\3.3\PSoC Creator\psoc\content\cycomponentlibrary\CyComponentLibrary.cylib\BLE_v2_0\Library\gccCyBLEStack_BLE_SOC_PERIPHERAL.a(BT_os.o)
                0x00001dfc                BT_OSGetBuF

i.BT_OSMemCreate
                0x00001e2c       0x3c
 i.BT_OSMemCreate
                0x00001e2c       0x3c C:\Program Files (x86)\Cypress\PSoC Creator\3.3\PSoC Creator\psoc\content\cycomponentlibrary\CyComponentLibrary.cylib\BLE_v2_0\Library\gccCyBLEStack_BLE_SOC_PERIPHERAL.a(BT_os.o)
                0x00001e2c                BT_OSMemCreate

i.BT_alloc_mem_ext
                0x00001e68       0x40
 i.BT_alloc_mem_ext
                0x00001e68       0x40 C:\Program Files (x86)\Cypress\PSoC Creator\3.3\PSoC Creator\psoc\content\cycomponentlibrary\CyComponentLibrary.cylib\BLE_v2_0\Library\gccCyBLEStack_BLE_SOC_PERIPHERAL.a(BT_os.o)
                0x00001e68                BT_alloc_mem_ext

i.BT_buff_alloc_from_cfg_pool_ext
                0x00001ea8       0x18
 i.BT_buff_alloc_from_cfg_pool_ext
                0x00001ea8       0x18 C:\Program Files (x86)\Cypress\PSoC Creator\3.3\PSoC Creator\psoc\content\cycomponentlibrary\CyComponentLibrary.cylib\BLE_v2_0\Library\gccCyBLEStack_BLE_SOC_PERIPHERAL.a(BT_os.o)
                0x00001ea8                BT_buff_alloc_from_cfg_pool_ext

i.BT_free_mem   0x00001ec0        0xc
 i.BT_free_mem  0x00001ec0        0xc C:\Program Files (x86)\Cypress\PSoC Creator\3.3\PSoC Creator\psoc\content\cycomponentlibrary\CyComponentLibrary.cylib\BLE_v2_0\Library\gccCyBLEStack_BLE_SOC_PERIPHERAL.a(BT_os.o)
                0x00001ec0                BT_free_mem

i.bt_stack_create_buffer_pool
                0x00001ecc       0x30
 i.bt_stack_create_buffer_pool
                0x00001ecc       0x30 C:\Program Files (x86)\Cypress\PSoC Creator\3.3\PSoC Creator\psoc\content\cycomponentlibrary\CyComponentLibrary.cylib\BLE_v2_0\Library\gccCyBLEStack_BLE_SOC_PERIPHERAL.a(BT_os.o)
                0x00001ecc                bt_stack_create_buffer_pool

i.CyBle_CheckBleStackTaskStatus
                0x00001efc        0x4
 i.CyBle_CheckBleStackTaskStatus
                0x00001efc        0x4 C:\Program Files (x86)\Cypress\PSoC Creator\3.3\PSoC Creator\psoc\content\cycomponentlibrary\CyComponentLibrary.cylib\BLE_v2_0\Library\gccCyBLEStack_BLE_SOC_PERIPHERAL.a(CyBleStackMgr_StackTaskHandler.o)
                0x00001efc                CyBle_CheckBleStackTaskStatus

i.CyBle_CreateBleStackTask
                0x00001f00       0x2c
 i.CyBle_CreateBleStackTask
                0x00001f00       0x2c C:\Program Files (x86)\Cypress\PSoC Creator\3.3\PSoC Creator\psoc\content\cycomponentlibrary\CyComponentLibrary.cylib\BLE_v2_0\Library\gccCyBLEStack_BLE_SOC_PERIPHERAL.a(CyBleStackMgr_StackTaskHandler.o)
                0x00001f00                CyBle_CreateBleStackTask

i.CyBle_SignalBleStackTask
                0x00001f2c       0x50
 i.CyBle_SignalBleStackTask
                0x00001f2c       0x50 C:\Program Files (x86)\Cypress\PSoC Creator\3.3\PSoC Creator\psoc\content\cycomponentlibrary\CyComponentLibrary.cylib\BLE_v2_0\Library\gccCyBLEStack_BLE_SOC_PERIPHERAL.a(CyBleStackMgr_StackTaskHandler.o)
                0x00001f2c                CyBle_SignalBleStackTask

i.CyBle_StackTaskHandler
                0x00001f7c       0x5c
 i.CyBle_StackTaskHandler
                0x00001f7c       0x5c C:\Program Files (x86)\Cypress\PSoC Creator\3.3\PSoC Creator\psoc\content\cycomponentlibrary\CyComponentLibrary.cylib\BLE_v2_0\Library\gccCyBLEStack_BLE_SOC_PERIPHERAL.a(CyBleStackMgr_StackTaskHandler.o)
                0x00001f7c                CyBle_StackTaskHandler

i.__ARM_common_switch8
                0x00001fd8       0x1a
 i.__ARM_common_switch8
                0x00001fd8       0x1a C:\Program Files (x86)\Cypress\PSoC Creator\3.3\PSoC Creator\psoc\content\cycomponentlibrary\CyComponentLibrary.cylib\BLE_v2_0\Library\gccCyBLEStack_BLE_SOC_PERIPHERAL.a(CyBleStackMgr_StackTaskHandler.o)
                0x00001fd8                __ARM_common_switch8

i.hci_soft_transport_notify_data_received
                0x00001ff4        0xc
 i.hci_soft_transport_notify_data_received
                0x00001ff4        0xc C:\Program Files (x86)\Cypress\PSoC Creator\3.3\PSoC Creator\psoc\content\cycomponentlibrary\CyComponentLibrary.cylib\BLE_v2_0\Library\gccCyBLEStack_BLE_SOC_PERIPHERAL.a(transport_sf.o)
                0x00001ff4                hci_soft_transport_notify_data_received

i.hci_soft_transport_rx_data
                0x00002000       0x40
 i.hci_soft_transport_rx_data
                0x00002000       0x40 C:\Program Files (x86)\Cypress\PSoC Creator\3.3\PSoC Creator\psoc\content\cycomponentlibrary\CyComponentLibrary.cylib\BLE_v2_0\Library\gccCyBLEStack_BLE_SOC_PERIPHERAL.a(transport_sf.o)
                0x00002000                hci_soft_transport_rx_data

i.hci_transport_bt_init
                0x00002040        0x2
 i.hci_transport_bt_init
                0x00002040        0x2 C:\Program Files (x86)\Cypress\PSoC Creator\3.3\PSoC Creator\psoc\content\cycomponentlibrary\CyComponentLibrary.cylib\BLE_v2_0\Library\gccCyBLEStack_BLE_SOC_PERIPHERAL.a(transport_sf.o)
                0x00002040                hci_transport_bt_init

i.hci_transport_init
                0x00002044       0x10
 i.hci_transport_init
                0x00002044       0x10 C:\Program Files (x86)\Cypress\PSoC Creator\3.3\PSoC Creator\psoc\content\cycomponentlibrary\CyComponentLibrary.cylib\BLE_v2_0\Library\gccCyBLEStack_BLE_SOC_PERIPHERAL.a(transport_sf.o)
                0x00002044                hci_transport_init

i.hci_transport_write_data
                0x00002054       0xd4
 i.hci_transport_write_data
                0x00002054       0xd4 C:\Program Files (x86)\Cypress\PSoC Creator\3.3\PSoC Creator\psoc\content\cycomponentlibrary\CyComponentLibrary.cylib\BLE_v2_0\Library\gccCyBLEStack_BLE_SOC_PERIPHERAL.a(transport_sf.o)
                0x00002054                hci_transport_write_data

i.pf_hci_soft_transport_write
                0x00002128       0x44
 i.pf_hci_soft_transport_write
                0x00002128       0x44 C:\Program Files (x86)\Cypress\PSoC Creator\3.3\PSoC Creator\psoc\content\cycomponentlibrary\CyComponentLibrary.cylib\BLE_v2_0\Library\gccCyBLEStack_BLE_SOC_PERIPHERAL.a(transport_sf.o)
                0x00002128                pf_hci_soft_transport_write

i.pf_soft_hci_transport_init
                0x0000216c        0xc
 i.pf_soft_hci_transport_init
                0x0000216c        0xc C:\Program Files (x86)\Cypress\PSoC Creator\3.3\PSoC Creator\psoc\content\cycomponentlibrary\CyComponentLibrary.cylib\BLE_v2_0\Library\gccCyBLEStack_BLE_SOC_PERIPHERAL.a(transport_sf.o)
                0x0000216c                pf_soft_hci_transport_init

i.CyBleStackMgr_GetTime
                0x00002178       0x14
 i.CyBleStackMgr_GetTime
                0x00002178       0x14 C:\Program Files (x86)\Cypress\PSoC Creator\3.3\PSoC Creator\psoc\content\cycomponentlibrary\CyComponentLibrary.cylib\BLE_v2_0\Library\gccCyBLEStack_BLE_SOC_PERIPHERAL.a(CyBleStackMgr_PSoCHal.o)
                0x00002178                CyBleStackMgr_GetTime

i.CyBleStackMgr_HalInit
                0x0000218c       0x24
 i.CyBleStackMgr_HalInit
                0x0000218c       0x24 C:\Program Files (x86)\Cypress\PSoC Creator\3.3\PSoC Creator\psoc\content\cycomponentlibrary\CyComponentLibrary.cylib\BLE_v2_0\Library\gccCyBLEStack_BLE_SOC_PERIPHERAL.a(CyBleStackMgr_PSoCHal.o)
                0x0000218c                CyBleStackMgr_HalInit

i.CyBleStackMgr_HalIntrEnable
                0x000021b0        0x8
 i.CyBleStackMgr_HalIntrEnable
                0x000021b0        0x8 C:\Program Files (x86)\Cypress\PSoC Creator\3.3\PSoC Creator\psoc\content\cycomponentlibrary\CyComponentLibrary.cylib\BLE_v2_0\Library\gccCyBLEStack_BLE_SOC_PERIPHERAL.a(CyBleStackMgr_PSoCHal.o)
                0x000021b0                CyBleStackMgr_HalIntrEnable

i.CyBleStackMgr_HandleLinkLayerTick
                0x000021b8       0x5c
 i.CyBleStackMgr_HandleLinkLayerTick
                0x000021b8       0x5c C:\Program Files (x86)\Cypress\PSoC Creator\3.3\PSoC Creator\psoc\content\cycomponentlibrary\CyComponentLibrary.cylib\BLE_v2_0\Library\gccCyBLEStack_BLE_SOC_PERIPHERAL.a(CyBleStackMgr_PSoCHal.o)
                0x000021b8                CyBleStackMgr_HandleLinkLayerTick

i.CyBleStackMgr_HciPortInit
                0x00002214        0xc
 i.CyBleStackMgr_HciPortInit
                0x00002214        0xc C:\Program Files (x86)\Cypress\PSoC Creator\3.3\PSoC Creator\psoc\content\cycomponentlibrary\CyComponentLibrary.cylib\BLE_v2_0\Library\gccCyBLEStack_BLE_SOC_PERIPHERAL.a(CyBleStackMgr_PSoCHal.o)
                0x00002214                CyBleStackMgr_HciPortInit

i.CyBleStackMgr_HciPortReset
                0x00002220        0x2
 i.CyBleStackMgr_HciPortReset
                0x00002220        0x2 C:\Program Files (x86)\Cypress\PSoC Creator\3.3\PSoC Creator\psoc\content\cycomponentlibrary\CyComponentLibrary.cylib\BLE_v2_0\Library\gccCyBLEStack_BLE_SOC_PERIPHERAL.a(CyBleStackMgr_PSoCHal.o)
                0x00002220                CyBleStackMgr_HciPortReset

i.CyBleStackMgr_HciPortWrite
                0x00002222        0x8
 i.CyBleStackMgr_HciPortWrite
                0x00002222        0x8 C:\Program Files (x86)\Cypress\PSoC Creator\3.3\PSoC Creator\psoc\content\cycomponentlibrary\CyComponentLibrary.cylib\BLE_v2_0\Library\gccCyBLEStack_BLE_SOC_PERIPHERAL.a(CyBleStackMgr_PSoCHal.o)
                0x00002222                CyBleStackMgr_HciPortWrite

i.CyBleStackMgr_ResetLinkLayerTimerEntity
                0x0000222c       0x14
 i.CyBleStackMgr_ResetLinkLayerTimerEntity
                0x0000222c       0x14 C:\Program Files (x86)\Cypress\PSoC Creator\3.3\PSoC Creator\psoc\content\cycomponentlibrary\CyComponentLibrary.cylib\BLE_v2_0\Library\gccCyBLEStack_BLE_SOC_PERIPHERAL.a(CyBleStackMgr_PSoCHal.o)
                0x0000222c                CyBleStackMgr_ResetLinkLayerTimerEntity

i.CyBleStackMgr_TimerStart
                0x00002240       0x2c
 i.CyBleStackMgr_TimerStart
                0x00002240       0x2c C:\Program Files (x86)\Cypress\PSoC Creator\3.3\PSoC Creator\psoc\content\cycomponentlibrary\CyComponentLibrary.cylib\BLE_v2_0\Library\gccCyBLEStack_BLE_SOC_PERIPHERAL.a(CyBleStackMgr_PSoCHal.o)
                0x00002240                CyBleStackMgr_TimerStart

i.CyBleStackMgr_TimerStop
                0x0000226c       0x18
 i.CyBleStackMgr_TimerStop
                0x0000226c       0x18 C:\Program Files (x86)\Cypress\PSoC Creator\3.3\PSoC Creator\psoc\content\cycomponentlibrary\CyComponentLibrary.cylib\BLE_v2_0\Library\gccCyBLEStack_BLE_SOC_PERIPHERAL.a(CyBleStackMgr_PSoCHal.o)
                0x0000226c                CyBleStackMgr_TimerStop

i.CyBleStackMgr_isTimerRunning
                0x00002284       0x10
 i.CyBleStackMgr_isTimerRunning
                0x00002284       0x10 C:\Program Files (x86)\Cypress\PSoC Creator\3.3\PSoC Creator\psoc\content\cycomponentlibrary\CyComponentLibrary.cylib\BLE_v2_0\Library\gccCyBLEStack_BLE_SOC_PERIPHERAL.a(CyBleStackMgr_PSoCHal.o)
                0x00002284                CyBleStackMgr_isTimerRunning

i.CyBleAtlantisRadioInit
                0x00002294      0x150
 i.CyBleAtlantisRadioInit
                0x00002294      0x150 C:\Program Files (x86)\Cypress\PSoC Creator\3.3\PSoC Creator\psoc\content\cycomponentlibrary\CyComponentLibrary.cylib\BLE_v2_0\Library\gccCyBLEStack_BLE_SOC_PERIPHERAL.a(CyBleStackMgr_BleSSDriver.o)

i.CyBleStackMgr_BleSSFifoRead
                0x000023e4       0x38
 i.CyBleStackMgr_BleSSFifoRead
                0x000023e4       0x38 C:\Program Files (x86)\Cypress\PSoC Creator\3.3\PSoC Creator\psoc\content\cycomponentlibrary\CyComponentLibrary.cylib\BLE_v2_0\Library\gccCyBLEStack_BLE_SOC_PERIPHERAL.a(CyBleStackMgr_BleSSDriver.o)
                0x000023e4                CyBleStackMgr_BleSSFifoRead

i.CyBleStackMgr_BleSSFifoWrite
                0x0000241c       0x30
 i.CyBleStackMgr_BleSSFifoWrite
                0x0000241c       0x30 C:\Program Files (x86)\Cypress\PSoC Creator\3.3\PSoC Creator\psoc\content\cycomponentlibrary\CyComponentLibrary.cylib\BLE_v2_0\Library\gccCyBLEStack_BLE_SOC_PERIPHERAL.a(CyBleStackMgr_BleSSDriver.o)
                0x0000241c                CyBleStackMgr_BleSSFifoWrite

i.CyBleStackMgr_BleSSInit
                0x0000244c       0x50
 i.CyBleStackMgr_BleSSInit
                0x0000244c       0x50 C:\Program Files (x86)\Cypress\PSoC Creator\3.3\PSoC Creator\psoc\content\cycomponentlibrary\CyComponentLibrary.cylib\BLE_v2_0\Library\gccCyBLEStack_BLE_SOC_PERIPHERAL.a(CyBleStackMgr_BleSSDriver.o)
                0x0000244c                CyBleStackMgr_BleSSInit

i.CyBleStackMgr_BleSSMemRead
                0x0000249c       0x26
 i.CyBleStackMgr_BleSSMemRead
                0x0000249c       0x26 C:\Program Files (x86)\Cypress\PSoC Creator\3.3\PSoC Creator\psoc\content\cycomponentlibrary\CyComponentLibrary.cylib\BLE_v2_0\Library\gccCyBLEStack_BLE_SOC_PERIPHERAL.a(CyBleStackMgr_BleSSDriver.o)
                0x0000249c                CyBleStackMgr_BleSSMemRead

i.CyBleStackMgr_BleSSMemWrite
                0x000024c4       0x34
 i.CyBleStackMgr_BleSSMemWrite
                0x000024c4       0x34 C:\Program Files (x86)\Cypress\PSoC Creator\3.3\PSoC Creator\psoc\content\cycomponentlibrary\CyComponentLibrary.cylib\BLE_v2_0\Library\gccCyBLEStack_BLE_SOC_PERIPHERAL.a(CyBleStackMgr_BleSSDriver.o)
                0x000024c4                CyBleStackMgr_BleSSMemWrite

i.CyBleStackMgr_BleSSRegRead
                0x000024f8        0xc
 i.CyBleStackMgr_BleSSRegRead
                0x000024f8        0xc C:\Program Files (x86)\Cypress\PSoC Creator\3.3\PSoC Creator\psoc\content\cycomponentlibrary\CyComponentLibrary.cylib\BLE_v2_0\Library\gccCyBLEStack_BLE_SOC_PERIPHERAL.a(CyBleStackMgr_BleSSDriver.o)
                0x000024f8                CyBleStackMgr_BleSSRegRead

i.CyBleStackMgr_BleSSRegWrite
                0x00002504        0xc
 i.CyBleStackMgr_BleSSRegWrite
                0x00002504        0xc C:\Program Files (x86)\Cypress\PSoC Creator\3.3\PSoC Creator\psoc\content\cycomponentlibrary\CyComponentLibrary.cylib\BLE_v2_0\Library\gccCyBLEStack_BLE_SOC_PERIPHERAL.a(CyBleStackMgr_BleSSDriver.o)
                0x00002504                CyBleStackMgr_BleSSRegWrite

i.CyBleStackMgr_BleSSReset
                0x00002510       0x38
 i.CyBleStackMgr_BleSSReset
                0x00002510       0x38 C:\Program Files (x86)\Cypress\PSoC Creator\3.3\PSoC Creator\psoc\content\cycomponentlibrary\CyComponentLibrary.cylib\BLE_v2_0\Library\gccCyBLEStack_BLE_SOC_PERIPHERAL.a(CyBleStackMgr_BleSSDriver.o)
                0x00002510                CyBleStackMgr_BleSSReset

i.CyBleStackMgr_GenericIface
                0x00002548       0x3c
 i.CyBleStackMgr_GenericIface
                0x00002548       0x3c C:\Program Files (x86)\Cypress\PSoC Creator\3.3\PSoC Creator\psoc\content\cycomponentlibrary\CyComponentLibrary.cylib\BLE_v2_0\Library\gccCyBLEStack_BLE_SOC_PERIPHERAL.a(CyBleStackMgr_BleSSDriver.o)
                0x00002548                CyBleStackMgr_GenericIface

i.CyBleStackMgr_HandleBleSSIntr
                0x00002584       0x90
 i.CyBleStackMgr_HandleBleSSIntr
                0x00002584       0x90 C:\Program Files (x86)\Cypress\PSoC Creator\3.3\PSoC Creator\psoc\content\cycomponentlibrary\CyComponentLibrary.cylib\BLE_v2_0\Library\gccCyBLEStack_BLE_SOC_PERIPHERAL.a(CyBleStackMgr_BleSSDriver.o)
                0x00002584                CyBleStackMgr_HandleBleSSIntr

i.CyBleStackMgr_SetClockParam
                0x00002614       0xb4
 i.CyBleStackMgr_SetClockParam
                0x00002614       0xb4 C:\Program Files (x86)\Cypress\PSoC Creator\3.3\PSoC Creator\psoc\content\cycomponentlibrary\CyComponentLibrary.cylib\BLE_v2_0\Library\gccCyBLEStack_BLE_SOC_PERIPHERAL.a(CyBleStackMgr_BleSSDriver.o)

i.CyBle_ExitDsmMode
                0x000026c8       0x2c
 i.CyBle_ExitDsmMode
                0x000026c8       0x2c C:\Program Files (x86)\Cypress\PSoC Creator\3.3\PSoC Creator\psoc\content\cycomponentlibrary\CyComponentLibrary.cylib\BLE_v2_0\Library\gccCyBLEStack_BLE_SOC_PERIPHERAL.a(CyBleStackMgr_BleSSDriver.o)
                0x000026c8                CyBle_ExitDsmMode

i.CyBle_GetBleSsOperationalMode
                0x000026f4        0xc
 i.CyBle_GetBleSsOperationalMode
                0x000026f4        0xc C:\Program Files (x86)\Cypress\PSoC Creator\3.3\PSoC Creator\psoc\content\cycomponentlibrary\CyComponentLibrary.cylib\BLE_v2_0\Library\gccCyBLEStack_BLE_SOC_PERIPHERAL.a(CyBleStackMgr_BleSSDriver.o)
                0x000026f4                CyBle_GetBleSsOperationalMode

i.CyBle_GetLpMode
                0x00002700       0x26
 i.CyBle_GetLpMode
                0x00002700       0x26 C:\Program Files (x86)\Cypress\PSoC Creator\3.3\PSoC Creator\psoc\content\cycomponentlibrary\CyComponentLibrary.cylib\BLE_v2_0\Library\gccCyBLEStack_BLE_SOC_PERIPHERAL.a(CyBleStackMgr_BleSSDriver.o)
                0x00002700                CyBle_GetLpMode

i.CyBle_GetTxGainMode
                0x00002728       0x2c
 i.CyBle_GetTxGainMode
                0x00002728       0x2c C:\Program Files (x86)\Cypress\PSoC Creator\3.3\PSoC Creator\psoc\content\cycomponentlibrary\CyComponentLibrary.cylib\BLE_v2_0\Library\gccCyBLEStack_BLE_SOC_PERIPHERAL.a(CyBleStackMgr_BleSSDriver.o)
                0x00002728                CyBle_GetTxGainMode

i.CyBle_SetBleSsOperationalMode
                0x00002754       0x20
 i.CyBle_SetBleSsOperationalMode
                0x00002754       0x20 C:\Program Files (x86)\Cypress\PSoC Creator\3.3\PSoC Creator\psoc\content\cycomponentlibrary\CyComponentLibrary.cylib\BLE_v2_0\Library\gccCyBLEStack_BLE_SOC_PERIPHERAL.a(CyBleStackMgr_BleSSDriver.o)
                0x00002754                CyBle_SetBleSsOperationalMode

i.CyBle_SetEventCloseState
                0x00002774        0xc
 i.CyBle_SetEventCloseState
                0x00002774        0xc C:\Program Files (x86)\Cypress\PSoC Creator\3.3\PSoC Creator\psoc\content\cycomponentlibrary\CyComponentLibrary.cylib\BLE_v2_0\Library\gccCyBLEStack_BLE_SOC_PERIPHERAL.a(CyBleStackMgr_BleSSDriver.o)
                0x00002774                CyBle_SetEventCloseState

i.CyBle_SetRxGainMode
                0x00002780       0x20
 i.CyBle_SetRxGainMode
                0x00002780       0x20 C:\Program Files (x86)\Cypress\PSoC Creator\3.3\PSoC Creator\psoc\content\cycomponentlibrary\CyComponentLibrary.cylib\BLE_v2_0\Library\gccCyBLEStack_BLE_SOC_PERIPHERAL.a(CyBleStackMgr_BleSSDriver.o)
                0x00002780                CyBle_SetRxGainMode

i.CyBle_SetTxGainMode
                0x000027a0       0x38
 i.CyBle_SetTxGainMode
                0x000027a0       0x38 C:\Program Files (x86)\Cypress\PSoC Creator\3.3\PSoC Creator\psoc\content\cycomponentlibrary\CyComponentLibrary.cylib\BLE_v2_0\Library\gccCyBLEStack_BLE_SOC_PERIPHERAL.a(CyBleStackMgr_BleSSDriver.o)
                0x000027a0                CyBle_SetTxGainMode

i.pf_rf_get_abs_rssi
                0x000027d8       0x24
 i.pf_rf_get_abs_rssi
                0x000027d8       0x24 C:\Program Files (x86)\Cypress\PSoC Creator\3.3\PSoC Creator\psoc\content\cycomponentlibrary\CyComponentLibrary.cylib\BLE_v2_0\Library\gccCyBLEStack_BLE_SOC_PERIPHERAL.a(CyBleStackMgr_BleSSDriver.o)
                0x000027d8                pf_rf_get_abs_rssi

i.OS_init       0x000027fc       0x64
 i.OS_init      0x000027fc       0x64 C:\Program Files (x86)\Cypress\PSoC Creator\3.3\PSoC Creator\psoc\content\cycomponentlibrary\CyComponentLibrary.cylib\BLE_v2_0\Library\gccCyBLEStack_BLE_SOC_PERIPHERAL.a(mint_os.o)
                0x000027fc                OS_init

i.mintos_malloc
                0x00002860       0x34
 i.mintos_malloc
                0x00002860       0x34 C:\Program Files (x86)\Cypress\PSoC Creator\3.3\PSoC Creator\psoc\content\cycomponentlibrary\CyComponentLibrary.cylib\BLE_v2_0\Library\gccCyBLEStack_BLE_SOC_PERIPHERAL.a(mint_os.o)
                0x00002860                mintos_malloc

i.OS_create_queue
                0x00002894       0x64
 i.OS_create_queue
                0x00002894       0x64 C:\Program Files (x86)\Cypress\PSoC Creator\3.3\PSoC Creator\psoc\content\cycomponentlibrary\CyComponentLibrary.cylib\BLE_v2_0\Library\gccCyBLEStack_BLE_SOC_PERIPHERAL.a(mint_os_queue.o)
                0x00002894                OS_create_queue

i.OS_enqueue_item
                0x000028f8       0x8c
 i.OS_enqueue_item
                0x000028f8       0x8c C:\Program Files (x86)\Cypress\PSoC Creator\3.3\PSoC Creator\psoc\content\cycomponentlibrary\CyComponentLibrary.cylib\BLE_v2_0\Library\gccCyBLEStack_BLE_SOC_PERIPHERAL.a(mint_os_queue.o)
                0x000028f8                OS_enqueue_item

i.OS_queue_get_num_of_items
                0x00002984       0x28
 i.OS_queue_get_num_of_items
                0x00002984       0x28 C:\Program Files (x86)\Cypress\PSoC Creator\3.3\PSoC Creator\psoc\content\cycomponentlibrary\CyComponentLibrary.cylib\BLE_v2_0\Library\gccCyBLEStack_BLE_SOC_PERIPHERAL.a(mint_os_queue.o)
                0x00002984                OS_queue_get_num_of_items

i.OS_queue_mgmt_init
                0x000029ac       0x40
 i.OS_queue_mgmt_init
                0x000029ac       0x40 C:\Program Files (x86)\Cypress\PSoC Creator\3.3\PSoC Creator\psoc\content\cycomponentlibrary\CyComponentLibrary.cylib\BLE_v2_0\Library\gccCyBLEStack_BLE_SOC_PERIPHERAL.a(mint_os_queue.o)
                0x000029ac                OS_queue_mgmt_init

i.OS_remove_item
                0x000029ec       0xa0
 i.OS_remove_item
                0x000029ec       0xa0 C:\Program Files (x86)\Cypress\PSoC Creator\3.3\PSoC Creator\psoc\content\cycomponentlibrary\CyComponentLibrary.cylib\BLE_v2_0\Library\gccCyBLEStack_BLE_SOC_PERIPHERAL.a(mint_os_queue.o)
                0x000029ec                OS_remove_item

i.OS_create_task
                0x00002a8c       0x88
 i.OS_create_task
                0x00002a8c       0x88 C:\Program Files (x86)\Cypress\PSoC Creator\3.3\PSoC Creator\psoc\content\cycomponentlibrary\CyComponentLibrary.cylib\BLE_v2_0\Library\gccCyBLEStack_BLE_SOC_PERIPHERAL.a(mint_os_task.o)
                0x00002a8c                OS_create_task

i.OS_isr_send_signal_to_task
                0x00002b14        0xc
 i.OS_isr_send_signal_to_task
                0x00002b14        0xc C:\Program Files (x86)\Cypress\PSoC Creator\3.3\PSoC Creator\psoc\content\cycomponentlibrary\CyComponentLibrary.cylib\BLE_v2_0\Library\gccCyBLEStack_BLE_SOC_PERIPHERAL.a(mint_os_task.o)
                0x00002b14                OS_isr_send_signal_to_task

i.OS_scheduler  0x00002b20       0x64
 i.OS_scheduler
                0x00002b20       0x64 C:\Program Files (x86)\Cypress\PSoC Creator\3.3\PSoC Creator\psoc\content\cycomponentlibrary\CyComponentLibrary.cylib\BLE_v2_0\Library\gccCyBLEStack_BLE_SOC_PERIPHERAL.a(mint_os_task.o)
                0x00002b20                OS_scheduler

i.OS_send_signal_to_task
                0x00002b84        0xc
 i.OS_send_signal_to_task
                0x00002b84        0xc C:\Program Files (x86)\Cypress\PSoC Creator\3.3\PSoC Creator\psoc\content\cycomponentlibrary\CyComponentLibrary.cylib\BLE_v2_0\Library\gccCyBLEStack_BLE_SOC_PERIPHERAL.a(mint_os_task.o)
                0x00002b84                OS_send_signal_to_task

i.OS_send_signal_to_task_context
                0x00002b90       0x3c
 i.OS_send_signal_to_task_context
                0x00002b90       0x3c C:\Program Files (x86)\Cypress\PSoC Creator\3.3\PSoC Creator\psoc\content\cycomponentlibrary\CyComponentLibrary.cylib\BLE_v2_0\Library\gccCyBLEStack_BLE_SOC_PERIPHERAL.a(mint_os_task.o)

i.OS_task_mgmt_init
                0x00002bcc       0x50
 i.OS_task_mgmt_init
                0x00002bcc       0x50 C:\Program Files (x86)\Cypress\PSoC Creator\3.3\PSoC Creator\psoc\content\cycomponentlibrary\CyComponentLibrary.cylib\BLE_v2_0\Library\gccCyBLEStack_BLE_SOC_PERIPHERAL.a(mint_os_task.o)
                0x00002bcc                OS_task_mgmt_init

i.mint_buf_mgmt_allocate_buffer
                0x00002c1c       0x4c
 i.mint_buf_mgmt_allocate_buffer
                0x00002c1c       0x4c C:\Program Files (x86)\Cypress\PSoC Creator\3.3\PSoC Creator\psoc\content\cycomponentlibrary\CyComponentLibrary.cylib\BLE_v2_0\Library\gccCyBLEStack_BLE_SOC_PERIPHERAL.a(mint_buf_mgmt.o)
                0x00002c1c                mint_buf_mgmt_allocate_buffer

i.mint_buf_mgmt_create_pool
                0x00002c68       0xd0
 i.mint_buf_mgmt_create_pool
                0x00002c68       0xd0 C:\Program Files (x86)\Cypress\PSoC Creator\3.3\PSoC Creator\psoc\content\cycomponentlibrary\CyComponentLibrary.cylib\BLE_v2_0\Library\gccCyBLEStack_BLE_SOC_PERIPHERAL.a(mint_buf_mgmt.o)
                0x00002c68                mint_buf_mgmt_create_pool

i.mint_buf_mgmt_free_buffer
                0x00002d38       0xa4
 i.mint_buf_mgmt_free_buffer
                0x00002d38       0xa4 C:\Program Files (x86)\Cypress\PSoC Creator\3.3\PSoC Creator\psoc\content\cycomponentlibrary\CyComponentLibrary.cylib\BLE_v2_0\Library\gccCyBLEStack_BLE_SOC_PERIPHERAL.a(mint_buf_mgmt.o)
                0x00002d38                mint_buf_mgmt_free_buffer

i.mint_buf_mgmt_init
                0x00002ddc       0x44
 i.mint_buf_mgmt_init
                0x00002ddc       0x44 C:\Program Files (x86)\Cypress\PSoC Creator\3.3\PSoC Creator\psoc\content\cycomponentlibrary\CyComponentLibrary.cylib\BLE_v2_0\Library\gccCyBLEStack_BLE_SOC_PERIPHERAL.a(mint_buf_mgmt.o)
                0x00002ddc                mint_buf_mgmt_init

i.mint_buf_mgmt_malloc
                0x00002e20       0x2c
 i.mint_buf_mgmt_malloc
                0x00002e20       0x2c C:\Program Files (x86)\Cypress\PSoC Creator\3.3\PSoC Creator\psoc\content\cycomponentlibrary\CyComponentLibrary.cylib\BLE_v2_0\Library\gccCyBLEStack_BLE_SOC_PERIPHERAL.a(mint_buf_mgmt.o)
                0x00002e20                mint_buf_mgmt_malloc

i.mint_buf_mgmt_pl_init
                0x00002e4c       0x40
 i.mint_buf_mgmt_pl_init
                0x00002e4c       0x40 C:\Program Files (x86)\Cypress\PSoC Creator\3.3\PSoC Creator\psoc\content\cycomponentlibrary\CyComponentLibrary.cylib\BLE_v2_0\Library\gccCyBLEStack_BLE_SOC_PERIPHERAL.a(mint_buf_mgmt.o)
                0x00002e4c                mint_buf_mgmt_pl_init

i.mint_buf_mgmt_reset_pool
                0x00002e8c       0x70
 i.mint_buf_mgmt_reset_pool
                0x00002e8c       0x70 C:\Program Files (x86)\Cypress\PSoC Creator\3.3\PSoC Creator\psoc\content\cycomponentlibrary\CyComponentLibrary.cylib\BLE_v2_0\Library\gccCyBLEStack_BLE_SOC_PERIPHERAL.a(mint_buf_mgmt.o)
                0x00002e8c                mint_buf_mgmt_reset_pool

i.mint_buf_mgmt_stack_init
                0x00002efc       0x24
 i.mint_buf_mgmt_stack_init
                0x00002efc       0x24 C:\Program Files (x86)\Cypress\PSoC Creator\3.3\PSoC Creator\psoc\content\cycomponentlibrary\CyComponentLibrary.cylib\BLE_v2_0\Library\gccCyBLEStack_BLE_SOC_PERIPHERAL.a(mint_buf_mgmt.o)
                0x00002efc                mint_buf_mgmt_stack_init

i.mint_buf_mgmt_stack_pop
                0x00002f20       0x36
 i.mint_buf_mgmt_stack_pop
                0x00002f20       0x36 C:\Program Files (x86)\Cypress\PSoC Creator\3.3\PSoC Creator\psoc\content\cycomponentlibrary\CyComponentLibrary.cylib\BLE_v2_0\Library\gccCyBLEStack_BLE_SOC_PERIPHERAL.a(mint_buf_mgmt.o)
                0x00002f20                mint_buf_mgmt_stack_pop

i.mint_buf_mgmt_stack_push
                0x00002f56       0x36
 i.mint_buf_mgmt_stack_push
                0x00002f56       0x36 C:\Program Files (x86)\Cypress\PSoC Creator\3.3\PSoC Creator\psoc\content\cycomponentlibrary\CyComponentLibrary.cylib\BLE_v2_0\Library\gccCyBLEStack_BLE_SOC_PERIPHERAL.a(mint_buf_mgmt.o)
                0x00002f56                mint_buf_mgmt_stack_push

i.mint_buf_mgmt_stack_reset
                0x00002f8c       0x1e
 i.mint_buf_mgmt_stack_reset
                0x00002f8c       0x1e C:\Program Files (x86)\Cypress\PSoC Creator\3.3\PSoC Creator\psoc\content\cycomponentlibrary\CyComponentLibrary.cylib\BLE_v2_0\Library\gccCyBLEStack_BLE_SOC_PERIPHERAL.a(mint_buf_mgmt.o)
                0x00002f8c                mint_buf_mgmt_stack_reset

i.mint_buf_mgmt_stack_search_item
                0x00002faa       0x30
 i.mint_buf_mgmt_stack_search_item
                0x00002faa       0x30 C:\Program Files (x86)\Cypress\PSoC Creator\3.3\PSoC Creator\psoc\content\cycomponentlibrary\CyComponentLibrary.cylib\BLE_v2_0\Library\gccCyBLEStack_BLE_SOC_PERIPHERAL.a(mint_buf_mgmt.o)
                0x00002faa                mint_buf_mgmt_stack_search_item

i.CyBleControllerIP_GetPingState
                0x00002fdc        0xc
 i.CyBleControllerIP_GetPingState
                0x00002fdc        0xc C:\Program Files (x86)\Cypress\PSoC Creator\3.3\PSoC Creator\psoc\content\cycomponentlibrary\CyComponentLibrary.cylib\BLE_v2_0\Library\gccCyBLEStack_BLE_SOC_PERIPHERAL.a(CyBleControllerIP_Interface.o)
                0x00002fdc                CyBleControllerIP_GetPingState

i.CyBleController_AddDeviceToWhiteList
                0x00002fe8       0x40
 i.CyBleController_AddDeviceToWhiteList
                0x00002fe8       0x40 C:\Program Files (x86)\Cypress\PSoC Creator\3.3\PSoC Creator\psoc\content\cycomponentlibrary\CyComponentLibrary.cylib\BLE_v2_0\Library\gccCyBLEStack_BLE_SOC_PERIPHERAL.a(CyBleControllerIP_Interface.o)
                0x00002fe8                CyBleController_AddDeviceToWhiteList

i.CyBleController_ExitLowPowerMode
                0x00003028       0x10
 i.CyBleController_ExitLowPowerMode
                0x00003028       0x10 C:\Program Files (x86)\Cypress\PSoC Creator\3.3\PSoC Creator\psoc\content\cycomponentlibrary\CyComponentLibrary.cylib\BLE_v2_0\Library\gccCyBLEStack_BLE_SOC_PERIPHERAL.a(CyBleControllerIP_Interface.o)
                0x00003028                CyBleController_ExitLowPowerMode

i.CyBleController_Init
                0x00003038       0x32
 i.CyBleController_Init
                0x00003038       0x32 C:\Program Files (x86)\Cypress\PSoC Creator\3.3\PSoC Creator\psoc\content\cycomponentlibrary\CyComponentLibrary.cylib\BLE_v2_0\Library\gccCyBLEStack_BLE_SOC_PERIPHERAL.a(CyBleControllerIP_Interface.o)
                0x00003038                CyBleController_Init

i.CyBleController_SetDeviceAddress
                0x0000306a       0x2e
 i.CyBleController_SetDeviceAddress
                0x0000306a       0x2e C:\Program Files (x86)\Cypress\PSoC Creator\3.3\PSoC Creator\psoc\content\cycomponentlibrary\CyComponentLibrary.cylib\BLE_v2_0\Library\gccCyBLEStack_BLE_SOC_PERIPHERAL.a(CyBleControllerIP_Interface.o)
                0x0000306a                CyBleController_SetDeviceAddress

i.CyBle_GapUpdateAdvData
                0x00003098       0x94
 i.CyBle_GapUpdateAdvData
                0x00003098       0x94 C:\Program Files (x86)\Cypress\PSoC Creator\3.3\PSoC Creator\psoc\content\cycomponentlibrary\CyComponentLibrary.cylib\BLE_v2_0\Library\gccCyBLEStack_BLE_SOC_PERIPHERAL.a(CyBleControllerIP_Interface.o)
                0x00003098                CyBle_GapUpdateAdvData

i.CyBle_GetTxPowerLevel
                0x0000312c       0x4e
 i.CyBle_GetTxPowerLevel
                0x0000312c       0x4e C:\Program Files (x86)\Cypress\PSoC Creator\3.3\PSoC Creator\psoc\content\cycomponentlibrary\CyComponentLibrary.cylib\BLE_v2_0\Library\gccCyBLEStack_BLE_SOC_PERIPHERAL.a(CyBleControllerIP_Interface.o)
                0x0000312c                CyBle_GetTxPowerLevel

i.CyBle_SetTxPowerLevel
                0x0000317a       0x56
 i.CyBle_SetTxPowerLevel
                0x0000317a       0x56 C:\Program Files (x86)\Cypress\PSoC Creator\3.3\PSoC Creator\psoc\content\cycomponentlibrary\CyComponentLibrary.cylib\BLE_v2_0\Library\gccCyBLEStack_BLE_SOC_PERIPHERAL.a(CyBleControllerIP_Interface.o)
                0x0000317a                CyBle_SetTxPowerLevel

i.ll_check_and_mark_packet_ready_for_transmission
                0x000031d0       0x28
 i.ll_check_and_mark_packet_ready_for_transmission
                0x000031d0       0x28 C:\Program Files (x86)\Cypress\PSoC Creator\3.3\PSoC Creator\psoc\content\cycomponentlibrary\CyComponentLibrary.cylib\BLE_v2_0\Library\gccCyBLEStack_BLE_SOC_PERIPHERAL.a(ll.o)
                0x000031d0                ll_check_and_mark_packet_ready_for_transmission

i.ll_cleanup_pending_data_pdu
                0x000031f8       0x38
 i.ll_cleanup_pending_data_pdu
                0x000031f8       0x38 C:\Program Files (x86)\Cypress\PSoC Creator\3.3\PSoC Creator\psoc\content\cycomponentlibrary\CyComponentLibrary.cylib\BLE_v2_0\Library\gccCyBLEStack_BLE_SOC_PERIPHERAL.a(ll.o)
                0x000031f8                ll_cleanup_pending_data_pdu

i.ll_exit_low_power_mode
                0x00003230       0xac
 i.ll_exit_low_power_mode
                0x00003230       0xac C:\Program Files (x86)\Cypress\PSoC Creator\3.3\PSoC Creator\psoc\content\cycomponentlibrary\CyComponentLibrary.cylib\BLE_v2_0\Library\gccCyBLEStack_BLE_SOC_PERIPHERAL.a(ll.o)
                0x00003230                ll_exit_low_power_mode

i.ll_get_ack_status
                0x000032dc       0x3c
 i.ll_get_ack_status
                0x000032dc       0x3c C:\Program Files (x86)\Cypress\PSoC Creator\3.3\PSoC Creator\psoc\content\cycomponentlibrary\CyComponentLibrary.cylib\BLE_v2_0\Library\gccCyBLEStack_BLE_SOC_PERIPHERAL.a(ll.o)
                0x000032dc                ll_get_ack_status

i.ll_get_adv_ch_tx_power
                0x00003318       0x20
 i.ll_get_adv_ch_tx_power
                0x00003318       0x20 C:\Program Files (x86)\Cypress\PSoC Creator\3.3\PSoC Creator\psoc\content\cycomponentlibrary\CyComponentLibrary.cylib\BLE_v2_0\Library\gccCyBLEStack_BLE_SOC_PERIPHERAL.a(ll.o)
                0x00003318                ll_get_adv_ch_tx_power

i.ll_get_data_channel_map
                0x00003338       0x24
 i.ll_get_data_channel_map
                0x00003338       0x24 C:\Program Files (x86)\Cypress\PSoC Creator\3.3\PSoC Creator\psoc\content\cycomponentlibrary\CyComponentLibrary.cylib\BLE_v2_0\Library\gccCyBLEStack_BLE_SOC_PERIPHERAL.a(ll.o)
                0x00003338                ll_get_data_channel_map

i.ll_get_max_white_list_size
                0x0000335c        0xc
 i.ll_get_max_white_list_size
                0x0000335c        0xc C:\Program Files (x86)\Cypress\PSoC Creator\3.3\PSoC Creator\psoc\content\cycomponentlibrary\CyComponentLibrary.cylib\BLE_v2_0\Library\gccCyBLEStack_BLE_SOC_PERIPHERAL.a(ll.o)
                0x0000335c                ll_get_max_white_list_size

i.ll_get_my_role
                0x00003368        0xc
 i.ll_get_my_role
                0x00003368        0xc C:\Program Files (x86)\Cypress\PSoC Creator\3.3\PSoC Creator\psoc\content\cycomponentlibrary\CyComponentLibrary.cylib\BLE_v2_0\Library\gccCyBLEStack_BLE_SOC_PERIPHERAL.a(ll.o)
                0x00003368                ll_get_my_role

i.ll_get_next_available_fifo_for_data_pdu
                0x00003374        0x8
 i.ll_get_next_available_fifo_for_data_pdu
                0x00003374        0x8 C:\Program Files (x86)\Cypress\PSoC Creator\3.3\PSoC Creator\psoc\content\cycomponentlibrary\CyComponentLibrary.cylib\BLE_v2_0\Library\gccCyBLEStack_BLE_SOC_PERIPHERAL.a(ll.o)
                0x00003374                ll_get_next_available_fifo_for_data_pdu

i.ll_get_next_available_fifo_for_ll_pdu
                0x0000337c       0x24
 i.ll_get_next_available_fifo_for_ll_pdu
                0x0000337c       0x24 C:\Program Files (x86)\Cypress\PSoC Creator\3.3\PSoC Creator\psoc\content\cycomponentlibrary\CyComponentLibrary.cylib\BLE_v2_0\Library\gccCyBLEStack_BLE_SOC_PERIPHERAL.a(ll.o)
                0x0000337c                ll_get_next_available_fifo_for_ll_pdu

i.ll_get_rssi_value
                0x000033a0       0x26
 i.ll_get_rssi_value
                0x000033a0       0x26 C:\Program Files (x86)\Cypress\PSoC Creator\3.3\PSoC Creator\psoc\content\cycomponentlibrary\CyComponentLibrary.cylib\BLE_v2_0\Library\gccCyBLEStack_BLE_SOC_PERIPHERAL.a(ll.o)
                0x000033a0                ll_get_rssi_value

i.ll_get_transmit_power_level
                0x000033c8       0x2c
 i.ll_get_transmit_power_level
                0x000033c8       0x2c C:\Program Files (x86)\Cypress\PSoC Creator\3.3\PSoC Creator\psoc\content\cycomponentlibrary\CyComponentLibrary.cylib\BLE_v2_0\Library\gccCyBLEStack_BLE_SOC_PERIPHERAL.a(ll.o)
                0x000033c8                ll_get_transmit_power_level

i.ll_handle_ack_received
                0x000033f4       0x74
 i.ll_handle_ack_received
                0x000033f4       0x74 C:\Program Files (x86)\Cypress\PSoC Creator\3.3\PSoC Creator\psoc\content\cycomponentlibrary\CyComponentLibrary.cylib\BLE_v2_0\Library\gccCyBLEStack_BLE_SOC_PERIPHERAL.a(ll.o)
                0x000033f4                ll_handle_ack_received

i.ll_handle_add_device_in_whitelist
                0x00003468       0x3a
 i.ll_handle_add_device_in_whitelist
                0x00003468       0x3a C:\Program Files (x86)\Cypress\PSoC Creator\3.3\PSoC Creator\psoc\content\cycomponentlibrary\CyComponentLibrary.cylib\BLE_v2_0\Library\gccCyBLEStack_BLE_SOC_PERIPHERAL.a(ll.o)
                0x00003468                ll_handle_add_device_in_whitelist

i.ll_handle_clear_whitelist
                0x000034a2       0x16
 i.ll_handle_clear_whitelist
                0x000034a2       0x16 C:\Program Files (x86)\Cypress\PSoC Creator\3.3\PSoC Creator\psoc\content\cycomponentlibrary\CyComponentLibrary.cylib\BLE_v2_0\Library\gccCyBLEStack_BLE_SOC_PERIPHERAL.a(ll.o)
                0x000034a2                ll_handle_clear_whitelist

i.ll_handle_encrypt_host_data
                0x000034b8       0x36
 i.ll_handle_encrypt_host_data
                0x000034b8       0x36 C:\Program Files (x86)\Cypress\PSoC Creator\3.3\PSoC Creator\psoc\content\cycomponentlibrary\CyComponentLibrary.cylib\BLE_v2_0\Library\gccCyBLEStack_BLE_SOC_PERIPHERAL.a(ll.o)
                0x000034b8                ll_handle_encrypt_host_data

i.ll_handle_host_data_packet
                0x000034ee       0x54
 i.ll_handle_host_data_packet
                0x000034ee       0x54 C:\Program Files (x86)\Cypress\PSoC Creator\3.3\PSoC Creator\psoc\content\cycomponentlibrary\CyComponentLibrary.cylib\BLE_v2_0\Library\gccCyBLEStack_BLE_SOC_PERIPHERAL.a(ll.o)
                0x000034ee                ll_handle_host_data_packet

i.ll_handle_read_host_channel_map
                0x00003542        0x4
 i.ll_handle_read_host_channel_map
                0x00003542        0x4 C:\Program Files (x86)\Cypress\PSoC Creator\3.3\PSoC Creator\psoc\content\cycomponentlibrary\CyComponentLibrary.cylib\BLE_v2_0\Library\gccCyBLEStack_BLE_SOC_PERIPHERAL.a(ll.o)
                0x00003542                ll_handle_read_host_channel_map

i.ll_handle_remove_device_in_whitelist
                0x00003546       0x2a
 i.ll_handle_remove_device_in_whitelist
                0x00003546       0x2a C:\Program Files (x86)\Cypress\PSoC Creator\3.3\PSoC Creator\psoc\content\cycomponentlibrary\CyComponentLibrary.cylib\BLE_v2_0\Library\gccCyBLEStack_BLE_SOC_PERIPHERAL.a(ll.o)
                0x00003546                ll_handle_remove_device_in_whitelist

i.ll_handle_reset
                0x00003570        0xe
 i.ll_handle_reset
                0x00003570        0xe C:\Program Files (x86)\Cypress\PSoC Creator\3.3\PSoC Creator\psoc\content\cycomponentlibrary\CyComponentLibrary.cylib\BLE_v2_0\Library\gccCyBLEStack_BLE_SOC_PERIPHERAL.a(ll.o)
                0x00003570                ll_handle_reset

i.ll_handle_set_random_address
                0x0000357e       0x36
 i.ll_handle_set_random_address
                0x0000357e       0x36 C:\Program Files (x86)\Cypress\PSoC Creator\3.3\PSoC Creator\psoc\content\cycomponentlibrary\CyComponentLibrary.cylib\BLE_v2_0\Library\gccCyBLEStack_BLE_SOC_PERIPHERAL.a(ll.o)
                0x0000357e                ll_handle_set_random_address

i.ll_init       0x000035b4       0x18
 i.ll_init      0x000035b4       0x18 C:\Program Files (x86)\Cypress\PSoC Creator\3.3\PSoC Creator\psoc\content\cycomponentlibrary\CyComponentLibrary.cylib\BLE_v2_0\Library\gccCyBLEStack_BLE_SOC_PERIPHERAL.a(ll.o)
                0x000035b4                ll_init

i.ll_initialize_device_attributes
                0x000035cc       0x4c
 i.ll_initialize_device_attributes
                0x000035cc       0x4c C:\Program Files (x86)\Cypress\PSoC Creator\3.3\PSoC Creator\psoc\content\cycomponentlibrary\CyComponentLibrary.cylib\BLE_v2_0\Library\gccCyBLEStack_BLE_SOC_PERIPHERAL.a(ll.o)
                0x000035cc                ll_initialize_device_attributes

i.ll_is_pkt_pending
                0x00003618       0x2a
 i.ll_is_pkt_pending
                0x00003618       0x2a C:\Program Files (x86)\Cypress\PSoC Creator\3.3\PSoC Creator\psoc\content\cycomponentlibrary\CyComponentLibrary.cylib\BLE_v2_0\Library\gccCyBLEStack_BLE_SOC_PERIPHERAL.a(ll.o)
                0x00003618                ll_is_pkt_pending

i.ll_is_sent_pkt_pending
                0x00003642       0x1a
 i.ll_is_sent_pkt_pending
                0x00003642       0x1a C:\Program Files (x86)\Cypress\PSoC Creator\3.3\PSoC Creator\psoc\content\cycomponentlibrary\CyComponentLibrary.cylib\BLE_v2_0\Library\gccCyBLEStack_BLE_SOC_PERIPHERAL.a(ll.o)
                0x00003642                ll_is_sent_pkt_pending

i.ll_isr_exit_low_power_mode
                0x0000365c       0x16
 i.ll_isr_exit_low_power_mode
                0x0000365c       0x16 C:\Program Files (x86)\Cypress\PSoC Creator\3.3\PSoC Creator\psoc\content\cycomponentlibrary\CyComponentLibrary.cylib\BLE_v2_0\Library\gccCyBLEStack_BLE_SOC_PERIPHERAL.a(ll.o)
                0x0000365c                ll_isr_exit_low_power_mode

i.ll_load_host_data_packet
                0x00003672       0x4a
 i.ll_load_host_data_packet
                0x00003672       0x4a C:\Program Files (x86)\Cypress\PSoC Creator\3.3\PSoC Creator\psoc\content\cycomponentlibrary\CyComponentLibrary.cylib\BLE_v2_0\Library\gccCyBLEStack_BLE_SOC_PERIPHERAL.a(ll.o)
                0x00003672                ll_load_host_data_packet

i.ll_load_packet_to_fifo
                0x000036bc       0x6e
 i.ll_load_packet_to_fifo
                0x000036bc       0x6e C:\Program Files (x86)\Cypress\PSoC Creator\3.3\PSoC Creator\psoc\content\cycomponentlibrary\CyComponentLibrary.cylib\BLE_v2_0\Library\gccCyBLEStack_BLE_SOC_PERIPHERAL.a(ll.o)
                0x000036bc                ll_load_packet_to_fifo

i.ll_process_acks
                0x0000372a       0x3c
 i.ll_process_acks
                0x0000372a       0x3c C:\Program Files (x86)\Cypress\PSoC Creator\3.3\PSoC Creator\psoc\content\cycomponentlibrary\CyComponentLibrary.cylib\BLE_v2_0\Library\gccCyBLEStack_BLE_SOC_PERIPHERAL.a(ll.o)
                0x0000372a                ll_process_acks

i.ll_reset      0x00003766       0x12
 i.ll_reset     0x00003766       0x12 C:\Program Files (x86)\Cypress\PSoC Creator\3.3\PSoC Creator\psoc\content\cycomponentlibrary\CyComponentLibrary.cylib\BLE_v2_0\Library\gccCyBLEStack_BLE_SOC_PERIPHERAL.a(ll.o)
                0x00003766                ll_reset

i.ll_update_active_features
                0x00003778       0x58
 i.ll_update_active_features
                0x00003778       0x58 C:\Program Files (x86)\Cypress\PSoC Creator\3.3\PSoC Creator\psoc\content\cycomponentlibrary\CyComponentLibrary.cylib\BLE_v2_0\Library\gccCyBLEStack_BLE_SOC_PERIPHERAL.a(ll.o)
                0x00003778                ll_update_active_features

i.ll_update_device_fsm
                0x000037d0        0x8
 i.ll_update_device_fsm
                0x000037d0        0x8 C:\Program Files (x86)\Cypress\PSoC Creator\3.3\PSoC Creator\psoc\content\cycomponentlibrary\CyComponentLibrary.cylib\BLE_v2_0\Library\gccCyBLEStack_BLE_SOC_PERIPHERAL.a(ll.o)
                0x000037d0                ll_update_device_fsm

i.pf_le_start_timer
                0x000037d8       0x16
 i.pf_le_start_timer
                0x000037d8       0x16 C:\Program Files (x86)\Cypress\PSoC Creator\3.3\PSoC Creator\psoc\content\cycomponentlibrary\CyComponentLibrary.cylib\BLE_v2_0\Library\gccCyBLEStack_BLE_SOC_PERIPHERAL.a(ll.o)
                0x000037d8                pf_le_start_timer

i.pf_le_stop_timer
                0x000037ee       0x12
 i.pf_le_stop_timer
                0x000037ee       0x12 C:\Program Files (x86)\Cypress\PSoC Creator\3.3\PSoC Creator\psoc\content\cycomponentlibrary\CyComponentLibrary.cylib\BLE_v2_0\Library\gccCyBLEStack_BLE_SOC_PERIPHERAL.a(ll.o)
                0x000037ee                pf_le_stop_timer

i.CyBleControllerIP_TuneAdvEventInterPktSlots
                0x00003800       0x44
 i.CyBleControllerIP_TuneAdvEventInterPktSlots
                0x00003800       0x44 C:\Program Files (x86)\Cypress\PSoC Creator\3.3\PSoC Creator\psoc\content\cycomponentlibrary\CyComponentLibrary.cylib\BLE_v2_0\Library\gccCyBLEStack_BLE_SOC_PERIPHERAL.a(ll_advertiser.o)
                0x00003800                CyBleControllerIP_TuneAdvEventInterPktSlots

i.ll_adv_is_configured_connection_adv
                0x00003844       0x1e
 i.ll_adv_is_configured_connection_adv
                0x00003844       0x1e C:\Program Files (x86)\Cypress\PSoC Creator\3.3\PSoC Creator\psoc\content\cycomponentlibrary\CyComponentLibrary.cylib\BLE_v2_0\Library\gccCyBLEStack_BLE_SOC_PERIPHERAL.a(ll_advertiser.o)
                0x00003844                ll_adv_is_configured_connection_adv

i.ll_check_random_address_in_use_by_advertiser
                0x00003862       0x10
 i.ll_check_random_address_in_use_by_advertiser
                0x00003862       0x10 C:\Program Files (x86)\Cypress\PSoC Creator\3.3\PSoC Creator\psoc\content\cycomponentlibrary\CyComponentLibrary.cylib\BLE_v2_0\Library\gccCyBLEStack_BLE_SOC_PERIPHERAL.a(ll_advertiser.o)
                0x00003862                ll_check_random_address_in_use_by_advertiser

i.ll_check_whitelist_in_use_by_advertiser
                0x00003872       0x10
 i.ll_check_whitelist_in_use_by_advertiser
                0x00003872       0x10 C:\Program Files (x86)\Cypress\PSoC Creator\3.3\PSoC Creator\psoc\content\cycomponentlibrary\CyComponentLibrary.cylib\BLE_v2_0\Library\gccCyBLEStack_BLE_SOC_PERIPHERAL.a(ll_advertiser.o)
                0x00003872                ll_check_whitelist_in_use_by_advertiser

i.ll_get_adv_status
                0x00003882        0xc
 i.ll_get_adv_status
                0x00003882        0xc C:\Program Files (x86)\Cypress\PSoC Creator\3.3\PSoC Creator\psoc\content\cycomponentlibrary\CyComponentLibrary.cylib\BLE_v2_0\Library\gccCyBLEStack_BLE_SOC_PERIPHERAL.a(ll_advertiser.o)
                0x00003882                ll_get_adv_status

i.ll_get_adv_type
                0x0000388e       0x16
 i.ll_get_adv_type
                0x0000388e       0x16 C:\Program Files (x86)\Cypress\PSoC Creator\3.3\PSoC Creator\psoc\content\cycomponentlibrary\CyComponentLibrary.cylib\BLE_v2_0\Library\gccCyBLEStack_BLE_SOC_PERIPHERAL.a(ll_advertiser.o)
                0x0000388e                ll_get_adv_type

i.ll_handle_adv_intr
                0x000038a4       0x50
 i.ll_handle_adv_intr
                0x000038a4       0x50 C:\Program Files (x86)\Cypress\PSoC Creator\3.3\PSoC Creator\psoc\content\cycomponentlibrary\CyComponentLibrary.cylib\BLE_v2_0\Library\gccCyBLEStack_BLE_SOC_PERIPHERAL.a(ll_advertiser.o)
                0x000038a4                ll_handle_adv_intr

i.ll_handle_set_adv_data
                0x000038f4       0x14
 i.ll_handle_set_adv_data
                0x000038f4       0x14 C:\Program Files (x86)\Cypress\PSoC Creator\3.3\PSoC Creator\psoc\content\cycomponentlibrary\CyComponentLibrary.cylib\BLE_v2_0\Library\gccCyBLEStack_BLE_SOC_PERIPHERAL.a(ll_advertiser.o)
                0x000038f4                ll_handle_set_adv_data

i.ll_handle_set_adv_parameters
                0x00003908       0x84
 i.ll_handle_set_adv_parameters
                0x00003908       0x84 C:\Program Files (x86)\Cypress\PSoC Creator\3.3\PSoC Creator\psoc\content\cycomponentlibrary\CyComponentLibrary.cylib\BLE_v2_0\Library\gccCyBLEStack_BLE_SOC_PERIPHERAL.a(ll_advertiser.o)
                0x00003908                ll_handle_set_adv_parameters

i.ll_handle_set_advertise_enable
                0x0000398c       0x70
 i.ll_handle_set_advertise_enable
                0x0000398c       0x70 C:\Program Files (x86)\Cypress\PSoC Creator\3.3\PSoC Creator\psoc\content\cycomponentlibrary\CyComponentLibrary.cylib\BLE_v2_0\Library\gccCyBLEStack_BLE_SOC_PERIPHERAL.a(ll_advertiser.o)
                0x0000398c                ll_handle_set_advertise_enable

i.ll_handle_set_scan_resp_data
                0x000039fc       0x14
 i.ll_handle_set_scan_resp_data
                0x000039fc       0x14 C:\Program Files (x86)\Cypress\PSoC Creator\3.3\PSoC Creator\psoc\content\cycomponentlibrary\CyComponentLibrary.cylib\BLE_v2_0\Library\gccCyBLEStack_BLE_SOC_PERIPHERAL.a(ll_advertiser.o)
                0x000039fc                ll_handle_set_scan_resp_data

i.ll_init_advertiser
                0x00003a10       0x68
 i.ll_init_advertiser
                0x00003a10       0x68 C:\Program Files (x86)\Cypress\PSoC Creator\3.3\PSoC Creator\psoc\content\cycomponentlibrary\CyComponentLibrary.cylib\BLE_v2_0\Library\gccCyBLEStack_BLE_SOC_PERIPHERAL.a(ll_advertiser.o)
                0x00003a10                ll_init_advertiser

i.is_le_connection_handle
                0x00003a78       0x28
 i.is_le_connection_handle
                0x00003a78       0x28 C:\Program Files (x86)\Cypress\PSoC Creator\3.3\PSoC Creator\psoc\content\cycomponentlibrary\CyComponentLibrary.cylib\BLE_v2_0\Library\gccCyBLEStack_BLE_SOC_PERIPHERAL.a(ll_connection.o)
                0x00003a78                is_le_connection_handle

i.le_assign_connection_handle
                0x00003aa0       0x28
 i.le_assign_connection_handle
                0x00003aa0       0x28 C:\Program Files (x86)\Cypress\PSoC Creator\3.3\PSoC Creator\psoc\content\cycomponentlibrary\CyComponentLibrary.cylib\BLE_v2_0\Library\gccCyBLEStack_BLE_SOC_PERIPHERAL.a(ll_connection.o)
                0x00003aa0                le_assign_connection_handle

i.le_get_connection_index
                0x00003ac8        0x6
 i.le_get_connection_index
                0x00003ac8        0x6 C:\Program Files (x86)\Cypress\PSoC Creator\3.3\PSoC Creator\psoc\content\cycomponentlibrary\CyComponentLibrary.cylib\BLE_v2_0\Library\gccCyBLEStack_BLE_SOC_PERIPHERAL.a(ll_connection.o)
                0x00003ac8                le_get_connection_index

i.ll_allocate_connection
                0x00003ad0       0x44
 i.ll_allocate_connection
                0x00003ad0       0x44 C:\Program Files (x86)\Cypress\PSoC Creator\3.3\PSoC Creator\psoc\content\cycomponentlibrary\CyComponentLibrary.cylib\BLE_v2_0\Library\gccCyBLEStack_BLE_SOC_PERIPHERAL.a(ll_connection.o)
                0x00003ad0                ll_allocate_connection

i.ll_calculate_and_program_def_win_widen_drift
                0x00003b14       0x14
 i.ll_calculate_and_program_def_win_widen_drift
                0x00003b14       0x14 C:\Program Files (x86)\Cypress\PSoC Creator\3.3\PSoC Creator\psoc\content\cycomponentlibrary\CyComponentLibrary.cylib\BLE_v2_0\Library\gccCyBLEStack_BLE_SOC_PERIPHERAL.a(ll_connection.o)
                0x00003b14                ll_calculate_and_program_def_win_widen_drift

i.ll_calculate_drift
                0x00003b28       0x2c
 i.ll_calculate_drift
                0x00003b28       0x2c C:\Program Files (x86)\Cypress\PSoC Creator\3.3\PSoC Creator\psoc\content\cycomponentlibrary\CyComponentLibrary.cylib\BLE_v2_0\Library\gccCyBLEStack_BLE_SOC_PERIPHERAL.a(ll_connection.o)
                0x00003b28                ll_calculate_drift

i.ll_check_and_decrypt_ll_pdu
                0x00003b54       0x68
 i.ll_check_and_decrypt_ll_pdu
                0x00003b54       0x68 C:\Program Files (x86)\Cypress\PSoC Creator\3.3\PSoC Creator\psoc\content\cycomponentlibrary\CyComponentLibrary.cylib\BLE_v2_0\Library\gccCyBLEStack_BLE_SOC_PERIPHERAL.a(ll_connection.o)
                0x00003b54                ll_check_and_decrypt_ll_pdu

i.ll_check_and_decrypt_packet
                0x00003bbc       0x6a
 i.ll_check_and_decrypt_packet
                0x00003bbc       0x6a C:\Program Files (x86)\Cypress\PSoC Creator\3.3\PSoC Creator\psoc\content\cycomponentlibrary\CyComponentLibrary.cylib\BLE_v2_0\Library\gccCyBLEStack_BLE_SOC_PERIPHERAL.a(ll_connection.o)
                0x00003bbc                ll_check_and_decrypt_packet

i.ll_check_and_encrypt_ll_pdu
                0x00003c26       0x72
 i.ll_check_and_encrypt_ll_pdu
                0x00003c26       0x72 C:\Program Files (x86)\Cypress\PSoC Creator\3.3\PSoC Creator\psoc\content\cycomponentlibrary\CyComponentLibrary.cylib\BLE_v2_0\Library\gccCyBLEStack_BLE_SOC_PERIPHERAL.a(ll_connection.o)
                0x00003c26                ll_check_and_encrypt_ll_pdu

i.ll_check_and_encrypt_packet
                0x00003c98       0x8a
 i.ll_check_and_encrypt_packet
                0x00003c98       0x8a C:\Program Files (x86)\Cypress\PSoC Creator\3.3\PSoC Creator\psoc\content\cycomponentlibrary\CyComponentLibrary.cylib\BLE_v2_0\Library\gccCyBLEStack_BLE_SOC_PERIPHERAL.a(ll_connection.o)
                0x00003c98                ll_check_and_encrypt_packet

i.ll_check_for_allowing_incoming_connection_update
                0x00003d22       0x42
 i.ll_check_for_allowing_incoming_connection_update
                0x00003d22       0x42 C:\Program Files (x86)\Cypress\PSoC Creator\3.3\PSoC Creator\psoc\content\cycomponentlibrary\CyComponentLibrary.cylib\BLE_v2_0\Library\gccCyBLEStack_BLE_SOC_PERIPHERAL.a(ll_connection.o)
                0x00003d22                ll_check_for_allowing_incoming_connection_update

i.ll_check_if_pdu_is_loaded_to_hardware
                0x00003d64       0x1c
 i.ll_check_if_pdu_is_loaded_to_hardware
                0x00003d64       0x1c C:\Program Files (x86)\Cypress\PSoC Creator\3.3\PSoC Creator\psoc\content\cycomponentlibrary\CyComponentLibrary.cylib\BLE_v2_0\Library\gccCyBLEStack_BLE_SOC_PERIPHERAL.a(ll_connection.o)
                0x00003d64                ll_check_if_pdu_is_loaded_to_hardware

i.ll_check_random_address_in_use_by_initiator
                0x00003d80       0x30
 i.ll_check_random_address_in_use_by_initiator
                0x00003d80       0x30 C:\Program Files (x86)\Cypress\PSoC Creator\3.3\PSoC Creator\psoc\content\cycomponentlibrary\CyComponentLibrary.cylib\BLE_v2_0\Library\gccCyBLEStack_BLE_SOC_PERIPHERAL.a(ll_connection.o)
                0x00003d80                ll_check_random_address_in_use_by_initiator

i.ll_check_white_list_in_use_by_initiator
                0x00003db0       0x30
 i.ll_check_white_list_in_use_by_initiator
                0x00003db0       0x30 C:\Program Files (x86)\Cypress\PSoC Creator\3.3\PSoC Creator\psoc\content\cycomponentlibrary\CyComponentLibrary.cylib\BLE_v2_0\Library\gccCyBLEStack_BLE_SOC_PERIPHERAL.a(ll_connection.o)
                0x00003db0                ll_check_white_list_in_use_by_initiator

i.ll_conn_free_enc_txn_buffer
                0x00003de0       0x16
 i.ll_conn_free_enc_txn_buffer
                0x00003de0       0x16 C:\Program Files (x86)\Cypress\PSoC Creator\3.3\PSoC Creator\psoc\content\cycomponentlibrary\CyComponentLibrary.cylib\BLE_v2_0\Library\gccCyBLEStack_BLE_SOC_PERIPHERAL.a(ll_connection.o)
                0x00003de0                ll_conn_free_enc_txn_buffer

i.ll_conn_fsm_update_channel_state
                0x00003df6        0x6
 i.ll_conn_fsm_update_channel_state
                0x00003df6        0x6 C:\Program Files (x86)\Cypress\PSoC Creator\3.3\PSoC Creator\psoc\content\cycomponentlibrary\CyComponentLibrary.cylib\BLE_v2_0\Library\gccCyBLEStack_BLE_SOC_PERIPHERAL.a(ll_connection.o)
                0x00003df6                ll_conn_fsm_update_channel_state

i.ll_conn_fsm_update_conn_update_state
                0x00003dfc        0x6
 i.ll_conn_fsm_update_conn_update_state
                0x00003dfc        0x6 C:\Program Files (x86)\Cypress\PSoC Creator\3.3\PSoC Creator\psoc\content\cycomponentlibrary\CyComponentLibrary.cylib\BLE_v2_0\Library\gccCyBLEStack_BLE_SOC_PERIPHERAL.a(ll_connection.o)
                0x00003dfc                ll_conn_fsm_update_conn_update_state

i.ll_conn_fsm_update_enc_state
                0x00003e02        0x6
 i.ll_conn_fsm_update_enc_state
                0x00003e02        0x6 C:\Program Files (x86)\Cypress\PSoC Creator\3.3\PSoC Creator\psoc\content\cycomponentlibrary\CyComponentLibrary.cylib\BLE_v2_0\Library\gccCyBLEStack_BLE_SOC_PERIPHERAL.a(ll_connection.o)
                0x00003e02                ll_conn_fsm_update_enc_state

i.ll_conn_fsm_update_state
                0x00003e08        0x4
 i.ll_conn_fsm_update_state
                0x00003e08        0x4 C:\Program Files (x86)\Cypress\PSoC Creator\3.3\PSoC Creator\psoc\content\cycomponentlibrary\CyComponentLibrary.cylib\BLE_v2_0\Library\gccCyBLEStack_BLE_SOC_PERIPHERAL.a(ll_connection.o)
                0x00003e08                ll_conn_fsm_update_state

i.ll_conn_handle_data_pdu_from_host_when_data_paused
                0x00003e0c        0x8
 i.ll_conn_handle_data_pdu_from_host_when_data_paused
                0x00003e0c        0x8 C:\Program Files (x86)\Cypress\PSoC Creator\3.3\PSoC Creator\psoc\content\cycomponentlibrary\CyComponentLibrary.cylib\BLE_v2_0\Library\gccCyBLEStack_BLE_SOC_PERIPHERAL.a(ll_connection.o)
                0x00003e0c                ll_conn_handle_data_pdu_from_host_when_data_paused

i.ll_conn_handle_direct_adv_timeout
                0x00003e14       0x2a
 i.ll_conn_handle_direct_adv_timeout
                0x00003e14       0x2a C:\Program Files (x86)\Cypress\PSoC Creator\3.3\PSoC Creator\psoc\content\cycomponentlibrary\CyComponentLibrary.cylib\BLE_v2_0\Library\gccCyBLEStack_BLE_SOC_PERIPHERAL.a(ll_connection.o)
                0x00003e14                ll_conn_handle_direct_adv_timeout

i.ll_conn_handle_ping_timer_expired_interrupt
                0x00003e40       0x1c
 i.ll_conn_handle_ping_timer_expired_interrupt
                0x00003e40       0x1c C:\Program Files (x86)\Cypress\PSoC Creator\3.3\PSoC Creator\psoc\content\cycomponentlibrary\CyComponentLibrary.cylib\BLE_v2_0\Library\gccCyBLEStack_BLE_SOC_PERIPHERAL.a(ll_connection.o)
                0x00003e40                ll_conn_handle_ping_timer_expired_interrupt

i.ll_conn_handle_ping_timer_nearly_expired_interrupt
                0x00003e5c       0x20
 i.ll_conn_handle_ping_timer_nearly_expired_interrupt
                0x00003e5c       0x20 C:\Program Files (x86)\Cypress\PSoC Creator\3.3\PSoC Creator\psoc\content\cycomponentlibrary\CyComponentLibrary.cylib\BLE_v2_0\Library\gccCyBLEStack_BLE_SOC_PERIPHERAL.a(ll_connection.o)
                0x00003e5c                ll_conn_handle_ping_timer_nearly_expired_interrupt

i.ll_conn_handle_stop_connectable_adv
                0x00003e7c       0x12
 i.ll_conn_handle_stop_connectable_adv
                0x00003e7c       0x12 C:\Program Files (x86)\Cypress\PSoC Creator\3.3\PSoC Creator\psoc\content\cycomponentlibrary\CyComponentLibrary.cylib\BLE_v2_0\Library\gccCyBLEStack_BLE_SOC_PERIPHERAL.a(ll_connection.o)
                0x00003e7c                ll_conn_handle_stop_connectable_adv

i.ll_conn_process_pending_transactions
                0x00003e8e        0x4
 i.ll_conn_process_pending_transactions
                0x00003e8e        0x4 C:\Program Files (x86)\Cypress\PSoC Creator\3.3\PSoC Creator\psoc\content\cycomponentlibrary\CyComponentLibrary.cylib\BLE_v2_0\Library\gccCyBLEStack_BLE_SOC_PERIPHERAL.a(ll_connection.o)
                0x00003e8e                ll_conn_process_pending_transactions

i.ll_conn_program_authenticated_payload_timer
                0x00003e94       0x50
 i.ll_conn_program_authenticated_payload_timer
                0x00003e94       0x50 C:\Program Files (x86)\Cypress\PSoC Creator\3.3\PSoC Creator\psoc\content\cycomponentlibrary\CyComponentLibrary.cylib\BLE_v2_0\Library\gccCyBLEStack_BLE_SOC_PERIPHERAL.a(ll_connection.o)
                0x00003e94                ll_conn_program_authenticated_payload_timer

i.ll_conn_read_data_pdu_from_hardware
                0x00003ee4       0x14
 i.ll_conn_read_data_pdu_from_hardware
                0x00003ee4       0x14 C:\Program Files (x86)\Cypress\PSoC Creator\3.3\PSoC Creator\psoc\content\cycomponentlibrary\CyComponentLibrary.cylib\BLE_v2_0\Library\gccCyBLEStack_BLE_SOC_PERIPHERAL.a(ll_connection.o)
                0x00003ee4                ll_conn_read_data_pdu_from_hardware

i.ll_conn_send_ping_req_pdu
                0x00003ef8       0x40
 i.ll_conn_send_ping_req_pdu
                0x00003ef8       0x40 C:\Program Files (x86)\Cypress\PSoC Creator\3.3\PSoC Creator\psoc\content\cycomponentlibrary\CyComponentLibrary.cylib\BLE_v2_0\Library\gccCyBLEStack_BLE_SOC_PERIPHERAL.a(ll_connection.o)
                0x00003ef8                ll_conn_send_ping_req_pdu

i.ll_conn_store_pending_tx_pdu
                0x00003f38       0x1a
 i.ll_conn_store_pending_tx_pdu
                0x00003f38       0x1a C:\Program Files (x86)\Cypress\PSoC Creator\3.3\PSoC Creator\psoc\content\cycomponentlibrary\CyComponentLibrary.cylib\BLE_v2_0\Library\gccCyBLEStack_BLE_SOC_PERIPHERAL.a(ll_connection.o)
                0x00003f38                ll_conn_store_pending_tx_pdu

i.ll_conn_update_rssi
                0x00003f52       0x16
 i.ll_conn_update_rssi
                0x00003f52       0x16 C:\Program Files (x86)\Cypress\PSoC Creator\3.3\PSoC Creator\psoc\content\cycomponentlibrary\CyComponentLibrary.cylib\BLE_v2_0\Library\gccCyBLEStack_BLE_SOC_PERIPHERAL.a(ll_connection.o)
                0x00003f52                ll_conn_update_rssi

i.ll_convert_hci_llid_to_ll_llid_host_to_controller
                0x00003f68        0x8
 i.ll_convert_hci_llid_to_ll_llid_host_to_controller
                0x00003f68        0x8 C:\Program Files (x86)\Cypress\PSoC Creator\3.3\PSoC Creator\psoc\content\cycomponentlibrary\CyComponentLibrary.cylib\BLE_v2_0\Library\gccCyBLEStack_BLE_SOC_PERIPHERAL.a(ll_connection.o)
                0x00003f68                ll_convert_hci_llid_to_ll_llid_host_to_controller

i.ll_convert_ll_llid_to_hci_llid_controller_to_host
                0x00003f70        0x2
 i.ll_convert_ll_llid_to_hci_llid_controller_to_host
                0x00003f70        0x2 C:\Program Files (x86)\Cypress\PSoC Creator\3.3\PSoC Creator\psoc\content\cycomponentlibrary\CyComponentLibrary.cylib\BLE_v2_0\Library\gccCyBLEStack_BLE_SOC_PERIPHERAL.a(ll_connection.o)
                0x00003f70                ll_convert_ll_llid_to_hci_llid_controller_to_host

i.ll_decode_and_program_connect_req
                0x00003f74       0xec
 i.ll_decode_and_program_connect_req
                0x00003f74       0xec C:\Program Files (x86)\Cypress\PSoC Creator\3.3\PSoC Creator\psoc\content\cycomponentlibrary\CyComponentLibrary.cylib\BLE_v2_0\Library\gccCyBLEStack_BLE_SOC_PERIPHERAL.a(ll_connection.o)
                0x00003f74                ll_decode_and_program_connect_req

i.ll_enc_fsm_derive_session_key
                0x00004060       0x46
 i.ll_enc_fsm_derive_session_key
                0x00004060       0x46 C:\Program Files (x86)\Cypress\PSoC Creator\3.3\PSoC Creator\psoc\content\cycomponentlibrary\CyComponentLibrary.cylib\BLE_v2_0\Library\gccCyBLEStack_BLE_SOC_PERIPHERAL.a(ll_connection.o)
                0x00004060                ll_enc_fsm_derive_session_key

i.ll_enc_handle_enc_complete
                0x000040a6       0x68
 i.ll_enc_handle_enc_complete
                0x000040a6       0x68 C:\Program Files (x86)\Cypress\PSoC Creator\3.3\PSoC Creator\psoc\content\cycomponentlibrary\CyComponentLibrary.cylib\BLE_v2_0\Library\gccCyBLEStack_BLE_SOC_PERIPHERAL.a(ll_connection.o)
                0x000040a6                ll_enc_handle_enc_complete

i.ll_enc_handle_enc_failure
                0x00004110       0xa4
 i.ll_enc_handle_enc_failure
                0x00004110       0xa4 C:\Program Files (x86)\Cypress\PSoC Creator\3.3\PSoC Creator\psoc\content\cycomponentlibrary\CyComponentLibrary.cylib\BLE_v2_0\Library\gccCyBLEStack_BLE_SOC_PERIPHERAL.a(ll_connection.o)
                0x00004110                ll_enc_handle_enc_failure

i.ll_enc_handle_ll_reject_pdu_cb
                0x000041b4       0x24
 i.ll_enc_handle_ll_reject_pdu_cb
                0x000041b4       0x24 C:\Program Files (x86)\Cypress\PSoC Creator\3.3\PSoC Creator\psoc\content\cycomponentlibrary\CyComponentLibrary.cylib\BLE_v2_0\Library\gccCyBLEStack_BLE_SOC_PERIPHERAL.a(ll_connection.o)
                0x000041b4                ll_enc_handle_ll_reject_pdu_cb

i.ll_enc_handle_ll_terminate_pdu
                0x000041d8       0x16
 i.ll_enc_handle_ll_terminate_pdu
                0x000041d8       0x16 C:\Program Files (x86)\Cypress\PSoC Creator\3.3\PSoC Creator\psoc\content\cycomponentlibrary\CyComponentLibrary.cylib\BLE_v2_0\Library\gccCyBLEStack_BLE_SOC_PERIPHERAL.a(ll_connection.o)
                0x000041d8                ll_enc_handle_ll_terminate_pdu

i.ll_enc_handle_ll_unknown_resp_pdu_cb
                0x000041ee       0x24
 i.ll_enc_handle_ll_unknown_resp_pdu_cb
                0x000041ee       0x24 C:\Program Files (x86)\Cypress\PSoC Creator\3.3\PSoC Creator\psoc\content\cycomponentlibrary\CyComponentLibrary.cylib\BLE_v2_0\Library\gccCyBLEStack_BLE_SOC_PERIPHERAL.a(ll_connection.o)
                0x000041ee                ll_enc_handle_ll_unknown_resp_pdu_cb

i.ll_enc_handle_slave_await_to_start_cb
                0x00004214       0x80
 i.ll_enc_handle_slave_await_to_start_cb
                0x00004214       0x80 C:\Program Files (x86)\Cypress\PSoC Creator\3.3\PSoC Creator\psoc\content\cycomponentlibrary\CyComponentLibrary.cylib\BLE_v2_0\Library\gccCyBLEStack_BLE_SOC_PERIPHERAL.a(ll_connection.o)
                0x00004214                ll_enc_handle_slave_await_to_start_cb

i.ll_enc_handle_slave_enc_resp_ack_cb
                0x00004294       0x28
 i.ll_enc_handle_slave_enc_resp_ack_cb
                0x00004294       0x28 C:\Program Files (x86)\Cypress\PSoC Creator\3.3\PSoC Creator\psoc\content\cycomponentlibrary\CyComponentLibrary.cylib\BLE_v2_0\Library\gccCyBLEStack_BLE_SOC_PERIPHERAL.a(ll_connection.o)
                0x00004294                ll_enc_handle_slave_enc_resp_ack_cb

i.ll_enc_handle_slave_ltk_neg_reply_cb
                0x000042bc       0x60
 i.ll_enc_handle_slave_ltk_neg_reply_cb
                0x000042bc       0x60 C:\Program Files (x86)\Cypress\PSoC Creator\3.3\PSoC Creator\psoc\content\cycomponentlibrary\CyComponentLibrary.cylib\BLE_v2_0\Library\gccCyBLEStack_BLE_SOC_PERIPHERAL.a(ll_connection.o)
                0x000042bc                ll_enc_handle_slave_ltk_neg_reply_cb

i.ll_enc_handle_slave_pause_enc_req_cb
                0x0000431c       0x46
 i.ll_enc_handle_slave_pause_enc_req_cb
                0x0000431c       0x46 C:\Program Files (x86)\Cypress\PSoC Creator\3.3\PSoC Creator\psoc\content\cycomponentlibrary\CyComponentLibrary.cylib\BLE_v2_0\Library\gccCyBLEStack_BLE_SOC_PERIPHERAL.a(ll_connection.o)
                0x0000431c                ll_enc_handle_slave_pause_enc_req_cb

i.ll_enc_handle_slave_pause_enc_resp_cb
                0x00004362       0x10
 i.ll_enc_handle_slave_pause_enc_resp_cb
                0x00004362       0x10 C:\Program Files (x86)\Cypress\PSoC Creator\3.3\PSoC Creator\psoc\content\cycomponentlibrary\CyComponentLibrary.cylib\BLE_v2_0\Library\gccCyBLEStack_BLE_SOC_PERIPHERAL.a(ll_connection.o)
                0x00004362                ll_enc_handle_slave_pause_enc_resp_cb

i.ll_enc_handle_slave_reject_ind_ack_cb
                0x00004372       0x22
 i.ll_enc_handle_slave_reject_ind_ack_cb
                0x00004372       0x22 C:\Program Files (x86)\Cypress\PSoC Creator\3.3\PSoC Creator\psoc\content\cycomponentlibrary\CyComponentLibrary.cylib\BLE_v2_0\Library\gccCyBLEStack_BLE_SOC_PERIPHERAL.a(ll_connection.o)
                0x00004372                ll_enc_handle_slave_reject_ind_ack_cb

i.ll_enc_handle_slave_start_enc_resp_ack_cb
                0x00004394        0x8
 i.ll_enc_handle_slave_start_enc_resp_ack_cb
                0x00004394        0x8 C:\Program Files (x86)\Cypress\PSoC Creator\3.3\PSoC Creator\psoc\content\cycomponentlibrary\CyComponentLibrary.cylib\BLE_v2_0\Library\gccCyBLEStack_BLE_SOC_PERIPHERAL.a(ll_connection.o)
                0x00004394                ll_enc_handle_slave_start_enc_resp_ack_cb

i.ll_enc_handle_slave_start_enc_resp_cb
                0x0000439c       0x34
 i.ll_enc_handle_slave_start_enc_resp_cb
                0x0000439c       0x34 C:\Program Files (x86)\Cypress\PSoC Creator\3.3\PSoC Creator\psoc\content\cycomponentlibrary\CyComponentLibrary.cylib\BLE_v2_0\Library\gccCyBLEStack_BLE_SOC_PERIPHERAL.a(ll_connection.o)
                0x0000439c                ll_enc_handle_slave_start_enc_resp_cb

i.ll_enc_send_start_encryption_request
                0x000043d0       0x38
 i.ll_enc_send_start_encryption_request
                0x000043d0       0x38 C:\Program Files (x86)\Cypress\PSoC Creator\3.3\PSoC Creator\psoc\content\cycomponentlibrary\CyComponentLibrary.cylib\BLE_v2_0\Library\gccCyBLEStack_BLE_SOC_PERIPHERAL.a(ll_connection.o)
                0x000043d0                ll_enc_send_start_encryption_request

i.ll_extract_pdu_opcode
                0x00004408        0x4
 i.ll_extract_pdu_opcode
                0x00004408        0x4 C:\Program Files (x86)\Cypress\PSoC Creator\3.3\PSoC Creator\psoc\content\cycomponentlibrary\CyComponentLibrary.cylib\BLE_v2_0\Library\gccCyBLEStack_BLE_SOC_PERIPHERAL.a(ll_connection.o)
                0x00004408                ll_extract_pdu_opcode

i.ll_fsm_handle_conn_established_ind
                0x0000440c       0x7c
 i.ll_fsm_handle_conn_established_ind
                0x0000440c       0x7c C:\Program Files (x86)\Cypress\PSoC Creator\3.3\PSoC Creator\psoc\content\cycomponentlibrary\CyComponentLibrary.cylib\BLE_v2_0\Library\gccCyBLEStack_BLE_SOC_PERIPHERAL.a(ll_connection.o)
                0x0000440c                ll_fsm_handle_conn_established_ind

i.ll_fsm_handle_conn_failure_ind