ARM GAS  C:\Users\TTSS\AppData\Local\Temp\ccZnyhQU.s 			page 1


   1              		.cpu cortex-m0
   2              		.fpu softvfp
   3              		.eabi_attribute 20, 1
   4              		.eabi_attribute 21, 1
   5              		.eabi_attribute 23, 3
   6              		.eabi_attribute 24, 1
   7              		.eabi_attribute 25, 1
   8              		.eabi_attribute 26, 1
   9              		.eabi_attribute 30, 6
  10              		.eabi_attribute 34, 0
  11              		.eabi_attribute 18, 4
  12              		.code	16
  13              		.file	"cyfitter_cfg.c"
  14              		.text
  15              	.Ltext0:
  16              		.cfi_sections	.debug_frame
  17              		.section	.text.CYMEMZERO,"ax",%progbits
  18              		.align	2
  19              		.code	16
  20              		.thumb_func
  21              		.type	CYMEMZERO, %function
  22              	CYMEMZERO:
  23              	.LFB2:
  24              		.file 1 "Generated_Source\\PSoC4\\cyfitter_cfg.c"
   1:Generated_Source\PSoC4/cyfitter_cfg.c **** /*******************************************************************************
   2:Generated_Source\PSoC4/cyfitter_cfg.c **** * File Name: cyfitter_cfg.c
   3:Generated_Source\PSoC4/cyfitter_cfg.c **** * 
   4:Generated_Source\PSoC4/cyfitter_cfg.c **** * PSoC Creator  4.0
   5:Generated_Source\PSoC4/cyfitter_cfg.c **** *
   6:Generated_Source\PSoC4/cyfitter_cfg.c **** * Description:
   7:Generated_Source\PSoC4/cyfitter_cfg.c **** * This file contains device initialization code.
   8:Generated_Source\PSoC4/cyfitter_cfg.c **** * Except for the user defined sections in CyClockStartupError(), this file should not be modified.
   9:Generated_Source\PSoC4/cyfitter_cfg.c **** * This file is automatically generated by PSoC Creator.
  10:Generated_Source\PSoC4/cyfitter_cfg.c **** *
  11:Generated_Source\PSoC4/cyfitter_cfg.c **** ********************************************************************************
  12:Generated_Source\PSoC4/cyfitter_cfg.c **** * Copyright (c) 2007-2016 Cypress Semiconductor.  All rights reserved.
  13:Generated_Source\PSoC4/cyfitter_cfg.c **** * You may use this file only in accordance with the license, terms, conditions, 
  14:Generated_Source\PSoC4/cyfitter_cfg.c **** * disclaimers, and limitations in the end user license agreement accompanying 
  15:Generated_Source\PSoC4/cyfitter_cfg.c **** * the software package with which this file was provided.
  16:Generated_Source\PSoC4/cyfitter_cfg.c **** ********************************************************************************/
  17:Generated_Source\PSoC4/cyfitter_cfg.c **** 
  18:Generated_Source\PSoC4/cyfitter_cfg.c **** #include <string.h>
  19:Generated_Source\PSoC4/cyfitter_cfg.c **** #include "cytypes.h"
  20:Generated_Source\PSoC4/cyfitter_cfg.c **** #include "cydevice_trm.h"
  21:Generated_Source\PSoC4/cyfitter_cfg.c **** #include "cyfitter.h"
  22:Generated_Source\PSoC4/cyfitter_cfg.c **** #include "CyLib.h"
  23:Generated_Source\PSoC4/cyfitter_cfg.c **** #include "CyLFClk.h"
  24:Generated_Source\PSoC4/cyfitter_cfg.c **** #include "cyfitter_cfg.h"
  25:Generated_Source\PSoC4/cyfitter_cfg.c **** #include "cyapicallbacks.h"
  26:Generated_Source\PSoC4/cyfitter_cfg.c **** 
  27:Generated_Source\PSoC4/cyfitter_cfg.c **** 
  28:Generated_Source\PSoC4/cyfitter_cfg.c **** #if defined(__GNUC__) || defined(__ARMCC_VERSION)
  29:Generated_Source\PSoC4/cyfitter_cfg.c ****     #define CYPACKED 
  30:Generated_Source\PSoC4/cyfitter_cfg.c ****     #define CYPACKED_ATTR __attribute__ ((packed))
  31:Generated_Source\PSoC4/cyfitter_cfg.c ****     #define CYALIGNED __attribute__ ((aligned))
  32:Generated_Source\PSoC4/cyfitter_cfg.c ****     #define CY_CFG_UNUSED __attribute__ ((unused))
  33:Generated_Source\PSoC4/cyfitter_cfg.c ****     #ifndef CY_CFG_SECTION
ARM GAS  C:\Users\TTSS\AppData\Local\Temp\ccZnyhQU.s 			page 2


  34:Generated_Source\PSoC4/cyfitter_cfg.c ****         #define CY_CFG_SECTION __attribute__ ((section(".psocinit")))
  35:Generated_Source\PSoC4/cyfitter_cfg.c ****     #endif
  36:Generated_Source\PSoC4/cyfitter_cfg.c ****     
  37:Generated_Source\PSoC4/cyfitter_cfg.c ****     #if defined(__ARMCC_VERSION)
  38:Generated_Source\PSoC4/cyfitter_cfg.c ****         #define CY_CFG_MEMORY_BARRIER() __memory_changed()
  39:Generated_Source\PSoC4/cyfitter_cfg.c ****     #else
  40:Generated_Source\PSoC4/cyfitter_cfg.c ****         #define CY_CFG_MEMORY_BARRIER() __sync_synchronize()
  41:Generated_Source\PSoC4/cyfitter_cfg.c ****     #endif
  42:Generated_Source\PSoC4/cyfitter_cfg.c ****     
  43:Generated_Source\PSoC4/cyfitter_cfg.c **** #elif defined(__ICCARM__)
  44:Generated_Source\PSoC4/cyfitter_cfg.c ****     #include <intrinsics.h>
  45:Generated_Source\PSoC4/cyfitter_cfg.c **** 
  46:Generated_Source\PSoC4/cyfitter_cfg.c ****     #define CYPACKED __packed
  47:Generated_Source\PSoC4/cyfitter_cfg.c ****     #define CYPACKED_ATTR 
  48:Generated_Source\PSoC4/cyfitter_cfg.c ****     #define CYALIGNED _Pragma("data_alignment=4")
  49:Generated_Source\PSoC4/cyfitter_cfg.c ****     #define CY_CFG_UNUSED _Pragma("diag_suppress=Pe177")
  50:Generated_Source\PSoC4/cyfitter_cfg.c ****     #define CY_CFG_SECTION _Pragma("location=\".psocinit\"")
  51:Generated_Source\PSoC4/cyfitter_cfg.c ****     
  52:Generated_Source\PSoC4/cyfitter_cfg.c ****     #define CY_CFG_MEMORY_BARRIER() __DMB()
  53:Generated_Source\PSoC4/cyfitter_cfg.c ****     
  54:Generated_Source\PSoC4/cyfitter_cfg.c **** #else
  55:Generated_Source\PSoC4/cyfitter_cfg.c ****     #error Unsupported toolchain
  56:Generated_Source\PSoC4/cyfitter_cfg.c **** #endif
  57:Generated_Source\PSoC4/cyfitter_cfg.c **** 
  58:Generated_Source\PSoC4/cyfitter_cfg.c **** 
  59:Generated_Source\PSoC4/cyfitter_cfg.c **** CY_CFG_UNUSED
  60:Generated_Source\PSoC4/cyfitter_cfg.c **** static void CYMEMZERO(void *s, size_t n);
  61:Generated_Source\PSoC4/cyfitter_cfg.c **** CY_CFG_UNUSED
  62:Generated_Source\PSoC4/cyfitter_cfg.c **** static void CYMEMZERO(void *s, size_t n)
  63:Generated_Source\PSoC4/cyfitter_cfg.c **** {
  25              		.loc 1 63 0
  26              		.cfi_startproc
  27 0000 80B5     		push	{r7, lr}
  28              		.cfi_def_cfa_offset 8
  29              		.cfi_offset 7, -8
  30              		.cfi_offset 14, -4
  31 0002 82B0     		sub	sp, sp, #8
  32              		.cfi_def_cfa_offset 16
  33 0004 00AF     		add	r7, sp, #0
  34              		.cfi_def_cfa_register 7
  35 0006 7860     		str	r0, [r7, #4]
  36 0008 3960     		str	r1, [r7]
  64:Generated_Source\PSoC4/cyfitter_cfg.c **** 	(void)memset(s, 0, n);
  37              		.loc 1 64 0
  38 000a 7A68     		ldr	r2, [r7, #4]
  39 000c 3B68     		ldr	r3, [r7]
  40 000e 101C     		mov	r0, r2
  41 0010 0021     		mov	r1, #0
  42 0012 1A1C     		mov	r2, r3
  43 0014 FFF7FEFF 		bl	memset
  65:Generated_Source\PSoC4/cyfitter_cfg.c **** }
  44              		.loc 1 65 0
  45 0018 BD46     		mov	sp, r7
  46 001a 02B0     		add	sp, sp, #8
  47              		@ sp needed
  48 001c 80BD     		pop	{r7, pc}
  49              		.cfi_endproc
ARM GAS  C:\Users\TTSS\AppData\Local\Temp\ccZnyhQU.s 			page 3


  50              	.LFE2:
  51              		.size	CYMEMZERO, .-CYMEMZERO
  52 001e C046     		.section	.text.CYCONFIGCPY,"ax",%progbits
  53              		.align	2
  54              		.code	16
  55              		.thumb_func
  56              		.type	CYCONFIGCPY, %function
  57              	CYCONFIGCPY:
  58              	.LFB3:
  66:Generated_Source\PSoC4/cyfitter_cfg.c **** CY_CFG_UNUSED
  67:Generated_Source\PSoC4/cyfitter_cfg.c **** static void CYCONFIGCPY(void *dest, const void *src, size_t n);
  68:Generated_Source\PSoC4/cyfitter_cfg.c **** CY_CFG_UNUSED
  69:Generated_Source\PSoC4/cyfitter_cfg.c **** static void CYCONFIGCPY(void *dest, const void *src, size_t n)
  70:Generated_Source\PSoC4/cyfitter_cfg.c **** {
  59              		.loc 1 70 0
  60              		.cfi_startproc
  61 0000 80B5     		push	{r7, lr}
  62              		.cfi_def_cfa_offset 8
  63              		.cfi_offset 7, -8
  64              		.cfi_offset 14, -4
  65 0002 84B0     		sub	sp, sp, #16
  66              		.cfi_def_cfa_offset 24
  67 0004 00AF     		add	r7, sp, #0
  68              		.cfi_def_cfa_register 7
  69 0006 F860     		str	r0, [r7, #12]
  70 0008 B960     		str	r1, [r7, #8]
  71 000a 7A60     		str	r2, [r7, #4]
  71:Generated_Source\PSoC4/cyfitter_cfg.c **** 	(void)memcpy(dest, src, n);
  72              		.loc 1 71 0
  73 000c F968     		ldr	r1, [r7, #12]
  74 000e BA68     		ldr	r2, [r7, #8]
  75 0010 7B68     		ldr	r3, [r7, #4]
  76 0012 081C     		mov	r0, r1
  77 0014 111C     		mov	r1, r2
  78 0016 1A1C     		mov	r2, r3
  79 0018 FFF7FEFF 		bl	memcpy
  72:Generated_Source\PSoC4/cyfitter_cfg.c **** }
  80              		.loc 1 72 0
  81 001c BD46     		mov	sp, r7
  82 001e 04B0     		add	sp, sp, #16
  83              		@ sp needed
  84 0020 80BD     		pop	{r7, pc}
  85              		.cfi_endproc
  86              	.LFE3:
  87              		.size	CYCONFIGCPY, .-CYCONFIGCPY
  88 0022 C046     		.section	.text.CYCONFIGCPYCODE,"ax",%progbits
  89              		.align	2
  90              		.code	16
  91              		.thumb_func
  92              		.type	CYCONFIGCPYCODE, %function
  93              	CYCONFIGCPYCODE:
  94              	.LFB4:
  73:Generated_Source\PSoC4/cyfitter_cfg.c **** CY_CFG_UNUSED
  74:Generated_Source\PSoC4/cyfitter_cfg.c **** static void CYCONFIGCPYCODE(void *dest, const void *src, size_t n);
  75:Generated_Source\PSoC4/cyfitter_cfg.c **** CY_CFG_UNUSED
  76:Generated_Source\PSoC4/cyfitter_cfg.c **** static void CYCONFIGCPYCODE(void *dest, const void *src, size_t n)
  77:Generated_Source\PSoC4/cyfitter_cfg.c **** {
ARM GAS  C:\Users\TTSS\AppData\Local\Temp\ccZnyhQU.s 			page 4


  95              		.loc 1 77 0
  96              		.cfi_startproc
  97 0000 80B5     		push	{r7, lr}
  98              		.cfi_def_cfa_offset 8
  99              		.cfi_offset 7, -8
 100              		.cfi_offset 14, -4
 101 0002 84B0     		sub	sp, sp, #16
 102              		.cfi_def_cfa_offset 24
 103 0004 00AF     		add	r7, sp, #0
 104              		.cfi_def_cfa_register 7
 105 0006 F860     		str	r0, [r7, #12]
 106 0008 B960     		str	r1, [r7, #8]
 107 000a 7A60     		str	r2, [r7, #4]
  78:Generated_Source\PSoC4/cyfitter_cfg.c **** 	(void)memcpy(dest, src, n);
 108              		.loc 1 78 0
 109 000c F968     		ldr	r1, [r7, #12]
 110 000e BA68     		ldr	r2, [r7, #8]
 111 0010 7B68     		ldr	r3, [r7, #4]
 112 0012 081C     		mov	r0, r1
 113 0014 111C     		mov	r1, r2
 114 0016 1A1C     		mov	r2, r3
 115 0018 FFF7FEFF 		bl	memcpy
  79:Generated_Source\PSoC4/cyfitter_cfg.c **** }
 116              		.loc 1 79 0
 117 001c BD46     		mov	sp, r7
 118 001e 04B0     		add	sp, sp, #16
 119              		@ sp needed
 120 0020 80BD     		pop	{r7, pc}
 121              		.cfi_endproc
 122              	.LFE4:
 123              		.size	CYCONFIGCPYCODE, .-CYCONFIGCPYCODE
 124 0022 C046     		.section	.psocinit,"ax",%progbits
 125              		.align	2
 126              		.code	16
 127              		.thumb_func
 128              		.type	ClockSetup, %function
 129              	ClockSetup:
 130              	.LFB5:
  80:Generated_Source\PSoC4/cyfitter_cfg.c **** 
  81:Generated_Source\PSoC4/cyfitter_cfg.c **** 
  82:Generated_Source\PSoC4/cyfitter_cfg.c **** 
  83:Generated_Source\PSoC4/cyfitter_cfg.c **** 
  84:Generated_Source\PSoC4/cyfitter_cfg.c **** /* Clock startup error codes                                                   */
  85:Generated_Source\PSoC4/cyfitter_cfg.c **** #define CYCLOCKSTART_NO_ERROR    0u
  86:Generated_Source\PSoC4/cyfitter_cfg.c **** #define CYCLOCKSTART_XTAL_ERROR  1u
  87:Generated_Source\PSoC4/cyfitter_cfg.c **** #define CYCLOCKSTART_32KHZ_ERROR 2u
  88:Generated_Source\PSoC4/cyfitter_cfg.c **** #define CYCLOCKSTART_PLL_ERROR   3u
  89:Generated_Source\PSoC4/cyfitter_cfg.c **** 
  90:Generated_Source\PSoC4/cyfitter_cfg.c **** 
  91:Generated_Source\PSoC4/cyfitter_cfg.c **** #ifdef CY_NEED_CYCLOCKSTARTUPERROR
  92:Generated_Source\PSoC4/cyfitter_cfg.c **** /*******************************************************************************
  93:Generated_Source\PSoC4/cyfitter_cfg.c **** * Function Name: CyClockStartupError
  94:Generated_Source\PSoC4/cyfitter_cfg.c **** ********************************************************************************
  95:Generated_Source\PSoC4/cyfitter_cfg.c **** * Summary:
  96:Generated_Source\PSoC4/cyfitter_cfg.c **** *  If an error is encountered during clock configuration (crystal startup error,
  97:Generated_Source\PSoC4/cyfitter_cfg.c **** *  PLL lock error, etc.), the system will end up here.  Unless reimplemented by
  98:Generated_Source\PSoC4/cyfitter_cfg.c **** *  the customer, this function will stop in an infinite loop.
ARM GAS  C:\Users\TTSS\AppData\Local\Temp\ccZnyhQU.s 			page 5


  99:Generated_Source\PSoC4/cyfitter_cfg.c **** *
 100:Generated_Source\PSoC4/cyfitter_cfg.c **** * Parameters:
 101:Generated_Source\PSoC4/cyfitter_cfg.c **** *   void
 102:Generated_Source\PSoC4/cyfitter_cfg.c **** *
 103:Generated_Source\PSoC4/cyfitter_cfg.c **** * Return:
 104:Generated_Source\PSoC4/cyfitter_cfg.c **** *   void
 105:Generated_Source\PSoC4/cyfitter_cfg.c **** *
 106:Generated_Source\PSoC4/cyfitter_cfg.c **** *******************************************************************************/
 107:Generated_Source\PSoC4/cyfitter_cfg.c **** CY_CFG_UNUSED
 108:Generated_Source\PSoC4/cyfitter_cfg.c **** static void CyClockStartupError(uint8 errorCode);
 109:Generated_Source\PSoC4/cyfitter_cfg.c **** CY_CFG_UNUSED
 110:Generated_Source\PSoC4/cyfitter_cfg.c **** static void CyClockStartupError(uint8 errorCode)
 111:Generated_Source\PSoC4/cyfitter_cfg.c **** {
 112:Generated_Source\PSoC4/cyfitter_cfg.c ****     /* To remove the compiler warning if errorCode not used.                */
 113:Generated_Source\PSoC4/cyfitter_cfg.c ****     errorCode = errorCode;
 114:Generated_Source\PSoC4/cyfitter_cfg.c **** 
 115:Generated_Source\PSoC4/cyfitter_cfg.c ****     /* If we have a clock startup error (bad MHz crystal, PLL lock, etc.),  */
 116:Generated_Source\PSoC4/cyfitter_cfg.c ****     /* we will end up here to allow the customer to implement something to  */
 117:Generated_Source\PSoC4/cyfitter_cfg.c ****     /* deal with the clock condition.                                       */
 118:Generated_Source\PSoC4/cyfitter_cfg.c **** 
 119:Generated_Source\PSoC4/cyfitter_cfg.c **** #ifdef CY_CFG_CLOCK_STARTUP_ERROR_CALLBACK
 120:Generated_Source\PSoC4/cyfitter_cfg.c **** 	CY_CFG_Clock_Startup_ErrorCallback();
 121:Generated_Source\PSoC4/cyfitter_cfg.c **** #else
 122:Generated_Source\PSoC4/cyfitter_cfg.c **** 	/*  If not using CY_CFG_CLOCK_STARTUP_ERROR_CALLBACK, place your clock startup code here. */
 123:Generated_Source\PSoC4/cyfitter_cfg.c ****     /* `#START CyClockStartupError` */
 124:Generated_Source\PSoC4/cyfitter_cfg.c **** 
 125:Generated_Source\PSoC4/cyfitter_cfg.c ****     /* If we have a clock startup error (bad MHz crystal, PLL lock, etc.),  */
 126:Generated_Source\PSoC4/cyfitter_cfg.c ****     /* we will end up here to allow the customer to implement something to  */
 127:Generated_Source\PSoC4/cyfitter_cfg.c ****     /* deal with the clock condition.                                       */
 128:Generated_Source\PSoC4/cyfitter_cfg.c **** 
 129:Generated_Source\PSoC4/cyfitter_cfg.c ****     /* `#END` */
 130:Generated_Source\PSoC4/cyfitter_cfg.c **** 
 131:Generated_Source\PSoC4/cyfitter_cfg.c ****     /* If nothing else, stop here since the clocks have not started         */
 132:Generated_Source\PSoC4/cyfitter_cfg.c ****     /* correctly.                                                           */
 133:Generated_Source\PSoC4/cyfitter_cfg.c ****     while(1) {}
 134:Generated_Source\PSoC4/cyfitter_cfg.c **** #endif /* CY_CFG_CLOCK_STARTUP_ERROR_CALLBACK */ 
 135:Generated_Source\PSoC4/cyfitter_cfg.c **** }
 136:Generated_Source\PSoC4/cyfitter_cfg.c **** #endif
 137:Generated_Source\PSoC4/cyfitter_cfg.c **** 
 138:Generated_Source\PSoC4/cyfitter_cfg.c **** 
 139:Generated_Source\PSoC4/cyfitter_cfg.c **** 
 140:Generated_Source\PSoC4/cyfitter_cfg.c **** /*******************************************************************************
 141:Generated_Source\PSoC4/cyfitter_cfg.c **** * Function Name: ClockSetup
 142:Generated_Source\PSoC4/cyfitter_cfg.c **** ********************************************************************************
 143:Generated_Source\PSoC4/cyfitter_cfg.c **** *
 144:Generated_Source\PSoC4/cyfitter_cfg.c **** * Summary:
 145:Generated_Source\PSoC4/cyfitter_cfg.c **** *   Performs the initialization of all of the clocks in the device based on the
 146:Generated_Source\PSoC4/cyfitter_cfg.c **** *   settings in the Clock tab of the DWR.  This includes enabling the requested
 147:Generated_Source\PSoC4/cyfitter_cfg.c **** *   clocks and setting the necessary dividers to produce the desired frequency. 
 148:Generated_Source\PSoC4/cyfitter_cfg.c **** *
 149:Generated_Source\PSoC4/cyfitter_cfg.c **** * Parameters:
 150:Generated_Source\PSoC4/cyfitter_cfg.c **** *   void
 151:Generated_Source\PSoC4/cyfitter_cfg.c **** *
 152:Generated_Source\PSoC4/cyfitter_cfg.c **** * Return:
 153:Generated_Source\PSoC4/cyfitter_cfg.c **** *   void
 154:Generated_Source\PSoC4/cyfitter_cfg.c **** *
 155:Generated_Source\PSoC4/cyfitter_cfg.c **** *******************************************************************************/
ARM GAS  C:\Users\TTSS\AppData\Local\Temp\ccZnyhQU.s 			page 6


 156:Generated_Source\PSoC4/cyfitter_cfg.c **** static void ClockSetup(void);
 157:Generated_Source\PSoC4/cyfitter_cfg.c **** CY_CFG_SECTION
 158:Generated_Source\PSoC4/cyfitter_cfg.c **** static void ClockSetup(void)
 159:Generated_Source\PSoC4/cyfitter_cfg.c **** {
 131              		.loc 1 159 0
 132              		.cfi_startproc
 133 0000 80B5     		push	{r7, lr}
 134              		.cfi_def_cfa_offset 8
 135              		.cfi_offset 7, -8
 136              		.cfi_offset 14, -4
 137 0002 00AF     		add	r7, sp, #0
 138              		.cfi_def_cfa_register 7
 160:Generated_Source\PSoC4/cyfitter_cfg.c **** 
 161:Generated_Source\PSoC4/cyfitter_cfg.c **** 	/* Set Flash Cycles based on max possible frequency in case a glitch occurs during ClockSetup(). *
 162:Generated_Source\PSoC4/cyfitter_cfg.c **** 	CY_SET_REG32((void CYXDATA *)(CYREG_CPUSS_FLASH_CTL), (0x0012u));
 139              		.loc 1 162 0
 140 0004 234B     		ldr	r3, .L5
 141 0006 1222     		mov	r2, #18
 142 0008 1A60     		str	r2, [r3]
 163:Generated_Source\PSoC4/cyfitter_cfg.c **** 
 164:Generated_Source\PSoC4/cyfitter_cfg.c **** 	/* Start the WCO */
 165:Generated_Source\PSoC4/cyfitter_cfg.c **** 	CySysClkWcoStart();
 143              		.loc 1 165 0
 144 000a FFF7FEFF 		bl	CySysClkWcoStart
 166:Generated_Source\PSoC4/cyfitter_cfg.c **** 	CyDelayCycles(12000000u); /* WCO may take up to 500ms to start */
 145              		.loc 1 166 0
 146 000e 224B     		ldr	r3, .L5+4
 147 0010 181C     		mov	r0, r3
 148 0012 FFF7FEFF 		bl	CyDelayCycles
 167:Generated_Source\PSoC4/cyfitter_cfg.c **** 	(void)CySysClkWcoSetPowerMode(CY_SYS_CLK_WCO_LPM);    /* Switch to the low power mode */
 149              		.loc 1 167 0
 150 0016 0120     		mov	r0, #1
 151 0018 FFF7FEFF 		bl	CySysClkWcoSetPowerMode
 168:Generated_Source\PSoC4/cyfitter_cfg.c **** 
 169:Generated_Source\PSoC4/cyfitter_cfg.c **** 	/* Setup and trim IMO based on desired frequency. */
 170:Generated_Source\PSoC4/cyfitter_cfg.c **** 	CySysClkWriteImoFreq(48u);
 152              		.loc 1 170 0
 153 001c 3020     		mov	r0, #48
 154 001e FFF7FEFF 		bl	CySysClkWriteImoFreq
 171:Generated_Source\PSoC4/cyfitter_cfg.c **** 	/* CYDEV_CLK_ILO_CONFIG Starting address: CYDEV_CLK_ILO_CONFIG */
 172:Generated_Source\PSoC4/cyfitter_cfg.c **** 	CY_SET_XTND_REG32((void CYFAR *)(CYREG_CLK_ILO_CONFIG), 0x80000006u);
 155              		.loc 1 172 0
 156 0022 1E4B     		ldr	r3, .L5+8
 157 0024 1E4A     		ldr	r2, .L5+12
 158 0026 1A60     		str	r2, [r3]
 173:Generated_Source\PSoC4/cyfitter_cfg.c **** 
 174:Generated_Source\PSoC4/cyfitter_cfg.c **** 	/* CYDEV_WDT_CONFIG Starting address: CYDEV_WDT_CONFIG */
 175:Generated_Source\PSoC4/cyfitter_cfg.c **** 	CY_SET_XTND_REG32((void CYFAR *)(CYREG_WDT_CONFIG), 0x40000000u);
 159              		.loc 1 175 0
 160 0028 1E4B     		ldr	r3, .L5+16
 161 002a 8022     		mov	r2, #128
 162 002c D205     		lsl	r2, r2, #23
 163 002e 1A60     		str	r2, [r3]
 176:Generated_Source\PSoC4/cyfitter_cfg.c **** 
 177:Generated_Source\PSoC4/cyfitter_cfg.c **** 
 178:Generated_Source\PSoC4/cyfitter_cfg.c **** 	/* Enable fast start mode for XO */
 179:Generated_Source\PSoC4/cyfitter_cfg.c **** 	CY_SET_REG32((void*)CYREG_BLE_BLERD_BB_XO, CY_GET_REG32((void*)CYREG_BLE_BLERD_BB_XO) | (uint32)0x
ARM GAS  C:\Users\TTSS\AppData\Local\Temp\ccZnyhQU.s 			page 7


 164              		.loc 1 179 0
 165 0030 1D4B     		ldr	r3, .L5+20
 166 0032 1D4A     		ldr	r2, .L5+20
 167 0034 1268     		ldr	r2, [r2]
 168 0036 0221     		mov	r1, #2
 169 0038 0A43     		orr	r2, r1
 170 003a 1A60     		str	r2, [r3]
 180:Generated_Source\PSoC4/cyfitter_cfg.c **** 	CY_SET_XTND_REG32((void CYFAR *)(CYREG_BLE_BLERD_BB_XO_CAPTRIM), 0x00003E2Du);
 171              		.loc 1 180 0
 172 003c 1B4B     		ldr	r3, .L5+24
 173 003e 1C4A     		ldr	r2, .L5+28
 174 0040 1A60     		str	r2, [r3]
 181:Generated_Source\PSoC4/cyfitter_cfg.c **** 	/*Set XTAL(ECO) divider*/
 182:Generated_Source\PSoC4/cyfitter_cfg.c **** 	CY_SET_XTND_REG32((void CYFAR *)(CYREG_BLE_BLESS_XTAL_CLK_DIV_CONFIG), 0x00000000u);
 175              		.loc 1 182 0
 176 0042 1C4B     		ldr	r3, .L5+32
 177 0044 0022     		mov	r2, #0
 178 0046 1A60     		str	r2, [r3]
 183:Generated_Source\PSoC4/cyfitter_cfg.c **** 	/* Disable Crystal Stable Interrupt before enabling ECO */
 184:Generated_Source\PSoC4/cyfitter_cfg.c **** 	CY_SET_REG32((void*)CYREG_BLE_BLESS_LL_DSM_CTRL, CY_GET_REG32((void*)CYREG_BLE_BLESS_LL_DSM_CTRL) 
 179              		.loc 1 184 0
 180 0048 1B4B     		ldr	r3, .L5+36
 181 004a 1B4A     		ldr	r2, .L5+36
 182 004c 1268     		ldr	r2, [r2]
 183 004e 0821     		mov	r1, #8
 184 0050 8A43     		bic	r2, r1
 185 0052 1A60     		str	r2, [r3]
 185:Generated_Source\PSoC4/cyfitter_cfg.c **** 	/* Start the ECO and do not check status since it is not needed for HFCLK */
 186:Generated_Source\PSoC4/cyfitter_cfg.c **** 	(void)CySysClkEcoStart(2000u);
 186              		.loc 1 186 0
 187 0054 FA23     		mov	r3, #250
 188 0056 DB00     		lsl	r3, r3, #3
 189 0058 181C     		mov	r0, r3
 190 005a FFF7FEFF 		bl	CySysClkEcoStart
 187:Generated_Source\PSoC4/cyfitter_cfg.c **** 	CyDelayUs(1500u); /* Wait to stabalize */
 191              		.loc 1 187 0
 192 005e 174B     		ldr	r3, .L5+40
 193 0060 181C     		mov	r0, r3
 194 0062 FFF7FEFF 		bl	CyDelayUs
 188:Generated_Source\PSoC4/cyfitter_cfg.c **** 
 189:Generated_Source\PSoC4/cyfitter_cfg.c **** 	/* Setup phase aligned clocks */
 190:Generated_Source\PSoC4/cyfitter_cfg.c **** 
 191:Generated_Source\PSoC4/cyfitter_cfg.c **** 	/* CYDEV_CLK_IMO_CONFIG Starting address: CYDEV_CLK_IMO_CONFIG */
 192:Generated_Source\PSoC4/cyfitter_cfg.c **** 	CY_SET_XTND_REG32((void CYFAR *)(CYREG_CLK_IMO_CONFIG), 0x80000000u);
 195              		.loc 1 192 0
 196 0066 164B     		ldr	r3, .L5+44
 197 0068 8022     		mov	r2, #128
 198 006a 1206     		lsl	r2, r2, #24
 199 006c 1A60     		str	r2, [r3]
 193:Generated_Source\PSoC4/cyfitter_cfg.c **** 
 194:Generated_Source\PSoC4/cyfitter_cfg.c **** 	/* CYDEV_CLK_SELECT Starting address: CYDEV_CLK_SELECT */
 195:Generated_Source\PSoC4/cyfitter_cfg.c **** 	CY_SET_XTND_REG32((void CYFAR *)(CYREG_CLK_SELECT), 0x00040000u);
 200              		.loc 1 195 0
 201 006e 154B     		ldr	r3, .L5+48
 202 0070 8022     		mov	r2, #128
 203 0072 D202     		lsl	r2, r2, #11
 204 0074 1A60     		str	r2, [r3]
ARM GAS  C:\Users\TTSS\AppData\Local\Temp\ccZnyhQU.s 			page 8


 196:Generated_Source\PSoC4/cyfitter_cfg.c **** 
 197:Generated_Source\PSoC4/cyfitter_cfg.c **** 	(void)CyIntSetVector(8u, &CySysWdtIsr);
 205              		.loc 1 197 0
 206 0076 144B     		ldr	r3, .L5+52
 207 0078 0820     		mov	r0, #8
 208 007a 191C     		mov	r1, r3
 209 007c FFF7FEFF 		bl	CyIntSetVector
 198:Generated_Source\PSoC4/cyfitter_cfg.c **** 	CyIntEnable(8u);
 210              		.loc 1 198 0
 211 0080 0820     		mov	r0, #8
 212 0082 FFF7FEFF 		bl	CyIntEnable
 199:Generated_Source\PSoC4/cyfitter_cfg.c **** 	CY_SET_XTND_REG32((void CYFAR *)(CYREG_WDT_CONFIG), 0x40000000u);
 213              		.loc 1 199 0
 214 0086 074B     		ldr	r3, .L5+16
 215 0088 8022     		mov	r2, #128
 216 008a D205     		lsl	r2, r2, #23
 217 008c 1A60     		str	r2, [r3]
 200:Generated_Source\PSoC4/cyfitter_cfg.c **** }
 218              		.loc 1 200 0
 219 008e BD46     		mov	sp, r7
 220              		@ sp needed
 221 0090 80BD     		pop	{r7, pc}
 222              	.L6:
 223 0092 C046     		.align	2
 224              	.L5:
 225 0094 30001040 		.word	1074790448
 226 0098 001BB700 		.word	12000000
 227 009c 04010B40 		.word	1074462980
 228 00a0 06000080 		.word	-2147483642
 229 00a4 0C020B40 		.word	1074463244
 230 00a8 78002E40 		.word	1076756600
 231 00ac 7C002E40 		.word	1076756604
 232 00b0 2D3E0000 		.word	15917
 233 00b4 64F02E40 		.word	1076818020
 234 00b8 6CF02E40 		.word	1076818028
 235 00bc DC050000 		.word	1500
 236 00c0 08010B40 		.word	1074462984
 237 00c4 00010B40 		.word	1074462976
 238 00c8 00000000 		.word	CySysWdtIsr
 239              		.cfi_endproc
 240              	.LFE5:
 241              		.size	ClockSetup, .-ClockSetup
 242              		.section	.text.AnalogSetDefault,"ax",%progbits
 243              		.align	2
 244              		.code	16
 245              		.thumb_func
 246              		.type	AnalogSetDefault, %function
 247              	AnalogSetDefault:
 248              	.LFB6:
 201:Generated_Source\PSoC4/cyfitter_cfg.c **** 
 202:Generated_Source\PSoC4/cyfitter_cfg.c **** 
 203:Generated_Source\PSoC4/cyfitter_cfg.c **** /* Analog API Functions */
 204:Generated_Source\PSoC4/cyfitter_cfg.c **** 
 205:Generated_Source\PSoC4/cyfitter_cfg.c **** 
 206:Generated_Source\PSoC4/cyfitter_cfg.c **** /*******************************************************************************
 207:Generated_Source\PSoC4/cyfitter_cfg.c **** * Function Name: AnalogSetDefault
 208:Generated_Source\PSoC4/cyfitter_cfg.c **** ********************************************************************************
ARM GAS  C:\Users\TTSS\AppData\Local\Temp\ccZnyhQU.s 			page 9


 209:Generated_Source\PSoC4/cyfitter_cfg.c **** *
 210:Generated_Source\PSoC4/cyfitter_cfg.c **** * Summary:
 211:Generated_Source\PSoC4/cyfitter_cfg.c **** *  Sets up the analog portions of the chip to default values based on chip
 212:Generated_Source\PSoC4/cyfitter_cfg.c **** *  configuration options from the project.
 213:Generated_Source\PSoC4/cyfitter_cfg.c **** *
 214:Generated_Source\PSoC4/cyfitter_cfg.c **** * Parameters:
 215:Generated_Source\PSoC4/cyfitter_cfg.c **** *  void
 216:Generated_Source\PSoC4/cyfitter_cfg.c **** *
 217:Generated_Source\PSoC4/cyfitter_cfg.c **** * Return:
 218:Generated_Source\PSoC4/cyfitter_cfg.c **** *  void
 219:Generated_Source\PSoC4/cyfitter_cfg.c **** *
 220:Generated_Source\PSoC4/cyfitter_cfg.c **** *******************************************************************************/
 221:Generated_Source\PSoC4/cyfitter_cfg.c **** static void AnalogSetDefault(void);
 222:Generated_Source\PSoC4/cyfitter_cfg.c **** static void AnalogSetDefault(void)
 223:Generated_Source\PSoC4/cyfitter_cfg.c **** {
 249              		.loc 1 223 0
 250              		.cfi_startproc
 251 0000 80B5     		push	{r7, lr}
 252              		.cfi_def_cfa_offset 8
 253              		.cfi_offset 7, -8
 254              		.cfi_offset 14, -4
 255 0002 00AF     		add	r7, sp, #0
 256              		.cfi_def_cfa_register 7
 224:Generated_Source\PSoC4/cyfitter_cfg.c **** 	CY_SET_XTND_REG32((void CYFAR *)CYREG_CTBM0_DFT_CTRL, 0x00000003u);
 257              		.loc 1 224 0
 258 0004 054B     		ldr	r3, .L8
 259 0006 0322     		mov	r2, #3
 260 0008 1A60     		str	r2, [r3]
 225:Generated_Source\PSoC4/cyfitter_cfg.c **** 	CY_SET_XTND_REG32((void CYFAR *)CYREG_CTBM1_DFT_CTRL, 0x00000003u);
 261              		.loc 1 225 0
 262 000a 054B     		ldr	r3, .L8+4
 263 000c 0322     		mov	r2, #3
 264 000e 1A60     		str	r2, [r3]
 226:Generated_Source\PSoC4/cyfitter_cfg.c **** 	CY_SET_XTND_REG32((void CYFAR *)CYREG_PASS_DSAB_DSAB_CTRL, 0x00000000u);
 265              		.loc 1 226 0
 266 0010 044B     		ldr	r3, .L8+8
 267 0012 0022     		mov	r2, #0
 268 0014 1A60     		str	r2, [r3]
 227:Generated_Source\PSoC4/cyfitter_cfg.c **** }
 269              		.loc 1 227 0
 270 0016 BD46     		mov	sp, r7
 271              		@ sp needed
 272 0018 80BD     		pop	{r7, pc}
 273              	.L9:
 274 001a C046     		.align	2
 275              	.L8:
 276 001c 30003040 		.word	1076887600
 277 0020 30003140 		.word	1076953136
 278 0024 000E3F40 		.word	1077874176
 279              		.cfi_endproc
 280              	.LFE6:
 281              		.size	AnalogSetDefault, .-AnalogSetDefault
 282              		.section	.psocinit
 283              		.align	2
 284              		.global	cyfitter_cfg
 285              		.code	16
 286              		.thumb_func
ARM GAS  C:\Users\TTSS\AppData\Local\Temp\ccZnyhQU.s 			page 10


 287              		.type	cyfitter_cfg, %function
 288              	cyfitter_cfg:
 289              	.LFB7:
 228:Generated_Source\PSoC4/cyfitter_cfg.c **** 
 229:Generated_Source\PSoC4/cyfitter_cfg.c **** #define CY_AMUX_UNUSED CYREG_CM0_ROM_DWT
 230:Generated_Source\PSoC4/cyfitter_cfg.c **** 
 231:Generated_Source\PSoC4/cyfitter_cfg.c **** 
 232:Generated_Source\PSoC4/cyfitter_cfg.c **** /*******************************************************************************
 233:Generated_Source\PSoC4/cyfitter_cfg.c **** * Function Name: cyfitter_cfg
 234:Generated_Source\PSoC4/cyfitter_cfg.c **** ********************************************************************************
 235:Generated_Source\PSoC4/cyfitter_cfg.c **** * Summary:
 236:Generated_Source\PSoC4/cyfitter_cfg.c **** *  This function is called by the start-up code for the selected device. It
 237:Generated_Source\PSoC4/cyfitter_cfg.c **** *  performs all of the necessary device configuration based on the design
 238:Generated_Source\PSoC4/cyfitter_cfg.c **** *  settings.  This includes settings from the Design Wide Resources (DWR) such
 239:Generated_Source\PSoC4/cyfitter_cfg.c **** *  as Clocks and Pins as well as any component configuration that is necessary.
 240:Generated_Source\PSoC4/cyfitter_cfg.c **** *
 241:Generated_Source\PSoC4/cyfitter_cfg.c **** * Parameters:  
 242:Generated_Source\PSoC4/cyfitter_cfg.c **** *   void
 243:Generated_Source\PSoC4/cyfitter_cfg.c **** *
 244:Generated_Source\PSoC4/cyfitter_cfg.c **** * Return:
 245:Generated_Source\PSoC4/cyfitter_cfg.c **** *   void
 246:Generated_Source\PSoC4/cyfitter_cfg.c **** *
 247:Generated_Source\PSoC4/cyfitter_cfg.c **** *******************************************************************************/
 248:Generated_Source\PSoC4/cyfitter_cfg.c **** CY_CFG_SECTION
 249:Generated_Source\PSoC4/cyfitter_cfg.c **** void cyfitter_cfg(void)
 250:Generated_Source\PSoC4/cyfitter_cfg.c **** {
 290              		.loc 1 250 0
 291              		.cfi_startproc
 292 00cc 80B5     		push	{r7, lr}
 293              		.cfi_def_cfa_offset 8
 294              		.cfi_offset 7, -8
 295              		.cfi_offset 14, -4
 296 00ce 82B0     		sub	sp, sp, #8
 297              		.cfi_def_cfa_offset 16
 298 00d0 00AF     		add	r7, sp, #0
 299              		.cfi_def_cfa_register 7
 251:Generated_Source\PSoC4/cyfitter_cfg.c **** 	/* Disable interrupts by default. Let user enable if/when they want. */
 252:Generated_Source\PSoC4/cyfitter_cfg.c **** 	CyGlobalIntDisable;
 300              		.loc 1 252 0
 301              	@ 252 "Generated_Source\PSoC4\cyfitter_cfg.c" 1
 302 00d2 72B6     		CPSID   i
 303              	@ 0 "" 2
 253:Generated_Source\PSoC4/cyfitter_cfg.c **** 
 254:Generated_Source\PSoC4/cyfitter_cfg.c **** 	CY_SET_XTND_REG32((void CYFAR *)(CYREG_BLE_BLESS_LL_DSM_CTRL), 0x00000000u);
 304              		.loc 1 254 0
 305              		.code	16
 306 00d4 354B     		ldr	r3, .L13
 307 00d6 0022     		mov	r2, #0
 308 00d8 1A60     		str	r2, [r3]
 309              	.LBB2:
 255:Generated_Source\PSoC4/cyfitter_cfg.c **** 
 256:Generated_Source\PSoC4/cyfitter_cfg.c **** 	{
 257:Generated_Source\PSoC4/cyfitter_cfg.c **** 
 258:Generated_Source\PSoC4/cyfitter_cfg.c **** 		CYPACKED typedef struct {
 259:Generated_Source\PSoC4/cyfitter_cfg.c **** 			void CYFAR *address;
 260:Generated_Source\PSoC4/cyfitter_cfg.c **** 			uint16 size;
 261:Generated_Source\PSoC4/cyfitter_cfg.c **** 		} CYPACKED_ATTR cfg_memset_t;
ARM GAS  C:\Users\TTSS\AppData\Local\Temp\ccZnyhQU.s 			page 11


 262:Generated_Source\PSoC4/cyfitter_cfg.c **** 
 263:Generated_Source\PSoC4/cyfitter_cfg.c **** 		static const cfg_memset_t CYCODE cfg_memset_list [] = {
 264:Generated_Source\PSoC4/cyfitter_cfg.c **** 			/* address, size */
 265:Generated_Source\PSoC4/cyfitter_cfg.c **** 			{(void CYFAR *)(CYDEV_UDB_P0_U0_BASE), 1024u},
 266:Generated_Source\PSoC4/cyfitter_cfg.c **** 			{(void CYFAR *)(CYDEV_UDB_DSI0_BASE), 1024u},
 267:Generated_Source\PSoC4/cyfitter_cfg.c **** 		};
 268:Generated_Source\PSoC4/cyfitter_cfg.c **** 
 269:Generated_Source\PSoC4/cyfitter_cfg.c **** 		uint8 CYDATA i;
 270:Generated_Source\PSoC4/cyfitter_cfg.c **** 
 271:Generated_Source\PSoC4/cyfitter_cfg.c **** 		/* Zero out critical memory blocks before beginning configuration */
 272:Generated_Source\PSoC4/cyfitter_cfg.c **** 		for (i = 0u; i < (sizeof(cfg_memset_list)/sizeof(cfg_memset_list[0])); i++)
 310              		.loc 1 272 0
 311 00da FB1D     		add	r3, r7, #7
 312 00dc 0022     		mov	r2, #0
 313 00de 1A70     		strb	r2, [r3]
 314 00e0 23E0     		b	.L11
 315              	.L12:
 316              	.LBB3:
 273:Generated_Source\PSoC4/cyfitter_cfg.c **** 		{
 274:Generated_Source\PSoC4/cyfitter_cfg.c **** 			const cfg_memset_t CYCODE * CYDATA ms = &cfg_memset_list[i];
 317              		.loc 1 274 0 discriminator 3
 318 00e2 FB1D     		add	r3, r7, #7
 319 00e4 1A78     		ldrb	r2, [r3]
 320 00e6 131C     		mov	r3, r2
 321 00e8 5B00     		lsl	r3, r3, #1
 322 00ea 9B18     		add	r3, r3, r2
 323 00ec 5B00     		lsl	r3, r3, #1
 324 00ee 304A     		ldr	r2, .L13+4
 325 00f0 9B18     		add	r3, r3, r2
 326 00f2 3B60     		str	r3, [r7]
 275:Generated_Source\PSoC4/cyfitter_cfg.c **** 			CYMEMZERO(ms->address, (size_t)(uint32)(ms->size));
 327              		.loc 1 275 0 discriminator 3
 328 00f4 3B68     		ldr	r3, [r7]
 329 00f6 1A78     		ldrb	r2, [r3]
 330 00f8 5978     		ldrb	r1, [r3, #1]
 331 00fa 0902     		lsl	r1, r1, #8
 332 00fc 0A43     		orr	r2, r1
 333 00fe 9978     		ldrb	r1, [r3, #2]
 334 0100 0904     		lsl	r1, r1, #16
 335 0102 0A43     		orr	r2, r1
 336 0104 DB78     		ldrb	r3, [r3, #3]
 337 0106 1B06     		lsl	r3, r3, #24
 338 0108 1343     		orr	r3, r2
 339 010a 191C     		mov	r1, r3
 340 010c 3B68     		ldr	r3, [r7]
 341 010e 1A79     		ldrb	r2, [r3, #4]
 342 0110 5B79     		ldrb	r3, [r3, #5]
 343 0112 1B02     		lsl	r3, r3, #8
 344 0114 1343     		orr	r3, r2
 345 0116 9BB2     		uxth	r3, r3
 346 0118 081C     		mov	r0, r1
 347 011a 191C     		mov	r1, r3
 348 011c FFF7FEFF 		bl	CYMEMZERO
 349              	.LBE3:
 272:Generated_Source\PSoC4/cyfitter_cfg.c **** 		{
 350              		.loc 1 272 0 discriminator 3
 351 0120 FB1D     		add	r3, r7, #7
ARM GAS  C:\Users\TTSS\AppData\Local\Temp\ccZnyhQU.s 			page 12


 352 0122 1A78     		ldrb	r2, [r3]
 353 0124 FB1D     		add	r3, r7, #7
 354 0126 0132     		add	r2, r2, #1
 355 0128 1A70     		strb	r2, [r3]
 356              	.L11:
 272:Generated_Source\PSoC4/cyfitter_cfg.c **** 		{
 357              		.loc 1 272 0 is_stmt 0 discriminator 1
 358 012a FB1D     		add	r3, r7, #7
 359 012c 1B78     		ldrb	r3, [r3]
 360 012e 012B     		cmp	r3, #1
 361 0130 D7D9     		bls	.L12
 276:Generated_Source\PSoC4/cyfitter_cfg.c **** 		}
 277:Generated_Source\PSoC4/cyfitter_cfg.c **** 
 278:Generated_Source\PSoC4/cyfitter_cfg.c **** 		/* HSIOM Starting address: CYDEV_HSIOM_BASE */
 279:Generated_Source\PSoC4/cyfitter_cfg.c **** 		CY_SET_XTND_REG32((void CYFAR *)(CYDEV_HSIOM_BASE), 0xEE000000u);
 362              		.loc 1 279 0 is_stmt 1
 363 0132 204B     		ldr	r3, .L13+8
 364 0134 EE22     		mov	r2, #238
 365 0136 1206     		lsl	r2, r2, #24
 366 0138 1A60     		str	r2, [r3]
 280:Generated_Source\PSoC4/cyfitter_cfg.c **** 
 281:Generated_Source\PSoC4/cyfitter_cfg.c **** 		/* UDB_PA_0 Starting address: CYDEV_UDB_PA0_BASE */
 282:Generated_Source\PSoC4/cyfitter_cfg.c **** 		CY_SET_XTND_REG32((void CYFAR *)(CYDEV_UDB_PA0_BASE), 0x00990000u);
 367              		.loc 1 282 0
 368 013a 1F4B     		ldr	r3, .L13+12
 369 013c 9922     		mov	r2, #153
 370 013e 1204     		lsl	r2, r2, #16
 371 0140 1A60     		str	r2, [r3]
 283:Generated_Source\PSoC4/cyfitter_cfg.c **** 
 284:Generated_Source\PSoC4/cyfitter_cfg.c **** 		/* UDB_PA_1 Starting address: CYDEV_UDB_PA1_BASE */
 285:Generated_Source\PSoC4/cyfitter_cfg.c **** 		CY_SET_XTND_REG32((void CYFAR *)(CYDEV_UDB_PA1_BASE), 0x00990000u);
 372              		.loc 1 285 0
 373 0142 1E4B     		ldr	r3, .L13+16
 374 0144 9922     		mov	r2, #153
 375 0146 1204     		lsl	r2, r2, #16
 376 0148 1A60     		str	r2, [r3]
 286:Generated_Source\PSoC4/cyfitter_cfg.c **** 
 287:Generated_Source\PSoC4/cyfitter_cfg.c **** 		/* UDB_PA_2 Starting address: CYDEV_UDB_PA2_BASE */
 288:Generated_Source\PSoC4/cyfitter_cfg.c **** 		CY_SET_XTND_REG32((void CYFAR *)(CYDEV_UDB_PA2_BASE), 0x00990000u);
 377              		.loc 1 288 0
 378 014a 1D4B     		ldr	r3, .L13+20
 379 014c 9922     		mov	r2, #153
 380 014e 1204     		lsl	r2, r2, #16
 381 0150 1A60     		str	r2, [r3]
 289:Generated_Source\PSoC4/cyfitter_cfg.c **** 
 290:Generated_Source\PSoC4/cyfitter_cfg.c **** 		/* Enable digital routing */
 291:Generated_Source\PSoC4/cyfitter_cfg.c **** 		CY_SET_XTND_REG8((void *)CYREG_UDB_UDBIF_BANK_CTL, CY_GET_XTND_REG8((void *)CYREG_UDB_UDBIF_BANK_
 382              		.loc 1 291 0
 383 0152 1C4A     		ldr	r2, .L13+24
 384 0154 1B4B     		ldr	r3, .L13+24
 385 0156 1B78     		ldrb	r3, [r3]
 386 0158 DBB2     		uxtb	r3, r3
 387 015a 0221     		mov	r1, #2
 388 015c 0B43     		orr	r3, r1
 389 015e DBB2     		uxtb	r3, r3
 390 0160 1370     		strb	r3, [r2]
 292:Generated_Source\PSoC4/cyfitter_cfg.c **** 
ARM GAS  C:\Users\TTSS\AppData\Local\Temp\ccZnyhQU.s 			page 13


 293:Generated_Source\PSoC4/cyfitter_cfg.c **** 		/* Enable UDB array */
 294:Generated_Source\PSoC4/cyfitter_cfg.c **** 		CY_SET_XTND_REG8((void *)CYREG_UDB_UDBIF_WAIT_CFG, (uint8)((CY_GET_XTND_REG8((void *)CYREG_UDB_UD
 391              		.loc 1 294 0
 392 0162 194A     		ldr	r2, .L13+28
 393 0164 184B     		ldr	r3, .L13+28
 394 0166 1B78     		ldrb	r3, [r3]
 395 0168 DBB2     		uxtb	r3, r3
 396 016a 3C21     		mov	r1, #60
 397 016c 8B43     		bic	r3, r1
 398 016e DBB2     		uxtb	r3, r3
 399 0170 1421     		mov	r1, #20
 400 0172 0B43     		orr	r3, r1
 401 0174 DBB2     		uxtb	r3, r3
 402 0176 1370     		strb	r3, [r2]
 295:Generated_Source\PSoC4/cyfitter_cfg.c **** 		CY_SET_XTND_REG8((void *)CYREG_UDB_UDBIF_BANK_CTL, (uint8)(CY_GET_XTND_REG8((void *)CYREG_UDB_UDB
 403              		.loc 1 295 0
 404 0178 124A     		ldr	r2, .L13+24
 405 017a 124B     		ldr	r3, .L13+24
 406 017c 1B78     		ldrb	r3, [r3]
 407 017e DBB2     		uxtb	r3, r3
 408 0180 1621     		mov	r1, #22
 409 0182 0B43     		orr	r3, r1
 410 0184 DBB2     		uxtb	r3, r3
 411 0186 1370     		strb	r3, [r2]
 412              	.LBE2:
 296:Generated_Source\PSoC4/cyfitter_cfg.c **** 	}
 297:Generated_Source\PSoC4/cyfitter_cfg.c **** 
 298:Generated_Source\PSoC4/cyfitter_cfg.c **** 	/* Perform second pass device configuration. These items must be configured in specific order afte
 299:Generated_Source\PSoC4/cyfitter_cfg.c **** 	/* IOPINS0_0 Starting address: CYDEV_GPIO_PRT0_BASE */
 300:Generated_Source\PSoC4/cyfitter_cfg.c **** 	CY_SET_XTND_REG32((void CYFAR *)(CYREG_GPIO_PRT0_PC), 0x00D80000u);
 413              		.loc 1 300 0
 414 0188 104B     		ldr	r3, .L13+32
 415 018a D822     		mov	r2, #216
 416 018c 1204     		lsl	r2, r2, #16
 417 018e 1A60     		str	r2, [r3]
 301:Generated_Source\PSoC4/cyfitter_cfg.c **** 
 302:Generated_Source\PSoC4/cyfitter_cfg.c **** 	/* IOPINS0_1 Starting address: CYDEV_GPIO_PRT1_BASE */
 303:Generated_Source\PSoC4/cyfitter_cfg.c **** 	CY_SET_XTND_REG32((void CYFAR *)(CYREG_GPIO_PRT1_PC), 0x00040000u);
 418              		.loc 1 303 0
 419 0190 0F4B     		ldr	r3, .L13+36
 420 0192 8022     		mov	r2, #128
 421 0194 D202     		lsl	r2, r2, #11
 422 0196 1A60     		str	r2, [r3]
 304:Generated_Source\PSoC4/cyfitter_cfg.c **** 
 305:Generated_Source\PSoC4/cyfitter_cfg.c **** 	/* IOPINS0_2 Starting address: CYDEV_GPIO_PRT2_BASE */
 306:Generated_Source\PSoC4/cyfitter_cfg.c **** 	CY_SET_XTND_REG32((void CYFAR *)(CYREG_GPIO_PRT2_PC), 0x00000030u);
 423              		.loc 1 306 0
 424 0198 0E4B     		ldr	r3, .L13+40
 425 019a 3022     		mov	r2, #48
 426 019c 1A60     		str	r2, [r3]
 307:Generated_Source\PSoC4/cyfitter_cfg.c **** 
 308:Generated_Source\PSoC4/cyfitter_cfg.c **** 
 309:Generated_Source\PSoC4/cyfitter_cfg.c **** 	/* Setup clocks based on selections from Clock DWR */
 310:Generated_Source\PSoC4/cyfitter_cfg.c **** 	ClockSetup();
 427              		.loc 1 310 0
 428 019e FFF72FFF 		bl	ClockSetup
 311:Generated_Source\PSoC4/cyfitter_cfg.c **** 
ARM GAS  C:\Users\TTSS\AppData\Local\Temp\ccZnyhQU.s 			page 14


 312:Generated_Source\PSoC4/cyfitter_cfg.c **** 	/* Perform basic analog initialization to defaults */
 313:Generated_Source\PSoC4/cyfitter_cfg.c **** 	AnalogSetDefault();
 429              		.loc 1 313 0
 430 01a2 FFF7FEFF 		bl	AnalogSetDefault
 314:Generated_Source\PSoC4/cyfitter_cfg.c **** 
 315:Generated_Source\PSoC4/cyfitter_cfg.c **** }
 431              		.loc 1 315 0
 432 01a6 BD46     		mov	sp, r7
 433 01a8 02B0     		add	sp, sp, #8
 434              		@ sp needed
 435 01aa 80BD     		pop	{r7, pc}
 436              	.L14:
 437              		.align	2
 438              	.L13:
 439 01ac 6CF02E40 		.word	1076818028
 440 01b0 00000000 		.word	cfg_memset_list.4742
 441 01b4 00000240 		.word	1073872896
 442 01b8 00500F40 		.word	1074745344
 443 01bc 10500F40 		.word	1074745360
 444 01c0 20500F40 		.word	1074745376
 445 01c4 00700F40 		.word	1074753536
 446 01c8 01700F40 		.word	1074753537
 447 01cc 08000440 		.word	1074003976
 448 01d0 08010440 		.word	1074004232
 449 01d4 08020440 		.word	1074004488
 450              		.cfi_endproc
 451              	.LFE7:
 452              		.size	cyfitter_cfg, .-cyfitter_cfg
 453              		.section	.rodata
 454              		.align	2
 455              		.type	cfg_memset_list.4742, %object
 456              		.size	cfg_memset_list.4742, 12
 457              	cfg_memset_list.4742:
 458 0000 00300F40 		.word	1074737152
 459 0004 0004     		.short	1024
 460 0006 00400F40 		.4byte	1074741248
 461 000a 0004     		.short	1024
 462              		.text
 463              	.Letext0:
 464              		.file 2 "c:\\program files (x86)\\cypress\\psoc creator\\4.0\\psoc creator\\import\\gnu\\arm\\4.9.
 465              		.file 3 "Generated_Source\\PSoC4\\cytypes.h"
 466              		.section	.debug_info,"",%progbits
 467              	.Ldebug_info0:
 468 0000 4D020000 		.4byte	0x24d
 469 0004 0400     		.2byte	0x4
 470 0006 00000000 		.4byte	.Ldebug_abbrev0
 471 000a 04       		.byte	0x4
 472 000b 01       		.uleb128 0x1
 473 000c A5000000 		.4byte	.LASF29
 474 0010 01       		.byte	0x1
 475 0011 07020000 		.4byte	.LASF30
 476 0015 91010000 		.4byte	.LASF31
 477 0019 00000000 		.4byte	.Ldebug_ranges0+0
 478 001d 00000000 		.4byte	0
 479 0021 00000000 		.4byte	.Ldebug_line0
 480 0025 02       		.uleb128 0x2
 481 0026 04       		.byte	0x4
ARM GAS  C:\Users\TTSS\AppData\Local\Temp\ccZnyhQU.s 			page 15


 482 0027 05       		.byte	0x5
 483 0028 696E7400 		.ascii	"int\000"
 484 002c 03       		.uleb128 0x3
 485 002d 06000000 		.4byte	.LASF11
 486 0031 02       		.byte	0x2
 487 0032 D4       		.byte	0xd4
 488 0033 37000000 		.4byte	0x37
 489 0037 04       		.uleb128 0x4
 490 0038 04       		.byte	0x4
 491 0039 07       		.byte	0x7
 492 003a 41010000 		.4byte	.LASF0
 493 003e 04       		.uleb128 0x4
 494 003f 01       		.byte	0x1
 495 0040 06       		.byte	0x6
 496 0041 FB010000 		.4byte	.LASF1
 497 0045 04       		.uleb128 0x4
 498 0046 01       		.byte	0x1
 499 0047 08       		.byte	0x8
 500 0048 83000000 		.4byte	.LASF2
 501 004c 04       		.uleb128 0x4
 502 004d 02       		.byte	0x2
 503 004e 05       		.byte	0x5
 504 004f E3010000 		.4byte	.LASF3
 505 0053 04       		.uleb128 0x4
 506 0054 02       		.byte	0x2
 507 0055 07       		.byte	0x7
 508 0056 39000000 		.4byte	.LASF4
 509 005a 04       		.uleb128 0x4
 510 005b 04       		.byte	0x4
 511 005c 05       		.byte	0x5
 512 005d ED010000 		.4byte	.LASF5
 513 0061 04       		.uleb128 0x4
 514 0062 04       		.byte	0x4
 515 0063 07       		.byte	0x7
 516 0064 61000000 		.4byte	.LASF6
 517 0068 04       		.uleb128 0x4
 518 0069 08       		.byte	0x8
 519 006a 05       		.byte	0x5
 520 006b 83010000 		.4byte	.LASF7
 521 006f 04       		.uleb128 0x4
 522 0070 08       		.byte	0x8
 523 0071 07       		.byte	0x7
 524 0072 56010000 		.4byte	.LASF8
 525 0076 04       		.uleb128 0x4
 526 0077 04       		.byte	0x4
 527 0078 07       		.byte	0x7
 528 0079 7A010000 		.4byte	.LASF9
 529 007d 05       		.uleb128 0x5
 530 007e 04       		.byte	0x4
 531 007f 04       		.uleb128 0x4
 532 0080 01       		.byte	0x1
 533 0081 08       		.byte	0x8
 534 0082 F6010000 		.4byte	.LASF10
 535 0086 06       		.uleb128 0x6
 536 0087 73000000 		.4byte	.LASF12
 537 008b 03       		.byte	0x3
 538 008c 3801     		.2byte	0x138
ARM GAS  C:\Users\TTSS\AppData\Local\Temp\ccZnyhQU.s 			page 16


 539 008e 45000000 		.4byte	0x45
 540 0092 06       		.uleb128 0x6
 541 0093 33010000 		.4byte	.LASF13
 542 0097 03       		.byte	0x3
 543 0098 3901     		.2byte	0x139
 544 009a 53000000 		.4byte	0x53
 545 009e 06       		.uleb128 0x6
 546 009f 3A010000 		.4byte	.LASF14
 547 00a3 03       		.byte	0x3
 548 00a4 3A01     		.2byte	0x13a
 549 00a6 61000000 		.4byte	0x61
 550 00aa 04       		.uleb128 0x4
 551 00ab 04       		.byte	0x4
 552 00ac 04       		.byte	0x4
 553 00ad 4C000000 		.4byte	.LASF15
 554 00b1 04       		.uleb128 0x4
 555 00b2 08       		.byte	0x8
 556 00b3 04       		.byte	0x4
 557 00b4 91000000 		.4byte	.LASF16
 558 00b8 06       		.uleb128 0x6
 559 00b9 5C000000 		.4byte	.LASF17
 560 00bd 03       		.byte	0x3
 561 00be E201     		.2byte	0x1e2
 562 00c0 C4000000 		.4byte	0xc4
 563 00c4 07       		.uleb128 0x7
 564 00c5 86000000 		.4byte	0x86
 565 00c9 06       		.uleb128 0x6
 566 00ca 00000000 		.4byte	.LASF18
 567 00ce 03       		.byte	0x3
 568 00cf E401     		.2byte	0x1e4
 569 00d1 D5000000 		.4byte	0xd5
 570 00d5 07       		.uleb128 0x7
 571 00d6 9E000000 		.4byte	0x9e
 572 00da 08       		.uleb128 0x8
 573 00db 79000000 		.4byte	.LASF19
 574 00df 01       		.byte	0x1
 575 00e0 3E       		.byte	0x3e
 576 00e1 00000000 		.4byte	.LFB2
 577 00e5 1E000000 		.4byte	.LFE2-.LFB2
 578 00e9 01       		.uleb128 0x1
 579 00ea 9C       		.byte	0x9c
 580 00eb 08010000 		.4byte	0x108
 581 00ef 09       		.uleb128 0x9
 582 00f0 7300     		.ascii	"s\000"
 583 00f2 01       		.byte	0x1
 584 00f3 3E       		.byte	0x3e
 585 00f4 7D000000 		.4byte	0x7d
 586 00f8 02       		.uleb128 0x2
 587 00f9 91       		.byte	0x91
 588 00fa 74       		.sleb128 -12
 589 00fb 09       		.uleb128 0x9
 590 00fc 6E00     		.ascii	"n\000"
 591 00fe 01       		.byte	0x1
 592 00ff 3E       		.byte	0x3e
 593 0100 2C000000 		.4byte	0x2c
 594 0104 02       		.uleb128 0x2
 595 0105 91       		.byte	0x91
ARM GAS  C:\Users\TTSS\AppData\Local\Temp\ccZnyhQU.s 			page 17


 596 0106 70       		.sleb128 -16
 597 0107 00       		.byte	0
 598 0108 08       		.uleb128 0x8
 599 0109 3D020000 		.4byte	.LASF20
 600 010d 01       		.byte	0x1
 601 010e 45       		.byte	0x45
 602 010f 00000000 		.4byte	.LFB3
 603 0113 22000000 		.4byte	.LFE3-.LFB3
 604 0117 01       		.uleb128 0x1
 605 0118 9C       		.byte	0x9c
 606 0119 46010000 		.4byte	0x146
 607 011d 0A       		.uleb128 0xa
 608 011e 52000000 		.4byte	.LASF21
 609 0122 01       		.byte	0x1
 610 0123 45       		.byte	0x45
 611 0124 7D000000 		.4byte	0x7d
 612 0128 02       		.uleb128 0x2
 613 0129 91       		.byte	0x91
 614 012a 74       		.sleb128 -12
 615 012b 09       		.uleb128 0x9
 616 012c 73726300 		.ascii	"src\000"
 617 0130 01       		.byte	0x1
 618 0131 45       		.byte	0x45
 619 0132 46010000 		.4byte	0x146
 620 0136 02       		.uleb128 0x2
 621 0137 91       		.byte	0x91
 622 0138 70       		.sleb128 -16
 623 0139 09       		.uleb128 0x9
 624 013a 6E00     		.ascii	"n\000"
 625 013c 01       		.byte	0x1
 626 013d 45       		.byte	0x45
 627 013e 2C000000 		.4byte	0x2c
 628 0142 02       		.uleb128 0x2
 629 0143 91       		.byte	0x91
 630 0144 6C       		.sleb128 -20
 631 0145 00       		.byte	0
 632 0146 0B       		.uleb128 0xb
 633 0147 04       		.byte	0x4
 634 0148 4C010000 		.4byte	0x14c
 635 014c 0C       		.uleb128 0xc
 636 014d 08       		.uleb128 0x8
 637 014e 2D020000 		.4byte	.LASF22
 638 0152 01       		.byte	0x1
 639 0153 4C       		.byte	0x4c
 640 0154 00000000 		.4byte	.LFB4
 641 0158 22000000 		.4byte	.LFE4-.LFB4
 642 015c 01       		.uleb128 0x1
 643 015d 9C       		.byte	0x9c
 644 015e 8B010000 		.4byte	0x18b
 645 0162 0A       		.uleb128 0xa
 646 0163 52000000 		.4byte	.LASF21
 647 0167 01       		.byte	0x1
 648 0168 4C       		.byte	0x4c
 649 0169 7D000000 		.4byte	0x7d
 650 016d 02       		.uleb128 0x2
 651 016e 91       		.byte	0x91
 652 016f 74       		.sleb128 -12
ARM GAS  C:\Users\TTSS\AppData\Local\Temp\ccZnyhQU.s 			page 18


 653 0170 09       		.uleb128 0x9
 654 0171 73726300 		.ascii	"src\000"
 655 0175 01       		.byte	0x1
 656 0176 4C       		.byte	0x4c
 657 0177 46010000 		.4byte	0x146
 658 017b 02       		.uleb128 0x2
 659 017c 91       		.byte	0x91
 660 017d 70       		.sleb128 -16
 661 017e 09       		.uleb128 0x9
 662 017f 6E00     		.ascii	"n\000"
 663 0181 01       		.byte	0x1
 664 0182 4C       		.byte	0x4c
 665 0183 2C000000 		.4byte	0x2c
 666 0187 02       		.uleb128 0x2
 667 0188 91       		.byte	0x91
 668 0189 6C       		.sleb128 -20
 669 018a 00       		.byte	0
 670 018b 0D       		.uleb128 0xd
 671 018c 2E000000 		.4byte	.LASF23
 672 0190 01       		.byte	0x1
 673 0191 9E       		.byte	0x9e
 674 0192 00000000 		.4byte	.LFB5
 675 0196 CC000000 		.4byte	.LFE5-.LFB5
 676 019a 01       		.uleb128 0x1
 677 019b 9C       		.byte	0x9c
 678 019c 0E       		.uleb128 0xe
 679 019d 0D000000 		.4byte	.LASF24
 680 01a1 01       		.byte	0x1
 681 01a2 DE       		.byte	0xde
 682 01a3 00000000 		.4byte	.LFB6
 683 01a7 28000000 		.4byte	.LFE6-.LFB6
 684 01ab 01       		.uleb128 0x1
 685 01ac 9C       		.byte	0x9c
 686 01ad 0F       		.uleb128 0xf
 687 01ae 98000000 		.4byte	.LASF32
 688 01b2 01       		.byte	0x1
 689 01b3 F9       		.byte	0xf9
 690 01b4 CC000000 		.4byte	.LFB7
 691 01b8 0C010000 		.4byte	.LFE7-.LFB7
 692 01bc 01       		.uleb128 0x1
 693 01bd 9C       		.byte	0x9c
 694 01be 10       		.uleb128 0x10
 695 01bf DA000000 		.4byte	.LBB2
 696 01c3 AE000000 		.4byte	.LBE2-.LBB2
 697 01c7 11       		.uleb128 0x11
 698 01c8 06       		.byte	0x6
 699 01c9 01       		.byte	0x1
 700 01ca 0201     		.2byte	0x102
 701 01cc EB010000 		.4byte	0x1eb
 702 01d0 12       		.uleb128 0x12
 703 01d1 4E010000 		.4byte	.LASF25
 704 01d5 01       		.byte	0x1
 705 01d6 0301     		.2byte	0x103
 706 01d8 7D000000 		.4byte	0x7d
 707 01dc 00       		.byte	0
 708 01dd 12       		.uleb128 0x12
 709 01de 57000000 		.4byte	.LASF26
ARM GAS  C:\Users\TTSS\AppData\Local\Temp\ccZnyhQU.s 			page 19


 710 01e2 01       		.byte	0x1
 711 01e3 0401     		.2byte	0x104
 712 01e5 92000000 		.4byte	0x92
 713 01e9 04       		.byte	0x4
 714 01ea 00       		.byte	0
 715 01eb 06       		.uleb128 0x6
 716 01ec 6D010000 		.4byte	.LASF27
 717 01f0 01       		.byte	0x1
 718 01f1 0501     		.2byte	0x105
 719 01f3 C7010000 		.4byte	0x1c7
 720 01f7 13       		.uleb128 0x13
 721 01f8 EB010000 		.4byte	0x1eb
 722 01fc 07020000 		.4byte	0x207
 723 0200 14       		.uleb128 0x14
 724 0201 76000000 		.4byte	0x76
 725 0205 01       		.byte	0x1
 726 0206 00       		.byte	0
 727 0207 15       		.uleb128 0x15
 728 0208 1E000000 		.4byte	.LASF28
 729 020c 01       		.byte	0x1
 730 020d 0701     		.2byte	0x107
 731 020f 19020000 		.4byte	0x219
 732 0213 05       		.uleb128 0x5
 733 0214 03       		.byte	0x3
 734 0215 00000000 		.4byte	cfg_memset_list.4742
 735 0219 16       		.uleb128 0x16
 736 021a F7010000 		.4byte	0x1f7
 737 021e 17       		.uleb128 0x17
 738 021f 6900     		.ascii	"i\000"
 739 0221 01       		.byte	0x1
 740 0222 0D01     		.2byte	0x10d
 741 0224 86000000 		.4byte	0x86
 742 0228 02       		.uleb128 0x2
 743 0229 91       		.byte	0x91
 744 022a 77       		.sleb128 -9
 745 022b 10       		.uleb128 0x10
 746 022c E2000000 		.4byte	.LBB3
 747 0230 3E000000 		.4byte	.LBE3-.LBB3
 748 0234 17       		.uleb128 0x17
 749 0235 6D7300   		.ascii	"ms\000"
 750 0238 01       		.byte	0x1
 751 0239 1201     		.2byte	0x112
 752 023b 42020000 		.4byte	0x242
 753 023f 02       		.uleb128 0x2
 754 0240 91       		.byte	0x91
 755 0241 70       		.sleb128 -16
 756 0242 0B       		.uleb128 0xb
 757 0243 04       		.byte	0x4
 758 0244 48020000 		.4byte	0x248
 759 0248 16       		.uleb128 0x16
 760 0249 EB010000 		.4byte	0x1eb
 761 024d 00       		.byte	0
 762 024e 00       		.byte	0
 763 024f 00       		.byte	0
 764 0250 00       		.byte	0
 765              		.section	.debug_abbrev,"",%progbits
 766              	.Ldebug_abbrev0:
ARM GAS  C:\Users\TTSS\AppData\Local\Temp\ccZnyhQU.s 			page 20


 767 0000 01       		.uleb128 0x1
 768 0001 11       		.uleb128 0x11
 769 0002 01       		.byte	0x1
 770 0003 25       		.uleb128 0x25
 771 0004 0E       		.uleb128 0xe
 772 0005 13       		.uleb128 0x13
 773 0006 0B       		.uleb128 0xb
 774 0007 03       		.uleb128 0x3
 775 0008 0E       		.uleb128 0xe
 776 0009 1B       		.uleb128 0x1b
 777 000a 0E       		.uleb128 0xe
 778 000b 55       		.uleb128 0x55
 779 000c 17       		.uleb128 0x17
 780 000d 11       		.uleb128 0x11
 781 000e 01       		.uleb128 0x1
 782 000f 10       		.uleb128 0x10
 783 0010 17       		.uleb128 0x17
 784 0011 00       		.byte	0
 785 0012 00       		.byte	0
 786 0013 02       		.uleb128 0x2
 787 0014 24       		.uleb128 0x24
 788 0015 00       		.byte	0
 789 0016 0B       		.uleb128 0xb
 790 0017 0B       		.uleb128 0xb
 791 0018 3E       		.uleb128 0x3e
 792 0019 0B       		.uleb128 0xb
 793 001a 03       		.uleb128 0x3
 794 001b 08       		.uleb128 0x8
 795 001c 00       		.byte	0
 796 001d 00       		.byte	0
 797 001e 03       		.uleb128 0x3
 798 001f 16       		.uleb128 0x16
 799 0020 00       		.byte	0
 800 0021 03       		.uleb128 0x3
 801 0022 0E       		.uleb128 0xe
 802 0023 3A       		.uleb128 0x3a
 803 0024 0B       		.uleb128 0xb
 804 0025 3B       		.uleb128 0x3b
 805 0026 0B       		.uleb128 0xb
 806 0027 49       		.uleb128 0x49
 807 0028 13       		.uleb128 0x13
 808 0029 00       		.byte	0
 809 002a 00       		.byte	0
 810 002b 04       		.uleb128 0x4
 811 002c 24       		.uleb128 0x24
 812 002d 00       		.byte	0
 813 002e 0B       		.uleb128 0xb
 814 002f 0B       		.uleb128 0xb
 815 0030 3E       		.uleb128 0x3e
 816 0031 0B       		.uleb128 0xb
 817 0032 03       		.uleb128 0x3
 818 0033 0E       		.uleb128 0xe
 819 0034 00       		.byte	0
 820 0035 00       		.byte	0
 821 0036 05       		.uleb128 0x5
 822 0037 0F       		.uleb128 0xf
 823 0038 00       		.byte	0
ARM GAS  C:\Users\TTSS\AppData\Local\Temp\ccZnyhQU.s 			page 21


 824 0039 0B       		.uleb128 0xb
 825 003a 0B       		.uleb128 0xb
 826 003b 00       		.byte	0
 827 003c 00       		.byte	0
 828 003d 06       		.uleb128 0x6
 829 003e 16       		.uleb128 0x16
 830 003f 00       		.byte	0
 831 0040 03       		.uleb128 0x3
 832 0041 0E       		.uleb128 0xe
 833 0042 3A       		.uleb128 0x3a
 834 0043 0B       		.uleb128 0xb
 835 0044 3B       		.uleb128 0x3b
 836 0045 05       		.uleb128 0x5
 837 0046 49       		.uleb128 0x49
 838 0047 13       		.uleb128 0x13
 839 0048 00       		.byte	0
 840 0049 00       		.byte	0
 841 004a 07       		.uleb128 0x7
 842 004b 35       		.uleb128 0x35
 843 004c 00       		.byte	0
 844 004d 49       		.uleb128 0x49
 845 004e 13       		.uleb128 0x13
 846 004f 00       		.byte	0
 847 0050 00       		.byte	0
 848 0051 08       		.uleb128 0x8
 849 0052 2E       		.uleb128 0x2e
 850 0053 01       		.byte	0x1
 851 0054 03       		.uleb128 0x3
 852 0055 0E       		.uleb128 0xe
 853 0056 3A       		.uleb128 0x3a
 854 0057 0B       		.uleb128 0xb
 855 0058 3B       		.uleb128 0x3b
 856 0059 0B       		.uleb128 0xb
 857 005a 27       		.uleb128 0x27
 858 005b 19       		.uleb128 0x19
 859 005c 11       		.uleb128 0x11
 860 005d 01       		.uleb128 0x1
 861 005e 12       		.uleb128 0x12
 862 005f 06       		.uleb128 0x6
 863 0060 40       		.uleb128 0x40
 864 0061 18       		.uleb128 0x18
 865 0062 9642     		.uleb128 0x2116
 866 0064 19       		.uleb128 0x19
 867 0065 01       		.uleb128 0x1
 868 0066 13       		.uleb128 0x13
 869 0067 00       		.byte	0
 870 0068 00       		.byte	0
 871 0069 09       		.uleb128 0x9
 872 006a 05       		.uleb128 0x5
 873 006b 00       		.byte	0
 874 006c 03       		.uleb128 0x3
 875 006d 08       		.uleb128 0x8
 876 006e 3A       		.uleb128 0x3a
 877 006f 0B       		.uleb128 0xb
 878 0070 3B       		.uleb128 0x3b
 879 0071 0B       		.uleb128 0xb
 880 0072 49       		.uleb128 0x49
ARM GAS  C:\Users\TTSS\AppData\Local\Temp\ccZnyhQU.s 			page 22


 881 0073 13       		.uleb128 0x13
 882 0074 02       		.uleb128 0x2
 883 0075 18       		.uleb128 0x18
 884 0076 00       		.byte	0
 885 0077 00       		.byte	0
 886 0078 0A       		.uleb128 0xa
 887 0079 05       		.uleb128 0x5
 888 007a 00       		.byte	0
 889 007b 03       		.uleb128 0x3
 890 007c 0E       		.uleb128 0xe
 891 007d 3A       		.uleb128 0x3a
 892 007e 0B       		.uleb128 0xb
 893 007f 3B       		.uleb128 0x3b
 894 0080 0B       		.uleb128 0xb
 895 0081 49       		.uleb128 0x49
 896 0082 13       		.uleb128 0x13
 897 0083 02       		.uleb128 0x2
 898 0084 18       		.uleb128 0x18
 899 0085 00       		.byte	0
 900 0086 00       		.byte	0
 901 0087 0B       		.uleb128 0xb
 902 0088 0F       		.uleb128 0xf
 903 0089 00       		.byte	0
 904 008a 0B       		.uleb128 0xb
 905 008b 0B       		.uleb128 0xb
 906 008c 49       		.uleb128 0x49
 907 008d 13       		.uleb128 0x13
 908 008e 00       		.byte	0
 909 008f 00       		.byte	0
 910 0090 0C       		.uleb128 0xc
 911 0091 26       		.uleb128 0x26
 912 0092 00       		.byte	0
 913 0093 00       		.byte	0
 914 0094 00       		.byte	0
 915 0095 0D       		.uleb128 0xd
 916 0096 2E       		.uleb128 0x2e
 917 0097 00       		.byte	0
 918 0098 03       		.uleb128 0x3
 919 0099 0E       		.uleb128 0xe
 920 009a 3A       		.uleb128 0x3a
 921 009b 0B       		.uleb128 0xb
 922 009c 3B       		.uleb128 0x3b
 923 009d 0B       		.uleb128 0xb
 924 009e 27       		.uleb128 0x27
 925 009f 19       		.uleb128 0x19
 926 00a0 11       		.uleb128 0x11
 927 00a1 01       		.uleb128 0x1
 928 00a2 12       		.uleb128 0x12
 929 00a3 06       		.uleb128 0x6
 930 00a4 40       		.uleb128 0x40
 931 00a5 18       		.uleb128 0x18
 932 00a6 9642     		.uleb128 0x2116
 933 00a8 19       		.uleb128 0x19
 934 00a9 00       		.byte	0
 935 00aa 00       		.byte	0
 936 00ab 0E       		.uleb128 0xe
 937 00ac 2E       		.uleb128 0x2e
ARM GAS  C:\Users\TTSS\AppData\Local\Temp\ccZnyhQU.s 			page 23


 938 00ad 00       		.byte	0
 939 00ae 03       		.uleb128 0x3
 940 00af 0E       		.uleb128 0xe
 941 00b0 3A       		.uleb128 0x3a
 942 00b1 0B       		.uleb128 0xb
 943 00b2 3B       		.uleb128 0x3b
 944 00b3 0B       		.uleb128 0xb
 945 00b4 27       		.uleb128 0x27
 946 00b5 19       		.uleb128 0x19
 947 00b6 11       		.uleb128 0x11
 948 00b7 01       		.uleb128 0x1
 949 00b8 12       		.uleb128 0x12
 950 00b9 06       		.uleb128 0x6
 951 00ba 40       		.uleb128 0x40
 952 00bb 18       		.uleb128 0x18
 953 00bc 9742     		.uleb128 0x2117
 954 00be 19       		.uleb128 0x19
 955 00bf 00       		.byte	0
 956 00c0 00       		.byte	0
 957 00c1 0F       		.uleb128 0xf
 958 00c2 2E       		.uleb128 0x2e
 959 00c3 01       		.byte	0x1
 960 00c4 3F       		.uleb128 0x3f
 961 00c5 19       		.uleb128 0x19
 962 00c6 03       		.uleb128 0x3
 963 00c7 0E       		.uleb128 0xe
 964 00c8 3A       		.uleb128 0x3a
 965 00c9 0B       		.uleb128 0xb
 966 00ca 3B       		.uleb128 0x3b
 967 00cb 0B       		.uleb128 0xb
 968 00cc 27       		.uleb128 0x27
 969 00cd 19       		.uleb128 0x19
 970 00ce 11       		.uleb128 0x11
 971 00cf 01       		.uleb128 0x1
 972 00d0 12       		.uleb128 0x12
 973 00d1 06       		.uleb128 0x6
 974 00d2 40       		.uleb128 0x40
 975 00d3 18       		.uleb128 0x18
 976 00d4 9642     		.uleb128 0x2116
 977 00d6 19       		.uleb128 0x19
 978 00d7 00       		.byte	0
 979 00d8 00       		.byte	0
 980 00d9 10       		.uleb128 0x10
 981 00da 0B       		.uleb128 0xb
 982 00db 01       		.byte	0x1
 983 00dc 11       		.uleb128 0x11
 984 00dd 01       		.uleb128 0x1
 985 00de 12       		.uleb128 0x12
 986 00df 06       		.uleb128 0x6
 987 00e0 00       		.byte	0
 988 00e1 00       		.byte	0
 989 00e2 11       		.uleb128 0x11
 990 00e3 13       		.uleb128 0x13
 991 00e4 01       		.byte	0x1
 992 00e5 0B       		.uleb128 0xb
 993 00e6 0B       		.uleb128 0xb
 994 00e7 3A       		.uleb128 0x3a
ARM GAS  C:\Users\TTSS\AppData\Local\Temp\ccZnyhQU.s 			page 24


 995 00e8 0B       		.uleb128 0xb
 996 00e9 3B       		.uleb128 0x3b
 997 00ea 05       		.uleb128 0x5
 998 00eb 01       		.uleb128 0x1
 999 00ec 13       		.uleb128 0x13
 1000 00ed 00       		.byte	0
 1001 00ee 00       		.byte	0
 1002 00ef 12       		.uleb128 0x12
 1003 00f0 0D       		.uleb128 0xd
 1004 00f1 00       		.byte	0
 1005 00f2 03       		.uleb128 0x3
 1006 00f3 0E       		.uleb128 0xe
 1007 00f4 3A       		.uleb128 0x3a
 1008 00f5 0B       		.uleb128 0xb
 1009 00f6 3B       		.uleb128 0x3b
 1010 00f7 05       		.uleb128 0x5
 1011 00f8 49       		.uleb128 0x49
 1012 00f9 13       		.uleb128 0x13
 1013 00fa 38       		.uleb128 0x38
 1014 00fb 0B       		.uleb128 0xb
 1015 00fc 00       		.byte	0
 1016 00fd 00       		.byte	0
 1017 00fe 13       		.uleb128 0x13
 1018 00ff 01       		.uleb128 0x1
 1019 0100 01       		.byte	0x1
 1020 0101 49       		.uleb128 0x49
 1021 0102 13       		.uleb128 0x13
 1022 0103 01       		.uleb128 0x1
 1023 0104 13       		.uleb128 0x13
 1024 0105 00       		.byte	0
 1025 0106 00       		.byte	0
 1026 0107 14       		.uleb128 0x14
 1027 0108 21       		.uleb128 0x21
 1028 0109 00       		.byte	0
 1029 010a 49       		.uleb128 0x49
 1030 010b 13       		.uleb128 0x13
 1031 010c 2F       		.uleb128 0x2f
 1032 010d 0B       		.uleb128 0xb
 1033 010e 00       		.byte	0
 1034 010f 00       		.byte	0
 1035 0110 15       		.uleb128 0x15
 1036 0111 34       		.uleb128 0x34
 1037 0112 00       		.byte	0
 1038 0113 03       		.uleb128 0x3
 1039 0114 0E       		.uleb128 0xe
 1040 0115 3A       		.uleb128 0x3a
 1041 0116 0B       		.uleb128 0xb
 1042 0117 3B       		.uleb128 0x3b
 1043 0118 05       		.uleb128 0x5
 1044 0119 49       		.uleb128 0x49
 1045 011a 13       		.uleb128 0x13
 1046 011b 02       		.uleb128 0x2
 1047 011c 18       		.uleb128 0x18
 1048 011d 00       		.byte	0
 1049 011e 00       		.byte	0
 1050 011f 16       		.uleb128 0x16
 1051 0120 26       		.uleb128 0x26
ARM GAS  C:\Users\TTSS\AppData\Local\Temp\ccZnyhQU.s 			page 25


 1052 0121 00       		.byte	0
 1053 0122 49       		.uleb128 0x49
 1054 0123 13       		.uleb128 0x13
 1055 0124 00       		.byte	0
 1056 0125 00       		.byte	0
 1057 0126 17       		.uleb128 0x17
 1058 0127 34       		.uleb128 0x34
 1059 0128 00       		.byte	0
 1060 0129 03       		.uleb128 0x3
 1061 012a 08       		.uleb128 0x8
 1062 012b 3A       		.uleb128 0x3a
 1063 012c 0B       		.uleb128 0xb
 1064 012d 3B       		.uleb128 0x3b
 1065 012e 05       		.uleb128 0x5
 1066 012f 49       		.uleb128 0x49
 1067 0130 13       		.uleb128 0x13
 1068 0131 02       		.uleb128 0x2
 1069 0132 18       		.uleb128 0x18
 1070 0133 00       		.byte	0
 1071 0134 00       		.byte	0
 1072 0135 00       		.byte	0
 1073              		.section	.debug_aranges,"",%progbits
 1074 0000 44000000 		.4byte	0x44
 1075 0004 0200     		.2byte	0x2
 1076 0006 00000000 		.4byte	.Ldebug_info0
 1077 000a 04       		.byte	0x4
 1078 000b 00       		.byte	0
 1079 000c 0000     		.2byte	0
 1080 000e 0000     		.2byte	0
 1081 0010 00000000 		.4byte	.LFB2
 1082 0014 1E000000 		.4byte	.LFE2-.LFB2
 1083 0018 00000000 		.4byte	.LFB3
 1084 001c 22000000 		.4byte	.LFE3-.LFB3
 1085 0020 00000000 		.4byte	.LFB4
 1086 0024 22000000 		.4byte	.LFE4-.LFB4
 1087 0028 00000000 		.4byte	.LFB5
 1088 002c CC000000 		.4byte	.LFE5-.LFB5
 1089 0030 00000000 		.4byte	.LFB6
 1090 0034 28000000 		.4byte	.LFE6-.LFB6
 1091 0038 CC000000 		.4byte	.LFB7
 1092 003c 0C010000 		.4byte	.LFE7-.LFB7
 1093 0040 00000000 		.4byte	0
 1094 0044 00000000 		.4byte	0
 1095              		.section	.debug_ranges,"",%progbits
 1096              	.Ldebug_ranges0:
 1097 0000 00000000 		.4byte	.LFB2
 1098 0004 1E000000 		.4byte	.LFE2
 1099 0008 00000000 		.4byte	.LFB3
 1100 000c 22000000 		.4byte	.LFE3
 1101 0010 00000000 		.4byte	.LFB4
 1102 0014 22000000 		.4byte	.LFE4
 1103 0018 00000000 		.4byte	.LFB5
 1104 001c CC000000 		.4byte	.LFE5
 1105 0020 00000000 		.4byte	.LFB6
 1106 0024 28000000 		.4byte	.LFE6
 1107 0028 CC000000 		.4byte	.LFB7
 1108 002c D8010000 		.4byte	.LFE7
ARM GAS  C:\Users\TTSS\AppData\Local\Temp\ccZnyhQU.s 			page 26


 1109 0030 00000000 		.4byte	0
 1110 0034 00000000 		.4byte	0
 1111              		.section	.debug_line,"",%progbits
 1112              	.Ldebug_line0:
 1113 0000 6A010000 		.section	.debug_str,"MS",%progbits,1
 1113      0200CB00 
 1113      00000201 
 1113      FB0E0D00 
 1113      01010101 
 1114              	.LASF18:
 1115 0000 72656733 		.ascii	"reg32\000"
 1115      3200
 1116              	.LASF11:
 1117 0006 73697A65 		.ascii	"size_t\000"
 1117      5F7400
 1118              	.LASF24:
 1119 000d 416E616C 		.ascii	"AnalogSetDefault\000"
 1119      6F675365 
 1119      74446566 
 1119      61756C74 
 1119      00
 1120              	.LASF28:
 1121 001e 6366675F 		.ascii	"cfg_memset_list\000"
 1121      6D656D73 
 1121      65745F6C 
 1121      69737400 
 1122              	.LASF23:
 1123 002e 436C6F63 		.ascii	"ClockSetup\000"
 1123      6B536574 
 1123      757000
 1124              	.LASF4:
 1125 0039 73686F72 		.ascii	"short unsigned int\000"
 1125      7420756E 
 1125      7369676E 
 1125      65642069 
 1125      6E7400
 1126              	.LASF15:
 1127 004c 666C6F61 		.ascii	"float\000"
 1127      7400
 1128              	.LASF21:
 1129 0052 64657374 		.ascii	"dest\000"
 1129      00
 1130              	.LASF26:
 1131 0057 73697A65 		.ascii	"size\000"
 1131      00
 1132              	.LASF17:
 1133 005c 72656738 		.ascii	"reg8\000"
 1133      00
 1134              	.LASF6:
 1135 0061 6C6F6E67 		.ascii	"long unsigned int\000"
 1135      20756E73 
 1135      69676E65 
 1135      6420696E 
 1135      7400
 1136              	.LASF12:
 1137 0073 75696E74 		.ascii	"uint8\000"
 1137      3800
ARM GAS  C:\Users\TTSS\AppData\Local\Temp\ccZnyhQU.s 			page 27


 1138              	.LASF19:
 1139 0079 43594D45 		.ascii	"CYMEMZERO\000"
 1139      4D5A4552 
 1139      4F00
 1140              	.LASF2:
 1141 0083 756E7369 		.ascii	"unsigned char\000"
 1141      676E6564 
 1141      20636861 
 1141      7200
 1142              	.LASF16:
 1143 0091 646F7562 		.ascii	"double\000"
 1143      6C6500
 1144              	.LASF32:
 1145 0098 63796669 		.ascii	"cyfitter_cfg\000"
 1145      74746572 
 1145      5F636667 
 1145      00
 1146              	.LASF29:
 1147 00a5 474E5520 		.ascii	"GNU C 4.9.3 20150303 (release) [ARM/embedded-4_9-br"
 1147      4320342E 
 1147      392E3320 
 1147      32303135 
 1147      30333033 
 1148 00d8 616E6368 		.ascii	"anch revision 221220] -mcpu=cortex-m0 -mthumb -g -O"
 1148      20726576 
 1148      6973696F 
 1148      6E203232 
 1148      31323230 
 1149 010b 30202D66 		.ascii	"0 -ffunction-sections -ffat-lto-objects\000"
 1149      66756E63 
 1149      74696F6E 
 1149      2D736563 
 1149      74696F6E 
 1150              	.LASF13:
 1151 0133 75696E74 		.ascii	"uint16\000"
 1151      313600
 1152              	.LASF14:
 1153 013a 75696E74 		.ascii	"uint32\000"
 1153      333200
 1154              	.LASF0:
 1155 0141 756E7369 		.ascii	"unsigned int\000"
 1155      676E6564 
 1155      20696E74 
 1155      00
 1156              	.LASF25:
 1157 014e 61646472 		.ascii	"address\000"
 1157      65737300 
 1158              	.LASF8:
 1159 0156 6C6F6E67 		.ascii	"long long unsigned int\000"
 1159      206C6F6E 
 1159      6720756E 
 1159      7369676E 
 1159      65642069 
 1160              	.LASF27:
 1161 016d 6366675F 		.ascii	"cfg_memset_t\000"
 1161      6D656D73 
 1161      65745F74 
ARM GAS  C:\Users\TTSS\AppData\Local\Temp\ccZnyhQU.s 			page 28


 1161      00
 1162              	.LASF9:
 1163 017a 73697A65 		.ascii	"sizetype\000"
 1163      74797065 
 1163      00
 1164              	.LASF7:
 1165 0183 6C6F6E67 		.ascii	"long long int\000"
 1165      206C6F6E 
 1165      6720696E 
 1165      7400
 1166              	.LASF31:
 1167 0191 433A5C55 		.ascii	"C:\\Users\\TTSS\\Dropbox\\Projects\\hackAIR\\AirQua"
 1167      73657273 
 1167      5C545453 
 1167      535C4472 
 1167      6F70626F 
 1168 01be 6C697479 		.ascii	"lityBeacons\\PwmLedSensor_PPD42.cydsn\000"
 1168      42656163 
 1168      6F6E735C 
 1168      50776D4C 
 1168      65645365 
 1169              	.LASF3:
 1170 01e3 73686F72 		.ascii	"short int\000"
 1170      7420696E 
 1170      7400
 1171              	.LASF5:
 1172 01ed 6C6F6E67 		.ascii	"long int\000"
 1172      20696E74 
 1172      00
 1173              	.LASF10:
 1174 01f6 63686172 		.ascii	"char\000"
 1174      00
 1175              	.LASF1:
 1176 01fb 7369676E 		.ascii	"signed char\000"
 1176      65642063 
 1176      68617200 
 1177              	.LASF30:
 1178 0207 47656E65 		.ascii	"Generated_Source\\PSoC4\\cyfitter_cfg.c\000"
 1178      72617465 
 1178      645F536F 
 1178      75726365 
 1178      5C50536F 
 1179              	.LASF22:
 1180 022d 4359434F 		.ascii	"CYCONFIGCPYCODE\000"
 1180      4E464947 
 1180      43505943 
 1180      4F444500 
 1181              	.LASF20:
 1182 023d 4359434F 		.ascii	"CYCONFIGCPY\000"
 1182      4E464947 
 1182      43505900 
 1183              		.ident	"GCC: (GNU Tools for ARM Embedded Processors) 4.9.3 20150303 (release) [ARM/embedded-4_9-br
