ARM GAS  C:\Users\TTSS\AppData\Local\Temp\ccArHYCg.s 			page 1


   1              		.syntax unified
   2              		.cpu cortex-m0
   3              		.fpu softvfp
   4              		.eabi_attribute 20, 1
   5              		.eabi_attribute 21, 1
   6              		.eabi_attribute 23, 3
   7              		.eabi_attribute 24, 1
   8              		.eabi_attribute 25, 1
   9              		.eabi_attribute 26, 1
  10              		.eabi_attribute 30, 6
  11              		.eabi_attribute 34, 0
  12              		.eabi_attribute 18, 4
  13              		.thumb
  14              		.syntax unified
  15              		.file	"cyfitter_cfg.c"
  16              		.text
  17              	.Ltext0:
  18              		.cfi_sections	.debug_frame
  19              		.section	.text.CYMEMZERO,"ax",%progbits
  20              		.align	2
  21              		.code	16
  22              		.thumb_func
  23              		.type	CYMEMZERO, %function
  24              	CYMEMZERO:
  25              	.LFB2:
  26              		.file 1 "Generated_Source\\PSoC4\\cyfitter_cfg.c"
   1:Generated_Source\PSoC4/cyfitter_cfg.c **** 
   2:Generated_Source\PSoC4/cyfitter_cfg.c **** /*******************************************************************************
   3:Generated_Source\PSoC4/cyfitter_cfg.c **** * File Name: cyfitter_cfg.c
   4:Generated_Source\PSoC4/cyfitter_cfg.c **** * 
   5:Generated_Source\PSoC4/cyfitter_cfg.c **** * PSoC Creator  4.2
   6:Generated_Source\PSoC4/cyfitter_cfg.c **** *
   7:Generated_Source\PSoC4/cyfitter_cfg.c **** * Description:
   8:Generated_Source\PSoC4/cyfitter_cfg.c **** * This file contains device initialization code.
   9:Generated_Source\PSoC4/cyfitter_cfg.c **** * Except for the user defined sections in CyClockStartupError(), this file should not be modified.
  10:Generated_Source\PSoC4/cyfitter_cfg.c **** * This file is automatically generated by PSoC Creator.
  11:Generated_Source\PSoC4/cyfitter_cfg.c **** *
  12:Generated_Source\PSoC4/cyfitter_cfg.c **** ********************************************************************************
  13:Generated_Source\PSoC4/cyfitter_cfg.c **** * Copyright (c) 2007-2018 Cypress Semiconductor.  All rights reserved.
  14:Generated_Source\PSoC4/cyfitter_cfg.c **** * You may use this file only in accordance with the license, terms, conditions, 
  15:Generated_Source\PSoC4/cyfitter_cfg.c **** * disclaimers, and limitations in the end user license agreement accompanying 
  16:Generated_Source\PSoC4/cyfitter_cfg.c **** * the software package with which this file was provided.
  17:Generated_Source\PSoC4/cyfitter_cfg.c **** ********************************************************************************/
  18:Generated_Source\PSoC4/cyfitter_cfg.c **** 
  19:Generated_Source\PSoC4/cyfitter_cfg.c **** #include <string.h>
  20:Generated_Source\PSoC4/cyfitter_cfg.c **** #include "cytypes.h"
  21:Generated_Source\PSoC4/cyfitter_cfg.c **** #include "cydevice_trm.h"
  22:Generated_Source\PSoC4/cyfitter_cfg.c **** #include "cyfitter.h"
  23:Generated_Source\PSoC4/cyfitter_cfg.c **** #include "CyLib.h"
  24:Generated_Source\PSoC4/cyfitter_cfg.c **** #include "CyLFClk.h"
  25:Generated_Source\PSoC4/cyfitter_cfg.c **** #include "cyfitter_cfg.h"
  26:Generated_Source\PSoC4/cyfitter_cfg.c **** #include "cyapicallbacks.h"
  27:Generated_Source\PSoC4/cyfitter_cfg.c **** 
  28:Generated_Source\PSoC4/cyfitter_cfg.c **** 
  29:Generated_Source\PSoC4/cyfitter_cfg.c **** #if defined(__GNUC__) || defined(__ARMCC_VERSION)
  30:Generated_Source\PSoC4/cyfitter_cfg.c ****     #define CYPACKED 
  31:Generated_Source\PSoC4/cyfitter_cfg.c ****     #define CYPACKED_ATTR __attribute__ ((packed))
ARM GAS  C:\Users\TTSS\AppData\Local\Temp\ccArHYCg.s 			page 2


  32:Generated_Source\PSoC4/cyfitter_cfg.c ****     #define CYALIGNED __attribute__ ((aligned))
  33:Generated_Source\PSoC4/cyfitter_cfg.c ****     #define CY_CFG_UNUSED __attribute__ ((unused))
  34:Generated_Source\PSoC4/cyfitter_cfg.c ****     #ifndef CY_CFG_SECTION
  35:Generated_Source\PSoC4/cyfitter_cfg.c ****         #define CY_CFG_SECTION __attribute__ ((section(".psocinit")))
  36:Generated_Source\PSoC4/cyfitter_cfg.c ****     #endif
  37:Generated_Source\PSoC4/cyfitter_cfg.c ****     
  38:Generated_Source\PSoC4/cyfitter_cfg.c ****     #if defined(__ARMCC_VERSION)
  39:Generated_Source\PSoC4/cyfitter_cfg.c ****         #define CY_CFG_MEMORY_BARRIER() __memory_changed()
  40:Generated_Source\PSoC4/cyfitter_cfg.c ****     #else
  41:Generated_Source\PSoC4/cyfitter_cfg.c ****         #define CY_CFG_MEMORY_BARRIER() __sync_synchronize()
  42:Generated_Source\PSoC4/cyfitter_cfg.c ****     #endif
  43:Generated_Source\PSoC4/cyfitter_cfg.c ****     
  44:Generated_Source\PSoC4/cyfitter_cfg.c **** #elif defined(__ICCARM__)
  45:Generated_Source\PSoC4/cyfitter_cfg.c ****     #include <intrinsics.h>
  46:Generated_Source\PSoC4/cyfitter_cfg.c **** 
  47:Generated_Source\PSoC4/cyfitter_cfg.c ****     #define CYPACKED __packed
  48:Generated_Source\PSoC4/cyfitter_cfg.c ****     #define CYPACKED_ATTR 
  49:Generated_Source\PSoC4/cyfitter_cfg.c ****     #define CYALIGNED _Pragma("data_alignment=4")
  50:Generated_Source\PSoC4/cyfitter_cfg.c ****     #define CY_CFG_UNUSED _Pragma("diag_suppress=Pe177")
  51:Generated_Source\PSoC4/cyfitter_cfg.c ****     #define CY_CFG_SECTION _Pragma("location=\".psocinit\"")
  52:Generated_Source\PSoC4/cyfitter_cfg.c ****     
  53:Generated_Source\PSoC4/cyfitter_cfg.c ****     #define CY_CFG_MEMORY_BARRIER() __DMB()
  54:Generated_Source\PSoC4/cyfitter_cfg.c ****     
  55:Generated_Source\PSoC4/cyfitter_cfg.c **** #else
  56:Generated_Source\PSoC4/cyfitter_cfg.c ****     #error Unsupported toolchain
  57:Generated_Source\PSoC4/cyfitter_cfg.c **** #endif
  58:Generated_Source\PSoC4/cyfitter_cfg.c **** 
  59:Generated_Source\PSoC4/cyfitter_cfg.c **** #ifndef CYCODE
  60:Generated_Source\PSoC4/cyfitter_cfg.c ****     #define CYCODE
  61:Generated_Source\PSoC4/cyfitter_cfg.c **** #endif
  62:Generated_Source\PSoC4/cyfitter_cfg.c **** #ifndef CYDATA
  63:Generated_Source\PSoC4/cyfitter_cfg.c ****     #define CYDATA
  64:Generated_Source\PSoC4/cyfitter_cfg.c **** #endif
  65:Generated_Source\PSoC4/cyfitter_cfg.c **** #ifndef CYFAR
  66:Generated_Source\PSoC4/cyfitter_cfg.c ****     #define CYFAR
  67:Generated_Source\PSoC4/cyfitter_cfg.c **** #endif
  68:Generated_Source\PSoC4/cyfitter_cfg.c **** #ifndef CYXDATA
  69:Generated_Source\PSoC4/cyfitter_cfg.c ****     #define CYXDATA
  70:Generated_Source\PSoC4/cyfitter_cfg.c **** #endif
  71:Generated_Source\PSoC4/cyfitter_cfg.c **** 
  72:Generated_Source\PSoC4/cyfitter_cfg.c **** 
  73:Generated_Source\PSoC4/cyfitter_cfg.c **** CY_CFG_UNUSED
  74:Generated_Source\PSoC4/cyfitter_cfg.c **** static void CYMEMZERO(void *s, size_t n);
  75:Generated_Source\PSoC4/cyfitter_cfg.c **** CY_CFG_UNUSED
  76:Generated_Source\PSoC4/cyfitter_cfg.c **** static void CYMEMZERO(void *s, size_t n)
  77:Generated_Source\PSoC4/cyfitter_cfg.c **** {
  27              		.loc 1 77 0
  28              		.cfi_startproc
  29              		@ args = 0, pretend = 0, frame = 8
  30              		@ frame_needed = 1, uses_anonymous_args = 0
  31 0000 80B5     		push	{r7, lr}
  32              		.cfi_def_cfa_offset 8
  33              		.cfi_offset 7, -8
  34              		.cfi_offset 14, -4
  35 0002 82B0     		sub	sp, sp, #8
  36              		.cfi_def_cfa_offset 16
  37 0004 00AF     		add	r7, sp, #0
ARM GAS  C:\Users\TTSS\AppData\Local\Temp\ccArHYCg.s 			page 3


  38              		.cfi_def_cfa_register 7
  39 0006 7860     		str	r0, [r7, #4]
  40 0008 3960     		str	r1, [r7]
  78:Generated_Source\PSoC4/cyfitter_cfg.c **** 	(void)memset(s, 0, n);
  41              		.loc 1 78 0
  42 000a 3A68     		ldr	r2, [r7]
  43 000c 7B68     		ldr	r3, [r7, #4]
  44 000e 0021     		movs	r1, #0
  45 0010 1800     		movs	r0, r3
  46 0012 FFF7FEFF 		bl	memset
  79:Generated_Source\PSoC4/cyfitter_cfg.c **** }
  47              		.loc 1 79 0
  48 0016 C046     		nop
  49 0018 BD46     		mov	sp, r7
  50 001a 02B0     		add	sp, sp, #8
  51              		@ sp needed
  52 001c 80BD     		pop	{r7, pc}
  53              		.cfi_endproc
  54              	.LFE2:
  55              		.size	CYMEMZERO, .-CYMEMZERO
  56 001e C046     		.section	.text.CYCONFIGCPY,"ax",%progbits
  57              		.align	2
  58              		.code	16
  59              		.thumb_func
  60              		.type	CYCONFIGCPY, %function
  61              	CYCONFIGCPY:
  62              	.LFB3:
  80:Generated_Source\PSoC4/cyfitter_cfg.c **** CY_CFG_UNUSED
  81:Generated_Source\PSoC4/cyfitter_cfg.c **** static void CYCONFIGCPY(void *dest, const void *src, size_t n);
  82:Generated_Source\PSoC4/cyfitter_cfg.c **** CY_CFG_UNUSED
  83:Generated_Source\PSoC4/cyfitter_cfg.c **** static void CYCONFIGCPY(void *dest, const void *src, size_t n)
  84:Generated_Source\PSoC4/cyfitter_cfg.c **** {
  63              		.loc 1 84 0
  64              		.cfi_startproc
  65              		@ args = 0, pretend = 0, frame = 16
  66              		@ frame_needed = 1, uses_anonymous_args = 0
  67 0000 80B5     		push	{r7, lr}
  68              		.cfi_def_cfa_offset 8
  69              		.cfi_offset 7, -8
  70              		.cfi_offset 14, -4
  71 0002 84B0     		sub	sp, sp, #16
  72              		.cfi_def_cfa_offset 24
  73 0004 00AF     		add	r7, sp, #0
  74              		.cfi_def_cfa_register 7
  75 0006 F860     		str	r0, [r7, #12]
  76 0008 B960     		str	r1, [r7, #8]
  77 000a 7A60     		str	r2, [r7, #4]
  85:Generated_Source\PSoC4/cyfitter_cfg.c **** 	(void)memcpy(dest, src, n);
  78              		.loc 1 85 0
  79 000c 7A68     		ldr	r2, [r7, #4]
  80 000e B968     		ldr	r1, [r7, #8]
  81 0010 FB68     		ldr	r3, [r7, #12]
  82 0012 1800     		movs	r0, r3
  83 0014 FFF7FEFF 		bl	memcpy
  86:Generated_Source\PSoC4/cyfitter_cfg.c **** }
  84              		.loc 1 86 0
  85 0018 C046     		nop
ARM GAS  C:\Users\TTSS\AppData\Local\Temp\ccArHYCg.s 			page 4


  86 001a BD46     		mov	sp, r7
  87 001c 04B0     		add	sp, sp, #16
  88              		@ sp needed
  89 001e 80BD     		pop	{r7, pc}
  90              		.cfi_endproc
  91              	.LFE3:
  92              		.size	CYCONFIGCPY, .-CYCONFIGCPY
  93              		.section	.text.CYCONFIGCPYCODE,"ax",%progbits
  94              		.align	2
  95              		.code	16
  96              		.thumb_func
  97              		.type	CYCONFIGCPYCODE, %function
  98              	CYCONFIGCPYCODE:
  99              	.LFB4:
  87:Generated_Source\PSoC4/cyfitter_cfg.c **** CY_CFG_UNUSED
  88:Generated_Source\PSoC4/cyfitter_cfg.c **** static void CYCONFIGCPYCODE(void *dest, const void *src, size_t n);
  89:Generated_Source\PSoC4/cyfitter_cfg.c **** CY_CFG_UNUSED
  90:Generated_Source\PSoC4/cyfitter_cfg.c **** static void CYCONFIGCPYCODE(void *dest, const void *src, size_t n)
  91:Generated_Source\PSoC4/cyfitter_cfg.c **** {
 100              		.loc 1 91 0
 101              		.cfi_startproc
 102              		@ args = 0, pretend = 0, frame = 16
 103              		@ frame_needed = 1, uses_anonymous_args = 0
 104 0000 80B5     		push	{r7, lr}
 105              		.cfi_def_cfa_offset 8
 106              		.cfi_offset 7, -8
 107              		.cfi_offset 14, -4
 108 0002 84B0     		sub	sp, sp, #16
 109              		.cfi_def_cfa_offset 24
 110 0004 00AF     		add	r7, sp, #0
 111              		.cfi_def_cfa_register 7
 112 0006 F860     		str	r0, [r7, #12]
 113 0008 B960     		str	r1, [r7, #8]
 114 000a 7A60     		str	r2, [r7, #4]
  92:Generated_Source\PSoC4/cyfitter_cfg.c **** 	(void)memcpy(dest, src, n);
 115              		.loc 1 92 0
 116 000c 7A68     		ldr	r2, [r7, #4]
 117 000e B968     		ldr	r1, [r7, #8]
 118 0010 FB68     		ldr	r3, [r7, #12]
 119 0012 1800     		movs	r0, r3
 120 0014 FFF7FEFF 		bl	memcpy
  93:Generated_Source\PSoC4/cyfitter_cfg.c **** }
 121              		.loc 1 93 0
 122 0018 C046     		nop
 123 001a BD46     		mov	sp, r7
 124 001c 04B0     		add	sp, sp, #16
 125              		@ sp needed
 126 001e 80BD     		pop	{r7, pc}
 127              		.cfi_endproc
 128              	.LFE4:
 129              		.size	CYCONFIGCPYCODE, .-CYCONFIGCPYCODE
 130              		.section	.psocinit,"ax",%progbits
 131              		.align	2
 132              		.code	16
 133              		.thumb_func
 134              		.type	ClockSetup, %function
 135              	ClockSetup:
ARM GAS  C:\Users\TTSS\AppData\Local\Temp\ccArHYCg.s 			page 5


 136              	.LFB5:
  94:Generated_Source\PSoC4/cyfitter_cfg.c **** 
  95:Generated_Source\PSoC4/cyfitter_cfg.c **** 
  96:Generated_Source\PSoC4/cyfitter_cfg.c **** 
  97:Generated_Source\PSoC4/cyfitter_cfg.c **** 
  98:Generated_Source\PSoC4/cyfitter_cfg.c **** /* Clock startup error codes                                                   */
  99:Generated_Source\PSoC4/cyfitter_cfg.c **** #define CYCLOCKSTART_NO_ERROR    0u
 100:Generated_Source\PSoC4/cyfitter_cfg.c **** #define CYCLOCKSTART_XTAL_ERROR  1u
 101:Generated_Source\PSoC4/cyfitter_cfg.c **** #define CYCLOCKSTART_32KHZ_ERROR 2u
 102:Generated_Source\PSoC4/cyfitter_cfg.c **** #define CYCLOCKSTART_PLL_ERROR   3u
 103:Generated_Source\PSoC4/cyfitter_cfg.c **** #define CYCLOCKSTART_FLL_ERROR   4u
 104:Generated_Source\PSoC4/cyfitter_cfg.c **** #define CYCLOCKSTART_WCO_ERROR   5u
 105:Generated_Source\PSoC4/cyfitter_cfg.c **** 
 106:Generated_Source\PSoC4/cyfitter_cfg.c **** 
 107:Generated_Source\PSoC4/cyfitter_cfg.c **** #ifdef CY_NEED_CYCLOCKSTARTUPERROR
 108:Generated_Source\PSoC4/cyfitter_cfg.c **** /*******************************************************************************
 109:Generated_Source\PSoC4/cyfitter_cfg.c **** * Function Name: CyClockStartupError
 110:Generated_Source\PSoC4/cyfitter_cfg.c **** ********************************************************************************
 111:Generated_Source\PSoC4/cyfitter_cfg.c **** * Summary:
 112:Generated_Source\PSoC4/cyfitter_cfg.c **** *  If an error is encountered during clock configuration (crystal startup error,
 113:Generated_Source\PSoC4/cyfitter_cfg.c **** *  PLL lock error, etc.), the system will end up here.  Unless reimplemented by
 114:Generated_Source\PSoC4/cyfitter_cfg.c **** *  the customer, this function will stop in an infinite loop.
 115:Generated_Source\PSoC4/cyfitter_cfg.c **** *
 116:Generated_Source\PSoC4/cyfitter_cfg.c **** * Parameters:
 117:Generated_Source\PSoC4/cyfitter_cfg.c **** *   void
 118:Generated_Source\PSoC4/cyfitter_cfg.c **** *
 119:Generated_Source\PSoC4/cyfitter_cfg.c **** * Return:
 120:Generated_Source\PSoC4/cyfitter_cfg.c **** *   void
 121:Generated_Source\PSoC4/cyfitter_cfg.c **** *
 122:Generated_Source\PSoC4/cyfitter_cfg.c **** *******************************************************************************/
 123:Generated_Source\PSoC4/cyfitter_cfg.c **** CY_CFG_UNUSED
 124:Generated_Source\PSoC4/cyfitter_cfg.c **** static void CyClockStartupError(uint8 errorCode);
 125:Generated_Source\PSoC4/cyfitter_cfg.c **** CY_CFG_UNUSED
 126:Generated_Source\PSoC4/cyfitter_cfg.c **** static void CyClockStartupError(uint8 errorCode)
 127:Generated_Source\PSoC4/cyfitter_cfg.c **** {
 128:Generated_Source\PSoC4/cyfitter_cfg.c ****     /* To remove the compiler warning if errorCode not used.                */
 129:Generated_Source\PSoC4/cyfitter_cfg.c ****     errorCode = errorCode;
 130:Generated_Source\PSoC4/cyfitter_cfg.c **** 
 131:Generated_Source\PSoC4/cyfitter_cfg.c ****     /* If we have a clock startup error (bad MHz crystal, PLL lock, etc.),  */
 132:Generated_Source\PSoC4/cyfitter_cfg.c ****     /* we will end up here to allow the customer to implement something to  */
 133:Generated_Source\PSoC4/cyfitter_cfg.c ****     /* deal with the clock condition.                                       */
 134:Generated_Source\PSoC4/cyfitter_cfg.c **** 
 135:Generated_Source\PSoC4/cyfitter_cfg.c **** #ifdef CY_CFG_CLOCK_STARTUP_ERROR_CALLBACK
 136:Generated_Source\PSoC4/cyfitter_cfg.c ****     CY_CFG_Clock_Startup_ErrorCallback();
 137:Generated_Source\PSoC4/cyfitter_cfg.c **** #else
 138:Generated_Source\PSoC4/cyfitter_cfg.c ****     /*  If not using CY_CFG_CLOCK_STARTUP_ERROR_CALLBACK, place your clock startup code here. */
 139:Generated_Source\PSoC4/cyfitter_cfg.c ****     /* `#START CyClockStartupError` */
 140:Generated_Source\PSoC4/cyfitter_cfg.c **** 
 141:Generated_Source\PSoC4/cyfitter_cfg.c ****     /* If we have a clock startup error (bad MHz crystal, PLL lock, etc.),  */
 142:Generated_Source\PSoC4/cyfitter_cfg.c ****     /* we will end up here to allow the customer to implement something to  */
 143:Generated_Source\PSoC4/cyfitter_cfg.c ****     /* deal with the clock condition.                                       */
 144:Generated_Source\PSoC4/cyfitter_cfg.c **** 
 145:Generated_Source\PSoC4/cyfitter_cfg.c ****     /* `#END` */
 146:Generated_Source\PSoC4/cyfitter_cfg.c **** 
 147:Generated_Source\PSoC4/cyfitter_cfg.c ****     while(1) {}
 148:Generated_Source\PSoC4/cyfitter_cfg.c **** #endif /* CY_CFG_CLOCK_STARTUP_ERROR_CALLBACK */
 149:Generated_Source\PSoC4/cyfitter_cfg.c **** }
ARM GAS  C:\Users\TTSS\AppData\Local\Temp\ccArHYCg.s 			page 6


 150:Generated_Source\PSoC4/cyfitter_cfg.c **** #endif
 151:Generated_Source\PSoC4/cyfitter_cfg.c **** 
 152:Generated_Source\PSoC4/cyfitter_cfg.c **** 
 153:Generated_Source\PSoC4/cyfitter_cfg.c **** 
 154:Generated_Source\PSoC4/cyfitter_cfg.c **** /*******************************************************************************
 155:Generated_Source\PSoC4/cyfitter_cfg.c **** * Function Name: ClockSetup
 156:Generated_Source\PSoC4/cyfitter_cfg.c **** ********************************************************************************
 157:Generated_Source\PSoC4/cyfitter_cfg.c **** *
 158:Generated_Source\PSoC4/cyfitter_cfg.c **** * Summary:
 159:Generated_Source\PSoC4/cyfitter_cfg.c **** *   Performs the initialization of all of the clocks in the device based on the
 160:Generated_Source\PSoC4/cyfitter_cfg.c **** *   settings in the Clock tab of the DWR.  This includes enabling the requested
 161:Generated_Source\PSoC4/cyfitter_cfg.c **** *   clocks and setting the necessary dividers to produce the desired frequency. 
 162:Generated_Source\PSoC4/cyfitter_cfg.c **** *
 163:Generated_Source\PSoC4/cyfitter_cfg.c **** * Parameters:
 164:Generated_Source\PSoC4/cyfitter_cfg.c **** *   void
 165:Generated_Source\PSoC4/cyfitter_cfg.c **** *
 166:Generated_Source\PSoC4/cyfitter_cfg.c **** * Return:
 167:Generated_Source\PSoC4/cyfitter_cfg.c **** *   void
 168:Generated_Source\PSoC4/cyfitter_cfg.c **** *
 169:Generated_Source\PSoC4/cyfitter_cfg.c **** *******************************************************************************/
 170:Generated_Source\PSoC4/cyfitter_cfg.c **** static void ClockSetup(void);
 171:Generated_Source\PSoC4/cyfitter_cfg.c **** CY_CFG_SECTION
 172:Generated_Source\PSoC4/cyfitter_cfg.c **** static void ClockSetup(void)
 173:Generated_Source\PSoC4/cyfitter_cfg.c **** {
 137              		.loc 1 173 0
 138              		.cfi_startproc
 139              		@ args = 0, pretend = 0, frame = 0
 140              		@ frame_needed = 1, uses_anonymous_args = 0
 141 0000 80B5     		push	{r7, lr}
 142              		.cfi_def_cfa_offset 8
 143              		.cfi_offset 7, -8
 144              		.cfi_offset 14, -4
 145 0002 00AF     		add	r7, sp, #0
 146              		.cfi_def_cfa_register 7
 174:Generated_Source\PSoC4/cyfitter_cfg.c **** 
 175:Generated_Source\PSoC4/cyfitter_cfg.c **** 	/* Set Flash Cycles based on max possible frequency in case a glitch occurs during ClockSetup(). *
 176:Generated_Source\PSoC4/cyfitter_cfg.c **** 	CY_SET_REG32((void CYXDATA *)(CYREG_CPUSS_FLASH_CTL), (0x0012u));
 147              		.loc 1 176 0
 148 0004 234B     		ldr	r3, .L5
 149 0006 1222     		movs	r2, #18
 150 0008 1A60     		str	r2, [r3]
 177:Generated_Source\PSoC4/cyfitter_cfg.c **** 
 178:Generated_Source\PSoC4/cyfitter_cfg.c **** 	/* Start the WCO */
 179:Generated_Source\PSoC4/cyfitter_cfg.c **** 	CySysClkWcoStart();
 151              		.loc 1 179 0
 152 000a FFF7FEFF 		bl	CySysClkWcoStart
 180:Generated_Source\PSoC4/cyfitter_cfg.c **** 	CyDelayCycles(12000000u); /* WCO may take up to 500ms to start */
 153              		.loc 1 180 0
 154 000e 224B     		ldr	r3, .L5+4
 155 0010 1800     		movs	r0, r3
 156 0012 FFF7FEFF 		bl	CyDelayCycles
 181:Generated_Source\PSoC4/cyfitter_cfg.c **** 	(void)CySysClkWcoSetPowerMode(CY_SYS_CLK_WCO_LPM);    /* Switch to the low power mode */
 157              		.loc 1 181 0
 158 0016 0120     		movs	r0, #1
 159 0018 FFF7FEFF 		bl	CySysClkWcoSetPowerMode
 182:Generated_Source\PSoC4/cyfitter_cfg.c **** 
 183:Generated_Source\PSoC4/cyfitter_cfg.c **** 	/* Setup and trim IMO based on desired frequency. */
ARM GAS  C:\Users\TTSS\AppData\Local\Temp\ccArHYCg.s 			page 7


 184:Generated_Source\PSoC4/cyfitter_cfg.c **** 	CySysClkWriteImoFreq(48u);
 160              		.loc 1 184 0
 161 001c 3020     		movs	r0, #48
 162 001e FFF7FEFF 		bl	CySysClkWriteImoFreq
 185:Generated_Source\PSoC4/cyfitter_cfg.c **** 	/* CYDEV_CLK_ILO_CONFIG Starting address: CYDEV_CLK_ILO_CONFIG */
 186:Generated_Source\PSoC4/cyfitter_cfg.c **** 	CY_SET_REG32((void *)(CYREG_CLK_ILO_CONFIG), 0x80000006u);
 163              		.loc 1 186 0
 164 0022 1E4B     		ldr	r3, .L5+8
 165 0024 1E4A     		ldr	r2, .L5+12
 166 0026 1A60     		str	r2, [r3]
 187:Generated_Source\PSoC4/cyfitter_cfg.c **** 
 188:Generated_Source\PSoC4/cyfitter_cfg.c **** 	/* CYDEV_WDT_CONFIG Starting address: CYDEV_WDT_CONFIG */
 189:Generated_Source\PSoC4/cyfitter_cfg.c **** 	CY_SET_REG32((void *)(CYREG_WDT_CONFIG), 0x40000000u);
 167              		.loc 1 189 0
 168 0028 1E4B     		ldr	r3, .L5+16
 169 002a 8022     		movs	r2, #128
 170 002c D205     		lsls	r2, r2, #23
 171 002e 1A60     		str	r2, [r3]
 190:Generated_Source\PSoC4/cyfitter_cfg.c **** 
 191:Generated_Source\PSoC4/cyfitter_cfg.c **** 
 192:Generated_Source\PSoC4/cyfitter_cfg.c **** 	/* Enable fast start mode for XO */
 193:Generated_Source\PSoC4/cyfitter_cfg.c **** 	CY_SET_REG32((void*)CYREG_BLE_BLERD_BB_XO, CY_GET_REG32((void*)CYREG_BLE_BLERD_BB_XO) | (uint32)0x
 172              		.loc 1 193 0
 173 0030 1D4B     		ldr	r3, .L5+20
 174 0032 1D4A     		ldr	r2, .L5+20
 175 0034 1268     		ldr	r2, [r2]
 176 0036 0221     		movs	r1, #2
 177 0038 0A43     		orrs	r2, r1
 178 003a 1A60     		str	r2, [r3]
 194:Generated_Source\PSoC4/cyfitter_cfg.c **** 	CY_SET_REG32((void *)(CYREG_BLE_BLERD_BB_XO_CAPTRIM), 0x00003E2Du);
 179              		.loc 1 194 0
 180 003c 1B4B     		ldr	r3, .L5+24
 181 003e 1C4A     		ldr	r2, .L5+28
 182 0040 1A60     		str	r2, [r3]
 195:Generated_Source\PSoC4/cyfitter_cfg.c **** 	/*Set XTAL(ECO) divider*/
 196:Generated_Source\PSoC4/cyfitter_cfg.c **** 	CY_SET_REG32((void *)(CYREG_BLE_BLESS_XTAL_CLK_DIV_CONFIG), 0x00000000u);
 183              		.loc 1 196 0
 184 0042 1C4B     		ldr	r3, .L5+32
 185 0044 0022     		movs	r2, #0
 186 0046 1A60     		str	r2, [r3]
 197:Generated_Source\PSoC4/cyfitter_cfg.c **** 	/* Disable Crystal Stable Interrupt before enabling ECO */
 198:Generated_Source\PSoC4/cyfitter_cfg.c **** 	CY_SET_REG32((void*)CYREG_BLE_BLESS_LL_DSM_CTRL, CY_GET_REG32((void*)CYREG_BLE_BLESS_LL_DSM_CTRL) 
 187              		.loc 1 198 0
 188 0048 1B4B     		ldr	r3, .L5+36
 189 004a 1B4A     		ldr	r2, .L5+36
 190 004c 1268     		ldr	r2, [r2]
 191 004e 0821     		movs	r1, #8
 192 0050 8A43     		bics	r2, r1
 193 0052 1A60     		str	r2, [r3]
 199:Generated_Source\PSoC4/cyfitter_cfg.c **** 	/* Start the ECO and do not check status since it is not needed for HFCLK */
 200:Generated_Source\PSoC4/cyfitter_cfg.c **** 	(void)CySysClkEcoStart(2000u);
 194              		.loc 1 200 0
 195 0054 FA23     		movs	r3, #250
 196 0056 DB00     		lsls	r3, r3, #3
 197 0058 1800     		movs	r0, r3
 198 005a FFF7FEFF 		bl	CySysClkEcoStart
 201:Generated_Source\PSoC4/cyfitter_cfg.c **** 	CyDelayUs(1500u); /* Wait to stabilize */
ARM GAS  C:\Users\TTSS\AppData\Local\Temp\ccArHYCg.s 			page 8


 199              		.loc 1 201 0
 200 005e 174B     		ldr	r3, .L5+40
 201 0060 1800     		movs	r0, r3
 202 0062 FFF7FEFF 		bl	CyDelayUs
 202:Generated_Source\PSoC4/cyfitter_cfg.c **** 
 203:Generated_Source\PSoC4/cyfitter_cfg.c **** 	/* Setup phase aligned clocks */
 204:Generated_Source\PSoC4/cyfitter_cfg.c **** 
 205:Generated_Source\PSoC4/cyfitter_cfg.c **** 	/* CYDEV_CLK_IMO_CONFIG Starting address: CYDEV_CLK_IMO_CONFIG */
 206:Generated_Source\PSoC4/cyfitter_cfg.c **** 	CY_SET_REG32((void *)(CYREG_CLK_IMO_CONFIG), 0x80000000u);
 203              		.loc 1 206 0
 204 0066 164B     		ldr	r3, .L5+44
 205 0068 8022     		movs	r2, #128
 206 006a 1206     		lsls	r2, r2, #24
 207 006c 1A60     		str	r2, [r3]
 207:Generated_Source\PSoC4/cyfitter_cfg.c **** 
 208:Generated_Source\PSoC4/cyfitter_cfg.c **** 	/* CYDEV_CLK_SELECT Starting address: CYDEV_CLK_SELECT */
 209:Generated_Source\PSoC4/cyfitter_cfg.c **** 	CY_SET_REG32((void *)(CYREG_CLK_SELECT), 0x00040000u);
 208              		.loc 1 209 0
 209 006e 154B     		ldr	r3, .L5+48
 210 0070 8022     		movs	r2, #128
 211 0072 D202     		lsls	r2, r2, #11
 212 0074 1A60     		str	r2, [r3]
 210:Generated_Source\PSoC4/cyfitter_cfg.c **** 
 211:Generated_Source\PSoC4/cyfitter_cfg.c **** 	(void)CyIntSetVector(8u, &CySysWdtIsr);
 213              		.loc 1 211 0
 214 0076 144B     		ldr	r3, .L5+52
 215 0078 1900     		movs	r1, r3
 216 007a 0820     		movs	r0, #8
 217 007c FFF7FEFF 		bl	CyIntSetVector
 212:Generated_Source\PSoC4/cyfitter_cfg.c **** 	CyIntEnable(8u);
 218              		.loc 1 212 0
 219 0080 0820     		movs	r0, #8
 220 0082 FFF7FEFF 		bl	CyIntEnable
 213:Generated_Source\PSoC4/cyfitter_cfg.c **** 	CY_SET_REG32((void *)(CYREG_WDT_CONFIG), 0x40000000u);
 221              		.loc 1 213 0
 222 0086 074B     		ldr	r3, .L5+16
 223 0088 8022     		movs	r2, #128
 224 008a D205     		lsls	r2, r2, #23
 225 008c 1A60     		str	r2, [r3]
 214:Generated_Source\PSoC4/cyfitter_cfg.c **** }
 226              		.loc 1 214 0
 227 008e C046     		nop
 228 0090 BD46     		mov	sp, r7
 229              		@ sp needed
 230 0092 80BD     		pop	{r7, pc}
 231              	.L6:
 232              		.align	2
 233              	.L5:
 234 0094 30001040 		.word	1074790448
 235 0098 001BB700 		.word	12000000
 236 009c 04010B40 		.word	1074462980
 237 00a0 06000080 		.word	-2147483642
 238 00a4 0C020B40 		.word	1074463244
 239 00a8 78002E40 		.word	1076756600
 240 00ac 7C002E40 		.word	1076756604
 241 00b0 2D3E0000 		.word	15917
 242 00b4 64F02E40 		.word	1076818020
ARM GAS  C:\Users\TTSS\AppData\Local\Temp\ccArHYCg.s 			page 9


 243 00b8 6CF02E40 		.word	1076818028
 244 00bc DC050000 		.word	1500
 245 00c0 08010B40 		.word	1074462984
 246 00c4 00010B40 		.word	1074462976
 247 00c8 00000000 		.word	CySysWdtIsr
 248              		.cfi_endproc
 249              	.LFE5:
 250              		.size	ClockSetup, .-ClockSetup
 251              		.section	.text.AnalogSetDefault,"ax",%progbits
 252              		.align	2
 253              		.code	16
 254              		.thumb_func
 255              		.type	AnalogSetDefault, %function
 256              	AnalogSetDefault:
 257              	.LFB6:
 215:Generated_Source\PSoC4/cyfitter_cfg.c **** 
 216:Generated_Source\PSoC4/cyfitter_cfg.c **** 
 217:Generated_Source\PSoC4/cyfitter_cfg.c **** /* Analog API Functions */
 218:Generated_Source\PSoC4/cyfitter_cfg.c **** 
 219:Generated_Source\PSoC4/cyfitter_cfg.c **** 
 220:Generated_Source\PSoC4/cyfitter_cfg.c **** /*******************************************************************************
 221:Generated_Source\PSoC4/cyfitter_cfg.c **** * Function Name: AnalogSetDefault
 222:Generated_Source\PSoC4/cyfitter_cfg.c **** ********************************************************************************
 223:Generated_Source\PSoC4/cyfitter_cfg.c **** *
 224:Generated_Source\PSoC4/cyfitter_cfg.c **** * Summary:
 225:Generated_Source\PSoC4/cyfitter_cfg.c **** *  Sets up the analog portions of the chip to default values based on chip
 226:Generated_Source\PSoC4/cyfitter_cfg.c **** *  configuration options from the project.
 227:Generated_Source\PSoC4/cyfitter_cfg.c **** *
 228:Generated_Source\PSoC4/cyfitter_cfg.c **** * Parameters:
 229:Generated_Source\PSoC4/cyfitter_cfg.c **** *  void
 230:Generated_Source\PSoC4/cyfitter_cfg.c **** *
 231:Generated_Source\PSoC4/cyfitter_cfg.c **** * Return:
 232:Generated_Source\PSoC4/cyfitter_cfg.c **** *  void
 233:Generated_Source\PSoC4/cyfitter_cfg.c **** *
 234:Generated_Source\PSoC4/cyfitter_cfg.c **** *******************************************************************************/
 235:Generated_Source\PSoC4/cyfitter_cfg.c **** static void AnalogSetDefault(void);
 236:Generated_Source\PSoC4/cyfitter_cfg.c **** static void AnalogSetDefault(void)
 237:Generated_Source\PSoC4/cyfitter_cfg.c **** {
 258              		.loc 1 237 0
 259              		.cfi_startproc
 260              		@ args = 0, pretend = 0, frame = 0
 261              		@ frame_needed = 1, uses_anonymous_args = 0
 262 0000 80B5     		push	{r7, lr}
 263              		.cfi_def_cfa_offset 8
 264              		.cfi_offset 7, -8
 265              		.cfi_offset 14, -4
 266 0002 00AF     		add	r7, sp, #0
 267              		.cfi_def_cfa_register 7
 238:Generated_Source\PSoC4/cyfitter_cfg.c **** 	CY_SET_XTND_REG32((void CYFAR *)CYREG_CTBM0_DFT_CTRL, 0x00000003u);
 268              		.loc 1 238 0
 269 0004 054B     		ldr	r3, .L8
 270 0006 0322     		movs	r2, #3
 271 0008 1A60     		str	r2, [r3]
 239:Generated_Source\PSoC4/cyfitter_cfg.c **** 	CY_SET_XTND_REG32((void CYFAR *)CYREG_CTBM1_DFT_CTRL, 0x00000003u);
 272              		.loc 1 239 0
 273 000a 054B     		ldr	r3, .L8+4
 274 000c 0322     		movs	r2, #3
ARM GAS  C:\Users\TTSS\AppData\Local\Temp\ccArHYCg.s 			page 10


 275 000e 1A60     		str	r2, [r3]
 240:Generated_Source\PSoC4/cyfitter_cfg.c **** 	CY_SET_XTND_REG32((void CYFAR *)CYREG_PASS_DSAB_DSAB_CTRL, 0x00000000u);
 276              		.loc 1 240 0
 277 0010 044B     		ldr	r3, .L8+8
 278 0012 0022     		movs	r2, #0
 279 0014 1A60     		str	r2, [r3]
 241:Generated_Source\PSoC4/cyfitter_cfg.c **** }
 280              		.loc 1 241 0
 281 0016 C046     		nop
 282 0018 BD46     		mov	sp, r7
 283              		@ sp needed
 284 001a 80BD     		pop	{r7, pc}
 285              	.L9:
 286              		.align	2
 287              	.L8:
 288 001c 30003040 		.word	1076887600
 289 0020 30003140 		.word	1076953136
 290 0024 000E3F40 		.word	1077874176
 291              		.cfi_endproc
 292              	.LFE6:
 293              		.size	AnalogSetDefault, .-AnalogSetDefault
 294              		.section	.psocinit
 295              		.align	2
 296              		.global	cyfitter_cfg
 297              		.code	16
 298              		.thumb_func
 299              		.type	cyfitter_cfg, %function
 300              	cyfitter_cfg:
 301              	.LFB7:
 242:Generated_Source\PSoC4/cyfitter_cfg.c **** 
 243:Generated_Source\PSoC4/cyfitter_cfg.c **** 
 244:Generated_Source\PSoC4/cyfitter_cfg.c **** 
 245:Generated_Source\PSoC4/cyfitter_cfg.c **** 
 246:Generated_Source\PSoC4/cyfitter_cfg.c **** /*******************************************************************************
 247:Generated_Source\PSoC4/cyfitter_cfg.c **** * Function Name: cyfitter_cfg
 248:Generated_Source\PSoC4/cyfitter_cfg.c **** ********************************************************************************
 249:Generated_Source\PSoC4/cyfitter_cfg.c **** * Summary:
 250:Generated_Source\PSoC4/cyfitter_cfg.c **** *  This function is called by the start-up code for the selected device. It
 251:Generated_Source\PSoC4/cyfitter_cfg.c **** *  performs all of the necessary device configuration based on the design
 252:Generated_Source\PSoC4/cyfitter_cfg.c **** *  settings.  This includes settings from the Design Wide Resources (DWR) such
 253:Generated_Source\PSoC4/cyfitter_cfg.c **** *  as Clocks and Pins as well as any component configuration that is necessary.
 254:Generated_Source\PSoC4/cyfitter_cfg.c **** *
 255:Generated_Source\PSoC4/cyfitter_cfg.c **** * Parameters:
 256:Generated_Source\PSoC4/cyfitter_cfg.c **** *   void
 257:Generated_Source\PSoC4/cyfitter_cfg.c **** *
 258:Generated_Source\PSoC4/cyfitter_cfg.c **** * Return:
 259:Generated_Source\PSoC4/cyfitter_cfg.c **** *   void
 260:Generated_Source\PSoC4/cyfitter_cfg.c **** *
 261:Generated_Source\PSoC4/cyfitter_cfg.c **** *******************************************************************************/
 262:Generated_Source\PSoC4/cyfitter_cfg.c **** CY_CFG_SECTION
 263:Generated_Source\PSoC4/cyfitter_cfg.c **** void cyfitter_cfg(void)
 264:Generated_Source\PSoC4/cyfitter_cfg.c **** {
 302              		.loc 1 264 0
 303              		.cfi_startproc
 304              		@ args = 0, pretend = 0, frame = 8
 305              		@ frame_needed = 1, uses_anonymous_args = 0
 306 00cc 80B5     		push	{r7, lr}
ARM GAS  C:\Users\TTSS\AppData\Local\Temp\ccArHYCg.s 			page 11


 307              		.cfi_def_cfa_offset 8
 308              		.cfi_offset 7, -8
 309              		.cfi_offset 14, -4
 310 00ce 82B0     		sub	sp, sp, #8
 311              		.cfi_def_cfa_offset 16
 312 00d0 00AF     		add	r7, sp, #0
 313              		.cfi_def_cfa_register 7
 265:Generated_Source\PSoC4/cyfitter_cfg.c **** 	/* Disable interrupts by default. Let user enable if/when they want. */
 266:Generated_Source\PSoC4/cyfitter_cfg.c **** 	CyGlobalIntDisable;
 314              		.loc 1 266 0
 315              		.syntax divided
 316              	@ 266 "Generated_Source\PSoC4\cyfitter_cfg.c" 1
 317 00d2 72B6     		CPSID   i
 318              	@ 0 "" 2
 267:Generated_Source\PSoC4/cyfitter_cfg.c **** 
 268:Generated_Source\PSoC4/cyfitter_cfg.c **** 	CY_SET_REG32((void *)(CYREG_BLE_BLESS_LL_DSM_CTRL), 0x00000000u);
 319              		.loc 1 268 0
 320              		.thumb
 321              		.syntax unified
 322 00d4 2C4B     		ldr	r3, .L13
 323 00d6 0022     		movs	r2, #0
 324 00d8 1A60     		str	r2, [r3]
 325              	.LBB2:
 269:Generated_Source\PSoC4/cyfitter_cfg.c **** 
 270:Generated_Source\PSoC4/cyfitter_cfg.c **** 	{
 271:Generated_Source\PSoC4/cyfitter_cfg.c **** 
 272:Generated_Source\PSoC4/cyfitter_cfg.c **** 		CYPACKED typedef struct {
 273:Generated_Source\PSoC4/cyfitter_cfg.c **** 			void CYFAR *address;
 274:Generated_Source\PSoC4/cyfitter_cfg.c **** 			uint16 size;
 275:Generated_Source\PSoC4/cyfitter_cfg.c **** 		} CYPACKED_ATTR cfg_memset_t;
 276:Generated_Source\PSoC4/cyfitter_cfg.c **** 
 277:Generated_Source\PSoC4/cyfitter_cfg.c **** 		static const cfg_memset_t CYCODE cfg_memset_list[] = {
 278:Generated_Source\PSoC4/cyfitter_cfg.c **** 			/* address, size */
 279:Generated_Source\PSoC4/cyfitter_cfg.c **** 			{(void CYFAR *)(CYDEV_UDB_P0_U0_BASE), 1024u},
 280:Generated_Source\PSoC4/cyfitter_cfg.c **** 			{(void CYFAR *)(CYDEV_UDB_DSI0_BASE), 1024u},
 281:Generated_Source\PSoC4/cyfitter_cfg.c **** 		};
 282:Generated_Source\PSoC4/cyfitter_cfg.c **** 
 283:Generated_Source\PSoC4/cyfitter_cfg.c **** 		uint8 CYDATA i;
 284:Generated_Source\PSoC4/cyfitter_cfg.c **** 
 285:Generated_Source\PSoC4/cyfitter_cfg.c **** 		/* Zero out critical memory blocks before beginning configuration */
 286:Generated_Source\PSoC4/cyfitter_cfg.c **** 		for (i = 0u; i < (sizeof(cfg_memset_list)/sizeof(cfg_memset_list[0])); i++)
 326              		.loc 1 286 0
 327 00da FB1D     		adds	r3, r7, #7
 328 00dc 0022     		movs	r2, #0
 329 00de 1A70     		strb	r2, [r3]
 330 00e0 22E0     		b	.L11
 331              	.L12:
 332              	.LBB3:
 287:Generated_Source\PSoC4/cyfitter_cfg.c **** 		{
 288:Generated_Source\PSoC4/cyfitter_cfg.c **** 			const cfg_memset_t CYCODE * CYDATA ms = &cfg_memset_list[i];
 333              		.loc 1 288 0 discriminator 3
 334 00e2 FB1D     		adds	r3, r7, #7
 335 00e4 1A78     		ldrb	r2, [r3]
 336 00e6 1300     		movs	r3, r2
 337 00e8 5B00     		lsls	r3, r3, #1
 338 00ea 9B18     		adds	r3, r3, r2
 339 00ec 5B00     		lsls	r3, r3, #1
ARM GAS  C:\Users\TTSS\AppData\Local\Temp\ccArHYCg.s 			page 12


 340 00ee 274A     		ldr	r2, .L13+4
 341 00f0 9B18     		adds	r3, r3, r2
 342 00f2 3B60     		str	r3, [r7]
 289:Generated_Source\PSoC4/cyfitter_cfg.c **** 			CYMEMZERO(ms->address, (size_t)(uint32)(ms->size));
 343              		.loc 1 289 0 discriminator 3
 344 00f4 3B68     		ldr	r3, [r7]
 345 00f6 1A78     		ldrb	r2, [r3]
 346 00f8 5978     		ldrb	r1, [r3, #1]
 347 00fa 0902     		lsls	r1, r1, #8
 348 00fc 0A43     		orrs	r2, r1
 349 00fe 9978     		ldrb	r1, [r3, #2]
 350 0100 0904     		lsls	r1, r1, #16
 351 0102 0A43     		orrs	r2, r1
 352 0104 DB78     		ldrb	r3, [r3, #3]
 353 0106 1B06     		lsls	r3, r3, #24
 354 0108 1343     		orrs	r3, r2
 355 010a 1800     		movs	r0, r3
 356 010c 3B68     		ldr	r3, [r7]
 357 010e 1A79     		ldrb	r2, [r3, #4]
 358 0110 5B79     		ldrb	r3, [r3, #5]
 359 0112 1B02     		lsls	r3, r3, #8
 360 0114 1343     		orrs	r3, r2
 361 0116 9BB2     		uxth	r3, r3
 362 0118 1900     		movs	r1, r3
 363 011a FFF7FEFF 		bl	CYMEMZERO
 364              	.LBE3:
 286:Generated_Source\PSoC4/cyfitter_cfg.c **** 		{
 365              		.loc 1 286 0 discriminator 3
 366 011e FB1D     		adds	r3, r7, #7
 367 0120 1A78     		ldrb	r2, [r3]
 368 0122 FB1D     		adds	r3, r7, #7
 369 0124 0132     		adds	r2, r2, #1
 370 0126 1A70     		strb	r2, [r3]
 371              	.L11:
 286:Generated_Source\PSoC4/cyfitter_cfg.c **** 		{
 372              		.loc 1 286 0 is_stmt 0 discriminator 1
 373 0128 FB1D     		adds	r3, r7, #7
 374 012a 1B78     		ldrb	r3, [r3]
 375 012c 012B     		cmp	r3, #1
 376 012e D8D9     		bls	.L12
 290:Generated_Source\PSoC4/cyfitter_cfg.c **** 		}
 291:Generated_Source\PSoC4/cyfitter_cfg.c **** 
 292:Generated_Source\PSoC4/cyfitter_cfg.c **** 		/* HSIOM Starting address: CYDEV_HSIOM_BASE */
 293:Generated_Source\PSoC4/cyfitter_cfg.c **** 		CY_SET_REG32((void *)(CYDEV_HSIOM_BASE), 0xEE000000u);
 377              		.loc 1 293 0 is_stmt 1
 378 0130 174B     		ldr	r3, .L13+8
 379 0132 EE22     		movs	r2, #238
 380 0134 1206     		lsls	r2, r2, #24
 381 0136 1A60     		str	r2, [r3]
 294:Generated_Source\PSoC4/cyfitter_cfg.c **** 
 295:Generated_Source\PSoC4/cyfitter_cfg.c **** 		/* UDB_PA_0 Starting address: CYDEV_UDB_PA0_BASE */
 296:Generated_Source\PSoC4/cyfitter_cfg.c **** 		CY_SET_REG32((void *)(CYDEV_UDB_PA0_BASE), 0x00990000u);
 382              		.loc 1 296 0
 383 0138 164B     		ldr	r3, .L13+12
 384 013a 9922     		movs	r2, #153
 385 013c 1204     		lsls	r2, r2, #16
 386 013e 1A60     		str	r2, [r3]
ARM GAS  C:\Users\TTSS\AppData\Local\Temp\ccArHYCg.s 			page 13


 297:Generated_Source\PSoC4/cyfitter_cfg.c **** 
 298:Generated_Source\PSoC4/cyfitter_cfg.c **** 		/* UDB_PA_1 Starting address: CYDEV_UDB_PA1_BASE */
 299:Generated_Source\PSoC4/cyfitter_cfg.c **** 		CY_SET_REG32((void *)(CYDEV_UDB_PA1_BASE), 0x00990000u);
 387              		.loc 1 299 0
 388 0140 154B     		ldr	r3, .L13+16
 389 0142 9922     		movs	r2, #153
 390 0144 1204     		lsls	r2, r2, #16
 391 0146 1A60     		str	r2, [r3]
 300:Generated_Source\PSoC4/cyfitter_cfg.c **** 
 301:Generated_Source\PSoC4/cyfitter_cfg.c **** 		/* UDB_PA_2 Starting address: CYDEV_UDB_PA2_BASE */
 302:Generated_Source\PSoC4/cyfitter_cfg.c **** 		CY_SET_REG32((void *)(CYDEV_UDB_PA2_BASE), 0x00990000u);
 392              		.loc 1 302 0
 393 0148 144B     		ldr	r3, .L13+20
 394 014a 9922     		movs	r2, #153
 395 014c 1204     		lsls	r2, r2, #16
 396 014e 1A60     		str	r2, [r3]
 303:Generated_Source\PSoC4/cyfitter_cfg.c **** 
 304:Generated_Source\PSoC4/cyfitter_cfg.c **** 		/* Enable digital routing */
 305:Generated_Source\PSoC4/cyfitter_cfg.c **** 		CY_SET_XTND_REG8((void *)CYREG_UDB_UDBIF_BANK_CTL, (uint8)(CY_GET_XTND_REG8((void *)CYREG_UDB_UDB
 397              		.loc 1 305 0
 398 0150 134A     		ldr	r2, .L13+24
 399 0152 134B     		ldr	r3, .L13+24
 400 0154 1B78     		ldrb	r3, [r3]
 401 0156 DBB2     		uxtb	r3, r3
 402 0158 0621     		movs	r1, #6
 403 015a 0B43     		orrs	r3, r1
 404 015c DBB2     		uxtb	r3, r3
 405 015e 1370     		strb	r3, [r2]
 406              	.LBE2:
 306:Generated_Source\PSoC4/cyfitter_cfg.c **** 	}
 307:Generated_Source\PSoC4/cyfitter_cfg.c **** 
 308:Generated_Source\PSoC4/cyfitter_cfg.c **** 	/* Perform second pass device configuration. These items must be configured in specific order afte
 309:Generated_Source\PSoC4/cyfitter_cfg.c **** 	/* IOPINS0_0 Starting address: CYDEV_GPIO_PRT0_BASE */
 310:Generated_Source\PSoC4/cyfitter_cfg.c **** 	CY_SET_REG32((void *)(CYREG_GPIO_PRT0_PC), 0x00D80000u);
 407              		.loc 1 310 0
 408 0160 104B     		ldr	r3, .L13+28
 409 0162 D822     		movs	r2, #216
 410 0164 1204     		lsls	r2, r2, #16
 411 0166 1A60     		str	r2, [r3]
 311:Generated_Source\PSoC4/cyfitter_cfg.c **** 
 312:Generated_Source\PSoC4/cyfitter_cfg.c **** 	/* IOPINS0_1 Starting address: CYDEV_GPIO_PRT1_BASE */
 313:Generated_Source\PSoC4/cyfitter_cfg.c **** 	CY_SET_REG32((void *)(CYREG_GPIO_PRT1_PC), 0x00040000u);
 412              		.loc 1 313 0
 413 0168 0F4B     		ldr	r3, .L13+32
 414 016a 8022     		movs	r2, #128
 415 016c D202     		lsls	r2, r2, #11
 416 016e 1A60     		str	r2, [r3]
 314:Generated_Source\PSoC4/cyfitter_cfg.c **** 
 315:Generated_Source\PSoC4/cyfitter_cfg.c **** 	/* IOPINS0_2 Starting address: CYDEV_GPIO_PRT2_BASE */
 316:Generated_Source\PSoC4/cyfitter_cfg.c **** 	CY_SET_REG32((void *)(CYREG_GPIO_PRT2_PC), 0x00000030u);
 417              		.loc 1 316 0
 418 0170 0E4B     		ldr	r3, .L13+36
 419 0172 3022     		movs	r2, #48
 420 0174 1A60     		str	r2, [r3]
 317:Generated_Source\PSoC4/cyfitter_cfg.c **** 
 318:Generated_Source\PSoC4/cyfitter_cfg.c **** 
 319:Generated_Source\PSoC4/cyfitter_cfg.c **** 	/* Setup clocks based on selections from Clock DWR */
ARM GAS  C:\Users\TTSS\AppData\Local\Temp\ccArHYCg.s 			page 14


 320:Generated_Source\PSoC4/cyfitter_cfg.c **** 	ClockSetup();
 421              		.loc 1 320 0
 422 0176 FFF743FF 		bl	ClockSetup
 321:Generated_Source\PSoC4/cyfitter_cfg.c **** 
 322:Generated_Source\PSoC4/cyfitter_cfg.c **** 	/* Perform basic analog initialization to defaults */
 323:Generated_Source\PSoC4/cyfitter_cfg.c **** 	AnalogSetDefault();
 423              		.loc 1 323 0
 424 017a FFF7FEFF 		bl	AnalogSetDefault
 324:Generated_Source\PSoC4/cyfitter_cfg.c **** 
 325:Generated_Source\PSoC4/cyfitter_cfg.c **** }
 425              		.loc 1 325 0
 426 017e C046     		nop
 427 0180 BD46     		mov	sp, r7
 428 0182 02B0     		add	sp, sp, #8
 429              		@ sp needed
 430 0184 80BD     		pop	{r7, pc}
 431              	.L14:
 432 0186 C046     		.align	2
 433              	.L13:
 434 0188 6CF02E40 		.word	1076818028
 435 018c 00000000 		.word	cfg_memset_list.4884
 436 0190 00000240 		.word	1073872896
 437 0194 00500F40 		.word	1074745344
 438 0198 10500F40 		.word	1074745360
 439 019c 20500F40 		.word	1074745376
 440 01a0 00700F40 		.word	1074753536
 441 01a4 08000440 		.word	1074003976
 442 01a8 08010440 		.word	1074004232
 443 01ac 08020440 		.word	1074004488
 444              		.cfi_endproc
 445              	.LFE7:
 446              		.size	cyfitter_cfg, .-cyfitter_cfg
 447              		.section	.rodata
 448              		.align	2
 449              		.type	cfg_memset_list.4884, %object
 450              		.size	cfg_memset_list.4884, 12
 451              	cfg_memset_list.4884:
 452 0000 00300F40 		.word	1074737152
 453 0004 0004     		.short	1024
 454 0006 00400F40 		.4byte	1074741248
 455 000a 0004     		.short	1024
 456              		.text
 457              	.Letext0:
 458              		.file 2 "c:\\program files (x86)\\cypress\\psoc creator\\4.2\\psoc creator\\import\\gnu\\arm\\5.4.
 459              		.file 3 "Generated_Source\\PSoC4\\cytypes.h"
 460              		.section	.debug_info,"",%progbits
 461              	.Ldebug_info0:
 462 0000 55020000 		.4byte	0x255
 463 0004 0400     		.2byte	0x4
 464 0006 00000000 		.4byte	.Ldebug_abbrev0
 465 000a 04       		.byte	0x4
 466 000b 01       		.uleb128 0x1
 467 000c 83000000 		.4byte	.LASF30
 468 0010 0C       		.byte	0xc
 469 0011 47020000 		.4byte	.LASF31
 470 0015 A0010000 		.4byte	.LASF32
 471 0019 00000000 		.4byte	.Ldebug_ranges0+0
ARM GAS  C:\Users\TTSS\AppData\Local\Temp\ccArHYCg.s 			page 15


 472 001d 00000000 		.4byte	0
 473 0021 00000000 		.4byte	.Ldebug_line0
 474 0025 02       		.uleb128 0x2
 475 0026 04       		.byte	0x4
 476 0027 05       		.byte	0x5
 477 0028 696E7400 		.ascii	"int\000"
 478 002c 03       		.uleb128 0x3
 479 002d 06000000 		.4byte	.LASF12
 480 0031 02       		.byte	0x2
 481 0032 D8       		.byte	0xd8
 482 0033 37000000 		.4byte	0x37
 483 0037 04       		.uleb128 0x4
 484 0038 04       		.byte	0x4
 485 0039 07       		.byte	0x7
 486 003a 41010000 		.4byte	.LASF0
 487 003e 04       		.uleb128 0x4
 488 003f 08       		.byte	0x8
 489 0040 05       		.byte	0x5
 490 0041 83010000 		.4byte	.LASF1
 491 0045 04       		.uleb128 0x4
 492 0046 08       		.byte	0x8
 493 0047 04       		.byte	0x4
 494 0048 2F020000 		.4byte	.LASF2
 495 004c 04       		.uleb128 0x4
 496 004d 01       		.byte	0x1
 497 004e 06       		.byte	0x6
 498 004f 3B020000 		.4byte	.LASF3
 499 0053 04       		.uleb128 0x4
 500 0054 01       		.byte	0x1
 501 0055 08       		.byte	0x8
 502 0056 11010000 		.4byte	.LASF4
 503 005a 04       		.uleb128 0x4
 504 005b 02       		.byte	0x2
 505 005c 05       		.byte	0x5
 506 005d 96010000 		.4byte	.LASF5
 507 0061 04       		.uleb128 0x4
 508 0062 02       		.byte	0x2
 509 0063 07       		.byte	0x7
 510 0064 39000000 		.4byte	.LASF6
 511 0068 04       		.uleb128 0x4
 512 0069 04       		.byte	0x4
 513 006a 05       		.byte	0x5
 514 006b 26020000 		.4byte	.LASF7
 515 006f 04       		.uleb128 0x4
 516 0070 04       		.byte	0x4
 517 0071 07       		.byte	0x7
 518 0072 61000000 		.4byte	.LASF8
 519 0076 04       		.uleb128 0x4
 520 0077 08       		.byte	0x8
 521 0078 07       		.byte	0x7
 522 0079 56010000 		.4byte	.LASF9
 523 007d 04       		.uleb128 0x4
 524 007e 04       		.byte	0x4
 525 007f 07       		.byte	0x7
 526 0080 7A010000 		.4byte	.LASF10
 527 0084 05       		.uleb128 0x5
 528 0085 04       		.byte	0x4
ARM GAS  C:\Users\TTSS\AppData\Local\Temp\ccArHYCg.s 			page 16


 529 0086 04       		.uleb128 0x4
 530 0087 01       		.byte	0x1
 531 0088 08       		.byte	0x8
 532 0089 91010000 		.4byte	.LASF11
 533 008d 06       		.uleb128 0x6
 534 008e 73000000 		.4byte	.LASF13
 535 0092 03       		.byte	0x3
 536 0093 D201     		.2byte	0x1d2
 537 0095 53000000 		.4byte	0x53
 538 0099 06       		.uleb128 0x6
 539 009a 33010000 		.4byte	.LASF14
 540 009e 03       		.byte	0x3
 541 009f D301     		.2byte	0x1d3
 542 00a1 61000000 		.4byte	0x61
 543 00a5 06       		.uleb128 0x6
 544 00a6 3A010000 		.4byte	.LASF15
 545 00aa 03       		.byte	0x3
 546 00ab D401     		.2byte	0x1d4
 547 00ad 6F000000 		.4byte	0x6f
 548 00b1 04       		.uleb128 0x4
 549 00b2 04       		.byte	0x4
 550 00b3 04       		.byte	0x4
 551 00b4 4C000000 		.4byte	.LASF16
 552 00b8 04       		.uleb128 0x4
 553 00b9 08       		.byte	0x8
 554 00ba 04       		.byte	0x4
 555 00bb 1F010000 		.4byte	.LASF17
 556 00bf 06       		.uleb128 0x6
 557 00c0 5C000000 		.4byte	.LASF18
 558 00c4 03       		.byte	0x3
 559 00c5 7C02     		.2byte	0x27c
 560 00c7 CB000000 		.4byte	0xcb
 561 00cb 07       		.uleb128 0x7
 562 00cc 8D000000 		.4byte	0x8d
 563 00d0 06       		.uleb128 0x6
 564 00d1 00000000 		.4byte	.LASF19
 565 00d5 03       		.byte	0x3
 566 00d6 7E02     		.2byte	0x27e
 567 00d8 DC000000 		.4byte	0xdc
 568 00dc 07       		.uleb128 0x7
 569 00dd A5000000 		.4byte	0xa5
 570 00e1 08       		.uleb128 0x8
 571 00e2 79000000 		.4byte	.LASF20
 572 00e6 01       		.byte	0x1
 573 00e7 4C       		.byte	0x4c
 574 00e8 00000000 		.4byte	.LFB2
 575 00ec 1E000000 		.4byte	.LFE2-.LFB2
 576 00f0 01       		.uleb128 0x1
 577 00f1 9C       		.byte	0x9c
 578 00f2 0F010000 		.4byte	0x10f
 579 00f6 09       		.uleb128 0x9
 580 00f7 7300     		.ascii	"s\000"
 581 00f9 01       		.byte	0x1
 582 00fa 4C       		.byte	0x4c
 583 00fb 84000000 		.4byte	0x84
 584 00ff 02       		.uleb128 0x2
 585 0100 91       		.byte	0x91
ARM GAS  C:\Users\TTSS\AppData\Local\Temp\ccArHYCg.s 			page 17


 586 0101 74       		.sleb128 -12
 587 0102 09       		.uleb128 0x9
 588 0103 6E00     		.ascii	"n\000"
 589 0105 01       		.byte	0x1
 590 0106 4C       		.byte	0x4c
 591 0107 2C000000 		.4byte	0x2c
 592 010b 02       		.uleb128 0x2
 593 010c 91       		.byte	0x91
 594 010d 70       		.sleb128 -16
 595 010e 00       		.byte	0
 596 010f 08       		.uleb128 0x8
 597 0110 7D020000 		.4byte	.LASF21
 598 0114 01       		.byte	0x1
 599 0115 53       		.byte	0x53
 600 0116 00000000 		.4byte	.LFB3
 601 011a 20000000 		.4byte	.LFE3-.LFB3
 602 011e 01       		.uleb128 0x1
 603 011f 9C       		.byte	0x9c
 604 0120 4D010000 		.4byte	0x14d
 605 0124 0A       		.uleb128 0xa
 606 0125 52000000 		.4byte	.LASF22
 607 0129 01       		.byte	0x1
 608 012a 53       		.byte	0x53
 609 012b 84000000 		.4byte	0x84
 610 012f 02       		.uleb128 0x2
 611 0130 91       		.byte	0x91
 612 0131 74       		.sleb128 -12
 613 0132 09       		.uleb128 0x9
 614 0133 73726300 		.ascii	"src\000"
 615 0137 01       		.byte	0x1
 616 0138 53       		.byte	0x53
 617 0139 4D010000 		.4byte	0x14d
 618 013d 02       		.uleb128 0x2
 619 013e 91       		.byte	0x91
 620 013f 70       		.sleb128 -16
 621 0140 09       		.uleb128 0x9
 622 0141 6E00     		.ascii	"n\000"
 623 0143 01       		.byte	0x1
 624 0144 53       		.byte	0x53
 625 0145 2C000000 		.4byte	0x2c
 626 0149 02       		.uleb128 0x2
 627 014a 91       		.byte	0x91
 628 014b 6C       		.sleb128 -20
 629 014c 00       		.byte	0
 630 014d 0B       		.uleb128 0xb
 631 014e 04       		.byte	0x4
 632 014f 53010000 		.4byte	0x153
 633 0153 0C       		.uleb128 0xc
 634 0154 08       		.uleb128 0x8
 635 0155 6D020000 		.4byte	.LASF23
 636 0159 01       		.byte	0x1
 637 015a 5A       		.byte	0x5a
 638 015b 00000000 		.4byte	.LFB4
 639 015f 20000000 		.4byte	.LFE4-.LFB4
 640 0163 01       		.uleb128 0x1
 641 0164 9C       		.byte	0x9c
 642 0165 92010000 		.4byte	0x192
ARM GAS  C:\Users\TTSS\AppData\Local\Temp\ccArHYCg.s 			page 18


 643 0169 0A       		.uleb128 0xa
 644 016a 52000000 		.4byte	.LASF22
 645 016e 01       		.byte	0x1
 646 016f 5A       		.byte	0x5a
 647 0170 84000000 		.4byte	0x84
 648 0174 02       		.uleb128 0x2
 649 0175 91       		.byte	0x91
 650 0176 74       		.sleb128 -12
 651 0177 09       		.uleb128 0x9
 652 0178 73726300 		.ascii	"src\000"
 653 017c 01       		.byte	0x1
 654 017d 5A       		.byte	0x5a
 655 017e 4D010000 		.4byte	0x14d
 656 0182 02       		.uleb128 0x2
 657 0183 91       		.byte	0x91
 658 0184 70       		.sleb128 -16
 659 0185 09       		.uleb128 0x9
 660 0186 6E00     		.ascii	"n\000"
 661 0188 01       		.byte	0x1
 662 0189 5A       		.byte	0x5a
 663 018a 2C000000 		.4byte	0x2c
 664 018e 02       		.uleb128 0x2
 665 018f 91       		.byte	0x91
 666 0190 6C       		.sleb128 -20
 667 0191 00       		.byte	0
 668 0192 0D       		.uleb128 0xd
 669 0193 2E000000 		.4byte	.LASF24
 670 0197 01       		.byte	0x1
 671 0198 AC       		.byte	0xac
 672 0199 00000000 		.4byte	.LFB5
 673 019d CC000000 		.4byte	.LFE5-.LFB5
 674 01a1 01       		.uleb128 0x1
 675 01a2 9C       		.byte	0x9c
 676 01a3 0E       		.uleb128 0xe
 677 01a4 0D000000 		.4byte	.LASF25
 678 01a8 01       		.byte	0x1
 679 01a9 EC       		.byte	0xec
 680 01aa 00000000 		.4byte	.LFB6
 681 01ae 28000000 		.4byte	.LFE6-.LFB6
 682 01b2 01       		.uleb128 0x1
 683 01b3 9C       		.byte	0x9c
 684 01b4 0F       		.uleb128 0xf
 685 01b5 26010000 		.4byte	.LASF33
 686 01b9 01       		.byte	0x1
 687 01ba 0701     		.2byte	0x107
 688 01bc CC000000 		.4byte	.LFB7
 689 01c0 E4000000 		.4byte	.LFE7-.LFB7
 690 01c4 01       		.uleb128 0x1
 691 01c5 9C       		.byte	0x9c
 692 01c6 10       		.uleb128 0x10
 693 01c7 DA000000 		.4byte	.LBB2
 694 01cb 86000000 		.4byte	.LBE2-.LBB2
 695 01cf 11       		.uleb128 0x11
 696 01d0 06       		.byte	0x6
 697 01d1 01       		.byte	0x1
 698 01d2 1001     		.2byte	0x110
 699 01d4 F3010000 		.4byte	0x1f3
ARM GAS  C:\Users\TTSS\AppData\Local\Temp\ccArHYCg.s 			page 19


 700 01d8 12       		.uleb128 0x12
 701 01d9 4E010000 		.4byte	.LASF26
 702 01dd 01       		.byte	0x1
 703 01de 1101     		.2byte	0x111
 704 01e0 84000000 		.4byte	0x84
 705 01e4 00       		.byte	0
 706 01e5 12       		.uleb128 0x12
 707 01e6 57000000 		.4byte	.LASF27
 708 01ea 01       		.byte	0x1
 709 01eb 1201     		.2byte	0x112
 710 01ed 99000000 		.4byte	0x99
 711 01f1 04       		.byte	0x4
 712 01f2 00       		.byte	0
 713 01f3 06       		.uleb128 0x6
 714 01f4 6D010000 		.4byte	.LASF28
 715 01f8 01       		.byte	0x1
 716 01f9 1301     		.2byte	0x113
 717 01fb CF010000 		.4byte	0x1cf
 718 01ff 13       		.uleb128 0x13
 719 0200 0F020000 		.4byte	0x20f
 720 0204 0F020000 		.4byte	0x20f
 721 0208 14       		.uleb128 0x14
 722 0209 7D000000 		.4byte	0x7d
 723 020d 01       		.byte	0x1
 724 020e 00       		.byte	0
 725 020f 15       		.uleb128 0x15
 726 0210 F3010000 		.4byte	0x1f3
 727 0214 16       		.uleb128 0x16
 728 0215 1E000000 		.4byte	.LASF29
 729 0219 01       		.byte	0x1
 730 021a 1501     		.2byte	0x115
 731 021c 26020000 		.4byte	0x226
 732 0220 05       		.uleb128 0x5
 733 0221 03       		.byte	0x3
 734 0222 00000000 		.4byte	cfg_memset_list.4884
 735 0226 15       		.uleb128 0x15
 736 0227 FF010000 		.4byte	0x1ff
 737 022b 17       		.uleb128 0x17
 738 022c 6900     		.ascii	"i\000"
 739 022e 01       		.byte	0x1
 740 022f 1B01     		.2byte	0x11b
 741 0231 8D000000 		.4byte	0x8d
 742 0235 02       		.uleb128 0x2
 743 0236 91       		.byte	0x91
 744 0237 77       		.sleb128 -9
 745 0238 10       		.uleb128 0x10
 746 0239 E2000000 		.4byte	.LBB3
 747 023d 3C000000 		.4byte	.LBE3-.LBB3
 748 0241 17       		.uleb128 0x17
 749 0242 6D7300   		.ascii	"ms\000"
 750 0245 01       		.byte	0x1
 751 0246 2001     		.2byte	0x120
 752 0248 4F020000 		.4byte	0x24f
 753 024c 02       		.uleb128 0x2
 754 024d 91       		.byte	0x91
 755 024e 70       		.sleb128 -16
 756 024f 0B       		.uleb128 0xb
ARM GAS  C:\Users\TTSS\AppData\Local\Temp\ccArHYCg.s 			page 20


 757 0250 04       		.byte	0x4
 758 0251 0F020000 		.4byte	0x20f
 759 0255 00       		.byte	0
 760 0256 00       		.byte	0
 761 0257 00       		.byte	0
 762 0258 00       		.byte	0
 763              		.section	.debug_abbrev,"",%progbits
 764              	.Ldebug_abbrev0:
 765 0000 01       		.uleb128 0x1
 766 0001 11       		.uleb128 0x11
 767 0002 01       		.byte	0x1
 768 0003 25       		.uleb128 0x25
 769 0004 0E       		.uleb128 0xe
 770 0005 13       		.uleb128 0x13
 771 0006 0B       		.uleb128 0xb
 772 0007 03       		.uleb128 0x3
 773 0008 0E       		.uleb128 0xe
 774 0009 1B       		.uleb128 0x1b
 775 000a 0E       		.uleb128 0xe
 776 000b 55       		.uleb128 0x55
 777 000c 17       		.uleb128 0x17
 778 000d 11       		.uleb128 0x11
 779 000e 01       		.uleb128 0x1
 780 000f 10       		.uleb128 0x10
 781 0010 17       		.uleb128 0x17
 782 0011 00       		.byte	0
 783 0012 00       		.byte	0
 784 0013 02       		.uleb128 0x2
 785 0014 24       		.uleb128 0x24
 786 0015 00       		.byte	0
 787 0016 0B       		.uleb128 0xb
 788 0017 0B       		.uleb128 0xb
 789 0018 3E       		.uleb128 0x3e
 790 0019 0B       		.uleb128 0xb
 791 001a 03       		.uleb128 0x3
 792 001b 08       		.uleb128 0x8
 793 001c 00       		.byte	0
 794 001d 00       		.byte	0
 795 001e 03       		.uleb128 0x3
 796 001f 16       		.uleb128 0x16
 797 0020 00       		.byte	0
 798 0021 03       		.uleb128 0x3
 799 0022 0E       		.uleb128 0xe
 800 0023 3A       		.uleb128 0x3a
 801 0024 0B       		.uleb128 0xb
 802 0025 3B       		.uleb128 0x3b
 803 0026 0B       		.uleb128 0xb
 804 0027 49       		.uleb128 0x49
 805 0028 13       		.uleb128 0x13
 806 0029 00       		.byte	0
 807 002a 00       		.byte	0
 808 002b 04       		.uleb128 0x4
 809 002c 24       		.uleb128 0x24
 810 002d 00       		.byte	0
 811 002e 0B       		.uleb128 0xb
 812 002f 0B       		.uleb128 0xb
 813 0030 3E       		.uleb128 0x3e
ARM GAS  C:\Users\TTSS\AppData\Local\Temp\ccArHYCg.s 			page 21


 814 0031 0B       		.uleb128 0xb
 815 0032 03       		.uleb128 0x3
 816 0033 0E       		.uleb128 0xe
 817 0034 00       		.byte	0
 818 0035 00       		.byte	0
 819 0036 05       		.uleb128 0x5
 820 0037 0F       		.uleb128 0xf
 821 0038 00       		.byte	0
 822 0039 0B       		.uleb128 0xb
 823 003a 0B       		.uleb128 0xb
 824 003b 00       		.byte	0
 825 003c 00       		.byte	0
 826 003d 06       		.uleb128 0x6
 827 003e 16       		.uleb128 0x16
 828 003f 00       		.byte	0
 829 0040 03       		.uleb128 0x3
 830 0041 0E       		.uleb128 0xe
 831 0042 3A       		.uleb128 0x3a
 832 0043 0B       		.uleb128 0xb
 833 0044 3B       		.uleb128 0x3b
 834 0045 05       		.uleb128 0x5
 835 0046 49       		.uleb128 0x49
 836 0047 13       		.uleb128 0x13
 837 0048 00       		.byte	0
 838 0049 00       		.byte	0
 839 004a 07       		.uleb128 0x7
 840 004b 35       		.uleb128 0x35
 841 004c 00       		.byte	0
 842 004d 49       		.uleb128 0x49
 843 004e 13       		.uleb128 0x13
 844 004f 00       		.byte	0
 845 0050 00       		.byte	0
 846 0051 08       		.uleb128 0x8
 847 0052 2E       		.uleb128 0x2e
 848 0053 01       		.byte	0x1
 849 0054 03       		.uleb128 0x3
 850 0055 0E       		.uleb128 0xe
 851 0056 3A       		.uleb128 0x3a
 852 0057 0B       		.uleb128 0xb
 853 0058 3B       		.uleb128 0x3b
 854 0059 0B       		.uleb128 0xb
 855 005a 27       		.uleb128 0x27
 856 005b 19       		.uleb128 0x19
 857 005c 11       		.uleb128 0x11
 858 005d 01       		.uleb128 0x1
 859 005e 12       		.uleb128 0x12
 860 005f 06       		.uleb128 0x6
 861 0060 40       		.uleb128 0x40
 862 0061 18       		.uleb128 0x18
 863 0062 9642     		.uleb128 0x2116
 864 0064 19       		.uleb128 0x19
 865 0065 01       		.uleb128 0x1
 866 0066 13       		.uleb128 0x13
 867 0067 00       		.byte	0
 868 0068 00       		.byte	0
 869 0069 09       		.uleb128 0x9
 870 006a 05       		.uleb128 0x5
ARM GAS  C:\Users\TTSS\AppData\Local\Temp\ccArHYCg.s 			page 22


 871 006b 00       		.byte	0
 872 006c 03       		.uleb128 0x3
 873 006d 08       		.uleb128 0x8
 874 006e 3A       		.uleb128 0x3a
 875 006f 0B       		.uleb128 0xb
 876 0070 3B       		.uleb128 0x3b
 877 0071 0B       		.uleb128 0xb
 878 0072 49       		.uleb128 0x49
 879 0073 13       		.uleb128 0x13
 880 0074 02       		.uleb128 0x2
 881 0075 18       		.uleb128 0x18
 882 0076 00       		.byte	0
 883 0077 00       		.byte	0
 884 0078 0A       		.uleb128 0xa
 885 0079 05       		.uleb128 0x5
 886 007a 00       		.byte	0
 887 007b 03       		.uleb128 0x3
 888 007c 0E       		.uleb128 0xe
 889 007d 3A       		.uleb128 0x3a
 890 007e 0B       		.uleb128 0xb
 891 007f 3B       		.uleb128 0x3b
 892 0080 0B       		.uleb128 0xb
 893 0081 49       		.uleb128 0x49
 894 0082 13       		.uleb128 0x13
 895 0083 02       		.uleb128 0x2
 896 0084 18       		.uleb128 0x18
 897 0085 00       		.byte	0
 898 0086 00       		.byte	0
 899 0087 0B       		.uleb128 0xb
 900 0088 0F       		.uleb128 0xf
 901 0089 00       		.byte	0
 902 008a 0B       		.uleb128 0xb
 903 008b 0B       		.uleb128 0xb
 904 008c 49       		.uleb128 0x49
 905 008d 13       		.uleb128 0x13
 906 008e 00       		.byte	0
 907 008f 00       		.byte	0
 908 0090 0C       		.uleb128 0xc
 909 0091 26       		.uleb128 0x26
 910 0092 00       		.byte	0
 911 0093 00       		.byte	0
 912 0094 00       		.byte	0
 913 0095 0D       		.uleb128 0xd
 914 0096 2E       		.uleb128 0x2e
 915 0097 00       		.byte	0
 916 0098 03       		.uleb128 0x3
 917 0099 0E       		.uleb128 0xe
 918 009a 3A       		.uleb128 0x3a
 919 009b 0B       		.uleb128 0xb
 920 009c 3B       		.uleb128 0x3b
 921 009d 0B       		.uleb128 0xb
 922 009e 27       		.uleb128 0x27
 923 009f 19       		.uleb128 0x19
 924 00a0 11       		.uleb128 0x11
 925 00a1 01       		.uleb128 0x1
 926 00a2 12       		.uleb128 0x12
 927 00a3 06       		.uleb128 0x6
ARM GAS  C:\Users\TTSS\AppData\Local\Temp\ccArHYCg.s 			page 23


 928 00a4 40       		.uleb128 0x40
 929 00a5 18       		.uleb128 0x18
 930 00a6 9642     		.uleb128 0x2116
 931 00a8 19       		.uleb128 0x19
 932 00a9 00       		.byte	0
 933 00aa 00       		.byte	0
 934 00ab 0E       		.uleb128 0xe
 935 00ac 2E       		.uleb128 0x2e
 936 00ad 00       		.byte	0
 937 00ae 03       		.uleb128 0x3
 938 00af 0E       		.uleb128 0xe
 939 00b0 3A       		.uleb128 0x3a
 940 00b1 0B       		.uleb128 0xb
 941 00b2 3B       		.uleb128 0x3b
 942 00b3 0B       		.uleb128 0xb
 943 00b4 27       		.uleb128 0x27
 944 00b5 19       		.uleb128 0x19
 945 00b6 11       		.uleb128 0x11
 946 00b7 01       		.uleb128 0x1
 947 00b8 12       		.uleb128 0x12
 948 00b9 06       		.uleb128 0x6
 949 00ba 40       		.uleb128 0x40
 950 00bb 18       		.uleb128 0x18
 951 00bc 9742     		.uleb128 0x2117
 952 00be 19       		.uleb128 0x19
 953 00bf 00       		.byte	0
 954 00c0 00       		.byte	0
 955 00c1 0F       		.uleb128 0xf
 956 00c2 2E       		.uleb128 0x2e
 957 00c3 01       		.byte	0x1
 958 00c4 3F       		.uleb128 0x3f
 959 00c5 19       		.uleb128 0x19
 960 00c6 03       		.uleb128 0x3
 961 00c7 0E       		.uleb128 0xe
 962 00c8 3A       		.uleb128 0x3a
 963 00c9 0B       		.uleb128 0xb
 964 00ca 3B       		.uleb128 0x3b
 965 00cb 05       		.uleb128 0x5
 966 00cc 27       		.uleb128 0x27
 967 00cd 19       		.uleb128 0x19
 968 00ce 11       		.uleb128 0x11
 969 00cf 01       		.uleb128 0x1
 970 00d0 12       		.uleb128 0x12
 971 00d1 06       		.uleb128 0x6
 972 00d2 40       		.uleb128 0x40
 973 00d3 18       		.uleb128 0x18
 974 00d4 9642     		.uleb128 0x2116
 975 00d6 19       		.uleb128 0x19
 976 00d7 00       		.byte	0
 977 00d8 00       		.byte	0
 978 00d9 10       		.uleb128 0x10
 979 00da 0B       		.uleb128 0xb
 980 00db 01       		.byte	0x1
 981 00dc 11       		.uleb128 0x11
 982 00dd 01       		.uleb128 0x1
 983 00de 12       		.uleb128 0x12
 984 00df 06       		.uleb128 0x6
ARM GAS  C:\Users\TTSS\AppData\Local\Temp\ccArHYCg.s 			page 24


 985 00e0 00       		.byte	0
 986 00e1 00       		.byte	0
 987 00e2 11       		.uleb128 0x11
 988 00e3 13       		.uleb128 0x13
 989 00e4 01       		.byte	0x1
 990 00e5 0B       		.uleb128 0xb
 991 00e6 0B       		.uleb128 0xb
 992 00e7 3A       		.uleb128 0x3a
 993 00e8 0B       		.uleb128 0xb
 994 00e9 3B       		.uleb128 0x3b
 995 00ea 05       		.uleb128 0x5
 996 00eb 01       		.uleb128 0x1
 997 00ec 13       		.uleb128 0x13
 998 00ed 00       		.byte	0
 999 00ee 00       		.byte	0
 1000 00ef 12       		.uleb128 0x12
 1001 00f0 0D       		.uleb128 0xd
 1002 00f1 00       		.byte	0
 1003 00f2 03       		.uleb128 0x3
 1004 00f3 0E       		.uleb128 0xe
 1005 00f4 3A       		.uleb128 0x3a
 1006 00f5 0B       		.uleb128 0xb
 1007 00f6 3B       		.uleb128 0x3b
 1008 00f7 05       		.uleb128 0x5
 1009 00f8 49       		.uleb128 0x49
 1010 00f9 13       		.uleb128 0x13
 1011 00fa 38       		.uleb128 0x38
 1012 00fb 0B       		.uleb128 0xb
 1013 00fc 00       		.byte	0
 1014 00fd 00       		.byte	0
 1015 00fe 13       		.uleb128 0x13
 1016 00ff 01       		.uleb128 0x1
 1017 0100 01       		.byte	0x1
 1018 0101 49       		.uleb128 0x49
 1019 0102 13       		.uleb128 0x13
 1020 0103 01       		.uleb128 0x1
 1021 0104 13       		.uleb128 0x13
 1022 0105 00       		.byte	0
 1023 0106 00       		.byte	0
 1024 0107 14       		.uleb128 0x14
 1025 0108 21       		.uleb128 0x21
 1026 0109 00       		.byte	0
 1027 010a 49       		.uleb128 0x49
 1028 010b 13       		.uleb128 0x13
 1029 010c 2F       		.uleb128 0x2f
 1030 010d 0B       		.uleb128 0xb
 1031 010e 00       		.byte	0
 1032 010f 00       		.byte	0
 1033 0110 15       		.uleb128 0x15
 1034 0111 26       		.uleb128 0x26
 1035 0112 00       		.byte	0
 1036 0113 49       		.uleb128 0x49
 1037 0114 13       		.uleb128 0x13
 1038 0115 00       		.byte	0
 1039 0116 00       		.byte	0
 1040 0117 16       		.uleb128 0x16
 1041 0118 34       		.uleb128 0x34
ARM GAS  C:\Users\TTSS\AppData\Local\Temp\ccArHYCg.s 			page 25


 1042 0119 00       		.byte	0
 1043 011a 03       		.uleb128 0x3
 1044 011b 0E       		.uleb128 0xe
 1045 011c 3A       		.uleb128 0x3a
 1046 011d 0B       		.uleb128 0xb
 1047 011e 3B       		.uleb128 0x3b
 1048 011f 05       		.uleb128 0x5
 1049 0120 49       		.uleb128 0x49
 1050 0121 13       		.uleb128 0x13
 1051 0122 02       		.uleb128 0x2
 1052 0123 18       		.uleb128 0x18
 1053 0124 00       		.byte	0
 1054 0125 00       		.byte	0
 1055 0126 17       		.uleb128 0x17
 1056 0127 34       		.uleb128 0x34
 1057 0128 00       		.byte	0
 1058 0129 03       		.uleb128 0x3
 1059 012a 08       		.uleb128 0x8
 1060 012b 3A       		.uleb128 0x3a
 1061 012c 0B       		.uleb128 0xb
 1062 012d 3B       		.uleb128 0x3b
 1063 012e 05       		.uleb128 0x5
 1064 012f 49       		.uleb128 0x49
 1065 0130 13       		.uleb128 0x13
 1066 0131 02       		.uleb128 0x2
 1067 0132 18       		.uleb128 0x18
 1068 0133 00       		.byte	0
 1069 0134 00       		.byte	0
 1070 0135 00       		.byte	0
 1071              		.section	.debug_aranges,"",%progbits
 1072 0000 44000000 		.4byte	0x44
 1073 0004 0200     		.2byte	0x2
 1074 0006 00000000 		.4byte	.Ldebug_info0
 1075 000a 04       		.byte	0x4
 1076 000b 00       		.byte	0
 1077 000c 0000     		.2byte	0
 1078 000e 0000     		.2byte	0
 1079 0010 00000000 		.4byte	.LFB2
 1080 0014 1E000000 		.4byte	.LFE2-.LFB2
 1081 0018 00000000 		.4byte	.LFB3
 1082 001c 20000000 		.4byte	.LFE3-.LFB3
 1083 0020 00000000 		.4byte	.LFB4
 1084 0024 20000000 		.4byte	.LFE4-.LFB4
 1085 0028 00000000 		.4byte	.LFB5
 1086 002c CC000000 		.4byte	.LFE5-.LFB5
 1087 0030 00000000 		.4byte	.LFB6
 1088 0034 28000000 		.4byte	.LFE6-.LFB6
 1089 0038 CC000000 		.4byte	.LFB7
 1090 003c E4000000 		.4byte	.LFE7-.LFB7
 1091 0040 00000000 		.4byte	0
 1092 0044 00000000 		.4byte	0
 1093              		.section	.debug_ranges,"",%progbits
 1094              	.Ldebug_ranges0:
 1095 0000 00000000 		.4byte	.LFB2
 1096 0004 1E000000 		.4byte	.LFE2
 1097 0008 00000000 		.4byte	.LFB3
 1098 000c 20000000 		.4byte	.LFE3
ARM GAS  C:\Users\TTSS\AppData\Local\Temp\ccArHYCg.s 			page 26


 1099 0010 00000000 		.4byte	.LFB4
 1100 0014 20000000 		.4byte	.LFE4
 1101 0018 00000000 		.4byte	.LFB5
 1102 001c CC000000 		.4byte	.LFE5
 1103 0020 00000000 		.4byte	.LFB6
 1104 0024 28000000 		.4byte	.LFE6
 1105 0028 CC000000 		.4byte	.LFB7
 1106 002c B0010000 		.4byte	.LFE7
 1107 0030 00000000 		.4byte	0
 1108 0034 00000000 		.4byte	0
 1109              		.section	.debug_line,"",%progbits
 1110              	.Ldebug_line0:
 1111 0000 69010000 		.section	.debug_str,"MS",%progbits,1
 1111      0200CB00 
 1111      00000201 
 1111      FB0E0D00 
 1111      01010101 
 1112              	.LASF19:
 1113 0000 72656733 		.ascii	"reg32\000"
 1113      3200
 1114              	.LASF12:
 1115 0006 73697A65 		.ascii	"size_t\000"
 1115      5F7400
 1116              	.LASF25:
 1117 000d 416E616C 		.ascii	"AnalogSetDefault\000"
 1117      6F675365 
 1117      74446566 
 1117      61756C74 
 1117      00
 1118              	.LASF29:
 1119 001e 6366675F 		.ascii	"cfg_memset_list\000"
 1119      6D656D73 
 1119      65745F6C 
 1119      69737400 
 1120              	.LASF24:
 1121 002e 436C6F63 		.ascii	"ClockSetup\000"
 1121      6B536574 
 1121      757000
 1122              	.LASF6:
 1123 0039 73686F72 		.ascii	"short unsigned int\000"
 1123      7420756E 
 1123      7369676E 
 1123      65642069 
 1123      6E7400
 1124              	.LASF16:
 1125 004c 666C6F61 		.ascii	"float\000"
 1125      7400
 1126              	.LASF22:
 1127 0052 64657374 		.ascii	"dest\000"
 1127      00
 1128              	.LASF27:
 1129 0057 73697A65 		.ascii	"size\000"
 1129      00
 1130              	.LASF18:
 1131 005c 72656738 		.ascii	"reg8\000"
 1131      00
 1132              	.LASF8:
ARM GAS  C:\Users\TTSS\AppData\Local\Temp\ccArHYCg.s 			page 27


 1133 0061 6C6F6E67 		.ascii	"long unsigned int\000"
 1133      20756E73 
 1133      69676E65 
 1133      6420696E 
 1133      7400
 1134              	.LASF13:
 1135 0073 75696E74 		.ascii	"uint8\000"
 1135      3800
 1136              	.LASF20:
 1137 0079 43594D45 		.ascii	"CYMEMZERO\000"
 1137      4D5A4552 
 1137      4F00
 1138              	.LASF30:
 1139 0083 474E5520 		.ascii	"GNU C11 5.4.1 20160609 (release) [ARM/embedded-5-br"
 1139      43313120 
 1139      352E342E 
 1139      31203230 
 1139      31363036 
 1140 00b6 616E6368 		.ascii	"anch revision 237715] -mcpu=cortex-m0 -mthumb -g -O"
 1140      20726576 
 1140      6973696F 
 1140      6E203233 
 1140      37373135 
 1141 00e9 30202D66 		.ascii	"0 -ffunction-sections -ffat-lto-objects\000"
 1141      66756E63 
 1141      74696F6E 
 1141      2D736563 
 1141      74696F6E 
 1142              	.LASF4:
 1143 0111 756E7369 		.ascii	"unsigned char\000"
 1143      676E6564 
 1143      20636861 
 1143      7200
 1144              	.LASF17:
 1145 011f 646F7562 		.ascii	"double\000"
 1145      6C6500
 1146              	.LASF33:
 1147 0126 63796669 		.ascii	"cyfitter_cfg\000"
 1147      74746572 
 1147      5F636667 
 1147      00
 1148              	.LASF14:
 1149 0133 75696E74 		.ascii	"uint16\000"
 1149      313600
 1150              	.LASF15:
 1151 013a 75696E74 		.ascii	"uint32\000"
 1151      333200
 1152              	.LASF0:
 1153 0141 756E7369 		.ascii	"unsigned int\000"
 1153      676E6564 
 1153      20696E74 
 1153      00
 1154              	.LASF26:
 1155 014e 61646472 		.ascii	"address\000"
 1155      65737300 
 1156              	.LASF9:
 1157 0156 6C6F6E67 		.ascii	"long long unsigned int\000"
ARM GAS  C:\Users\TTSS\AppData\Local\Temp\ccArHYCg.s 			page 28


 1157      206C6F6E 
 1157      6720756E 
 1157      7369676E 
 1157      65642069 
 1158              	.LASF28:
 1159 016d 6366675F 		.ascii	"cfg_memset_t\000"
 1159      6D656D73 
 1159      65745F74 
 1159      00
 1160              	.LASF10:
 1161 017a 73697A65 		.ascii	"sizetype\000"
 1161      74797065 
 1161      00
 1162              	.LASF1:
 1163 0183 6C6F6E67 		.ascii	"long long int\000"
 1163      206C6F6E 
 1163      6720696E 
 1163      7400
 1164              	.LASF11:
 1165 0191 63686172 		.ascii	"char\000"
 1165      00
 1166              	.LASF5:
 1167 0196 73686F72 		.ascii	"short int\000"
 1167      7420696E 
 1167      7400
 1168              	.LASF32:
 1169 01a0 433A5C55 		.ascii	"C:\\Users\\TTSS\\Documents\\Repositories\\hackAIR-P"
 1169      73657273 
 1169      5C545453 
 1169      535C446F 
 1169      63756D65 
 1170 01ce 536F435C 		.ascii	"SoC\\PPD42 - Led Dust Sensor\\PSoC Firmware\\PSoC C"
 1170      50504434 
 1170      32202D20 
 1170      4C656420 
 1170      44757374 
 1171 01fe 72656174 		.ascii	"reator Project\\PwmLedSensor_PPD42.cydsn\000"
 1171      6F722050 
 1171      726F6A65 
 1171      63745C50 
 1171      776D4C65 
 1172              	.LASF7:
 1173 0226 6C6F6E67 		.ascii	"long int\000"
 1173      20696E74 
 1173      00
 1174              	.LASF2:
 1175 022f 6C6F6E67 		.ascii	"long double\000"
 1175      20646F75 
 1175      626C6500 
 1176              	.LASF3:
 1177 023b 7369676E 		.ascii	"signed char\000"
 1177      65642063 
 1177      68617200 
 1178              	.LASF31:
 1179 0247 47656E65 		.ascii	"Generated_Source\\PSoC4\\cyfitter_cfg.c\000"
 1179      72617465 
 1179      645F536F 
ARM GAS  C:\Users\TTSS\AppData\Local\Temp\ccArHYCg.s 			page 29


 1179      75726365 
 1179      5C50536F 
 1180              	.LASF23:
 1181 026d 4359434F 		.ascii	"CYCONFIGCPYCODE\000"
 1181      4E464947 
 1181      43505943 
 1181      4F444500 
 1182              	.LASF21:
 1183 027d 4359434F 		.ascii	"CYCONFIGCPY\000"
 1183      4E464947 
 1183      43505900 
 1184              		.ident	"GCC: (GNU Tools for ARM Embedded Processors) 5.4.1 20160609 (release) [ARM/embedded-5-bran
