Archive member included because of file (symbol)

.\CortexM0\ARM_GCC_493\Debug\SerialLaserSensor_SEN0177.a(cyfitter_cfg.o)
                              .\CortexM0\ARM_GCC_493\Debug\Cm0Start.o (cyfitter_cfg)
.\CortexM0\ARM_GCC_493\Debug\SerialLaserSensor_SEN0177.a(Serial.o)
                              .\CortexM0\ARM_GCC_493\Debug\main.o (Serial_Start)
.\CortexM0\ARM_GCC_493\Debug\SerialLaserSensor_SEN0177.a(Serial_UART.o)
                              .\CortexM0\ARM_GCC_493\Debug\SerialLaserSensor_SEN0177.a(Serial.o) (Serial_UartInit)
.\CortexM0\ARM_GCC_493\Debug\SerialLaserSensor_SEN0177.a(BLE.o)
                              .\CortexM0\ARM_GCC_493\Debug\main.o (cyBle_discoveryModeInfo)
.\CortexM0\ARM_GCC_493\Debug\SerialLaserSensor_SEN0177.a(BLE_gatt.o)
                              .\CortexM0\ARM_GCC_493\Debug\SerialLaserSensor_SEN0177.a(BLE.o) (cyBle_state)
.\CortexM0\ARM_GCC_493\Debug\SerialLaserSensor_SEN0177.a(BLE_eventHandler.o)
                              .\CortexM0\ARM_GCC_493\Debug\SerialLaserSensor_SEN0177.a(BLE.o) (cyBle_eventHandlerFlag)
.\CortexM0\ARM_GCC_493\Debug\SerialLaserSensor_SEN0177.a(BLE_custom.o)
                              .\CortexM0\ARM_GCC_493\Debug\SerialLaserSensor_SEN0177.a(BLE.o) (CyBle_CustomInit)
.\CortexM0\ARM_GCC_493\Debug\SerialLaserSensor_SEN0177.a(CyLib.o)
                              .\CortexM0\ARM_GCC_493\Debug\SerialLaserSensor_SEN0177.a(cyfitter_cfg.o) (CySysClkWriteImoFreq)
.\CortexM0\ARM_GCC_493\Debug\SerialLaserSensor_SEN0177.a(CyLFClk.o)
                              .\CortexM0\ARM_GCC_493\Debug\SerialLaserSensor_SEN0177.a(cyfitter_cfg.o) (CySysClkWcoStart)
.\CortexM0\ARM_GCC_493\Debug\SerialLaserSensor_SEN0177.a(STATUS.o)
                              .\CortexM0\ARM_GCC_493\Debug\main.o (STATUS_Write)
.\CortexM0\ARM_GCC_493\Debug\SerialLaserSensor_SEN0177.a(CyBootAsmGnu.o)
                              .\CortexM0\ARM_GCC_493\Debug\SerialLaserSensor_SEN0177.a(cyfitter_cfg.o) (CyDelayCycles)
.\CortexM0\ARM_GCC_493\Debug\SerialLaserSensor_SEN0177.a(Serial_SPI_UART.o)
                              .\CortexM0\ARM_GCC_493\Debug\SerialLaserSensor_SEN0177.a(Serial_UART.o) (Serial_rxBufferHead)
.\CortexM0\ARM_GCC_493\Debug\SerialLaserSensor_SEN0177.a(Serial_SPI_UART_INT.o)
                              .\CortexM0\ARM_GCC_493\Debug\SerialLaserSensor_SEN0177.a(Serial_UART.o) (Serial_SPI_UART_ISR)
C:\Program Files (x86)\Cypress\PSoC Creator\4.0\PSoC Creator\psoc\content\cycomponentlibrary\CyComponentLibrary.cylib\BLE_v2_0\Library\gccCyBLEStack_BLE_SOC_PERIPHERAL.a(CyBle.o)
                              .\CortexM0\ARM_GCC_493\Debug\main.o (CyBle_ProcessEvents)
C:\Program Files (x86)\Cypress\PSoC Creator\4.0\PSoC Creator\psoc\content\cycomponentlibrary\CyComponentLibrary.cylib\BLE_v2_0\Library\gccCyBLEStack_BLE_SOC_PERIPHERAL.a(CyBleStackMgrIP_Interface.o)
                              C:\Program Files (x86)\Cypress\PSoC Creator\4.0\PSoC Creator\psoc\content\cycomponentlibrary\CyComponentLibrary.cylib\BLE_v2_0\Library\gccCyBLEStack_BLE_SOC_PERIPHERAL.a(CyBle.o) (CyBleStackMgr_Init)
C:\Program Files (x86)\Cypress\PSoC Creator\4.0\PSoC Creator\psoc\content\cycomponentlibrary\CyComponentLibrary.cylib\BLE_v2_0\Library\gccCyBLEStack_BLE_SOC_PERIPHERAL.a(BT_os.o)
                              C:\Program Files (x86)\Cypress\PSoC Creator\4.0\PSoC Creator\psoc\content\cycomponentlibrary\CyComponentLibrary.cylib\BLE_v2_0\Library\gccCyBLEStack_BLE_SOC_PERIPHERAL.a(CyBleStackMgrIP_Interface.o) (cyBleStackMemoryConfig)
C:\Program Files (x86)\Cypress\PSoC Creator\4.0\PSoC Creator\psoc\content\cycomponentlibrary\CyComponentLibrary.cylib\BLE_v2_0\Library\gccCyBLEStack_BLE_SOC_PERIPHERAL.a(CyBleStackMgr_StackTaskHandler.o)
                              C:\Program Files (x86)\Cypress\PSoC Creator\4.0\PSoC Creator\psoc\content\cycomponentlibrary\CyComponentLibrary.cylib\BLE_v2_0\Library\gccCyBLEStack_BLE_SOC_PERIPHERAL.a(CyBleStackMgrIP_Interface.o) (CyBle_CreateBleStackTask)
C:\Program Files (x86)\Cypress\PSoC Creator\4.0\PSoC Creator\psoc\content\cycomponentlibrary\CyComponentLibrary.cylib\BLE_v2_0\Library\gccCyBLEStack_BLE_SOC_PERIPHERAL.a(transport_sf.o)
                              C:\Program Files (x86)\Cypress\PSoC Creator\4.0\PSoC Creator\psoc\content\cycomponentlibrary\CyComponentLibrary.cylib\BLE_v2_0\Library\gccCyBLEStack_BLE_SOC_PERIPHERAL.a(CyBleStackMgr_StackTaskHandler.o) (hci_soft_transport_notify_data_received)
C:\Program Files (x86)\Cypress\PSoC Creator\4.0\PSoC Creator\psoc\content\cycomponentlibrary\CyComponentLibrary.cylib\BLE_v2_0\Library\gccCyBLEStack_BLE_SOC_PERIPHERAL.a(CyBleStackMgr_PSoCHal.o)
                              C:\Program Files (x86)\Cypress\PSoC Creator\4.0\PSoC Creator\psoc\content\cycomponentlibrary\CyComponentLibrary.cylib\BLE_v2_0\Library\gccCyBLEStack_BLE_SOC_PERIPHERAL.a(CyBleStackMgrIP_Interface.o) (CyBleStackMgr_HalInit)
[...]
Memory Configuration

Name             Origin             Length             Attributes
rom              0x00000000         0x00020000         xr
ram              0x20000000         0x00004000         xrw
*default*        0x00000000         0xffffffff

Linker script and memory map

LOAD c:/program files (x86)/cypress/psoc creator/4.0/psoc creator/import/gnu/arm/4.9.3/bin/../lib/gcc/arm-none-eabi/4.9.3/armv6-m/crti.o
LOAD c:/program files (x86)/cypress/psoc creator/4.0/psoc creator/import/gnu/arm/4.9.3/bin/../lib/gcc/arm-none-eabi/4.9.3/armv6-m/crtbegin.o
LOAD c:/program files (x86)/cypress/psoc creator/4.0/psoc creator/import/gnu/arm/4.9.3/bin/../lib/gcc/arm-none-eabi/4.9.3/../../../../arm-none-eabi/lib/armv6-m/crt0.o
START GROUP
LOAD .\CortexM0\ARM_GCC_493\Debug\main.o
LOAD .\CortexM0\ARM_GCC_493\Debug\cymetadata.o
LOAD .\CortexM0\ARM_GCC_493\Debug\Cm0Start.o
LOAD .\CortexM0\ARM_GCC_493\Debug\SerialLaserSensor_SEN0177.a
LOAD C:\Program Files (x86)\Cypress\PSoC Creator\4.0\PSoC Creator\psoc\content\cycomponentlibrary\CyComponentLibrary.cylib\BLE_v2_0\Library\gccCyBLEStack_BLE_SOC_PERIPHERAL.a
LOAD C:\Program Files (x86)\Cypress\PSoC Creator\4.0\PSoC Creator\psoc\content\cycomponentlibrary\CyComponentLibrary.cylib\CortexM0\ARM_GCC_493\Debug\CyComponentLibrary.a
END GROUP
START GROUP
LOAD c:/program files (x86)/cypress/psoc creator/4.0/psoc creator/import/gnu/arm/4.9.3/bin/../lib/gcc/arm-none-eabi/4.9.3/armv6-m\libgcc.a
LOAD c:/program files (x86)/cypress/psoc creator/4.0/psoc creator/import/gnu/arm/4.9.3/bin/../lib/gcc/arm-none-eabi/4.9.3/../../../../arm-none-eabi/lib/armv6-m\libg_nano.a
LOAD c:/program files (x86)/cypress/psoc creator/4.0/psoc creator/import/gnu/arm/4.9.3/bin/../lib/gcc/arm-none-eabi/4.9.3/../../../../arm-none-eabi/lib/armv6-m\libc_nano.a
END GROUP
START GROUP
LOAD c:/program files (x86)/cypress/psoc creator/4.0/psoc creator/import/gnu/arm/4.9.3/bin/../lib/gcc/arm-none-eabi/4.9.3/armv6-m\libgcc.a
LOAD c:/program files (x86)/cypress/psoc creator/4.0/psoc creator/import/gnu/arm/4.9.3/bin/../lib/gcc/arm-none-eabi/4.9.3/../../../../arm-none-eabi/lib/armv6-m\libc_nano.a
END GROUP
LOAD c:/program files (x86)/cypress/psoc creator/4.0/psoc creator/import/gnu/arm/4.9.3/bin/../lib/gcc/arm-none-eabi/4.9.3/armv6-m/crtend.o
LOAD c:/program files (x86)/cypress/psoc creator/4.0/psoc creator/import/gnu/arm/4.9.3/bin/../lib/gcc/arm-none-eabi/4.9.3/armv6-m/crtn.o
START GROUP
LOAD c:/program files (x86)/cypress/psoc creator/4.0/psoc creator/import/gnu/arm/4.9.3/bin/../lib/gcc/arm-none-eabi/4.9.3/armv6-m\libgcc.a
LOAD c:/program files (x86)/cypress/psoc creator/4.0/psoc creator/import/gnu/arm/4.9.3/bin/../lib/gcc/arm-none-eabi/4.9.3/../../../../arm-none-eabi/lib/armv6-m\libc.a
LOAD c:/program files (x86)/cypress/psoc creator/4.0/psoc creator/import/gnu/arm/4.9.3/bin/../lib/gcc/arm-none-eabi/4.9.3/../../../../arm-none-eabi/lib/armv6-m\libnosys.a
END GROUP
                0x00000000                CY_APPL_ORIGIN = 0x0
                0x00000080                CY_FLASH_ROW_SIZE = 0x80
                0x00000001                CY_APPL_NUM = 0x1
                0x00000001                CY_APPL_MAX = 0x1
                0x00000040                CY_METADATA_SIZE = 0x40
                0x00000000                CY_APPL_LOADABLE = 0x0
                0x00000000                CY_CHECKSUM_EXCLUDE_SIZE = ALIGN (0x0, CY_FLASH_ROW_SIZE)
                0x00000000                CY_APP_FOR_STACK_AND_COPIER = 0x0
                0x20001d80                PROVIDE (__cy_heap_start, _end)
                0x00000001                PROVIDE (__cy_region_num, ((__cy_regions_end - __cy_regions) / 0x10))
                0x20004000                PROVIDE (__cy_stack, (ORIGIN (ram) + 0x4000))
                0x20003800                PROVIDE (__cy_heap_end, (__cy_stack - 0x800))

.cybootloader   0x00000000        0x0
 *(.cybootloader)
                0x00000000                appl1_start = CY_APPL_ORIGIN?CY_APPL_ORIGIN:ALIGN (CY_FLASH_ROW_SIZE)
                0x0000ff80                appl2_start = (appl1_start + ALIGN ((((0x20000 - appl1_start) - (0x2 * CY_FLASH_ROW_SIZE)) / 0x2), CY_FLASH_ROW_SIZE))
                0x00000000                appl_start = (CY_APPL_NUM == 0x1)?appl1_start:appl2_start
                0x00000001                cy_project_type_bootloader = (appl_start == 0x0)?0x1:0x0
                0x00000000                cy_project_type_app_for_stack_and_copier = (CY_APP_FOR_STACK_AND_COPIER == 0x1)?0x1:0x0

.text           0x00000000     0x1b10
 CREATE_OBJECT_SYMBOLS
                0x00000000                PROVIDE (__cy_interrupt_vector, RomVectors)
 *(.romvectors)
 .romvectors    0x00000000       0x10 .\CortexM0\ARM_GCC_493\Debug\Cm0Start.o
                0x00000000                RomVectors
                0x00000001                ASSERT ((. != __cy_interrupt_vector), No interrupt vector)
                0x00000001                ASSERT (CY_APPL_ORIGIN?(SIZEOF (.cybootloader) <= CY_APPL_ORIGIN):0x1, Wrong image location)
                0x00000010                PROVIDE (__cy_reset, Reset)
 *(.text.Reset)
 .text.Reset    0x00000010        0x8 .\CortexM0\ARM_GCC_493\Debug\Cm0Start.o
                0x00000010                Reset
                0x00000001                ASSERT ((. != __cy_reset), No reset code)
 *(.psocinit)
 .psocinit      0x00000018      0x208 .\CortexM0\ARM_GCC_493\Debug\SerialLaserSensor_SEN0177.a(cyfitter_cfg.o)
                0x00000108                cyfitter_cfg
                0x00000220                . = MAX (., 0x100)
 *(.text .text.* .gnu.linkonce.t.*)
 .text          0x00000220       0x60 c:/program files (x86)/cypress/psoc creator/4.0/psoc creator/import/gnu/arm/4.9.3/bin/../lib/gcc/arm-none-eabi/4.9.3/armv6-m/crtbegin.o
 .text.main     0x00000280       0xa0 .\CortexM0\ARM_GCC_493\Debug\main.o
                0x00000280                main
 .text.StackEventHandler
                0x00000320       0x20 .\CortexM0\ARM_GCC_493\Debug\main.o
                0x00000320                StackEventHandler
 .text.readParticles
                0x00000340       0x50 .\CortexM0\ARM_GCC_493\Debug\main.o
                0x00000340                readParticles
 .text.IntDefaultHandler
                0x00000390        0x8 .\CortexM0\ARM_GCC_493\Debug\Cm0Start.o
                0x00000390                IntDefaultHandler
 .text.Start_c  0x00000398       0x98 .\CortexM0\ARM_GCC_493\Debug\Cm0Start.o
                0x00000398                Start_c
 .text.initialize_psoc
                0x00000430       0x70 .\CortexM0\ARM_GCC_493\Debug\Cm0Start.o
                0x00000430                initialize_psoc
 .text.CYMEMZERO
                0x000004a0       0x20 .\CortexM0\ARM_GCC_493\Debug\SerialLaserSensor_SEN0177.a(cyfitter_cfg.o)
 .text.AnalogSetDefault
                0x000004c0       0x28 .\CortexM0\ARM_GCC_493\Debug\SerialLaserSensor_SEN0177.a(cyfitter_cfg.o)
 .text.Serial_Init
                0x000004e8        0xc .\CortexM0\ARM_GCC_493\Debug\SerialLaserSensor_SEN0177.a(Serial.o)
                0x000004e8                Serial_Init
 .text.Serial_Enable
                0x000004f4       0x24 .\CortexM0\ARM_GCC_493\Debug\SerialLaserSensor_SEN0177.a(Serial.o)
                0x000004f4                Serial_Enable
 .text.Serial_Start
                0x00000518       0x24 .\CortexM0\ARM_GCC_493\Debug\SerialLaserSensor_SEN0177.a(Serial.o)
                0x00000518                Serial_Start
 .text.Serial_ScbEnableIntr
                0x0000053c       0x10 .\CortexM0\ARM_GCC_493\Debug\SerialLaserSensor_SEN0177.a(Serial.o)
 .text.Serial_ScbModePostEnable
                0x0000054c        0xc .\CortexM0\ARM_GCC_493\Debug\SerialLaserSensor_SEN0177.a(Serial.o)
 .text.Serial_UartInit
                0x00000558       0xec .\CortexM0\ARM_GCC_493\Debug\SerialLaserSensor_SEN0177.a(Serial_UART.o)
                0x00000558                Serial_UartInit
 .text.Serial_UartPostEnable
                0x00000644        0x8 .\CortexM0\ARM_GCC_493\Debug\SerialLaserSensor_SEN0177.a(Serial_UART.o)
                0x00000644                Serial_UartPostEnable
 .text.Serial_UartGetChar
                0x0000064c       0x40 .\CortexM0\ARM_GCC_493\Debug\SerialLaserSensor_SEN0177.a(Serial_UART.o)
                0x0000064c                Serial_UartGetChar
 .text.CyBle_Init
                0x0000068c       0x2c .\CortexM0\ARM_GCC_493\Debug\SerialLaserSensor_SEN0177.a(BLE.o)
                0x0000068c                CyBle_Init
 .text.CyBle_ServiceInit
                0x000006b8        0xc .\CortexM0\ARM_GCC_493\Debug\SerialLaserSensor_SEN0177.a(BLE.o)
                0x000006b8                CyBle_ServiceInit
 .text.CyBle_Start
                0x000006c4       0xb0 .\CortexM0\ARM_GCC_493\Debug\SerialLaserSensor_SEN0177.a(BLE.o)
                0x000006c4                CyBle_Start
 .text.CyBle_GappStartAdvertisement
                0x00000774       0xd8 .\CortexM0\ARM_GCC_493\Debug\SerialLaserSensor_SEN0177.a(BLE.o)
                0x00000774                CyBle_GappStartAdvertisement
 .text.CyBle_ChangeAdDeviceAddress
                0x0000084c       0x60 .\CortexM0\ARM_GCC_493\Debug\SerialLaserSensor_SEN0177.a(BLE.o)
                0x0000084c                CyBle_ChangeAdDeviceAddress
 .text.CyBle_Get16ByPtr
                0x000008ac       0x28 .\CortexM0\ARM_GCC_493\Debug\SerialLaserSensor_SEN0177.a(BLE.o)
                0x000008ac                CyBle_Get16ByPtr
 .text.CyBle_GattsWriteEventHandler
                0x000008d4       0xa0 .\CortexM0\ARM_GCC_493\Debug\SerialLaserSensor_SEN0177.a(BLE_gatt.o)
                0x000008d4                CyBle_GattsWriteEventHandler
 .text.CyBle_WriteReqHandler
                0x00000974       0x70 .\CortexM0\ARM_GCC_493\Debug\SerialLaserSensor_SEN0177.a(BLE_eventHandler.o)
 .text.CyBle_ValueConfirmation
                0x000009e4       0x10 .\CortexM0\ARM_GCC_493\Debug\SerialLaserSensor_SEN0177.a(BLE_eventHandler.o)
 .text.CyBle_GattDisconnectEventHandler
                0x000009f4       0x18 .\CortexM0\ARM_GCC_493\Debug\SerialLaserSensor_SEN0177.a(BLE_eventHandler.o)
 .text.CyBle_TimeOutEventHandler
                0x00000a0c       0x10 .\CortexM0\ARM_GCC_493\Debug\SerialLaserSensor_SEN0177.a(BLE_eventHandler.o)
 .text.CyBle_GattConnectReqHandler
                0x00000a1c        0x8 .\CortexM0\ARM_GCC_493\Debug\SerialLaserSensor_SEN0177.a(BLE_eventHandler.o)
 .text.CyBle_IsDeviceAddressValid
                0x00000a24       0x60 .\CortexM0\ARM_GCC_493\Debug\SerialLaserSensor_SEN0177.a(BLE_eventHandler.o)
 .text.CyBle_L2Cap_ConnParamUpdateRspEventHandler
                0x00000a84       0x14 .\CortexM0\ARM_GCC_493\Debug\SerialLaserSensor_SEN0177.a(BLE_eventHandler.o)
 .text.CyBle_GapConnUpdateCompleteEventHandler
                0x00000a98       0x10 .\CortexM0\ARM_GCC_493\Debug\SerialLaserSensor_SEN0177.a(BLE_eventHandler.o)
 .text.CyBle_EventHandler
                0x00000aa8      0x2a8 .\CortexM0\ARM_GCC_493\Debug\SerialLaserSensor_SEN0177.a(BLE_eventHandler.o)
                0x00000aa8                CyBle_EventHandler
 .text.CyBle_CustomInit
                0x00000d50        0x8 .\CortexM0\ARM_GCC_493\Debug\SerialLaserSensor_SEN0177.a(BLE_custom.o)
                0x00000d50                CyBle_CustomInit
 .text.CySysClkWriteImoFreq
                0x00000d58       0x98 .\CortexM0\ARM_GCC_493\Debug\SerialLaserSensor_SEN0177.a(CyLib.o)
                0x00000d58                CySysClkWriteImoFreq
 .text.CySysClkEcoStart
                0x00000df0       0x74 .\CortexM0\ARM_GCC_493\Debug\SerialLaserSensor_SEN0177.a(CyLib.o)
                0x00000df0                CySysClkEcoStart
 .text.CySysClkEcoReadStatus
                0x00000e64       0x20 .\CortexM0\ARM_GCC_493\Debug\SerialLaserSensor_SEN0177.a(CyLib.o)
                0x00000e64                CySysClkEcoReadStatus
 .text.CyIntSetVector
                0x00000e84       0x4c .\CortexM0\ARM_GCC_493\Debug\SerialLaserSensor_SEN0177.a(CyLib.o)
                0x00000e84                CyIntSetVector
 .text.CyIntSetPriority
                0x00000ed0       0xa8 .\CortexM0\ARM_GCC_493\Debug\SerialLaserSensor_SEN0177.a(CyLib.o)
                0x00000ed0                CyIntSetPriority
 .text.CyIntEnable
                0x00000f78       0x28 .\CortexM0\ARM_GCC_493\Debug\SerialLaserSensor_SEN0177.a(CyLib.o)
                0x00000f78                CyIntEnable
 .text.CyIntDisable
                0x00000fa0       0x28 .\CortexM0\ARM_GCC_493\Debug\SerialLaserSensor_SEN0177.a(CyLib.o)
                0x00000fa0                CyIntDisable
 .text.CyHalt   0x00000fc8       0x14 .\CortexM0\ARM_GCC_493\Debug\SerialLaserSensor_SEN0177.a(CyLib.o)
                0x00000fc8                CyHalt
 .text.CyDelay  0x00000fdc       0x48 .\CortexM0\ARM_GCC_493\Debug\SerialLaserSensor_SEN0177.a(CyLib.o)
                0x00000fdc                CyDelay
 .text.CyDelayUs
                0x00001024       0x28 .\CortexM0\ARM_GCC_493\Debug\SerialLaserSensor_SEN0177.a(CyLib.o)
                0x00001024                CyDelayUs
 .text.CySysClkWcoSetHighPowerMode
                0x0000104c       0x48 .\CortexM0\ARM_GCC_493\Debug\SerialLaserSensor_SEN0177.a(CyLFClk.o)
 .text.CySysClkWcoSetLowPowerMode
                0x00001094       0x48 .\CortexM0\ARM_GCC_493\Debug\SerialLaserSensor_SEN0177.a(CyLFClk.o)
 .text.CySysClkWcoStart
                0x000010dc       0x20 .\CortexM0\ARM_GCC_493\Debug\SerialLaserSensor_SEN0177.a(CyLFClk.o)
                0x000010dc                CySysClkWcoStart
 .text.CySysClkWcoSetPowerMode
                0x000010fc       0x40 .\CortexM0\ARM_GCC_493\Debug\SerialLaserSensor_SEN0177.a(CyLFClk.o)
                0x000010fc                CySysClkWcoSetPowerMode
 .text.CySysWdtLock
                0x0000113c       0x34 .\CortexM0\ARM_GCC_493\Debug\SerialLaserSensor_SEN0177.a(CyLFClk.o)
                0x0000113c                CySysWdtLock
 .text.CySysWdtLocked
                0x00001170       0x20 .\CortexM0\ARM_GCC_493\Debug\SerialLaserSensor_SEN0177.a(CyLFClk.o)
 .text.CySysWdtUnlock
                0x00001190       0x4c .\CortexM0\ARM_GCC_493\Debug\SerialLaserSensor_SEN0177.a(CyLFClk.o)
                0x00001190                CySysWdtUnlock
 .text.CySysWdtClearInterrupt
                0x000011dc       0x70 .\CortexM0\ARM_GCC_493\Debug\SerialLaserSensor_SEN0177.a(CyLFClk.o)
                0x000011dc                CySysWdtClearInterrupt
 .text.CySysWdtIsr
                0x0000124c       0xe8 .\CortexM0\ARM_GCC_493\Debug\SerialLaserSensor_SEN0177.a(CyLFClk.o)
                0x0000124c                CySysWdtIsr
 .text.STATUS_Write
                0x00001334       0x4c .\CortexM0\ARM_GCC_493\Debug\SerialLaserSensor_SEN0177.a(STATUS.o)
                0x00001334                STATUS_Write
 .text          0x00001380       0x20 .\CortexM0\ARM_GCC_493\Debug\SerialLaserSensor_SEN0177.a(CyBootAsmGnu.o)
                0x00001380                CyDelayCycles
                0x00001392                CyEnterCriticalSection
                0x0000139a                CyExitCriticalSection
 .text.Serial_SpiUartReadRxData
                0x000013a0       0x50 .\CortexM0\ARM_GCC_493\Debug\SerialLaserSensor_SEN0177.a(Serial_SPI_UART.o)
                0x000013a0                Serial_SpiUartReadRxData
 .text.Serial_SpiUartGetRxBufferSize
                0x000013f0       0x40 .\CortexM0\ARM_GCC_493\Debug\SerialLaserSensor_SEN0177.a(Serial_SPI_UART.o)
                0x000013f0                Serial_SpiUartGetRxBufferSize
 .text.Serial_SPI_UART_ISR
                0x00001430       0x98 .\CortexM0\ARM_GCC_493\Debug\SerialLaserSensor_SEN0177.a(Serial_SPI_UART_INT.o)
                0x00001430                Serial_SPI_UART_ISR
 .text.CyBLE_Bless_LlRegWrite
                0x000014c8       0x1c .\CortexM0\ARM_GCC_493\Debug\SerialLaserSensor_SEN0177.a(BLE_HAL_PVT.o)
                0x000014c8                CyBLE_Bless_LlRegWrite
 .text.CyBLE_Bless_RfRegWrite
                0x000014e4       0x1c .\CortexM0\ARM_GCC_493\Debug\SerialLaserSensor_SEN0177.a(BLE_HAL_PVT.o)
                0x000014e4                CyBLE_Bless_RfRegWrite
 .text.CyBLE_BlessDeviceConfig
                0x00001500      0x110 .\CortexM0\ARM_GCC_493\Debug\SerialLaserSensor_SEN0177.a(BLE_HAL_PVT.o)
                0x00001500                CyBLE_BlessDeviceConfig
 .text.CyBleHal_DelayUs
                0x00001610       0x1c .\CortexM0\ARM_GCC_493\Debug\SerialLaserSensor_SEN0177.a(BLE_HAL_PVT.o)
                0x00001610                CyBleHal_DelayUs
 .text.CyBleHal_DelayMs
                0x0000162c       0x18 .\CortexM0\ARM_GCC_493\Debug\SerialLaserSensor_SEN0177.a(BLE_HAL_PVT.o)
                0x0000162c                CyBleHal_DelayMs
 .text.CyBleHal_EnableGlobalInterrupts
                0x00001644        0xc .\CortexM0\ARM_GCC_493\Debug\SerialLaserSensor_SEN0177.a(BLE_HAL_PVT.o)
                0x00001644                CyBleHal_EnableGlobalInterrupts
 .text.CyBleHal_DisableGlobalInterrupts
                0x00001650        0xc .\CortexM0\ARM_GCC_493\Debug\SerialLaserSensor_SEN0177.a(BLE_HAL_PVT.o)
                0x00001650                CyBleHal_DisableGlobalInterrupts
 .text.CyBle_HalInit
                0x0000165c       0x20 .\CortexM0\ARM_GCC_493\Debug\SerialLaserSensor_SEN0177.a(BLE_HAL_PVT.o)
                0x0000165c                CyBle_HalInit
 .text.CYBLE_BlessStart
                0x0000167c       0x14 .\CortexM0\ARM_GCC_493\Debug\SerialLaserSensor_SEN0177.a(BLE_HAL_PVT.o)
                0x0000167c                CYBLE_BlessStart
 .text.BLE_bless_isr_StartEx
                0x00001690       0x24 .\CortexM0\ARM_GCC_493\Debug\SerialLaserSensor_SEN0177.a(BLE_bless_isr.o)
                0x00001690                BLE_bless_isr_StartEx
 .text.BLE_bless_isr_SetVector
                0x000016b4       0x18 .\CortexM0\ARM_GCC_493\Debug\SerialLaserSensor_SEN0177.a(BLE_bless_isr.o)
                0x000016b4                BLE_bless_isr_SetVector
 .text.BLE_bless_isr_SetPriority
                0x000016cc       0x4c .\CortexM0\ARM_GCC_493\Debug\SerialLaserSensor_SEN0177.a(BLE_bless_isr.o)
                0x000016cc                BLE_bless_isr_SetPriority
 .text.BLE_bless_isr_Enable
                0x00001718       0x14 .\CortexM0\ARM_GCC_493\Debug\SerialLaserSensor_SEN0177.a(BLE_bless_isr.o)
                0x00001718                BLE_bless_isr_Enable
 .text.BLE_bless_isr_Disable
                0x0000172c       0x14 .\CortexM0\ARM_GCC_493\Debug\SerialLaserSensor_SEN0177.a(BLE_bless_isr.o)
                0x0000172c                BLE_bless_isr_Disable
 .text.CySysPmSleep
                0x00001740       0x34 .\CortexM0\ARM_GCC_493\Debug\SerialLaserSensor_SEN0177.a(cyPm.o)
                0x00001740                CySysPmSleep
 .text.CyBLE_Bless_Interrupt
                0x00001774        0xc .\CortexM0\ARM_GCC_493\Debug\SerialLaserSensor_SEN0177.a(BLE_HAL_INT.o)
                0x00001774                CyBLE_Bless_Interrupt
 .text          0x00001780      0x120 c:/program files (x86)/cypress/psoc creator/4.0/psoc creator/import/gnu/arm/4.9.3/bin/../lib/gcc/arm-none-eabi/4.9.3/armv6-m\libgcc.a(_udivsi3.o)
                0x00001780                __aeabi_uidiv
                0x00001780                __udivsi3
                0x0000188c                __aeabi_uidivmod
 .text          0x000018a0      0x1e0 c:/program files (x86)/cypress/psoc creator/4.0/psoc creator/import/gnu/arm/4.9.3/bin/../lib/gcc/arm-none-eabi/4.9.3/armv6-m\libgcc.a(_divsi3.o)
                0x000018a0                __divsi3
                0x000018a0                __aeabi_idiv
                0x00001a6c                __aeabi_idivmod
 .text          0x00001a80        0x4 c:/program files (x86)/cypress/psoc creator/4.0/psoc creator/import/gnu/arm/4.9.3/bin/../lib/gcc/arm-none-eabi/4.9.3/armv6-m\libgcc.a(_dvmd_tls.o)
                0x00001a80                __aeabi_idiv0
                0x00001a80                __aeabi_ldiv0
 .text.__libc_init_array
                0x00001a84       0x4c c:/program files (x86)/cypress/psoc creator/4.0/psoc creator/import/gnu/arm/4.9.3/bin/../lib/gcc/arm-none-eabi/4.9.3/../../../../arm-none-eabi/lib/armv6-m\libg_nano.a(lib_a-init.o)
                0x00001a84                __libc_init_array
 .text.memcmp   0x00001ad0       0x1e c:/program files (x86)/cypress/psoc creator/4.0/psoc creator/import/gnu/arm/4.9.3/bin/../lib/gcc/arm-none-eabi/4.9.3/../../../../arm-none-eabi/lib/armv6-m\libg_nano.a(lib_a-memcmp.o)
                0x00001ad0                memcmp
 .text.memcpy   0x00001aee       0x12 c:/program files (x86)/cypress/psoc creator/4.0/psoc creator/import/gnu/arm/4.9.3/bin/../lib/gcc/arm-none-eabi/4.9.3/../../../../arm-none-eabi/lib/armv6-m\libg_nano.a(lib_a-memcpy.o)
                0x00001aee                memcpy
 .text.memset   0x00001b00       0x10 c:/program files (x86)/cypress/psoc creator/4.0/psoc creator/import/gnu/arm/4.9.3/bin/../lib/gcc/arm-none-eabi/4.9.3/../../../../arm-none-eabi/lib/armv6-m\libg_nano.a(lib_a-memset.o)
                0x00001b00                memset
 *(.plt)
 *(.gnu.warning)
 *(.glue_7t)
 .glue_7t       0x00000000        0x0 linker stubs
 *(.glue_7)
 .glue_7        0x00000000        0x0 linker stubs
 *(.vfp11_veneer)
 .vfp11_veneer  0x00000000        0x0 linker stubs
 *(.bootloader)
 *(.ARM.extab* .gnu.linkonce.armextab.*)
 *(.gcc_except_table)

.v4_bx          0x00001b10        0x0
 .v4_bx         0x00000000        0x0 linker stubs

.iplt           0x00001b10        0x0
 .iplt          0x00000000        0x0 c:/program files (x86)/cypress/psoc creator/4.0/psoc creator/import/gnu/arm/4.9.3/bin/../lib/gcc/arm-none-eabi/4.9.3/armv6-m/crtbegin.o

i.CyBle_ExitLPM
                0x00001b10        0x8
 i.CyBle_ExitLPM
                0x00001b10        0x8 C:\Program Files (x86)\Cypress\PSoC Creator\4.0\PSoC Creator\psoc\content\cycomponentlibrary\CyComponentLibrary.cylib\BLE_v2_0\Library\gccCyBLEStack_BLE_SOC_PERIPHERAL.a(CyBle.o)
                0x00001b10                CyBle_ExitLPM

i.CyBle_ProcessEvents
                0x00001b18        0x8
 i.CyBle_ProcessEvents
                0x00001b18        0x8 C:\Program Files (x86)\Cypress\PSoC Creator\4.0\PSoC Creator\psoc\content\cycomponentlibrary\CyComponentLibrary.cylib\BLE_v2_0\Library\gccCyBLEStack_BLE_SOC_PERIPHERAL.a(CyBle.o)
                0x00001b18                CyBle_ProcessEvents

i.CyBle_SetDeviceAddress
                0x00001b20       0x24
 i.CyBle_SetDeviceAddress
                0x00001b20       0x24 C:\Program Files (x86)\Cypress\PSoC Creator\4.0\PSoC Creator\psoc\content\cycomponentlibrary\CyComponentLibrary.cylib\BLE_v2_0\Library\gccCyBLEStack_BLE_SOC_PERIPHERAL.a(CyBle.o)
                0x00001b20                CyBle_SetDeviceAddress

i.CyBle_StackInit
                0x00001b44       0x80
 i.CyBle_StackInit
                0x00001b44       0x80 C:\Program Files (x86)\Cypress\PSoC Creator\4.0\PSoC Creator\psoc\content\cycomponentlibrary\CyComponentLibrary.cylib\BLE_v2_0\Library\gccCyBLEStack_BLE_SOC_PERIPHERAL.a(CyBle.o)
                0x00001b44                CyBle_StackInit

i.CyBleStackMgr_Init
                0x00001bc4       0xb4
 i.CyBleStackMgr_Init
                0x00001bc4       0xb4 C:\Program Files (x86)\Cypress\PSoC Creator\4.0\PSoC Creator\psoc\content\cycomponentlibrary\CyComponentLibrary.cylib\BLE_v2_0\Library\gccCyBLEStack_BLE_SOC_PERIPHERAL.a(CyBleStackMgrIP_Interface.o)
                0x00001bc4                CyBleStackMgr_Init

i.CyBleStackMgr_ProcessBleEvents
                0x00001c78       0x14
 i.CyBleStackMgr_ProcessBleEvents
                0x00001c78       0x14 C:\Program Files (x86)\Cypress\PSoC Creator\4.0\PSoC Creator\psoc\content\cycomponentlibrary\CyComponentLibrary.cylib\BLE_v2_0\Library\gccCyBLEStack_BLE_SOC_PERIPHERAL.a(CyBleStackMgrIP_Interface.o)
                0x00001c78                CyBleStackMgr_ProcessBleEvents

i.CyBle_GetHeapMemory
                0x00001c8c       0x28
 i.CyBle_GetHeapMemory
                0x00001c8c       0x28 C:\Program Files (x86)\Cypress\PSoC Creator\4.0\PSoC Creator\psoc\content\cycomponentlibrary\CyComponentLibrary.cylib\BLE_v2_0\Library\gccCyBLEStack_BLE_SOC_PERIPHERAL.a(CyBleStackMgrIP_Interface.o)
                0x00001c8c                CyBle_GetHeapMemory

i.CyBle_GetNumAppBufferPools
                0x00001cb4        0xc
 i.CyBle_GetNumAppBufferPools
                0x00001cb4        0xc C:\Program Files (x86)\Cypress\PSoC Creator\4.0\PSoC Creator\psoc\content\cycomponentlibrary\CyComponentLibrary.cylib\BLE_v2_0\Library\gccCyBLEStack_BLE_SOC_PERIPHERAL.a(CyBleStackMgrIP_Interface.o)
                0x00001cb4                CyBle_GetNumAppBufferPools

i.CyBle_GetReservedPoolInfo
                0x00001cc0       0x3c
 i.CyBle_GetReservedPoolInfo
                0x00001cc0       0x3c C:\Program Files (x86)\Cypress\PSoC Creator\4.0\PSoC Creator\psoc\content\cycomponentlibrary\CyComponentLibrary.cylib\BLE_v2_0\Library\gccCyBLEStack_BLE_SOC_PERIPHERAL.a(CyBleStackMgrIP_Interface.o)
                0x00001cc0                CyBle_GetReservedPoolInfo

i.CyBle_HostStackBufferPoolInit
                0x00001cfc       0x7c
 i.CyBle_HostStackBufferPoolInit
                0x00001cfc       0x7c C:\Program Files (x86)\Cypress\PSoC Creator\4.0\PSoC Creator\psoc\content\cycomponentlibrary\CyComponentLibrary.cylib\BLE_v2_0\Library\gccCyBLEStack_BLE_SOC_PERIPHERAL.a(CyBleStackMgrIP_Interface.o)

i.ble_stack_idle_task_callback
                0x00001d78        0x2
 i.ble_stack_idle_task_callback
                0x00001d78        0x2 C:\Program Files (x86)\Cypress\PSoC Creator\4.0\PSoC Creator\psoc\content\cycomponentlibrary\CyComponentLibrary.cylib\BLE_v2_0\Library\gccCyBLEStack_BLE_SOC_PERIPHERAL.a(CyBleStackMgrIP_Interface.o)
                0x00001d78                ble_stack_idle_task_callback

i.BT_OSFreeBuf  0x00001d7c       0x20
 i.BT_OSFreeBuf
                0x00001d7c       0x20 C:\Program Files (x86)\Cypress\PSoC Creator\4.0\PSoC Creator\psoc\content\cycomponentlibrary\CyComponentLibrary.cylib\BLE_v2_0\Library\gccCyBLEStack_BLE_SOC_PERIPHERAL.a(BT_os.o)
                0x00001d7c                BT_OSFreeBuf

i.BT_OSGetBuF   0x00001d9c       0x30
 i.BT_OSGetBuF  0x00001d9c       0x30 C:\Program Files (x86)\Cypress\PSoC Creator\4.0\PSoC Creator\psoc\content\cycomponentlibrary\CyComponentLibrary.cylib\BLE_v2_0\Library\gccCyBLEStack_BLE_SOC_PERIPHERAL.a(BT_os.o)
                0x00001d9c                BT_OSGetBuF

i.BT_OSMemCreate
                0x00001dcc       0x3c
 i.BT_OSMemCreate
                0x00001dcc       0x3c C:\Program Files (x86)\Cypress\PSoC Creator\4.0\PSoC Creator\psoc\content\cycomponentlibrary\CyComponentLibrary.cylib\BLE_v2_0\Library\gccCyBLEStack_BLE_SOC_PERIPHERAL.a(BT_os.o)
                0x00001dcc                BT_OSMemCreate

i.BT_alloc_mem_ext
                0x00001e08       0x40
 i.BT_alloc_mem_ext
                0x00001e08       0x40 C:\Program Files (x86)\Cypress\PSoC Creator\4.0\PSoC Creator\psoc\content\cycomponentlibrary\CyComponentLibrary.cylib\BLE_v2_0\Library\gccCyBLEStack_BLE_SOC_PERIPHERAL.a(BT_os.o)
                0x00001e08                BT_alloc_mem_ext

i.BT_buff_alloc_from_cfg_pool_ext
                0x00001e48       0x18
 i.BT_buff_alloc_from_cfg_pool_ext
                0x00001e48       0x18 C:\Program Files (x86)\Cypress\PSoC Creator\4.0\PSoC Creator\psoc\content\cycomponentlibrary\CyComponentLibrary.cylib\BLE_v2_0\Library\gccCyBLEStack_BLE_SOC_PERIPHERAL.a(BT_os.o)
                0x00001e48                BT_buff_alloc_from_cfg_pool_ext

i.BT_free_mem   0x00001e60        0xc
 i.BT_free_mem  0x00001e60        0xc C:\Program Files (x86)\Cypress\PSoC Creator\4.0\PSoC Creator\psoc\content\cycomponentlibrary\CyComponentLibrary.cylib\BLE_v2_0\Library\gccCyBLEStack_BLE_SOC_PERIPHERAL.a(BT_os.o)
                0x00001e60                BT_free_mem

i.bt_stack_create_buffer_pool
                0x00001e6c       0x30
 i.bt_stack_create_buffer_pool
                0x00001e6c       0x30 C:\Program Files (x86)\Cypress\PSoC Creator\4.0\PSoC Creator\psoc\content\cycomponentlibrary\CyComponentLibrary.cylib\BLE_v2_0\Library\gccCyBLEStack_BLE_SOC_PERIPHERAL.a(BT_os.o)
                0x00001e6c                bt_stack_create_buffer_pool

i.CyBle_CheckBleStackTaskStatus
                0x00001e9c        0x4
 i.CyBle_CheckBleStackTaskStatus
                0x00001e9c        0x4 C:\Program Files (x86)\Cypress\PSoC Creator\4.0\PSoC Creator\psoc\content\cycomponentlibrary\CyComponentLibrary.cylib\BLE_v2_0\Library\gccCyBLEStack_BLE_SOC_PERIPHERAL.a(CyBleStackMgr_StackTaskHandler.o)
                0x00001e9c                CyBle_CheckBleStackTaskStatus

i.CyBle_CreateBleStackTask
                0x00001ea0       0x2c
 i.CyBle_CreateBleStackTask
                0x00001ea0       0x2c C:\Program Files (x86)\Cypress\PSoC Creator\4.0\PSoC Creator\psoc\content\cycomponentlibrary\CyComponentLibrary.cylib\BLE_v2_0\Library\gccCyBLEStack_BLE_SOC_PERIPHERAL.a(CyBleStackMgr_StackTaskHandler.o)
                0x00001ea0                CyBle_CreateBleStackTask

i.CyBle_SignalBleStackTask
                0x00001ecc       0x50
 i.CyBle_SignalBleStackTask
                0x00001ecc       0x50 C:\Program Files (x86)\Cypress\PSoC Creator\4.0\PSoC Creator\psoc\content\cycomponentlibrary\CyComponentLibrary.cylib\BLE_v2_0\Library\gccCyBLEStack_BLE_SOC_PERIPHERAL.a(CyBleStackMgr_StackTaskHandler.o)
                0x00001ecc                CyBle_SignalBleStackTask

i.CyBle_StackTaskHandler
                0x00001f1c       0x5c
 i.CyBle_StackTaskHandler
                0x00001f1c       0x5c C:\Program Files (x86)\Cypress\PSoC Creator\4.0\PSoC Creator\psoc\content\cycomponentlibrary\CyComponentLibrary.cylib\BLE_v2_0\Library\gccCyBLEStack_BLE_SOC_PERIPHERAL.a(CyBleStackMgr_StackTaskHandler.o)
                0x00001f1c                CyBle_StackTaskHandler

i.__ARM_common_switch8
                0x00001f78       0x1a
 i.__ARM_common_switch8
                0x00001f78       0x1a C:\Program Files (x86)\Cypress\PSoC Creator\4.0\PSoC Creator\psoc\content\cycomponentlibrary\CyComponentLibrary.cylib\BLE_v2_0\Library\gccCyBLEStack_BLE_SOC_PERIPHERAL.a(CyBleStackMgr_StackTaskHandler.o)
                0x00001f78                __ARM_common_switch8

i.hci_soft_transport_notify_data_received
                0x00001f94        0xc
 i.hci_soft_transport_notify_data_received
                0x00001f94        0xc C:\Program Files (x86)\Cypress\PSoC Creator\4.0\PSoC Creator\psoc\content\cycomponentlibrary\CyComponentLibrary.cylib\BLE_v2_0\Library\gccCyBLEStack_BLE_SOC_PERIPHERAL.a(transport_sf.o)
                0x00001f94                hci_soft_transport_notify_data_received

i.hci_soft_transport_rx_data
                0x00001fa0       0x40
 i.hci_soft_transport_rx_data
                0x00001fa0       0x40 C:\Program Files (x86)\Cypress\PSoC Creator\4.0\PSoC Creator\psoc\content\cycomponentlibrary\CyComponentLibrary.cylib\BLE_v2_0\Library\gccCyBLEStack_BLE_SOC_PERIPHERAL.a(transport_sf.o)
                0x00001fa0                hci_soft_transport_rx_data

i.hci_transport_bt_init
                0x00001fe0        0x2
 i.hci_transport_bt_init
                0x00001fe0        0x2 C:\Program Files (x86)\Cypress\PSoC Creator\4.0\PSoC Creator\psoc\content\cycomponentlibrary\CyComponentLibrary.cylib\BLE_v2_0\Library\gccCyBLEStack_BLE_SOC_PERIPHERAL.a(transport_sf.o)
                0x00001fe0                hci_transport_bt_init

i.hci_transport_init
                0x00001fe4       0x10
 i.hci_transport_init
                0x00001fe4       0x10 C:\Program Files (x86)\Cypress\PSoC Creator\4.0\PSoC Creator\psoc\content\cycomponentlibrary\CyComponentLibrary.cylib\BLE_v2_0\Library\gccCyBLEStack_BLE_SOC_PERIPHERAL.a(transport_sf.o)
                0x00001fe4                hci_transport_init

i.hci_transport_write_data
                0x00001ff4       0xd4
 i.hci_transport_write_data
                0x00001ff4       0xd4 C:\Program Files (x86)\Cypress\PSoC Creator\4.0\PSoC Creator\psoc\content\cycomponentlibrary\CyComponentLibrary.cylib\BLE_v2_0\Library\gccCyBLEStack_BLE_SOC_PERIPHERAL.a(transport_sf.o)
                0x00001ff4                hci_transport_write_data

i.pf_hci_soft_transport_write
                0x000020c8       0x44
 i.pf_hci_soft_transport_write
                0x000020c8       0x44 C:\Program Files (x86)\Cypress\PSoC Creator\4.0\PSoC Creator\psoc\content\cycomponentlibrary\CyComponentLibrary.cylib\BLE_v2_0\Library\gccCyBLEStack_BLE_SOC_PERIPHERAL.a(transport_sf.o)
                0x000020c8                pf_hci_soft_transport_write

i.pf_soft_hci_transport_init
                0x0000210c        0xc
 i.pf_soft_hci_transport_init
                0x0000210c        0xc C:\Program Files (x86)\Cypress\PSoC Creator\4.0\PSoC Creator\psoc\content\cycomponentlibrary\CyComponentLibrary.cylib\BLE_v2_0\Library\gccCyBLEStack_BLE_SOC_PERIPHERAL.a(transport_sf.o)
                0x0000210c                pf_soft_hci_transport_init

i.CyBleStackMgr_GetTime
                0x00002118       0x14
 i.CyBleStackMgr_GetTime
                0x00002118       0x14 C:\Program Files (x86)\Cypress\PSoC Creator\4.0\PSoC Creator\psoc\content\cycomponentlibrary\CyComponentLibrary.cylib\BLE_v2_0\Library\gccCyBLEStack_BLE_SOC_PERIPHERAL.a(CyBleStackMgr_PSoCHal.o)
                0x00002118                CyBleStackMgr_GetTime

i.CyBleStackMgr_HalInit
                0x0000212c       0x24
 i.CyBleStackMgr_HalInit
                0x0000212c       0x24 C:\Program Files (x86)\Cypress\PSoC Creator\4.0\PSoC Creator\psoc\content\cycomponentlibrary\CyComponentLibrary.cylib\BLE_v2_0\Library\gccCyBLEStack_BLE_SOC_PERIPHERAL.a(CyBleStackMgr_PSoCHal.o)
                0x0000212c                CyBleStackMgr_HalInit

i.CyBleStackMgr_HalIntrEnable
                0x00002150        0x8
 i.CyBleStackMgr_HalIntrEnable
                0x00002150        0x8 C:\Program Files (x86)\Cypress\PSoC Creator\4.0\PSoC Creator\psoc\content\cycomponentlibrary\CyComponentLibrary.cylib\BLE_v2_0\Library\gccCyBLEStack_BLE_SOC_PERIPHERAL.a(CyBleStackMgr_PSoCHal.o)
                0x00002150                CyBleStackMgr_HalIntrEnable

i.CyBleStackMgr_HandleLinkLayerTick
                0x00002158       0x5c
 i.CyBleStackMgr_HandleLinkLayerTick
                0x00002158       0x5c C:\Program Files (x86)\Cypress\PSoC Creator\4.0\PSoC Creator\psoc\content\cycomponentlibrary\CyComponentLibrary.cylib\BLE_v2_0\Library\gccCyBLEStack_BLE_SOC_PERIPHERAL.a(CyBleStackMgr_PSoCHal.o)
                0x00002158                CyBleStackMgr_HandleLinkLayerTick

i.CyBleStackMgr_HciPortInit
                0x000021b4        0xc
 i.CyBleStackMgr_HciPortInit
                0x000021b4        0xc C:\Program Files (x86)\Cypress\PSoC Creator\4.0\PSoC Creator\psoc\content\cycomponentlibrary\CyComponentLibrary.cylib\BLE_v2_0\Library\gccCyBLEStack_BLE_SOC_PERIPHERAL.a(CyBleStackMgr_PSoCHal.o)
                0x000021b4                CyBleStackMgr_HciPortInit

i.CyBleStackMgr_HciPortReset
                0x000021c0        0x2
 i.CyBleStackMgr_HciPortReset
                0x000021c0        0x2 C:\Program Files (x86)\Cypress\PSoC Creator\4.0\PSoC Creator\psoc\content\cycomponentlibrary\CyComponentLibrary.cylib\BLE_v2_0\Library\gccCyBLEStack_BLE_SOC_PERIPHERAL.a(CyBleStackMgr_PSoCHal.o)
                0x000021c0                CyBleStackMgr_HciPortReset

i.CyBleStackMgr_HciPortWrite
                0x000021c2        0x8
 i.CyBleStackMgr_HciPortWrite
                0x000021c2        0x8 C:\Program Files (x86)\Cypress\PSoC Creator\4.0\PSoC Creator\psoc\content\cycomponentlibrary\CyComponentLibrary.cylib\BLE_v2_0\Library\gccCyBLEStack_BLE_SOC_PERIPHERAL.a(CyBleStackMgr_PSoCHal.o)
                0x000021c2                CyBleStackMgr_HciPortWrite

i.CyBleStackMgr_ResetLinkLayerTimerEntity
                0x000021cc       0x14
 i.CyBleStackMgr_ResetLinkLayerTimerEntity
                0x000021cc       0x14 C:\Program Files (x86)\Cypress\PSoC Creator\4.0\PSoC Creator\psoc\content\cycomponentlibrary\CyComponentLibrary.cylib\BLE_v2_0\Library\gccCyBLEStack_BLE_SOC_PERIPHERAL.a(CyBleStackMgr_PSoCHal.o)
                0x000021cc                CyBleStackMgr_ResetLinkLayerTimerEntity

i.CyBleStackMgr_TimerStart
                0x000021e0       0x2c
 i.CyBleStackMgr_TimerStart
                0x000021e0       0x2c C:\Program Files (x86)\Cypress\PSoC Creator\4.0\PSoC Creator\psoc\content\cycomponentlibrary\CyComponentLibrary.cylib\BLE_v2_0\Library\gccCyBLEStack_BLE_SOC_PERIPHERAL.a(CyBleStackMgr_PSoCHal.o)
                0x000021e0                CyBleStackMgr_TimerStart

i.CyBleStackMgr_TimerStop
                0x0000220c       0x18
 i.CyBleStackMgr_TimerStop
                0x0000220c       0x18 C:\Program Files (x86)\Cypress\PSoC Creator\4.0\PSoC Creator\psoc\content\cycomponentlibrary\CyComponentLibrary.cylib\BLE_v2_0\Library\gccCyBLEStack_BLE_SOC_PERIPHERAL.a(CyBleStackMgr_PSoCHal.o)
                0x0000220c                CyBleStackMgr_TimerStop

i.CyBleStackMgr_isTimerRunning
                0x00002224       0x10
 i.CyBleStackMgr_isTimerRunning
                0x00002224       0x10 C:\Program Files (x86)\Cypress\PSoC Creator\4.0\PSoC Creator\psoc\content\cycomponentlibrary\CyComponentLibrary.cylib\BLE_v2_0\Library\gccCyBLEStack_BLE_SOC_PERIPHERAL.a(CyBleStackMgr_PSoCHal.o)
                0x00002224                CyBleStackMgr_isTimerRunning

i.CyBleAtlantisRadioInit
                0x00002234      0x150
 i.CyBleAtlantisRadioInit
                0x00002234      0x150 C:\Program Files (x86)\Cypress\PSoC Creator\4.0\PSoC Creator\psoc\content\cycomponentlibrary\CyComponentLibrary.cylib\BLE_v2_0\Library\gccCyBLEStack_BLE_SOC_PERIPHERAL.a(CyBleStackMgr_BleSSDriver.o)

i.CyBleStackMgr_BleSSFifoRead
                0x00002384       0x38
 i.CyBleStackMgr_BleSSFifoRead
                0x00002384       0x38 C:\Program Files (x86)\Cypress\PSoC Creator\4.0\PSoC Creator\psoc\content\cycomponentlibrary\CyComponentLibrary.cylib\BLE_v2_0\Library\gccCyBLEStack_BLE_SOC_PERIPHERAL.a(CyBleStackMgr_BleSSDriver.o)
                0x00002384                CyBleStackMgr_BleSSFifoRead

i.CyBleStackMgr_BleSSFifoWrite
                0x000023bc       0x30
 i.CyBleStackMgr_BleSSFifoWrite
                0x000023bc       0x30 C:\Program Files (x86)\Cypress\PSoC Creator\4.0\PSoC Creator\psoc\content\cycomponentlibrary\CyComponentLibrary.cylib\BLE_v2_0\Library\gccCyBLEStack_BLE_SOC_PERIPHERAL.a(CyBleStackMgr_BleSSDriver.o)
                0x000023bc                CyBleStackMgr_BleSSFifoWrite

i.CyBleStackMgr_BleSSInit
                0x000023ec       0x50
 i.CyBleStackMgr_BleSSInit
                0x000023ec       0x50 C:\Program Files (x86)\Cypress\PSoC Creator\4.0\PSoC Creator\psoc\content\cycomponentlibrary\CyComponentLibrary.cylib\BLE_v2_0\Library\gccCyBLEStack_BLE_SOC_PERIPHERAL.a(CyBleStackMgr_BleSSDriver.o)
                0x000023ec                CyBleStackMgr_BleSSInit

i.CyBleStackMgr_BleSSMemRead
                0x0000243c       0x26
 i.CyBleStackMgr_BleSSMemRead
                0x0000243c       0x26 C:\Program Files (x86)\Cypress\PSoC Creator\4.0\PSoC Creator\psoc\content\cycomponentlibrary\CyComponentLibrary.cylib\BLE_v2_0\Library\gccCyBLEStack_BLE_SOC_PERIPHERAL.a(CyBleStackMgr_BleSSDriver.o)
                0x0000243c                CyBleStackMgr_BleSSMemRead

i.CyBleStackMgr_BleSSMemWrite
                0x00002464       0x34
 i.CyBleStackMgr_BleSSMemWrite
                0x00002464       0x34 C:\Program Files (x86)\Cypress\PSoC Creator\4.0\PSoC Creator\psoc\content\cycomponentlibrary\CyComponentLibrary.cylib\BLE_v2_0\Library\gccCyBLEStack_BLE_SOC_PERIPHERAL.a(CyBleStackMgr_BleSSDriver.o)
                0x00002464                CyBleStackMgr_BleSSMemWrite

i.CyBleStackMgr_BleSSRegRead
                0x00002498        0xc
 i.CyBleStackMgr_BleSSRegRead
                0x00002498        0xc C:\Program Files (x86)\Cypress\PSoC Creator\4.0\PSoC Creator\psoc\content\cycomponentlibrary\CyComponentLibrary.cylib\BLE_v2_0\Library\gccCyBLEStack_BLE_SOC_PERIPHERAL.a(CyBleStackMgr_BleSSDriver.o)
                0x00002498                CyBleStackMgr_BleSSRegRead

i.CyBleStackMgr_BleSSRegWrite
                0x000024a4        0xc
 i.CyBleStackMgr_BleSSRegWrite
                0x000024a4        0xc C:\Program Files (x86)\Cypress\PSoC Creator\4.0\PSoC Creator\psoc\content\cycomponentlibrary\CyComponentLibrary.cylib\BLE_v2_0\Library\gccCyBLEStack_BLE_SOC_PERIPHERAL.a(CyBleStackMgr_BleSSDriver.o)
                0x000024a4                CyBleStackMgr_BleSSRegWrite

i.CyBleStackMgr_BleSSReset
                0x000024b0       0x38
 i.CyBleStackMgr_BleSSReset
                0x000024b0       0x38 C:\Program Files (x86)\Cypress\PSoC Creator\4.0\PSoC Creator\psoc\content\cycomponentlibrary\CyComponentLibrary.cylib\BLE_v2_0\Library\gccCyBLEStack_BLE_SOC_PERIPHERAL.a(CyBleStackMgr_BleSSDriver.o)
                0x000024b0                CyBleStackMgr_BleSSReset

i.CyBleStackMgr_GenericIface
                0x000024e8       0x3c
 i.CyBleStackMgr_GenericIface
                0x000024e8       0x3c C:\Program Files (x86)\Cypress\PSoC Creator\4.0\PSoC Creator\psoc\content\cycomponentlibrary\CyComponentLibrary.cylib\BLE_v2_0\Library\gccCyBLEStack_BLE_SOC_PERIPHERAL.a(CyBleStackMgr_BleSSDriver.o)
                0x000024e8                CyBleStackMgr_GenericIface

i.CyBleStackMgr_HandleBleSSIntr
                0x00002524       0x90
 i.CyBleStackMgr_HandleBleSSIntr
                0x00002524       0x90 C:\Program Files (x86)\Cypress\PSoC Creator\4.0\PSoC Creator\psoc\content\cycomponentlibrary\CyComponentLibrary.cylib\BLE_v2_0\Library\gccCyBLEStack_BLE_SOC_PERIPHERAL.a(CyBleStackMgr_BleSSDriver.o)
                0x00002524                CyBleStackMgr_HandleBleSSIntr

i.CyBleStackMgr_SetClockParam
                0x000025b4       0xb4
 i.CyBleStackMgr_SetClockParam
                0x000025b4       0xb4 C:\Program Files (x86)\Cypress\PSoC Creator\4.0\PSoC Creator\psoc\content\cycomponentlibrary\CyComponentLibrary.cylib\BLE_v2_0\Library\gccCyBLEStack_BLE_SOC_PERIPHERAL.a(CyBleStackMgr_BleSSDriver.o)

i.CyBle_ExitDsmMode
                0x00002668       0x2c
 i.CyBle_ExitDsmMode
                0x00002668       0x2c C:\Program Files (x86)\Cypress\PSoC Creator\4.0\PSoC Creator\psoc\content\cycomponentlibrary\CyComponentLibrary.cylib\BLE_v2_0\Library\gccCyBLEStack_BLE_SOC_PERIPHERAL.a(CyBleStackMgr_BleSSDriver.o)
                0x00002668                CyBle_ExitDsmMode

i.CyBle_GetBleSsOperationalMode
                0x00002694        0xc
 i.CyBle_GetBleSsOperationalMode
                0x00002694        0xc C:\Program Files (x86)\Cypress\PSoC Creator\4.0\PSoC Creator\psoc\content\cycomponentlibrary\CyComponentLibrary.cylib\BLE_v2_0\Library\gccCyBLEStack_BLE_SOC_PERIPHERAL.a(CyBleStackMgr_BleSSDriver.o)
                0x00002694                CyBle_GetBleSsOperationalMode

i.CyBle_GetLpMode
                0x000026a0       0x26
 i.CyBle_GetLpMode
                0x000026a0       0x26 C:\Program Files (x86)\Cypress\PSoC Creator\4.0\PSoC Creator\psoc\content\cycomponentlibrary\CyComponentLibrary.cylib\BLE_v2_0\Library\gccCyBLEStack_BLE_SOC_PERIPHERAL.a(CyBleStackMgr_BleSSDriver.o)
                0x000026a0                CyBle_GetLpMode

i.CyBle_GetTxGainMode
                0x000026c8       0x2c
 i.CyBle_GetTxGainMode
                0x000026c8       0x2c C:\Program Files (x86)\Cypress\PSoC Creator\4.0\PSoC Creator\psoc\content\cycomponentlibrary\CyComponentLibrary.cylib\BLE_v2_0\Library\gccCyBLEStack_BLE_SOC_PERIPHERAL.a(CyBleStackMgr_BleSSDriver.o)
                0x000026c8                CyBle_GetTxGainMode

i.CyBle_SetBleSsOperationalMode
                0x000026f4       0x20
 i.CyBle_SetBleSsOperationalMode
                0x000026f4       0x20 C:\Program Files (x86)\Cypress\PSoC Creator\4.0\PSoC Creator\psoc\content\cycomponentlibrary\CyComponentLibrary.cylib\BLE_v2_0\Library\gccCyBLEStack_BLE_SOC_PERIPHERAL.a(CyBleStackMgr_BleSSDriver.o)
                0x000026f4                CyBle_SetBleSsOperationalMode

i.CyBle_SetEventCloseState
                0x00002714        0xc
 i.CyBle_SetEventCloseState
                0x00002714        0xc C:\Program Files (x86)\Cypress\PSoC Creator\4.0\PSoC Creator\psoc\content\cycomponentlibrary\CyComponentLibrary.cylib\BLE_v2_0\Library\gccCyBLEStack_BLE_SOC_PERIPHERAL.a(CyBleStackMgr_BleSSDriver.o)
                0x00002714                CyBle_SetEventCloseState

i.CyBle_SetRxGainMode
                0x00002720       0x20
 i.CyBle_SetRxGainMode
                0x00002720       0x20 C:\Program Files (x86)\Cypress\PSoC Creator\4.0\PSoC Creator\psoc\content\cycomponentlibrary\CyComponentLibrary.cylib\BLE_v2_0\Library\gccCyBLEStack_BLE_SOC_PERIPHERAL.a(CyBleStackMgr_BleSSDriver.o)
                0x00002720                CyBle_SetRxGainMode

i.CyBle_SetTxGainMode
                0x00002740       0x38
 i.CyBle_SetTxGainMode
                0x00002740       0x38 C:\Program Files (x86)\Cypress\PSoC Creator\4.0\PSoC Creator\psoc\content\cycomponentlibrary\CyComponentLibrary.cylib\BLE_v2_0\Library\gccCyBLEStack_BLE_SOC_PERIPHERAL.a(CyBleStackMgr_BleSSDriver.o)
                0x00002740                CyBle_SetTxGainMode

i.pf_rf_get_abs_rssi
                0x00002778       0x24
 i.pf_rf_get_abs_rssi
                0x00002778       0x24 C:\Program Files (x86)\Cypress\PSoC Creator\4.0\PSoC Creator\psoc\content\cycomponentlibrary\CyComponentLibrary.cylib\BLE_v2_0\Library\gccCyBLEStack_BLE_SOC_PERIPHERAL.a(CyBleStackMgr_BleSSDriver.o)
                0x00002778                pf_rf_get_abs_rssi

i.OS_init       0x0000279c       0x64
 i.OS_init      0x0000279c       0x64 C:\Program Files (x86)\Cypress\PSoC Creator\4.0\PSoC Creator\psoc\content\cycomponentlibrary\CyComponentLibrary.cylib\BLE_v2_0\Library\gccCyBLEStack_BLE_SOC_PERIPHERAL.a(mint_os.o)
                0x0000279c                OS_init

i.mintos_malloc
                0x00002800       0x34
 i.mintos_malloc
                0x00002800       0x34 C:\Program Files (x86)\Cypress\PSoC Creator\4.0\PSoC Creator\psoc\content\cycomponentlibrary\CyComponentLibrary.cylib\BLE_v2_0\Library\gccCyBLEStack_BLE_SOC_PERIPHERAL.a(mint_os.o)
                0x00002800                mintos_malloc

i.OS_create_queue
                0x00002834       0x64
 i.OS_create_queue
                0x00002834       0x64 C:\Program Files (x86)\Cypress\PSoC Creator\4.0\PSoC Creator\psoc\content\cycomponentlibrary\CyComponentLibrary.cylib\BLE_v2_0\Library\gccCyBLEStack_BLE_SOC_PERIPHERAL.a(mint_os_queue.o)
                0x00002834                OS_create_queue

i.OS_enqueue_item
                0x00002898       0x8c
 i.OS_enqueue_item
                0x00002898       0x8c C:\Program Files (x86)\Cypress\PSoC Creator\4.0\PSoC Creator\psoc\content\cycomponentlibrary\CyComponentLibrary.cylib\BLE_v2_0\Library\gccCyBLEStack_BLE_SOC_PERIPHERAL.a(mint_os_queue.o)
                0x00002898                OS_enqueue_item

i.OS_queue_get_num_of_items
                0x00002924       0x28
 i.OS_queue_get_num_of_items
                0x00002924       0x28 C:\Program Files (x86)\Cypress\PSoC Creator\4.0\PSoC Creator\psoc\content\cycomponentlibrary\CyComponentLibrary.cylib\BLE_v2_0\Library\gccCyBLEStack_BLE_SOC_PERIPHERAL.a(mint_os_queue.o)
                0x00002924                OS_queue_get_num_of_items

i.OS_queue_mgmt_init
                0x0000294c       0x40
 i.OS_queue_mgmt_init
                0x0000294c       0x40 C:\Program Files (x86)\Cypress\PSoC Creator\4.0\PSoC Creator\psoc\content\cycomponentlibrary\CyComponentLibrary.cylib\BLE_v2_0\Library\gccCyBLEStack_BLE_SOC_PERIPHERAL.a(mint_os_queue.o)
                0x0000294c                OS_queue_mgmt_init

i.OS_remove_item
                0x0000298c       0xa0
 i.OS_remove_item
                0x0000298c       0xa0 C:\Program Files (x86)\Cypress\PSoC Creator\4.0\PSoC Creator\psoc\content\cycomponentlibrary\CyComponentLibrary.cylib\BLE_v2_0\Library\gccCyBLEStack_BLE_SOC_PERIPHERAL.a(mint_os_queue.o)
                0x0000298c                OS_remove_item

i.OS_create_task
                0x00002a2c       0x88
 i.OS_create_task
                0x00002a2c       0x88 C:\Program Files (x86)\Cypress\PSoC Creator\4.0\PSoC Creator\psoc\content\cycomponentlibrary\CyComponentLibrary.cylib\BLE_v2_0\Library\gccCyBLEStack_BLE_SOC_PERIPHERAL.a(mint_os_task.o)
                0x00002a2c                OS_create_task

i.OS_isr_send_signal_to_task
                0x00002ab4        0xc
 i.OS_isr_send_signal_to_task
                0x00002ab4        0xc C:\Program Files (x86)\Cypress\PSoC Creator\4.0\PSoC Creator\psoc\content\cycomponentlibrary\CyComponentLibrary.cylib\BLE_v2_0\Library\gccCyBLEStack_BLE_SOC_PERIPHERAL.a(mint_os_task.o)
                0x00002ab4                OS_isr_send_signal_to_task

i.OS_scheduler  0x00002ac0       0x64
 i.OS_scheduler
                0x00002ac0       0x64 C:\Program Files (x86)\Cypress\PSoC Creator\4.0\PSoC Creator\psoc\content\cycomponentlibrary\CyComponentLibrary.cylib\BLE_v2_0\Library\gccCyBLEStack_BLE_SOC_PERIPHERAL.a(mint_os_task.o)
                0x00002ac0                OS_scheduler

i.OS_send_signal_to_task
                0x00002b24        0xc
 i.OS_send_signal_to_task
                0x00002b24        0xc C:\Program Files (x86)\Cypress\PSoC Creator\4.0\PSoC Creator\psoc\content\cycomponentlibrary\CyComponentLibrary.cylib\BLE_v2_0\Library\gccCyBLEStack_BLE_SOC_PERIPHERAL.a(mint_os_task.o)
                0x00002b24                OS_send_signal_to_task

i.OS_send_signal_to_task_context
                0x00002b30       0x3c
 i.OS_send_signal_to_task_context
                0x00002b30       0x3c C:\Program Files (x86)\Cypress\PSoC Creator\4.0\PSoC Creator\psoc\content\cycomponentlibrary\CyComponentLibrary.cylib\BLE_v2_0\Library\gccCyBLEStack_BLE_SOC_PERIPHERAL.a(mint_os_task.o)

i.OS_task_mgmt_init
                0x00002b6c       0x50
 i.OS_task_mgmt_init
                0x00002b6c       0x50 C:\Program Files (x86)\Cypress\PSoC Creator\4.0\PSoC Creator\psoc\content\cycomponentlibrary\CyComponentLibrary.cylib\BLE_v2_0\Library\gccCyBLEStack_BLE_SOC_PERIPHERAL.a(mint_os_task.o)
                0x00002b6c                OS_task_mgmt_init

i.mint_buf_mgmt_allocate_buffer
                0x00002bbc       0x4c
 i.mint_buf_mgmt_allocate_buffer
                0x00002bbc       0x4c C:\Program Files (x86)\Cypress\PSoC Creator\4.0\PSoC Creator\psoc\content\cycomponentlibrary\CyComponentLibrary.cylib\BLE_v2_0\Library\gccCyBLEStack_BLE_SOC_PERIPHERAL.a(mint_buf_mgmt.o)
                0x00002bbc                mint_buf_mgmt_allocate_buffer

i.mint_buf_mgmt_create_pool
                0x00002c08       0xd0
 i.mint_buf_mgmt_create_pool
                0x00002c08       0xd0 C:\Program Files (x86)\Cypress\PSoC Creator\4.0\PSoC Creator\psoc\content\cycomponentlibrary\CyComponentLibrary.cylib\BLE_v2_0\Library\gccCyBLEStack_BLE_SOC_PERIPHERAL.a(mint_buf_mgmt.o)
                0x00002c08                mint_buf_mgmt_create_pool

i.mint_buf_mgmt_free_buffer
                0x00002cd8       0xa4
 i.mint_buf_mgmt_free_buffer
                0x00002cd8       0xa4 C:\Program Files (x86)\Cypress\PSoC Creator\4.0\PSoC Creator\psoc\content\cycomponentlibrary\CyComponentLibrary.cylib\BLE_v2_0\Library\gccCyBLEStack_BLE_SOC_PERIPHERAL.a(mint_buf_mgmt.o)
                0x00002cd8                mint_buf_mgmt_free_buffer

i.mint_buf_mgmt_init
                0x00002d7c       0x44
 i.mint_buf_mgmt_init
                0x00002d7c       0x44 C:\Program Files (x86)\Cypress\PSoC Creator\4.0\PSoC Creator\psoc\content\cycomponentlibrary\CyComponentLibrary.cylib\BLE_v2_0\Library\gccCyBLEStack_BLE_SOC_PERIPHERAL.a(mint_buf_mgmt.o)
                0x00002d7c                mint_buf_mgmt_init

i.mint_buf_mgmt_malloc
                0x00002dc0       0x2c
 i.mint_buf_mgmt_malloc
                0x00002dc0       0x2c C:\Program Files (x86)\Cypress\PSoC Creator\4.0\PSoC Creator\psoc\content\cycomponentlibrary\CyComponentLibrary.cylib\BLE_v2_0\Library\gccCyBLEStack_BLE_SOC_PERIPHERAL.a(mint_buf_mgmt.o)
                0x00002dc0                mint_buf_mgmt_malloc

i.mint_buf_mgmt_pl_init
                0x00002dec       0x40
 i.mint_buf_mgmt_pl_init
                0x00002dec       0x40 C:\Program Files (x86)\Cypress\PSoC Creator\4.0\PSoC Creator\psoc\content\cycomponentlibrary\CyComponentLibrary.cylib\BLE_v2_0\Library\gccCyBLEStack_BLE_SOC_PERIPHERAL.a(mint_buf_mgmt.o)
                0x00002dec                mint_buf_mgmt_pl_init

i.mint_buf_mgmt_reset_pool
                0x00002e2c       0x70
 i.mint_buf_mgmt_reset_pool
                0x00002e2c       0x70 C:\Program Files (x86)\Cypress\PSoC Creator\4.0\PSoC Creator\psoc\content\cycomponentlibrary\CyComponentLibrary.cylib\BLE_v2_0\Library\gccCyBLEStack_BLE_SOC_PERIPHERAL.a(mint_buf_mgmt.o)
                0x00002e2c                mint_buf_mgmt_reset_pool

i.mint_buf_mgmt_stack_init
                0x00002e9c       0x24
 i.mint_buf_mgmt_stack_init
                0x00002e9c       0x24 C:\Program Files (x86)\Cypress\PSoC Creator\4.0\PSoC Creator\psoc\content\cycomponentlibrary\CyComponentLibrary.cylib\BLE_v2_0\Library\gccCyBLEStack_BLE_SOC_PERIPHERAL.a(mint_buf_mgmt.o)
                0x00002e9c                mint_buf_mgmt_stack_init

i.mint_buf_mgmt_stack_pop
                0x00002ec0       0x36
 i.mint_buf_mgmt_stack_pop
                0x00002ec0       0x36 C:\Program Files (x86)\Cypress\PSoC Creator\4.0\PSoC Creator\psoc\content\cycomponentlibrary\CyComponentLibrary.cylib\BLE_v2_0\Library\gccCyBLEStack_BLE_SOC_PERIPHERAL.a(mint_buf_mgmt.o)
                0x00002ec0                mint_buf_mgmt_stack_pop

i.mint_buf_mgmt_stack_push
                0x00002ef6       0x36
 i.mint_buf_mgmt_stack_push
                0x00002ef6       0x36 C:\Program Files (x86)\Cypress\PSoC Creator\4.0\PSoC Creator\psoc\content\cycomponentlibrary\CyComponentLibrary.cylib\BLE_v2_0\Library\gccCyBLEStack_BLE_SOC_PERIPHERAL.a(mint_buf_mgmt.o)
                0x00002ef6                mint_buf_mgmt_stack_push

i.mint_buf_mgmt_stack_reset
                0x00002f2c       0x1e
 i.mint_buf_mgmt_stack_reset
                0x00002f2c       0x1e C:\Program Files (x86)\Cypress\PSoC Creator\4.0\PSoC Creator\psoc\content\cycomponentlibrary\CyComponentLibrary.cylib\BLE_v2_0\Library\gccCyBLEStack_BLE_SOC_PERIPHERAL.a(mint_buf_mgmt.o)
                0x00002f2c                mint_buf_mgmt_stack_reset

i.mint_buf_mgmt_stack_search_item
                0x00002f4a       0x30
 i.mint_buf_mgmt_stack_search_item
                0x00002f4a       0x30 C:\Program Files (x86)\Cypress\PSoC Creator\4.0\PSoC Creator\psoc\content\cycomponentlibrary\CyComponentLibrary.cylib\BLE_v2_0\Library\gccCyBLEStack_BLE_SOC_PERIPHERAL.a(mint_buf_mgmt.o)
                0x00002f4a                mint_buf_mgmt_stack_search_item

i.CyBleControllerIP_GetPingState
                0x00002f7c        0xc
 i.CyBleControllerIP_GetPingState
                0x00002f7c        0xc C:\Program Files (x86)\Cypress\PSoC Creator\4.0\PSoC Creator\psoc\content\cycomponentlibrary\CyComponentLibrary.cylib\BLE_v2_0\Library\gccCyBLEStack_BLE_SOC_PERIPHERAL.a(CyBleControllerIP_Interface.o)
                0x00002f7c                CyBleControllerIP_GetPingState

i.CyBleController_AddDeviceToWhiteList
                0x00002f88       0x40
 i.CyBleController_AddDeviceToWhiteList
                0x00002f88       0x40 C:\Program Files (x86)\Cypress\PSoC Creator\4.0\PSoC Creator\psoc\content\cycomponentlibrary\CyComponentLibrary.cylib\BLE_v2_0\Library\gccCyBLEStack_BLE_SOC_PERIPHERAL.a(CyBleControllerIP_Interface.o)
                0x00002f88                CyBleController_AddDeviceToWhiteList

i.CyBleController_ExitLowPowerMode
                0x00002fc8       0x10
 i.CyBleController_ExitLowPowerMode
                0x00002fc8       0x10 C:\Program Files (x86)\Cypress\PSoC Creator\4.0\PSoC Creator\psoc\content\cycomponentlibrary\CyComponentLibrary.cylib\BLE_v2_0\Library\gccCyBLEStack_BLE_SOC_PERIPHERAL.a(CyBleControllerIP_Interface.o)
                0x00002fc8                CyBleController_ExitLowPowerMode

i.CyBleController_Init
                0x00002fd8       0x32
 i.CyBleController_Init
                0x00002fd8       0x32 C:\Program Files (x86)\Cypress\PSoC Creator\4.0\PSoC Creator\psoc\content\cycomponentlibrary\CyComponentLibrary.cylib\BLE_v2_0\Library\gccCyBLEStack_BLE_SOC_PERIPHERAL.a(CyBleControllerIP_Interface.o)
                0x00002fd8                CyBleController_Init

i.CyBleController_SetDeviceAddress
                0x0000300a       0x2e
 i.CyBleController_SetDeviceAddress
                0x0000300a       0x2e C:\Program Files (x86)\Cypress\PSoC Creator\4.0\PSoC Creator\psoc\content\cycomponentlibrary\CyComponentLibrary.cylib\BLE_v2_0\Library\gccCyBLEStack_BLE_SOC_PERIPHERAL.a(CyBleControllerIP_Interface.o)
                0x0000300a                CyBleController_SetDeviceAddress

i.CyBle_GapUpdateAdvData
                0x00003038       0x94
 i.CyBle_GapUpdateAdvData
                0x00003038       0x94 C:\Program Files (x86)\Cypress\PSoC Creator\4.0\PSoC Creator\psoc\content\cycomponentlibrary\CyComponentLibrary.cylib\BLE_v2_0\Library\gccCyBLEStack_BLE_SOC_PERIPHERAL.a(CyBleControllerIP_Interface.o)
                0x00003038                CyBle_GapUpdateAdvData

i.CyBle_GetTxPowerLevel
                0x000030cc       0x4e
 i.CyBle_GetTxPowerLevel
                0x000030cc       0x4e C:\Program Files (x86)\Cypress\PSoC Creator\4.0\PSoC Creator\psoc\content\cycomponentlibrary\CyComponentLibrary.cylib\BLE_v2_0\Library\gccCyBLEStack_BLE_SOC_PERIPHERAL.a(CyBleControllerIP_Interface.o)
                0x000030cc                CyBle_GetTxPowerLevel

i.CyBle_SetTxPowerLevel
                0x0000311a       0x56
 i.CyBle_SetTxPowerLevel
                0x0000311a       0x56 C:\Program Files (x86)\Cypress\PSoC Creator\4.0\PSoC Creator\psoc\content\cycomponentlibrary\CyComponentLibrary.cylib\BLE_v2_0\Library\gccCyBLEStack_BLE_SOC_PERIPHERAL.a(CyBleControllerIP_Interface.o)
                0x0000311a                CyBle_SetTxPowerLevel

i.ll_check_and_mark_packet_ready_for_transmission
                0x00003170       0x28
 i.ll_check_and_mark_packet_ready_for_transmission
                0x00003170       0x28 C:\Program Files (x86)\Cypress\PSoC Creator\4.0\PSoC Creator\psoc\content\cycomponentlibrary\CyComponentLibrary.cylib\BLE_v2_0\Library\gccCyBLEStack_BLE_SOC_PERIPHERAL.a(ll.o)
                0x00003170                ll_check_and_mark_packet_ready_for_transmission

i.ll_cleanup_pending_data_pdu
                0x00003198       0x38
 i.ll_cleanup_pending_data_pdu
                0x00003198       0x38 C:\Program Files (x86)\Cypress\PSoC Creator\4.0\PSoC Creator\psoc\content\cycomponentlibrary\CyComponentLibrary.cylib\BLE_v2_0\Library\gccCyBLEStack_BLE_SOC_PERIPHERAL.a(ll.o)
                0x00003198                ll_cleanup_pending_data_pdu

i.ll_exit_low_power_mode
                0x000031d0       0xac
 i.ll_exit_low_power_mode
                0x000031d0       0xac C:\Program Files (x86)\Cypress\PSoC Creator\4.0\PSoC Creator\psoc\content\cycomponentlibrary\CyComponentLibrary.cylib\BLE_v2_0\Library\gccCyBLEStack_BLE_SOC_PERIPHERAL.a(ll.o)
                0x000031d0                ll_exit_low_power_mode

i.ll_get_ack_status
                0x0000327c       0x3c
 i.ll_get_ack_status
                0x0000327c       0x3c C:\Program Files (x86)\Cypress\PSoC Creator\4.0\PSoC Creator\psoc\content\cycomponentlibrary\CyComponentLibrary.cylib\BLE_v2_0\Library\gccCyBLEStack_BLE_SOC_PERIPHERAL.a(ll.o)
                0x0000327c                ll_get_ack_status

i.ll_get_adv_ch_tx_power
                0x000032b8       0x20
 i.ll_get_adv_ch_tx_power
                0x000032b8       0x20 C:\Program Files (x86)\Cypress\PSoC Creator\4.0\PSoC Creator\psoc\content\cycomponentlibrary\CyComponentLibrary.cylib\BLE_v2_0\Library\gccCyBLEStack_BLE_SOC_PERIPHERAL.a(ll.o)
                0x000032b8                ll_get_adv_ch_tx_power

i.ll_get_data_channel_map
                0x000032d8       0x24
 i.ll_get_data_channel_map
                0x000032d8       0x24 C:\Program Files (x86)\Cypress\PSoC Creator\4.0\PSoC Creator\psoc\content\cycomponentlibrary\CyComponentLibrary.cylib\BLE_v2_0\Library\gccCyBLEStack_BLE_SOC_PERIPHERAL.a(ll.o)
                0x000032d8                ll_get_data_channel_map

i.ll_get_max_white_list_size
                0x000032fc        0xc
 i.ll_get_max_white_list_size
                0x000032fc        0xc C:\Program Files (x86)\Cypress\PSoC Creator\4.0\PSoC Creator\psoc\content\cycomponentlibrary\CyComponentLibrary.cylib\BLE_v2_0\Library\gccCyBLEStack_BLE_SOC_PERIPHERAL.a(ll.o)
                0x000032fc                ll_get_max_white_list_size

i.ll_get_my_role
                0x00003308        0xc
 i.ll_get_my_role
                0x00003308        0xc C:\Program Files (x86)\Cypress\PSoC Creator\4.0\PSoC Creator\psoc\content\cycomponentlibrary\CyComponentLibrary.cylib\BLE_v2_0\Library\gccCyBLEStack_BLE_SOC_PERIPHERAL.a(ll.o)
                0x00003308                ll_get_my_role

i.ll_get_next_available_fifo_for_data_pdu
                0x00003314        0x8
 i.ll_get_next_available_fifo_for_data_pdu
                0x00003314        0x8 C:\Program Files (x86)\Cypress\PSoC Creator\4.0\PSoC Creator\psoc\content\cycomponentlibrary\CyComponentLibrary.cylib\BLE_v2_0\Library\gccCyBLEStack_BLE_SOC_PERIPHERAL.a(ll.o)
                0x00003314                ll_get_next_available_fifo_for_data_pdu

i.ll_get_next_available_fifo_for_ll_pdu
                0x0000331c       0x24
 i.ll_get_next_available_fifo_for_ll_pdu
                0x0000331c       0x24 C:\Program Files (x86)\Cypress\PSoC Creator\4.0\PSoC Creator\psoc\content\cycomponentlibrary\CyComponentLibrary.cylib\BLE_v2_0\Library\gccCyBLEStack_BLE_SOC_PERIPHERAL.a(ll.o)
                0x0000331c                ll_get_next_available_fifo_for_ll_pdu

i.ll_get_rssi_value
                0x00003340       0x26
 i.ll_get_rssi_value
                0x00003340       0x26 C:\Program Files (x86)\Cypress\PSoC Creator\4.0\PSoC Creator\psoc\content\cycomponentlibrary\CyComponentLibrary.cylib\BLE_v2_0\Library\gccCyBLEStack_BLE_SOC_PERIPHERAL.a(ll.o)
                0x00003340                ll_get_rssi_value

i.ll_get_transmit_power_level
                0x00003368       0x2c
 i.ll_get_transmit_power_level
                0x00003368       0x2c C:\Program Files (x86)\Cypress\PSoC Creator\4.0\PSoC Creator\psoc\content\cycomponentlibrary\CyComponentLibrary.cylib\BLE_v2_0\Library\gccCyBLEStack_BLE_SOC_PERIPHERAL.a(ll.o)
                0x00003368                ll_get_transmit_power_level

i.ll_handle_ack_received
                0x00003394       0x74
 i.ll_handle_ack_received
                0x00003394       0x74 C:\Program Files (x86)\Cypress\PSoC Creator\4.0\PSoC Creator\psoc\content\cycomponentlibrary\CyComponentLibrary.cylib\BLE_v2_0\Library\gccCyBLEStack_BLE_SOC_PERIPHERAL.a(ll.o)
                0x00003394                ll_handle_ack_received

i.ll_handle_add_device_in_whitelist
                0x00003408       0x3a
 i.ll_handle_add_device_in_whitelist
                0x00003408       0x3a C:\Program Files (x86)\Cypress\PSoC Creator\4.0\PSoC Creator\psoc\content\cycomponentlibrary\CyComponentLibrary.cylib\BLE_v2_0\Library\gccCyBLEStack_BLE_SOC_PERIPHERAL.a(ll.o)
                0x00003408                ll_handle_add_device_in_whitelist

i.ll_handle_clear_whitelist
                0x00003442       0x16
 i.ll_handle_clear_whitelist
                0x00003442       0x16 C:\Program Files (x86)\Cypress\PSoC Creator\4.0\PSoC Creator\psoc\content\cycomponentlibrary\CyComponentLibrary.cylib\BLE_v2_0\Library\gccCyBLEStack_BLE_SOC_PERIPHERAL.a(ll.o)
                0x00003442                ll_handle_clear_whitelist

i.ll_handle_encrypt_host_data
                0x00003458       0x36
 i.ll_handle_encrypt_host_data
                0x00003458       0x36 C:\Program Files (x86)\Cypress\PSoC Creator\4.0\PSoC Creator\psoc\content\cycomponentlibrary\CyComponentLibrary.cylib\BLE_v2_0\Library\gccCyBLEStack_BLE_SOC_PERIPHERAL.a(ll.o)
                0x00003458                ll_handle_encrypt_host_data

i.ll_handle_host_data_packet
                0x0000348e       0x54
 i.ll_handle_host_data_packet
                0x0000348e       0x54 C:\Program Files (x86)\Cypress\PSoC Creator\4.0\PSoC Creator\psoc\content\cycomponentlibrary\CyComponentLibrary.cylib\BLE_v2_0\Library\gccCyBLEStack_BLE_SOC_PERIPHERAL.a(ll.o)
                0x0000348e                ll_handle_host_data_packet

i.ll_handle_read_host_channel_map
                0x000034e2        0x4
 i.ll_handle_read_host_channel_map
                0x000034e2        0x4 C:\Program Files (x86)\Cypress\PSoC Creator\4.0\PSoC Creator\psoc\content\cycomponentlibrary\CyComponentLibrary.cylib\BLE_v2_0\Library\gccCyBLEStack_BLE_SOC_PERIPHERAL.a(ll.o)
                0x000034e2                ll_handle_read_host_channel_map

i.ll_handle_remove_device_in_whitelist
                0x000034e6       0x2a
 i.ll_handle_remove_device_in_whitelist
                0x000034e6       0x2a C:\Program Files (x86)\Cypress\PSoC Creator\4.0\PSoC Creator\psoc\content\cycomponentlibrary\CyComponentLibrary.cylib\BLE_v2_0\Library\gccCyBLEStack_BLE_SOC_PERIPHERAL.a(ll.o)
                0x000034e6                ll_handle_remove_device_in_whitelist

i.ll_handle_reset
                0x00003510        0xe
 i.ll_handle_reset
                0x00003510        0xe C:\Program Files (x86)\Cypress\PSoC Creator\4.0\PSoC Creator\psoc\content\cycomponentlibrary\CyComponentLibrary.cylib\BLE_v2_0\Library\gccCyBLEStack_BLE_SOC_PERIPHERAL.a(ll.o)
                0x00003510                ll_handle_reset

i.ll_handle_set_random_address
                0x0000351e       0x36
 i.ll_handle_set_random_address
                0x0000351e       0x36 C:\Program Files (x86)\Cypress\PSoC Creator\4.0\PSoC Creator\psoc\content\cycomponentlibrary\CyComponentLibrary.cylib\BLE_v2_0\Library\gccCyBLEStack_BLE_SOC_PERIPHERAL.a(ll.o)
                0x0000351e                ll_handle_set_random_address

i.ll_init       0x00003554       0x18
 i.ll_init      0x00003554       0x18 C:\Program Files (x86)\Cypress\PSoC Creator\4.0\PSoC Creator\psoc\content\cycomponentlibrary\CyComponentLibrary.cylib\BLE_v2_0\Library\gccCyBLEStack_BLE_SOC_PERIPHERAL.a(ll.o)
                0x00003554                ll_init

i.ll_initialize_device_attributes
                0x0000356c       0x4c
 i.ll_initialize_device_attributes
                0x0000356c       0x4c C:\Program Files (x86)\Cypress\PSoC Creator\4.0\PSoC Creator\psoc\content\cycomponentlibrary\CyComponentLibrary.cylib\BLE_v2_0\Library\gccCyBLEStack_BLE_SOC_PERIPHERAL.a(ll.o)
                0x0000356c                ll_initialize_device_attributes

i.ll_is_pkt_pending
                0x000035b8       0x2a
 i.ll_is_pkt_pending
                0x000035b8       0x2a C:\Program Files (x86)\Cypress\PSoC Creator\4.0\PSoC Creator\psoc\content\cycomponentlibrary\CyComponentLibrary.cylib\BLE_v2_0\Library\gccCyBLEStack_BLE_SOC_PERIPHERAL.a(ll.o)
                0x000035b8                ll_is_pkt_pending

i.ll_is_sent_pkt_pending
                0x000035e2       0x1a
 i.ll_is_sent_pkt_pending
                0x000035e2       0x1a C:\Program Files (x86)\Cypress\PSoC Creator\4.0\PSoC Creator\psoc\content\cycomponentlibrary\CyComponentLibrary.cylib\BLE_v2_0\Library\gccCyBLEStack_BLE_SOC_PERIPHERAL.a(ll.o)
                0x000035e2                ll_is_sent_pkt_pending

i.ll_isr_exit_low_power_mode
                0x000035fc       0x16
 i.ll_isr_exit_low_power_mode
                0x000035fc       0x16 C:\Program Files (x86)\Cypress\PSoC Creator\4.0\PSoC Creator\psoc\content\cycomponentlibrary\CyComponentLibrary.cylib\BLE_v2_0\Library\gccCyBLEStack_BLE_SOC_PERIPHERAL.a(ll.o)
                0x000035fc                ll_isr_exit_low_power_mode

i.ll_load_host_data_packet
                0x00003612       0x4a
 i.ll_load_host_data_packet
                0x00003612       0x4a C:\Program Files (x86)\Cypress\PSoC Creator\4.0\PSoC Creator\psoc\content\cycomponentlibrary\CyComponentLibrary.cylib\BLE_v2_0\Library\gccCyBLEStack_BLE_SOC_PERIPHERAL.a(ll.o)
                0x00003612                ll_load_host_data_packet

i.ll_load_packet_to_fifo
                0x0000365c       0x6e
 i.ll_load_packet_to_fifo
                0x0000365c       0x6e C:\Program Files (x86)\Cypress\PSoC Creator\4.0\PSoC Creator\psoc\content\cycomponentlibrary\CyComponentLibrary.cylib\BLE_v2_0\Library\gccCyBLEStack_BLE_SOC_PERIPHERAL.a(ll.o)
                0x0000365c                ll_load_packet_to_fifo

i.ll_process_acks
                0x000036ca       0x3c
 i.ll_process_acks
                0x000036ca       0x3c C:\Program Files (x86)\Cypress\PSoC Creator\4.0\PSoC Creator\psoc\content\cycomponentlibrary\CyComponentLibrary.cylib\BLE_v2_0\Library\gccCyBLEStack_BLE_SOC_PERIPHERAL.a(ll.o)
                0x000036ca                ll_process_acks

i.ll_reset      0x00003706       0x12
 i.ll_reset     0x00003706       0x12 C:\Program Files (x86)\Cypress\PSoC Creator\4.0\PSoC Creator\psoc\content\cycomponentlibrary\CyComponentLibrary.cylib\BLE_v2_0\Library\gccCyBLEStack_BLE_SOC_PERIPHERAL.a(ll.o)
                0x00003706                ll_reset

i.ll_update_active_features
                0x00003718       0x58
 i.ll_update_active_features
                0x00003718       0x58 C:\Program Files (x86)\Cypress\PSoC Creator\4.0\PSoC Creator\psoc\content\cycomponentlibrary\CyComponentLibrary.cylib\BLE_v2_0\Library\gccCyBLEStack_BLE_SOC_PERIPHERAL.a(ll.o)
                0x00003718                ll_update_active_features

i.ll_update_device_fsm
                0x00003770        0x8
 i.ll_update_device_fsm
                0x00003770        0x8 C:\Program Files (x86)\Cypress\PSoC Creator\4.0\PSoC Creator\psoc\content\cycomponentlibrary\CyComponentLibrary.cylib\BLE_v2_0\Library\gccCyBLEStack_BLE_SOC_PERIPHERAL.a(ll.o)
                0x00003770                ll_update_device_fsm

i.pf_le_start_timer
                0x00003778       0x16
 i.pf_le_start_timer
                0x00003778       0x16 C:\Program Files (x86)\Cypress\PSoC Creator\4.0\PSoC Creator\psoc\content\cycomponentlibrary\CyComponentLibrary.cylib\BLE_v2_0\Library\gccCyBLEStack_BLE_SOC_PERIPHERAL.a(ll.o)
                0x00003778                pf_le_start_timer

i.pf_le_stop_timer
                0x0000378e       0x12
 i.pf_le_stop_timer
                0x0000378e       0x12 C:\Program Files (x86)\Cypress\PSoC Creator\4.0\PSoC Creator\psoc\content\cycomponentlibrary\CyComponentLibrary.cylib\BLE_v2_0\Library\gccCyBLEStack_BLE_SOC_PERIPHERAL.a(ll.o)
                0x0000378e                pf_le_stop_timer

i.CyBleControllerIP_TuneAdvEventInterPktSlots
                0x000037a0       0x44
 i.CyBleControllerIP_TuneAdvEventInterPktSlots
                0x000037a0       0x44 C:\Program Files (x86)\Cypress\PSoC Creator\4.0\PSoC Creator\psoc\content\cycomponentlibrary\CyComponentLibrary.cylib\BLE_v2_0\Library\gccCyBLEStack_BLE_SOC_PERIPHERAL.a(ll_advertiser.o)
                0x000037a0                CyBleControllerIP_TuneAdvEventInterPktSlots

i.ll_adv_is_configured_connection_adv
                0x000037e4       0x1e
 i.ll_adv_is_configured_connection_adv
                0x000037e4       0x1e C:\Program Files (x86)\Cypress\PSoC Creator\4.0\PSoC Creator\psoc\content\cycomponentlibrary\CyComponentLibrary.cylib\BLE_v2_0\Library\gccCyBLEStack_BLE_SOC_PERIPHERAL.a(ll_advertiser.o)
                0x000037e4                ll_adv_is_configured_connection_adv

i.ll_check_random_address_in_use_by_advertiser
                0x00003802       0x10
 i.ll_check_random_address_in_use_by_advertiser
                0x00003802       0x10 C:\Program Files (x86)\Cypress\PSoC Creator\4.0\PSoC Creator\psoc\content\cycomponentlibrary\CyComponentLibrary.cylib\BLE_v2_0\Library\gccCyBLEStack_BLE_SOC_PERIPHERAL.a(ll_advertiser.o)
                0x00003802                ll_check_random_address_in_use_by_advertiser

i.ll_check_whitelist_in_use_by_advertiser
                0x00003812       0x10
 i.ll_check_whitelist_in_use_by_advertiser
                0x00003812       0x10 C:\Program Files (x86)\Cypress\PSoC Creator\4.0\PSoC Creator\psoc\content\cycomponentlibrary\CyComponentLibrary.cylib\BLE_v2_0\Library\gccCyBLEStack_BLE_SOC_PERIPHERAL.a(ll_advertiser.o)
                0x00003812                ll_check_whitelist_in_use_by_advertiser

i.ll_get_adv_status
                0x00003822        0xc
 i.ll_get_adv_status
                0x00003822        0xc C:\Program Files (x86)\Cypress\PSoC Creator\4.0\PSoC Creator\psoc\content\cycomponentlibrary\CyComponentLibrary.cylib\BLE_v2_0\Library\gccCyBLEStack_BLE_SOC_PERIPHERAL.a(ll_advertiser.o)
                0x00003822                ll_get_adv_status

i.ll_get_adv_type
                0x0000382e       0x16
 i.ll_get_adv_type
                0x0000382e       0x16 C:\Program Files (x86)\Cypress\PSoC Creator\4.0\PSoC Creator\psoc\content\cycomponentlibrary\CyComponentLibrary.cylib\BLE_v2_0\Library\gccCyBLEStack_BLE_SOC_PERIPHERAL.a(ll_advertiser.o)
                0x0000382e                ll_get_adv_type

i.ll_handle_adv_intr
                0x00003844       0x50
 i.ll_handle_adv_intr
                0x00003844       0x50 C:\Program Files (x86)\Cypress\PSoC Creator\4.0\PSoC Creator\psoc\content\cycomponentlibrary\CyComponentLibrary.cylib\BLE_v2_0\Library\gccCyBLEStack_BLE_SOC_PERIPHERAL.a(ll_advertiser.o)
                0x00003844                ll_handle_adv_intr

i.ll_handle_set_adv_data
                0x00003894       0x14
 i.ll_handle_set_adv_data
                0x00003894       0x14 C:\Program Files (x86)\Cypress\PSoC Creator\4.0\PSoC Creator\psoc\content\cycomponentlibrary\CyComponentLibrary.cylib\BLE_v2_0\Library\gccCyBLEStack_BLE_SOC_PERIPHERAL.a(ll_advertiser.o)
                0x00003894                ll_handle_set_adv_data

i.ll_handle_set_adv_parameters
                0x000038a8       0x84
 i.ll_handle_set_adv_parameters
                0x000038a8       0x84 C:\Program Files (x86)\Cypress\PSoC Creator\4.0\PSoC Creator\psoc\content\cycomponentlibrary\CyComponentLibrary.cylib\BLE_v2_0\Library\gccCyBLEStack_BLE_SOC_PERIPHERAL.a(ll_advertiser.o)
                0x000038a8                ll_handle_set_adv_parameters

i.ll_handle_set_advertise_enable
                0x0000392c       0x70
 i.ll_handle_set_advertise_enable
                0x0000392c       0x70 C:\Program Files (x86)\Cypress\PSoC Creator\4.0\PSoC Creator\psoc\content\cycomponentlibrary\CyComponentLibrary.cylib\BLE_v2_0\Library\gccCyBLEStack_BLE_SOC_PERIPHERAL.a(ll_advertiser.o)
                0x0000392c                ll_handle_set_advertise_enable

i.ll_handle_set_scan_resp_data
                0x0000399c       0x14
 i.ll_handle_set_scan_resp_data
                0x0000399c       0x14 C:\Program Files (x86)\Cypress\PSoC Creator\4.0\PSoC Creator\psoc\content\cycomponentlibrary\CyComponentLibrary.cylib\BLE_v2_0\Library\gccCyBLEStack_BLE_SOC_PERIPHERAL.a(ll_advertiser.o)
                0x0000399c                ll_handle_set_scan_resp_data

i.ll_init_advertiser
                0x000039b0       0x68
 i.ll_init_advertiser
                0x000039b0       0x68 C:\Program Files (x86)\Cypress\PSoC Creator\4.0\PSoC Creator\psoc\content\cycomponentlibrary\CyComponentLibrary.cylib\BLE_v2_0\Library\gccCyBLEStack_BLE_SOC_PERIPHERAL.a(ll_advertiser.o)
                0x000039b0                ll_init_advertiser

i.is_le_connection_handle
                0x00003a18       0x28
 i.is_le_connection_handle
                0x00003a18       0x28 C:\Program Files (x86)\Cypress\PSoC Creator\4.0\PSoC Creator\psoc\content\cycomponentlibrary\CyComponentLibrary.cylib\BLE_v2_0\Library\gccCyBLEStack_BLE_SOC_PERIPHERAL.a(ll_connection.o)
                0x00003a18                is_le_connection_handle

i.le_assign_connection_handle
                0x00003a40       0x28
 i.le_assign_connection_handle
                0x00003a40       0x28 C:\Program Files (x86)\Cypress\PSoC Creator\4.0\PSoC Creator\psoc\content\cycomponentlibrary\CyComponentLibrary.cylib\BLE_v2_0\Library\gccCyBLEStack_BLE_SOC_PERIPHERAL.a(ll_connection.o)
                0x00003a40                le_assign_connection_handle

i.le_get_connection_index
                0x00003a68        0x6
 i.le_get_connection_index
                0x00003a68        0x6 C:\Program Files (x86)\Cypress\PSoC Creator\4.0\PSoC Creator\psoc\content\cycomponentlibrary\CyComponentLibrary.cylib\BLE_v2_0\Library\gccCyBLEStack_BLE_SOC_PERIPHERAL.a(ll_connection.o)
                0x00003a68                le_get_connection_index

i.ll_allocate_connection
                0x00003a70       0x44
 i.ll_allocate_connection
                0x00003a70       0x44 C:\Program Files (x86)\Cypress\PSoC Creator\4.0\PSoC Creator\psoc\content\cycomponentlibrary\CyComponentLibrary.cylib\BLE_v2_0\Library\gccCyBLEStack_BLE_SOC_PERIPHERAL.a(ll_connection.o)
                0x00003a70                ll_allocate_connection

i.ll_calculate_and_program_def_win_widen_drift
                0x00003ab4       0x14
 i.ll_calculate_and_program_def_win_widen_drift
                0x00003ab4       0x14 C:\Program Files (x86)\Cypress\PSoC Creator\4.0\PSoC Creator\psoc\content\cycomponentlibrary\CyComponentLibrary.cylib\BLE_v2_0\Library\gccCyBLEStack_BLE_SOC_PERIPHERAL.a(ll_connection.o)
                0x00003ab4                ll_calculate_and_program_def_win_widen_drift

i.ll_calculate_drift
                0x00003ac8       0x2c
 i.ll_calculate_drift
                0x00003ac8       0x2c C:\Program Files (x86)\Cypress\PSoC Creator\4.0\PSoC Creator\psoc\content\cycomponentlibrary\CyComponentLibrary.cylib\BLE_v2_0\Library\gccCyBLEStack_BLE_SOC_PERIPHERAL.a(ll_connection.o)
                0x00003ac8                ll_calculate_drift

i.ll_check_and_decrypt_ll_pdu
                0x00003af4       0x68
 i.ll_check_and_decrypt_ll_pdu
                0x00003af4       0x68 C:\Program Files (x86)\Cypress\PSoC Creator\4.0\PSoC Creator\psoc\content\cycomponentlibrary\CyComponentLibrary.cylib\BLE_v2_0\Library\gccCyBLEStack_BLE_SOC_PERIPHERAL.a(ll_connection.o)
                0x00003af4                ll_check_and_decrypt_ll_pdu

i.ll_check_and_decrypt_packet
                0x00003b5c       0x6a
 i.ll_check_and_decrypt_packet
                0x00003b5c       0x6a C:\Program Files (x86)\Cypress\PSoC Creator\4.0\PSoC Creator\psoc\content\cycomponentlibrary\CyComponentLibrary.cylib\BLE_v2_0\Library\gccCyBLEStack_BLE_SOC_PERIPHERAL.a(ll_connection.o)
                0x00003b5c                ll_check_and_decrypt_packet

i.ll_check_and_encrypt_ll_pdu
                0x00003bc6       0x72
 i.ll_check_and_encrypt_ll_pdu
                0x00003bc6       0x72 C:\Program Files (x86)\Cypress\PSoC Creator\4.0\PSoC Creator\psoc\content\cycomponentlibrary\CyComponentLibrary.cylib\BLE_v2_0\Library\gccCyBLEStack_BLE_SOC_PERIPHERAL.a(ll_connection.o)
                0x00003bc6                ll_check_and_encrypt_ll_pdu

i.ll_check_and_encrypt_packet
                0x00003c38       0x8a
 i.ll_check_and_encrypt_packet
                0x00003c38       0x8a C:\Program Files (x86)\Cypress\PSoC Creator\4.0\PSoC Creator\psoc\content\cycomponentlibrary\CyComponentLibrary.cylib\BLE_v2_0\Library\gccCyBLEStack_BLE_SOC_PERIPHERAL.a(ll_connection.o)
                0x00003c38                ll_check_and_encrypt_packet

i.ll_check_for_allowing_incoming_connection_update
                0x00003cc2       0x42
 i.ll_check_for_allowing_incoming_connection_update
                0x00003cc2       0x42 C:\Program Files (x86)\Cypress\PSoC Creator\4.0\PSoC Creator\psoc\content\cycomponentlibrary\CyComponentLibrary.cylib\BLE_v2_0\Library\gccCyBLEStack_BLE_SOC_PERIPHERAL.a(ll_connection.o)
                0x00003cc2                ll_check_for_allowing_incoming_connection_update

i.ll_check_if_pdu_is_loaded_to_hardware
                0x00003d04       0x1c
 i.ll_check_if_pdu_is_loaded_to_hardware
                0x00003d04       0x1c C:\Program Files (x86)\Cypress\PSoC Creator\4.0\PSoC Creator\psoc\content\cycomponentlibrary\CyComponentLibrary.cylib\BLE_v2_0\Library\gccCyBLEStack_BLE_SOC_PERIPHERAL.a(ll_connection.o)
                0x00003d04                ll_check_if_pdu_is_loaded_to_hardware

i.ll_check_random_address_in_use_by_initiator
                0x00003d20       0x30
 i.ll_check_random_address_in_use_by_initiator
                0x00003d20       0x30 C:\Program Files (x86)\Cypress\PSoC Creator\4.0\PSoC Creator\psoc\content\cycomponentlibrary\CyComponentLibrary.cylib\BLE_v2_0\Library\gccCyBLEStack_BLE_SOC_PERIPHERAL.a(ll_connection.o)
                0x00003d20                ll_check_random_address_in_use_by_initiator

i.ll_check_white_list_in_use_by_initiator
                0x00003d50       0x30
 i.ll_check_white_list_in_use_by_initiator
                0x00003d50       0x30 C:\Program Files (x86)\Cypress\PSoC Creator\4.0\PSoC Creator\psoc\content\cycomponentlibrary\CyComponentLibrary.cylib\BLE_v2_0\Library\gccCyBLEStack_BLE_SOC_PERIPHERAL.a(ll_connection.o)
                0x00003d50                ll_check_white_list_in_use_by_initiator

i.ll_conn_free_enc_txn_buffer
                0x00003d80       0x16
 i.ll_conn_free_enc_txn_buffer
                0x00003d80       0x16 C:\Program Files (x86)\Cypress\PSoC Creator\4.0\PSoC Creator\psoc\content\cycomponentlibrary\CyComponentLibrary.cylib\BLE_v2_0\Library\gccCyBLEStack_BLE_SOC_PERIPHERAL.a(ll_connection.o)
                0x00003d80                ll_conn_free_enc_txn_buffer

i.ll_conn_fsm_update_channel_state
                0x00003d96        0x6
 i.ll_conn_fsm_update_channel_state
                0x00003d96        0x6 C:\Program Files (x86)\Cypress\PSoC Creator\4.0\PSoC Creator\psoc\content\cycomponentlibrary\CyComponentLibrary.cylib\BLE_v2_0\Library\gccCyBLEStack_BLE_SOC_PERIPHERAL.a(ll_connection.o)
                0x00003d96                ll_conn_fsm_update_channel_state

i.ll_conn_fsm_update_conn_update_state
                0x00003d9c        0x6
 i.ll_conn_fsm_update_conn_update_state
                0x00003d9c        0x6 C:\Program Files (x86)\Cypress\PSoC Creator\4.0\PSoC Creator\psoc\content\cycomponentlibrary\CyComponentLibrary.cylib\BLE_v2_0\Library\gccCyBLEStack_BLE_SOC_PERIPHERAL.a(ll_connection.o)
                0x00003d9c                ll_conn_fsm_update_conn_update_state

i.ll_conn_fsm_update_enc_state
                0x00003da2        0x6
 i.ll_conn_fsm_update_enc_state
                0x00003da2        0x6 C:\Program Files (x86)\Cypress\PSoC Creator\4.0\PSoC Creator\psoc\content\cycomponentlibrary\CyComponentLibrary.cylib\BLE_v2_0\Library\gccCyBLEStack_BLE_SOC_PERIPHERAL.a(ll_connection.o)
                0x00003da2                ll_conn_fsm_update_enc_state

i.ll_conn_fsm_update_state
                0x00003da8        0x4
 i.ll_conn_fsm_update_state
                0x00003da8        0x4 C:\Program Files (x86)\Cypress\PSoC Creator\4.0\PSoC Creator\psoc\content\cycomponentlibrary\CyComponentLibrary.cylib\BLE_v2_0\Library\gccCyBLEStack_BLE_SOC_PERIPHERAL.a(ll_connection.o)
                0x00003da8                ll_conn_fsm_update_state

i.ll_conn_handle_data_pdu_from_host_when_data_paused
                0x00003dac        0x8
 i.ll_conn_handle_data_pdu_from_host_when_data_paused
                0x00003dac        0x8 C:\Program Files (x86)\Cypress\PSoC Creator\4.0\PSoC Creator\psoc\content\cycomponentlibrary\CyComponentLibrary.cylib\BLE_v2_0\Library\gccCyBLEStack_BLE_SOC_PERIPHERAL.a(ll_connection.o)
                0x00003dac                ll_conn_handle_data_pdu_from_host_when_data_paused

i.ll_conn_handle_direct_adv_timeout
                0x00003db4       0x2a
 i.ll_conn_handle_direct_adv_timeout
                0x00003db4       0x2a C:\Program Files (x86)\Cypress\PSoC Creator\4.0\PSoC Creator\psoc\content\cycomponentlibrary\CyComponentLibrary.cylib\BLE_v2_0\Library\gccCyBLEStack_BLE_SOC_PERIPHERAL.a(ll_connection.o)
                0x00003db4                ll_conn_handle_direct_adv_timeout

i.ll_conn_handle_ping_timer_expired_interrupt
                0x00003de0       0x1c
 i.ll_conn_handle_ping_timer_expired_interrupt
                0x00003de0       0x1c C:\Program Files (x86)\Cypress\PSoC Creator\4.0\PSoC Creator\psoc\content\cycomponentlibrary\CyComponentLibrary.cylib\BLE_v2_0\Library\gccCyBLEStack_BLE_SOC_PERIPHERAL.a(ll_connection.o)
                0x00003de0                ll_conn_handle_ping_timer_expired_interrupt

i.ll_conn_handle_ping_timer_nearly_expired_interrupt
                0x00003dfc       0x20
 i.ll_conn_handle_ping_timer_nearly_expired_interrupt
                0x00003dfc       0x20 C:\Program Files (x86)\Cypress\PSoC Creator\4.0\PSoC Creator\psoc\content\cycomponentlibrary\CyComponentLibrary.cylib\BLE_v2_0\Library\gccCyBLEStack_BLE_SOC_PERIPHERAL.a(ll_connection.o)
                0x00003dfc                ll_conn_handle_ping_timer_nearly_expired_interrupt

i.ll_conn_handle_stop_connectable_adv
                0x00003e1c       0x12
 i.ll_conn_handle_stop_connectable_adv
                0x00003e1c       0x12 C:\Program Files (x86)\Cypress\PSoC Creator\4.0\PSoC Creator\psoc\content\cycomponentlibrary\CyComponentLibrary.cylib\BLE_v2_0\Library\gccCyBLEStack_BLE_SOC_PERIPHERAL.a(ll_connection.o)
                0x00003e1c                ll_conn_handle_stop_connectable_adv

i.ll_conn_process_pending_transactions
                0x00003e2e        0x4
 i.ll_conn_process_pending_transactions
                0x00003e2e        0x4 C:\Program Files (x86)\Cypress\PSoC Creator\4.0\PSoC Creator\psoc\content\cycomponentlibrary\CyComponentLibrary.cylib\BLE_v2_0\Library\gccCyBLEStack_BLE_SOC_PERIPHERAL.a(ll_connection.o)
                0x00003e2e                ll_conn_process_pending_transactions

i.ll_conn_program_authenticated_payload_timer
                0x00003e34       0x50
 i.ll_conn_program_authenticated_payload_timer
                0x00003e34       0x50 C:\Program Files (x86)\Cypress\PSoC Creator\4.0\PSoC Creator\psoc\content\cycomponentlibrary\CyComponentLibrary.cylib\BLE_v2_0\Library\gccCyBLEStack_BLE_SOC_PERIPHERAL.a(ll_connection.o)
                0x00003e34                ll_conn_program_authenticated_payload_timer

i.ll_conn_read_data_pdu_from_hardware
                0x00003e84       0x14
 i.ll_conn_read_data_pdu_from_hardware
                0x00003e84       0x14 C:\Program Files (x86)\Cypress\PSoC Creator\4.0\PSoC Creator\psoc\content\cycomponentlibrary\CyComponentLibrary.cylib\BLE_v2_0\Library\gccCyBLEStack_BLE_SOC_PERIPHERAL.a(ll_connection.o)
                0x00003e84                ll_conn_read_data_pdu_from_hardware

i.ll_conn_send_ping_req_pdu
                0x00003e98       0x40
 i.ll_conn_send_ping_req_pdu
                0x00003e98       0x40 C:\Program Files (x86)\Cypress\PSoC Creator\4.0\PSoC Creator\psoc\content\cycomponentlibrary\CyComponentLibrary.cylib\BLE_v2_0\Library\gccCyBLEStack_BLE_SOC_PERIPHERAL.a(ll_connection.o)
                0x00003e98                ll_conn_send_ping_req_pdu

i.ll_conn_store_pending_tx_pdu
                0x00003ed8       0x1a
 i.ll_conn_store_pending_tx_pdu
                0x00003ed8       0x1a C:\Program Files (x86)\Cypress\PSoC Creator\4.0\PSoC Creator\psoc\content\cycomponentlibrary\CyComponentLibrary.cylib\BLE_v2_0\Library\gccCyBLEStack_BLE_SOC_PERIPHERAL.a(ll_connection.o)
                0x00003ed8                ll_conn_store_pending_tx_pdu

i.ll_conn_update_rssi
                0x00003ef2       0x16
 i.ll_conn_update_rssi
                0x00003ef2       0x16 C:\Program Files (x86)\Cypress\PSoC Creator\4.0\PSoC Creator\psoc\content\cycomponentlibrary\CyComponentLibrary.cylib\BLE_v2_0\Library\gccCyBLEStack_BLE_SOC_PERIPHERAL.a(ll_connection.o)
                0x00003ef2                ll_conn_update_rssi

i.ll_convert_hci_llid_to_ll_llid_host_to_controller
                0x00003f08        0x8
 i.ll_convert_hci_llid_to_ll_llid_host_to_controller
                0x00003f08        0x8 C:\Program Files (x86)\Cypress\PSoC Creator\4.0\PSoC Creator\psoc\content\cycomponentlibrary\CyComponentLibrary.cylib\BLE_v2_0\Library\gccCyBLEStack_BLE_SOC_PERIPHERAL.a(ll_connection.o)
                0x00003f08                ll_convert_hci_llid_to_ll_llid_host_to_controller

i.ll_convert_ll_llid_to_hci_llid_controller_to_host
                0x00003f10        0x2
 i.ll_convert_ll_llid_to_hci_llid_controller_to_host
                0x00003f10        0x2 C:\Program Files (x86)\Cypress\PSoC Creator\4.0\PSoC Creator\psoc\content\cycomponentlibrary\CyComponentLibrary.cylib\BLE_v2_0\Library\gccCyBLEStack_BLE_SOC_PERIPHERAL.a(ll_connection.o)
                0x00003f10                ll_convert_ll_llid_to_hci_llid_controller_to_host

i.ll_decode_and_program_connect_req
                0x00003f14       0xec
 i.ll_decode_and_program_connect_req
                0x00003f14       0xec C:\Program Files (x86)\Cypress\PSoC Creator\4.0\PSoC Creator\psoc\content\cycomponentlibrary\CyComponentLibrary.cylib\BLE_v2_0\Library\gccCyBLEStack_BLE_SOC_PERIPHERAL.a(ll_connection.o)
                0x00003f14                ll_decode_and_program_connect_req

i.ll_enc_fsm_derive_session_key
                0x00004000       0x46
 i.ll_enc_fsm_derive_session_key
                0x00004000       0x46 C:\Program Files (x86)\Cypress\PSoC Creator\4.0\PSoC Creator\psoc\content\cycomponentlibrary\CyComponentLibrary.cylib\BLE_v2_0\Library\gccCyBLEStack_BLE_SOC_PERIPHERAL.a(ll_connection.o)
                0x00004000                ll_enc_fsm_derive_session_key

i.ll_enc_handle_enc_complete
                0x00004046       0x68
 i.ll_enc_handle_enc_complete
                0x00004046       0x68 C:\Program Files (x86)\Cypress\PSoC Creator\4.0\PSoC Creator\psoc\content\cycomponentlibrary\CyComponentLibrary.cylib\BLE_v2_0\Library\gccCyBLEStack_BLE_SOC_PERIPHERAL.a(ll_connection.o)
                0x00004046                ll_enc_handle_enc_complete

i.ll_enc_handle_enc_failure
                0x000040b0       0xa4
 i.ll_enc_handle_enc_failure
                0x000040b0       0xa4 C:\Program Files (x86)\Cypress\PSoC Creator\4.0\PSoC Creator\psoc\content\cycomponentlibrary\CyComponentLibrary.cylib\BLE_v2_0\Library\gccCyBLEStack_BLE_SOC_PERIPHERAL.a(ll_connection.o)
                0x000040b0                ll_enc_handle_enc_failure

i.ll_enc_handle_ll_reject_pdu_cb
                0x00004154       0x24
 i.ll_enc_handle_ll_reject_pdu_cb
                0x00004154       0x24 C:\Program Files (x86)\Cypress\PSoC Creator\4.0\PSoC Creator\psoc\content\cycomponentlibrary\CyComponentLibrary.cylib\BLE_v2_0\Library\gccCyBLEStack_BLE_SOC_PERIPHERAL.a(ll_connection.o)
                0x00004154                ll_enc_handle_ll_reject_pdu_cb

i.ll_enc_handle_ll_terminate_pdu
                0x00004178       0x16
 i.ll_enc_handle_ll_terminate_pdu
                0x00004178       0x16 C:\Program Files (x86)\Cypress\PSoC Creator\4.0\PSoC Creator\psoc\content\cycomponentlibrary\CyComponentLibrary.cylib\BLE_v2_0\Library\gccCyBLEStack_BLE_SOC_PERIPHERAL.a(ll_connection.o)
                0x00004178                ll_enc_handle_ll_terminate_pdu

i.ll_enc_handle_ll_unknown_resp_pdu_cb
                0x0000418e       0x24
 i.ll_enc_handle_ll_unknown_resp_pdu_cb
                0x0000418e       0x24 C:\Program Files (x86)\Cypress\PSoC Creator\4.0\PSoC Creator\psoc\content\cycomponentlibrary\CyComponentLibrary.cylib\BLE_v2_0\Library\gccCyBLEStack_BLE_SOC_PERIPHERAL.a(ll_connection.o)
                0x0000418e                ll_enc_handle_ll_unknown_resp_pdu_cb

i.ll_enc_handle_slave_await_to_start_cb
                0x000041b4       0x80
 i.ll_enc_handle_slave_await_to_start_cb
                0x000041b4       0x80 C:\Program Files (x86)\Cypress\PSoC Creator\4.0\PSoC Creator\psoc\content\cycomponentlibrary\CyComponentLibrary.cylib\BLE_v2_0\Library\gccCyBLEStack_BLE_SOC_PERIPHERAL.a(ll_connection.o)
                0x000041b4                ll_enc_handle_slave_await_to_start_cb

i.ll_enc_handle_slave_enc_resp_ack_cb
                0x00004234       0x28
 i.ll_enc_handle_slave_enc_resp_ack_cb
                0x00004234       0x28 C:\Program Files (x86)\Cypress\PSoC Creator\4.0\PSoC Creator\psoc\content\cycomponentlibrary\CyComponentLibrary.cylib\BLE_v2_0\Library\gccCyBLEStack_BLE_SOC_PERIPHERAL.a(ll_connection.o)
                0x00004234                ll_enc_handle_slave_enc_resp_ack_cb

i.ll_enc_handle_slave_ltk_neg_reply_cb
                0x0000425c       0x60
 i.ll_enc_handle_slave_ltk_neg_reply_cb
                0x0000425c       0x60 C:\Program Files (x86)\Cypress\PSoC Creator\4.0\PSoC Creator\psoc\content\cycomponentlibrary\CyComponentLibrary.cylib\BLE_v2_0\Library\gccCyBLEStack_BLE_SOC_PERIPHERAL.a(ll_connection.o)
                0x0000425c                ll_enc_handle_slave_ltk_neg_reply_cb

i.ll_enc_handle_slave_pause_enc_req_cb
                0x000042bc       0x46
 i.ll_enc_handle_slave_pause_enc_req_cb
                0x000042bc       0x46 C:\Program Files (x86)\Cypress\PSoC Creator\4.0\PSoC Creator\psoc\content\cycomponentlibrary\CyComponentLibrary.cylib\BLE_v2_0\Library\gccCyBLEStack_BLE_SOC_PERIPHERAL.a(ll_connection.o)
                0x000042bc                ll_enc_handle_slave_pause_enc_req_cb

i.ll_enc_handle_slave_pause_enc_resp_cb
                0x00004302       0x10
 i.ll_enc_handle_slave_pause_enc_resp_cb
                0x00004302       0x10 C:\Program Files (x86)\Cypress\PSoC Creator\4.0\PSoC Creator\psoc\content\cycomponentlibrary\CyComponentLibrary.cylib\BLE_v2_0\Library\gccCyBLEStack_BLE_SOC_PERIPHERAL.a(ll_connection.o)
                0x00004302                ll_enc_handle_slave_pause_enc_resp_cb

i.ll_enc_handle_slave_reject_ind_ack_cb
                0x00004312       0x22
 i.ll_enc_handle_slave_reject_ind_ack_cb
                0x00004312       0x22 C:\Program Files (x86)\Cypress\PSoC Creator\4.0\PSoC Creator\psoc\content\cycomponentlibrary\CyComponentLibrary.cylib\BLE_v2_0\Library\gccCyBLEStack_BLE_SOC_PERIPHERAL.a(ll_connection.o)
                0x00004312                ll_enc_handle_slave_reject_ind_ack_cb

i.ll_enc_handle_slave_start_enc_resp_ack_cb
                0x00004334        0x8
 i.ll_enc_handle_slave_start_enc_resp_ack_cb
                0x00004334        0x8 C:\Program Files (x86)\Cypress\PSoC Creator\4.0\PSoC Creator\psoc\content\cycomponentlibrary\CyComponentLibrary.cylib\BLE_v2_0\Library\gccCyBLEStack_BLE_SOC_PERIPHERAL.a(ll_connection.o)
                0x00004334                ll_enc_handle_slave_start_enc_resp_ack_cb

i.ll_enc_handle_slave_start_enc_resp_cb
                0x0000433c       0x34
 i.ll_enc_handle_slave_start_enc_resp_cb